2025-11-07 14:18:08 - INFO - Starting run: 20251107-141808_swin_large_patch4_window12_384_in22k_384px_rot90_jitter_affine_rrc_no-reg_ls0.05_cosine
2025-11-07 14:18:08 - INFO - Configuration:
{
  "experiment": {
    "name": "swin_large_patch4_window12_384_in22k_offline",
    "seed": 2024,
    "deterministic": false
  },
  "paths": {
    "data_root": "data/processed/offline_aug",
    "train_csv": "data/processed/offline_aug/train_offline_aug.csv",
    "meta_csv": "data/raw/meta.csv",
    "image_dir": "data/processed/offline_aug/images",
    "test_dir": "data/raw/test",
    "output_root": "outputs"
  },
  "data": {
    "num_classes": 17,
    "input_size": 384,
    "mean": [
      0.485,
      0.456,
      0.406
    ],
    "std": [
      0.229,
      0.224,
      0.225
    ],
    "excluded_ids": [],
    "loader": {
      "batch_size": 12,
      "num_workers": 8,
      "pin_memory": true,
      "persistent_workers": true,
      "prefetch_factor": 2
    }
  },
  "split": {
    "n_splits": 6,
    "fold_index": 0,
    "seed": 2024,
    "predefined_split": "splits/fold_indices_offline.pkl"
  },
  "sampler": {
    "name": "weighted_random",
    "minority_classes": [
      1,
      13,
      14
    ],
    "weights_power": 0.85,
    "replacement": true
  },
  "augmentations": {
    "name": "rot90_jitter_affine_rrc",
    "use_reference_pipeline": true,
    "random_resized_crop_scale": [
      0.95,
      1.0
    ],
    "random_resized_crop_ratio": [
      0.9,
      1.1
    ],
    "random_rotate90": true,
    "random_rotate90_prob": 0.5,
    "max_rotate": 12,
    "rotate_prob": 1.0,
    "affine_scale": [
      0.95,
      1.05
    ],
    "affine_translate": [
      0.05,
      0.05
    ],
    "horizontal_flip": true,
    "horizontal_flip_prob": 0.5,
    "brightness_contrast": [
      0.1,
      0.1
    ],
    "color_jitter": {
      "p": 0.35,
      "brightness": 0.25,
      "contrast": 0.1,
      "saturation": 0.15,
      "hue": 0.0
    },
    "blur": {
      "p": 0.35,
      "blur_limit": [
        3,
        7
      ],
      "sigma_limit": [
        0.2,
        1.0
      ]
    }
  },
  "regularization": {
    "mixup_alpha": 0.0,
    "cutmix_alpha": 0.0,
    "tag": "no-reg"
  },
  "model": {
    "name": "swin_large_patch4_window12_384_in22k",
    "pretrained": true,
    "checkpoint": null,
    "drop_path_rate": 0.2,
    "use_checkpoint": true
  },
  "loss": {
    "name": "cross_entropy",
    "label_smoothing": 0.05
  },
  "optimizer": {
    "name": "adamw",
    "lr": 8e-05,
    "weight_decay": 0.05,
    "betas": [
      0.9,
      0.999
    ]
  },
  "scheduler": {
    "name": "cosine",
    "warmup_epochs": 3,
    "min_lr": 1e-06
  },
  "training": {
    "epochs": 20,
    "amp": true,
    "grad_clip_norm": null,
    "save_best_metric": "f1",
    "validation_interval": 1,
    "early_stopping": {
      "patience": 3,
      "min_delta": 0.0005,
      "mode": "max"
    },
    "ema": {
      "enabled": false
    },
    "swa": {
      "enabled": false
    }
  },
  "logging": {
    "project": "document_type_classification",
    "log_interval": 50
  },
  "submission": {
    "metric_name": "f1",
    "leaderboard_score": 0.0,
    "tta": {
      "enabled": true,
      "rotations": [
        0,
        90,
        180,
        270
      ],
      "jitter_degrees": 0,
      "horizontal_flip": true,
      "vertical_flip": false
    }
  },
  "performance": {
    "allow_tf32": true,
    "matmul_precision": "high",
    "cudnn_benchmark": true,
    "channels_last": true
  }
}
/opt/conda/lib/python3.10/site-packages/timm/models/_factory.py:117: UserWarning: Mapping deprecated model name swin_large_patch4_window12_384_in22k to current swin_large_patch4_window12_384.ms_in22k.
  model = create_fn(
/opt/conda/lib/python3.10/site-packages/torch/functional.py:504: UserWarning: torch.meshgrid: in an upcoming release, it will be required to pass the indexing argument. (Triggered internally at /opt/conda/conda-bld/pytorch_1695392020201/work/aten/src/ATen/native/TensorShape.cpp:3526.)
  return _VF.meshgrid(tensors, **kwargs)  # type: ignore[attr-defined]
2025-11-07 14:18:29 - INFO - [Epoch 1] Step 50/556 - loss: 2.9245
2025-11-07 14:18:44 - INFO - [Epoch 1] Step 100/556 - loss: 2.9269
2025-11-07 14:18:59 - INFO - [Epoch 1] Step 150/556 - loss: 2.9158
2025-11-07 14:19:15 - INFO - [Epoch 1] Step 200/556 - loss: 2.9157
2025-11-07 14:19:30 - INFO - [Epoch 1] Step 250/556 - loss: 2.9095
2025-11-07 14:19:45 - INFO - [Epoch 1] Step 300/556 - loss: 2.9053
2025-11-07 14:20:01 - INFO - [Epoch 1] Step 350/556 - loss: 2.9020
2025-11-07 14:20:16 - INFO - [Epoch 1] Step 400/556 - loss: 2.9066
2025-11-07 14:20:31 - INFO - [Epoch 1] Step 450/556 - loss: 2.9047
2025-11-07 14:20:47 - INFO - [Epoch 1] Step 500/556 - loss: 2.9070
2025-11-07 14:21:02 - INFO - [Epoch 1] Step 550/556 - loss: 2.9046
2025-11-07 14:21:04 - INFO - [Epoch 1] Step 556/556 - loss: 2.9046
2025-11-07 14:21:24 - INFO - Epoch 1/20 - train_loss: 2.9046 - val_loss: 2.8548 - f1: 0.0592
2025-11-07 14:21:40 - INFO - [Epoch 2] Step 50/556 - loss: 2.5310
2025-11-07 14:21:56 - INFO - [Epoch 2] Step 100/556 - loss: 2.1565
2025-11-07 14:22:11 - INFO - [Epoch 2] Step 150/556 - loss: 1.9061
2025-11-07 14:22:26 - INFO - [Epoch 2] Step 200/556 - loss: 1.7103
2025-11-07 14:22:42 - INFO - [Epoch 2] Step 250/556 - loss: 1.5918
2025-11-07 14:22:57 - INFO - [Epoch 2] Step 300/556 - loss: 1.5031
2025-11-07 14:23:12 - INFO - [Epoch 2] Step 350/556 - loss: 1.4277
2025-11-07 14:23:28 - INFO - [Epoch 2] Step 400/556 - loss: 1.3634
2025-11-07 14:23:43 - INFO - [Epoch 2] Step 450/556 - loss: 1.3137
2025-11-07 14:23:59 - INFO - [Epoch 2] Step 500/556 - loss: 1.2714
2025-11-07 14:24:14 - INFO - [Epoch 2] Step 550/556 - loss: 1.2355
2025-11-07 14:24:16 - INFO - [Epoch 2] Step 556/556 - loss: 1.2297
2025-11-07 14:24:35 - INFO - Epoch 2/20 - train_loss: 1.2297 - val_loss: 0.7181 - f1: 0.8344
2025-11-07 14:24:51 - INFO - [Epoch 3] Step 50/556 - loss: 0.8881
2025-11-07 14:25:06 - INFO - [Epoch 3] Step 100/556 - loss: 0.8847
2025-11-07 14:25:22 - INFO - [Epoch 3] Step 150/556 - loss: 0.8980
2025-11-07 14:25:37 - INFO - [Epoch 3] Step 200/556 - loss: 0.8912
2025-11-07 14:25:52 - INFO - [Epoch 3] Step 250/556 - loss: 0.8918
2025-11-07 14:26:08 - INFO - [Epoch 3] Step 300/556 - loss: 0.8787
2025-11-07 14:26:23 - INFO - [Epoch 3] Step 350/556 - loss: 0.8662
2025-11-07 14:26:38 - INFO - [Epoch 3] Step 400/556 - loss: 0.8607
2025-11-07 14:26:54 - INFO - [Epoch 3] Step 450/556 - loss: 0.8586
2025-11-07 14:27:09 - INFO - [Epoch 3] Step 500/556 - loss: 0.8564
2025-11-07 14:27:24 - INFO - [Epoch 3] Step 550/556 - loss: 0.8534
2025-11-07 14:27:26 - INFO - [Epoch 3] Step 556/556 - loss: 0.8539
/opt/conda/lib/python3.10/site-packages/torch/optim/lr_scheduler.py:149: UserWarning: The epoch parameter in `scheduler.step()` was not necessary and is being deprecated where possible. Please use `scheduler.step()` to step the scheduler. During the deprecation, if epoch is different from None, the closed form is used instead of the new chainable form, where available. Please open an issue if you are unable to replicate your use case: https://github.com/pytorch/pytorch/issues/new/choose.
  warnings.warn(EPOCH_DEPRECATION_WARNING, UserWarning)
2025-11-07 14:27:46 - INFO - Epoch 3/20 - train_loss: 0.8539 - val_loss: 0.5652 - f1: 0.9002
2025-11-07 14:28:03 - INFO - [Epoch 4] Step 50/556 - loss: 0.8481
2025-11-07 14:28:18 - INFO - [Epoch 4] Step 100/556 - loss: 0.8712
2025-11-07 14:28:33 - INFO - [Epoch 4] Step 150/556 - loss: 0.8714
2025-11-07 14:28:49 - INFO - [Epoch 4] Step 200/556 - loss: 0.8564
2025-11-07 14:29:04 - INFO - [Epoch 4] Step 250/556 - loss: 0.8427
2025-11-07 14:29:19 - INFO - [Epoch 4] Step 300/556 - loss: 0.8314
2025-11-07 14:29:35 - INFO - [Epoch 4] Step 350/556 - loss: 0.8333
2025-11-07 14:29:50 - INFO - [Epoch 4] Step 400/556 - loss: 0.8209
2025-11-07 14:30:05 - INFO - [Epoch 4] Step 450/556 - loss: 0.8083
2025-11-07 14:30:21 - INFO - [Epoch 4] Step 500/556 - loss: 0.7989
2025-11-07 14:30:36 - INFO - [Epoch 4] Step 550/556 - loss: 0.7937
2025-11-07 14:30:38 - INFO - [Epoch 4] Step 556/556 - loss: 0.7933
2025-11-07 14:30:57 - INFO - Epoch 4/20 - train_loss: 0.7933 - val_loss: 0.5501 - f1: 0.9102
2025-11-07 14:31:13 - INFO - [Epoch 5] Step 50/556 - loss: 0.7200
2025-11-07 14:31:28 - INFO - [Epoch 5] Step 100/556 - loss: 0.7281
2025-11-07 14:31:43 - INFO - [Epoch 5] Step 150/556 - loss: 0.7321
2025-11-07 14:31:59 - INFO - [Epoch 5] Step 200/556 - loss: 0.7277
2025-11-07 14:32:14 - INFO - [Epoch 5] Step 250/556 - loss: 0.7160
2025-11-07 14:32:30 - INFO - [Epoch 5] Step 300/556 - loss: 0.7178
2025-11-07 14:32:45 - INFO - [Epoch 5] Step 350/556 - loss: 0.7188
2025-11-07 14:33:00 - INFO - [Epoch 5] Step 400/556 - loss: 0.7180
2025-11-07 14:33:16 - INFO - [Epoch 5] Step 450/556 - loss: 0.7148
2025-11-07 14:33:31 - INFO - [Epoch 5] Step 500/556 - loss: 0.7119
2025-11-07 14:33:46 - INFO - [Epoch 5] Step 550/556 - loss: 0.7092
2025-11-07 14:33:48 - INFO - [Epoch 5] Step 556/556 - loss: 0.7077
2025-11-07 14:34:04 - INFO - Epoch 5/20 - train_loss: 0.7077 - val_loss: 0.5593 - f1: 0.9099
2025-11-07 14:34:21 - INFO - [Epoch 6] Step 50/556 - loss: 0.7067
2025-11-07 14:34:36 - INFO - [Epoch 6] Step 100/556 - loss: 0.6907
2025-11-07 14:34:51 - INFO - [Epoch 6] Step 150/556 - loss: 0.6813
2025-11-07 14:35:07 - INFO - [Epoch 6] Step 200/556 - loss: 0.6755
2025-11-07 14:35:22 - INFO - [Epoch 6] Step 250/556 - loss: 0.6738
2025-11-07 14:35:37 - INFO - [Epoch 6] Step 300/556 - loss: 0.6723
2025-11-07 14:35:53 - INFO - [Epoch 6] Step 350/556 - loss: 0.6813
2025-11-07 14:36:08 - INFO - [Epoch 6] Step 400/556 - loss: 0.6877
2025-11-07 14:36:23 - INFO - [Epoch 6] Step 450/556 - loss: 0.6844
2025-11-07 14:36:39 - INFO - [Epoch 6] Step 500/556 - loss: 0.6868
2025-11-07 14:36:54 - INFO - [Epoch 6] Step 550/556 - loss: 0.6847
2025-11-07 14:36:56 - INFO - [Epoch 6] Step 556/556 - loss: 0.6848
2025-11-07 14:37:16 - INFO - Epoch 6/20 - train_loss: 0.6848 - val_loss: 0.5159 - f1: 0.9186
2025-11-07 14:37:32 - INFO - [Epoch 7] Step 50/556 - loss: 0.6990
2025-11-07 14:37:47 - INFO - [Epoch 7] Step 100/556 - loss: 0.6638
2025-11-07 14:38:03 - INFO - [Epoch 7] Step 150/556 - loss: 0.6447
2025-11-07 14:38:18 - INFO - [Epoch 7] Step 200/556 - loss: 0.6286
2025-11-07 14:38:33 - INFO - [Epoch 7] Step 250/556 - loss: 0.6255
2025-11-07 14:38:49 - INFO - [Epoch 7] Step 300/556 - loss: 0.6222
2025-11-07 14:39:04 - INFO - [Epoch 7] Step 350/556 - loss: 0.6316
2025-11-07 14:39:19 - INFO - [Epoch 7] Step 400/556 - loss: 0.6332
2025-11-07 14:39:35 - INFO - [Epoch 7] Step 450/556 - loss: 0.6307
2025-11-07 14:39:50 - INFO - [Epoch 7] Step 500/556 - loss: 0.6302
2025-11-07 14:40:05 - INFO - [Epoch 7] Step 550/556 - loss: 0.6302
2025-11-07 14:40:07 - INFO - [Epoch 7] Step 556/556 - loss: 0.6296
2025-11-07 14:40:26 - INFO - Epoch 7/20 - train_loss: 0.6296 - val_loss: 0.5170 - f1: 0.9191
2025-11-07 14:40:42 - INFO - [Epoch 8] Step 50/556 - loss: 0.6497
2025-11-07 14:40:58 - INFO - [Epoch 8] Step 100/556 - loss: 0.6343
2025-11-07 14:41:13 - INFO - [Epoch 8] Step 150/556 - loss: 0.6411
2025-11-07 14:41:28 - INFO - [Epoch 8] Step 200/556 - loss: 0.6385
2025-11-07 14:41:44 - INFO - [Epoch 8] Step 250/556 - loss: 0.6309
2025-11-07 14:41:59 - INFO - [Epoch 8] Step 300/556 - loss: 0.6288
2025-11-07 14:42:14 - INFO - [Epoch 8] Step 350/556 - loss: 0.6256
2025-11-07 14:42:30 - INFO - [Epoch 8] Step 400/556 - loss: 0.6235
2025-11-07 14:42:45 - INFO - [Epoch 8] Step 450/556 - loss: 0.6160
2025-11-07 14:43:00 - INFO - [Epoch 8] Step 500/556 - loss: 0.6164
2025-11-07 14:43:16 - INFO - [Epoch 8] Step 550/556 - loss: 0.6158
2025-11-07 14:43:17 - INFO - [Epoch 8] Step 556/556 - loss: 0.6161
2025-11-07 14:43:37 - INFO - Epoch 8/20 - train_loss: 0.6161 - val_loss: 0.5136 - f1: 0.9268
2025-11-07 14:43:53 - INFO - [Epoch 9] Step 50/556 - loss: 0.5867
2025-11-07 14:44:08 - INFO - [Epoch 9] Step 100/556 - loss: 0.6490
2025-11-07 14:44:24 - INFO - [Epoch 9] Step 150/556 - loss: 0.6341
2025-11-07 14:44:39 - INFO - [Epoch 9] Step 200/556 - loss: 0.6262
2025-11-07 14:44:54 - INFO - [Epoch 9] Step 250/556 - loss: 0.6269
2025-11-07 14:45:10 - INFO - [Epoch 9] Step 300/556 - loss: 0.6214
2025-11-07 14:45:25 - INFO - [Epoch 9] Step 350/556 - loss: 0.6160
2025-11-07 14:45:40 - INFO - [Epoch 9] Step 400/556 - loss: 0.6142
2025-11-07 14:45:56 - INFO - [Epoch 9] Step 450/556 - loss: 0.6095
2025-11-07 14:46:11 - INFO - [Epoch 9] Step 500/556 - loss: 0.6086
2025-11-07 14:46:26 - INFO - [Epoch 9] Step 550/556 - loss: 0.6100
2025-11-07 14:46:28 - INFO - [Epoch 9] Step 556/556 - loss: 0.6101
2025-11-07 14:46:49 - INFO - Epoch 9/20 - train_loss: 0.6101 - val_loss: 0.4537 - f1: 0.9516
2025-11-07 14:47:05 - INFO - [Epoch 10] Step 50/556 - loss: 0.5844
2025-11-07 14:47:21 - INFO - [Epoch 10] Step 100/556 - loss: 0.5922
2025-11-07 14:47:36 - INFO - [Epoch 10] Step 150/556 - loss: 0.5813
2025-11-07 14:47:51 - INFO - [Epoch 10] Step 200/556 - loss: 0.5724
2025-11-07 14:48:07 - INFO - [Epoch 10] Step 250/556 - loss: 0.5653
2025-11-07 14:48:22 - INFO - [Epoch 10] Step 300/556 - loss: 0.5652
2025-11-07 14:48:37 - INFO - [Epoch 10] Step 350/556 - loss: 0.5629
2025-11-07 14:48:53 - INFO - [Epoch 10] Step 400/556 - loss: 0.5662
2025-11-07 14:49:08 - INFO - [Epoch 10] Step 450/556 - loss: 0.5722
2025-11-07 14:49:23 - INFO - [Epoch 10] Step 500/556 - loss: 0.5710
2025-11-07 14:49:39 - INFO - [Epoch 10] Step 550/556 - loss: 0.5722
2025-11-07 14:49:40 - INFO - [Epoch 10] Step 556/556 - loss: 0.5723
2025-11-07 14:49:57 - INFO - Epoch 10/20 - train_loss: 0.5723 - val_loss: 0.4421 - f1: 0.9473
2025-11-07 14:50:13 - INFO - [Epoch 11] Step 50/556 - loss: 0.5758
2025-11-07 14:50:28 - INFO - [Epoch 11] Step 100/556 - loss: 0.6051
2025-11-07 14:50:43 - INFO - [Epoch 11] Step 150/556 - loss: 0.5777
2025-11-07 14:50:59 - INFO - [Epoch 11] Step 200/556 - loss: 0.5707
2025-11-07 14:51:14 - INFO - [Epoch 11] Step 250/556 - loss: 0.5616
2025-11-07 14:51:29 - INFO - [Epoch 11] Step 300/556 - loss: 0.5587
2025-11-07 14:51:45 - INFO - [Epoch 11] Step 350/556 - loss: 0.5529
2025-11-07 14:52:00 - INFO - [Epoch 11] Step 400/556 - loss: 0.5493
2025-11-07 14:52:16 - INFO - [Epoch 11] Step 450/556 - loss: 0.5497
2025-11-07 14:52:31 - INFO - [Epoch 11] Step 500/556 - loss: 0.5510
2025-11-07 14:52:46 - INFO - [Epoch 11] Step 550/556 - loss: 0.5466
2025-11-07 14:52:48 - INFO - [Epoch 11] Step 556/556 - loss: 0.5461
2025-11-07 14:53:07 - INFO - Epoch 11/20 - train_loss: 0.5461 - val_loss: 0.4245 - f1: 0.9595
2025-11-07 14:53:23 - INFO - [Epoch 12] Step 50/556 - loss: 0.5622
2025-11-07 14:53:39 - INFO - [Epoch 12] Step 100/556 - loss: 0.5244
2025-11-07 14:53:54 - INFO - [Epoch 12] Step 150/556 - loss: 0.5216
2025-11-07 14:54:09 - INFO - [Epoch 12] Step 200/556 - loss: 0.5260
2025-11-07 14:54:25 - INFO - [Epoch 12] Step 250/556 - loss: 0.5287
2025-11-07 14:54:40 - INFO - [Epoch 12] Step 300/556 - loss: 0.5311
2025-11-07 14:54:55 - INFO - [Epoch 12] Step 350/556 - loss: 0.5322
2025-11-07 14:55:11 - INFO - [Epoch 12] Step 400/556 - loss: 0.5341
2025-11-07 14:55:26 - INFO - [Epoch 12] Step 450/556 - loss: 0.5346
2025-11-07 14:55:42 - INFO - [Epoch 12] Step 500/556 - loss: 0.5368
2025-11-07 14:55:57 - INFO - [Epoch 12] Step 550/556 - loss: 0.5352
2025-11-07 14:55:59 - INFO - [Epoch 12] Step 556/556 - loss: 0.5344
2025-11-07 14:56:17 - INFO - Epoch 12/20 - train_loss: 0.5344 - val_loss: 0.4249 - f1: 0.9613
2025-11-07 14:56:34 - INFO - [Epoch 13] Step 50/556 - loss: 0.5134
2025-11-07 14:56:49 - INFO - [Epoch 13] Step 100/556 - loss: 0.5125
2025-11-07 14:57:05 - INFO - [Epoch 13] Step 150/556 - loss: 0.5106
2025-11-07 14:57:20 - INFO - [Epoch 13] Step 200/556 - loss: 0.5260
2025-11-07 14:57:35 - INFO - [Epoch 13] Step 250/556 - loss: 0.5296
2025-11-07 14:57:51 - INFO - [Epoch 13] Step 300/556 - loss: 0.5256
2025-11-07 14:58:06 - INFO - [Epoch 13] Step 350/556 - loss: 0.5241
2025-11-07 14:58:21 - INFO - [Epoch 13] Step 400/556 - loss: 0.5189
2025-11-07 14:58:37 - INFO - [Epoch 13] Step 450/556 - loss: 0.5173
2025-11-07 14:58:52 - INFO - [Epoch 13] Step 500/556 - loss: 0.5142
2025-11-07 14:59:07 - INFO - [Epoch 13] Step 550/556 - loss: 0.5193
2025-11-07 14:59:09 - INFO - [Epoch 13] Step 556/556 - loss: 0.5202
2025-11-07 14:59:25 - INFO - Epoch 13/20 - train_loss: 0.5202 - val_loss: 0.4166 - f1: 0.9605
2025-11-07 14:59:42 - INFO - [Epoch 14] Step 50/556 - loss: 0.5178
2025-11-07 14:59:57 - INFO - [Epoch 14] Step 100/556 - loss: 0.5214
2025-11-07 15:00:13 - INFO - [Epoch 14] Step 150/556 - loss: 0.5255
2025-11-07 15:00:28 - INFO - [Epoch 14] Step 200/556 - loss: 0.5232
2025-11-07 15:00:43 - INFO - [Epoch 14] Step 250/556 - loss: 0.5251
2025-11-07 15:00:59 - INFO - [Epoch 14] Step 300/556 - loss: 0.5227
2025-11-07 15:01:14 - INFO - [Epoch 14] Step 350/556 - loss: 0.5176
2025-11-07 15:01:29 - INFO - [Epoch 14] Step 400/556 - loss: 0.5153
2025-11-07 15:01:45 - INFO - [Epoch 14] Step 450/556 - loss: 0.5153
2025-11-07 15:02:00 - INFO - [Epoch 14] Step 500/556 - loss: 0.5130
2025-11-07 15:02:16 - INFO - [Epoch 14] Step 550/556 - loss: 0.5074
2025-11-07 15:02:17 - INFO - [Epoch 14] Step 556/556 - loss: 0.5082
2025-11-07 15:02:37 - INFO - Epoch 14/20 - train_loss: 0.5082 - val_loss: 0.4134 - f1: 0.9647
2025-11-07 15:02:53 - INFO - [Epoch 15] Step 50/556 - loss: 0.4832
2025-11-07 15:03:09 - INFO - [Epoch 15] Step 100/556 - loss: 0.4932
2025-11-07 15:03:24 - INFO - [Epoch 15] Step 150/556 - loss: 0.4963
2025-11-07 15:03:39 - INFO - [Epoch 15] Step 200/556 - loss: 0.4980
2025-11-07 15:03:55 - INFO - [Epoch 15] Step 250/556 - loss: 0.4941
2025-11-07 15:04:10 - INFO - [Epoch 15] Step 300/556 - loss: 0.4920
2025-11-07 15:04:26 - INFO - [Epoch 15] Step 350/556 - loss: 0.4924
2025-11-07 15:04:41 - INFO - [Epoch 15] Step 400/556 - loss: 0.4889
2025-11-07 15:04:56 - INFO - [Epoch 15] Step 450/556 - loss: 0.4831
2025-11-07 15:05:12 - INFO - [Epoch 15] Step 500/556 - loss: 0.4841
2025-11-07 15:05:27 - INFO - [Epoch 15] Step 550/556 - loss: 0.4824
2025-11-07 15:05:29 - INFO - [Epoch 15] Step 556/556 - loss: 0.4825
2025-11-07 15:05:48 - INFO - Epoch 15/20 - train_loss: 0.4825 - val_loss: 0.4029 - f1: 0.9734
2025-11-07 15:06:04 - INFO - [Epoch 16] Step 50/556 - loss: 0.4610
2025-11-07 15:06:20 - INFO - [Epoch 16] Step 100/556 - loss: 0.4588
2025-11-07 15:06:35 - INFO - [Epoch 16] Step 150/556 - loss: 0.4685
2025-11-07 15:06:50 - INFO - [Epoch 16] Step 200/556 - loss: 0.4737
2025-11-07 15:07:06 - INFO - [Epoch 16] Step 250/556 - loss: 0.4726
2025-11-07 15:07:21 - INFO - [Epoch 16] Step 300/556 - loss: 0.4775
2025-11-07 15:07:36 - INFO - [Epoch 16] Step 350/556 - loss: 0.4735
2025-11-07 15:07:52 - INFO - [Epoch 16] Step 400/556 - loss: 0.4761
2025-11-07 15:08:07 - INFO - [Epoch 16] Step 450/556 - loss: 0.4772
2025-11-07 15:08:22 - INFO - [Epoch 16] Step 500/556 - loss: 0.4762
2025-11-07 15:08:38 - INFO - [Epoch 16] Step 550/556 - loss: 0.4734
2025-11-07 15:08:40 - INFO - [Epoch 16] Step 556/556 - loss: 0.4734
2025-11-07 15:09:00 - INFO - Epoch 16/20 - train_loss: 0.4734 - val_loss: 0.3908 - f1: 0.9760
2025-11-07 15:09:16 - INFO - [Epoch 17] Step 50/556 - loss: 0.4592
2025-11-07 15:09:32 - INFO - [Epoch 17] Step 100/556 - loss: 0.4818
2025-11-07 15:09:47 - INFO - [Epoch 17] Step 150/556 - loss: 0.4689
2025-11-07 15:10:02 - INFO - [Epoch 17] Step 200/556 - loss: 0.4708
2025-11-07 15:10:18 - INFO - [Epoch 17] Step 250/556 - loss: 0.4765
2025-11-07 15:10:33 - INFO - [Epoch 17] Step 300/556 - loss: 0.4736
2025-11-07 15:10:48 - INFO - [Epoch 17] Step 350/556 - loss: 0.4693
2025-11-07 15:11:04 - INFO - [Epoch 17] Step 400/556 - loss: 0.4707
2025-11-07 15:11:19 - INFO - [Epoch 17] Step 450/556 - loss: 0.4747
2025-11-07 15:11:34 - INFO - [Epoch 17] Step 500/556 - loss: 0.4720
2025-11-07 15:11:50 - INFO - [Epoch 17] Step 550/556 - loss: 0.4714
2025-11-07 15:11:51 - INFO - [Epoch 17] Step 556/556 - loss: 0.4719
2025-11-07 15:12:12 - INFO - Epoch 17/20 - train_loss: 0.4719 - val_loss: 0.3843 - f1: 0.9819
2025-11-07 15:12:28 - INFO - [Epoch 18] Step 50/556 - loss: 0.4379
2025-11-07 15:12:43 - INFO - [Epoch 18] Step 100/556 - loss: 0.4436
2025-11-07 15:12:59 - INFO - [Epoch 18] Step 150/556 - loss: 0.4498
2025-11-07 15:13:14 - INFO - [Epoch 18] Step 200/556 - loss: 0.4460
2025-11-07 15:13:29 - INFO - [Epoch 18] Step 250/556 - loss: 0.4516
2025-11-07 15:13:45 - INFO - [Epoch 18] Step 300/556 - loss: 0.4522
2025-11-07 15:14:00 - INFO - [Epoch 18] Step 350/556 - loss: 0.4531
2025-11-07 15:14:15 - INFO - [Epoch 18] Step 400/556 - loss: 0.4523
2025-11-07 15:14:31 - INFO - [Epoch 18] Step 450/556 - loss: 0.4545
2025-11-07 15:14:46 - INFO - [Epoch 18] Step 500/556 - loss: 0.4567
2025-11-07 15:15:01 - INFO - [Epoch 18] Step 550/556 - loss: 0.4587
2025-11-07 15:15:03 - INFO - [Epoch 18] Step 556/556 - loss: 0.4577
2025-11-07 15:15:22 - INFO - Epoch 18/20 - train_loss: 0.4577 - val_loss: 0.3853 - f1: 0.9826
2025-11-07 15:15:38 - INFO - [Epoch 19] Step 50/556 - loss: 0.4404
2025-11-07 15:15:54 - INFO - [Epoch 19] Step 100/556 - loss: 0.4578
2025-11-07 15:16:09 - INFO - [Epoch 19] Step 150/556 - loss: 0.4689
2025-11-07 15:16:24 - INFO - [Epoch 19] Step 200/556 - loss: 0.4635
2025-11-07 15:16:40 - INFO - [Epoch 19] Step 250/556 - loss: 0.4671
2025-11-07 15:16:55 - INFO - [Epoch 19] Step 300/556 - loss: 0.4645
2025-11-07 15:17:10 - INFO - [Epoch 19] Step 350/556 - loss: 0.4601
2025-11-07 15:17:26 - INFO - [Epoch 19] Step 400/556 - loss: 0.4553
2025-11-07 15:17:41 - INFO - [Epoch 19] Step 450/556 - loss: 0.4564
2025-11-07 15:17:56 - INFO - [Epoch 19] Step 500/556 - loss: 0.4533
2025-11-07 15:18:12 - INFO - [Epoch 19] Step 550/556 - loss: 0.4536
2025-11-07 15:18:13 - INFO - [Epoch 19] Step 556/556 - loss: 0.4530
2025-11-07 15:18:30 - INFO - Epoch 19/20 - train_loss: 0.4530 - val_loss: 0.3832 - f1: 0.9827
2025-11-07 15:18:46 - INFO - [Epoch 20] Step 50/556 - loss: 0.4494
2025-11-07 15:19:01 - INFO - [Epoch 20] Step 100/556 - loss: 0.4598
2025-11-07 15:19:17 - INFO - [Epoch 20] Step 150/556 - loss: 0.4641
2025-11-07 15:19:32 - INFO - [Epoch 20] Step 200/556 - loss: 0.4589
2025-11-07 15:19:47 - INFO - [Epoch 20] Step 250/556 - loss: 0.4524
2025-11-07 15:20:03 - INFO - [Epoch 20] Step 300/556 - loss: 0.4468
2025-11-07 15:20:18 - INFO - [Epoch 20] Step 350/556 - loss: 0.4468
2025-11-07 15:20:33 - INFO - [Epoch 20] Step 400/556 - loss: 0.4463
2025-11-07 15:20:49 - INFO - [Epoch 20] Step 450/556 - loss: 0.4460
2025-11-07 15:21:04 - INFO - [Epoch 20] Step 500/556 - loss: 0.4446
2025-11-07 15:21:19 - INFO - [Epoch 20] Step 550/556 - loss: 0.4432
2025-11-07 15:21:21 - INFO - [Epoch 20] Step 556/556 - loss: 0.4425
2025-11-07 15:21:42 - INFO - Epoch 20/20 - train_loss: 0.4425 - val_loss: 0.3812 - f1: 0.9834
2025-11-07 15:21:42 - INFO - Best epoch: 20 (0.9834)
2025-11-07 15:21:42 - INFO - Best f1: 0.9834
