2025-11-07 12:39:59 - INFO - Starting run: 20251107-123959_swin_large_patch4_window12_384_in22k_384px_rot90_jitter_affine_rrc_no-reg_ls0.05_cosine
2025-11-07 12:39:59 - INFO - Configuration:
{
  "experiment": {
    "name": "swin_large_patch4_window12_384_in22k_offline",
    "seed": 2024,
    "deterministic": false
  },
  "paths": {
    "data_root": "data/processed/offline_aug",
    "train_csv": "data/processed/offline_aug/train_offline_aug.csv",
    "meta_csv": "data/raw/meta.csv",
    "image_dir": "data/processed/offline_aug/images",
    "test_dir": "data/raw/test",
    "output_root": "outputs"
  },
  "data": {
    "num_classes": 17,
    "input_size": 384,
    "mean": [
      0.485,
      0.456,
      0.406
    ],
    "std": [
      0.229,
      0.224,
      0.225
    ],
    "excluded_ids": [],
    "loader": {
      "batch_size": 12,
      "num_workers": 8,
      "pin_memory": true,
      "persistent_workers": true,
      "prefetch_factor": 2
    }
  },
  "split": {
    "n_splits": 6,
    "fold_index": 0,
    "seed": 2024,
    "predefined_split": "splits/fold_indices_offline.pkl"
  },
  "sampler": {
    "name": "weighted_random",
    "minority_classes": [
      1,
      13,
      14
    ],
    "weights_power": 0.85,
    "replacement": true
  },
  "augmentations": {
    "name": "rot90_jitter_affine_rrc",
    "random_resized_crop_scale": [
      0.95,
      1.0
    ],
    "random_resized_crop_ratio": [
      0.9,
      1.1
    ],
    "random_rotate90": true,
    "random_rotate90_prob": 0.5,
    "max_rotate": 12,
    "rotate_prob": 1.0,
    "affine_scale": [
      0.95,
      1.05
    ],
    "affine_translate": [
      0.05,
      0.05
    ],
    "horizontal_flip": true,
    "horizontal_flip_prob": 0.5,
    "brightness_contrast": [
      0.1,
      0.1
    ],
    "color_jitter": {
      "p": 0.35,
      "brightness": 0.25,
      "contrast": 0.1,
      "saturation": 0.15,
      "hue": 0.0
    },
    "blur": {
      "p": 0.35,
      "blur_limit": [
        3,
        7
      ],
      "sigma_limit": [
        0.2,
        1.0
      ]
    }
  },
  "regularization": {
    "mixup_alpha": 0.0,
    "cutmix_alpha": 0.0,
    "tag": "no-reg"
  },
  "model": {
    "name": "swin_large_patch4_window12_384_in22k",
    "pretrained": true,
    "checkpoint": null,
    "drop_path_rate": 0.2,
    "use_checkpoint": true
  },
  "loss": {
    "name": "cross_entropy",
    "label_smoothing": 0.05
  },
  "optimizer": {
    "name": "adamw",
    "lr": 8e-05,
    "weight_decay": 0.05,
    "betas": [
      0.9,
      0.999
    ]
  },
  "scheduler": {
    "name": "cosine",
    "warmup_epochs": 3,
    "min_lr": 1e-06
  },
  "training": {
    "epochs": 20,
    "amp": true,
    "grad_clip_norm": null,
    "save_best_metric": "f1",
    "validation_interval": 1,
    "early_stopping": {
      "patience": 3,
      "min_delta": 0.0005,
      "mode": "max"
    },
    "ema": {
      "enabled": false
    },
    "swa": {
      "enabled": false
    }
  },
  "logging": {
    "project": "document_type_classification",
    "log_interval": 50
  },
  "submission": {
    "metric_name": "f1",
    "leaderboard_score": 0.0,
    "tta": {
      "enabled": true,
      "rotations": [
        0,
        90,
        180,
        270
      ],
      "jitter_degrees": 0,
      "horizontal_flip": true,
      "vertical_flip": false
    }
  },
  "performance": {
    "allow_tf32": true,
    "matmul_precision": "high",
    "cudnn_benchmark": true,
    "channels_last": true
  }
}
/opt/conda/lib/python3.10/site-packages/timm/models/_factory.py:117: UserWarning: Mapping deprecated model name swin_large_patch4_window12_384_in22k to current swin_large_patch4_window12_384.ms_in22k.
  model = create_fn(
/opt/conda/lib/python3.10/site-packages/torch/functional.py:504: UserWarning: torch.meshgrid: in an upcoming release, it will be required to pass the indexing argument. (Triggered internally at /opt/conda/conda-bld/pytorch_1695392020201/work/aten/src/ATen/native/TensorShape.cpp:3526.)
  return _VF.meshgrid(tensors, **kwargs)  # type: ignore[attr-defined]
2025-11-07 12:40:19 - INFO - [Epoch 1] Step 50/556 - loss: 2.9332
2025-11-07 12:40:34 - INFO - [Epoch 1] Step 100/556 - loss: 2.9247
2025-11-07 12:40:49 - INFO - [Epoch 1] Step 150/556 - loss: 2.9214
2025-11-07 12:41:05 - INFO - [Epoch 1] Step 200/556 - loss: 2.9285
2025-11-07 12:41:20 - INFO - [Epoch 1] Step 250/556 - loss: 2.9236
2025-11-07 12:41:35 - INFO - [Epoch 1] Step 300/556 - loss: 2.9182
2025-11-07 12:41:51 - INFO - [Epoch 1] Step 350/556 - loss: 2.9154
2025-11-07 12:42:06 - INFO - [Epoch 1] Step 400/556 - loss: 2.9159
2025-11-07 12:42:21 - INFO - [Epoch 1] Step 450/556 - loss: 2.9154
2025-11-07 12:42:37 - INFO - [Epoch 1] Step 500/556 - loss: 2.9153
2025-11-07 12:42:52 - INFO - [Epoch 1] Step 550/556 - loss: 2.9129
2025-11-07 12:42:54 - INFO - [Epoch 1] Step 556/556 - loss: 2.9130
2025-11-07 12:43:13 - INFO - Epoch 1/20 - train_loss: 2.9130 - val_loss: 2.8466 - f1: 0.0612
2025-11-07 12:43:29 - INFO - [Epoch 2] Step 50/556 - loss: 2.3598
2025-11-07 12:43:44 - INFO - [Epoch 2] Step 100/556 - loss: 1.9000
2025-11-07 12:43:59 - INFO - [Epoch 2] Step 150/556 - loss: 1.6107
2025-11-07 12:44:15 - INFO - [Epoch 2] Step 200/556 - loss: 1.4246
2025-11-07 12:44:30 - INFO - [Epoch 2] Step 250/556 - loss: 1.3074
2025-11-07 12:44:45 - INFO - [Epoch 2] Step 300/556 - loss: 1.2192
2025-11-07 12:45:01 - INFO - [Epoch 2] Step 350/556 - loss: 1.1563
2025-11-07 12:45:16 - INFO - [Epoch 2] Step 400/556 - loss: 1.1007
2025-11-07 12:45:32 - INFO - [Epoch 2] Step 450/556 - loss: 1.0505
2025-11-07 12:45:47 - INFO - [Epoch 2] Step 500/556 - loss: 1.0150
2025-11-07 12:46:02 - INFO - [Epoch 2] Step 550/556 - loss: 0.9834
2025-11-07 12:46:04 - INFO - [Epoch 2] Step 556/556 - loss: 0.9785
2025-11-07 12:46:23 - INFO - Epoch 2/20 - train_loss: 0.9785 - val_loss: 0.6606 - f1: 0.8661
2025-11-07 12:46:39 - INFO - [Epoch 3] Step 50/556 - loss: 0.6765
2025-11-07 12:46:55 - INFO - [Epoch 3] Step 100/556 - loss: 0.6743
2025-11-07 12:47:10 - INFO - [Epoch 3] Step 150/556 - loss: 0.6779
2025-11-07 12:47:25 - INFO - [Epoch 3] Step 200/556 - loss: 0.6612
2025-11-07 12:47:41 - INFO - [Epoch 3] Step 250/556 - loss: 0.6533
2025-11-07 12:47:56 - INFO - [Epoch 3] Step 300/556 - loss: 0.6449
2025-11-07 12:48:11 - INFO - [Epoch 3] Step 350/556 - loss: 0.6369
2025-11-07 12:48:27 - INFO - [Epoch 3] Step 400/556 - loss: 0.6354
2025-11-07 12:48:42 - INFO - [Epoch 3] Step 450/556 - loss: 0.6307
2025-11-07 12:48:58 - INFO - [Epoch 3] Step 500/556 - loss: 0.6273
2025-11-07 12:49:13 - INFO - [Epoch 3] Step 550/556 - loss: 0.6205
2025-11-07 12:49:15 - INFO - [Epoch 3] Step 556/556 - loss: 0.6199
/opt/conda/lib/python3.10/site-packages/torch/optim/lr_scheduler.py:149: UserWarning: The epoch parameter in `scheduler.step()` was not necessary and is being deprecated where possible. Please use `scheduler.step()` to step the scheduler. During the deprecation, if epoch is different from None, the closed form is used instead of the new chainable form, where available. Please open an issue if you are unable to replicate your use case: https://github.com/pytorch/pytorch/issues/new/choose.
  warnings.warn(EPOCH_DEPRECATION_WARNING, UserWarning)
2025-11-07 12:49:35 - INFO - Epoch 3/20 - train_loss: 0.6199 - val_loss: 0.5630 - f1: 0.8987
2025-11-07 12:49:51 - INFO - [Epoch 4] Step 50/556 - loss: 0.5816
2025-11-07 12:50:07 - INFO - [Epoch 4] Step 100/556 - loss: 0.6200
2025-11-07 12:50:22 - INFO - [Epoch 4] Step 150/556 - loss: 0.6264
2025-11-07 12:50:37 - INFO - [Epoch 4] Step 200/556 - loss: 0.6134
2025-11-07 12:50:53 - INFO - [Epoch 4] Step 250/556 - loss: 0.6053
2025-11-07 12:51:08 - INFO - [Epoch 4] Step 300/556 - loss: 0.5965
2025-11-07 12:51:23 - INFO - [Epoch 4] Step 350/556 - loss: 0.5932
2025-11-07 12:51:39 - INFO - [Epoch 4] Step 400/556 - loss: 0.5825
2025-11-07 12:51:54 - INFO - [Epoch 4] Step 450/556 - loss: 0.5739
2025-11-07 12:52:09 - INFO - [Epoch 4] Step 500/556 - loss: 0.5706
2025-11-07 12:52:25 - INFO - [Epoch 4] Step 550/556 - loss: 0.5653
2025-11-07 12:52:27 - INFO - [Epoch 4] Step 556/556 - loss: 0.5658
2025-11-07 12:52:43 - INFO - Epoch 4/20 - train_loss: 0.5658 - val_loss: 0.5817 - f1: 0.8820
2025-11-07 12:52:59 - INFO - [Epoch 5] Step 50/556 - loss: 0.5109
2025-11-07 12:53:14 - INFO - [Epoch 5] Step 100/556 - loss: 0.5053
2025-11-07 12:53:30 - INFO - [Epoch 5] Step 150/556 - loss: 0.4944
2025-11-07 12:53:45 - INFO - [Epoch 5] Step 200/556 - loss: 0.4972
2025-11-07 12:54:00 - INFO - [Epoch 5] Step 250/556 - loss: 0.4945
2025-11-07 12:54:16 - INFO - [Epoch 5] Step 300/556 - loss: 0.4952
2025-11-07 12:54:31 - INFO - [Epoch 5] Step 350/556 - loss: 0.4900
2025-11-07 12:54:46 - INFO - [Epoch 5] Step 400/556 - loss: 0.4912
2025-11-07 12:55:02 - INFO - [Epoch 5] Step 450/556 - loss: 0.4911
2025-11-07 12:55:17 - INFO - [Epoch 5] Step 500/556 - loss: 0.4905
2025-11-07 12:55:33 - INFO - [Epoch 5] Step 550/556 - loss: 0.4883
2025-11-07 12:55:34 - INFO - [Epoch 5] Step 556/556 - loss: 0.4876
2025-11-07 12:55:51 - INFO - Epoch 5/20 - train_loss: 0.4876 - val_loss: 0.5679 - f1: 0.8975
2025-11-07 12:56:07 - INFO - [Epoch 6] Step 50/556 - loss: 0.4778
2025-11-07 12:56:22 - INFO - [Epoch 6] Step 100/556 - loss: 0.4648
2025-11-07 12:56:37 - INFO - [Epoch 6] Step 150/556 - loss: 0.4711
2025-11-07 12:56:53 - INFO - [Epoch 6] Step 200/556 - loss: 0.4719
2025-11-07 12:57:08 - INFO - [Epoch 6] Step 250/556 - loss: 0.4749
2025-11-07 12:57:23 - INFO - [Epoch 6] Step 300/556 - loss: 0.4710
2025-11-07 12:57:39 - INFO - [Epoch 6] Step 350/556 - loss: 0.4728
2025-11-07 12:57:54 - INFO - [Epoch 6] Step 400/556 - loss: 0.4701
2025-11-07 12:58:09 - INFO - [Epoch 6] Step 450/556 - loss: 0.4718
2025-11-07 12:58:25 - INFO - [Epoch 6] Step 500/556 - loss: 0.4724
2025-11-07 12:58:40 - INFO - [Epoch 6] Step 550/556 - loss: 0.4693
2025-11-07 12:58:42 - INFO - [Epoch 6] Step 556/556 - loss: 0.4696
2025-11-07 12:59:01 - INFO - Epoch 6/20 - train_loss: 0.4696 - val_loss: 0.4823 - f1: 0.9357
2025-11-07 12:59:17 - INFO - [Epoch 7] Step 50/556 - loss: 0.4904
2025-11-07 12:59:33 - INFO - [Epoch 7] Step 100/556 - loss: 0.4798
2025-11-07 12:59:48 - INFO - [Epoch 7] Step 150/556 - loss: 0.4692
2025-11-07 13:00:03 - INFO - [Epoch 7] Step 200/556 - loss: 0.4580
2025-11-07 13:00:19 - INFO - [Epoch 7] Step 250/556 - loss: 0.4545
2025-11-07 13:00:34 - INFO - [Epoch 7] Step 300/556 - loss: 0.4507
2025-11-07 13:00:49 - INFO - [Epoch 7] Step 350/556 - loss: 0.4521
2025-11-07 13:01:05 - INFO - [Epoch 7] Step 400/556 - loss: 0.4505
2025-11-07 13:01:20 - INFO - [Epoch 7] Step 450/556 - loss: 0.4536
2025-11-07 13:01:35 - INFO - [Epoch 7] Step 500/556 - loss: 0.4485
2025-11-07 13:01:51 - INFO - [Epoch 7] Step 550/556 - loss: 0.4480
2025-11-07 13:01:53 - INFO - [Epoch 7] Step 556/556 - loss: 0.4480
2025-11-07 13:02:11 - INFO - Epoch 7/20 - train_loss: 0.4480 - val_loss: 0.4745 - f1: 0.9386
2025-11-07 13:02:28 - INFO - [Epoch 8] Step 50/556 - loss: 0.4472
2025-11-07 13:02:43 - INFO - [Epoch 8] Step 100/556 - loss: 0.4332
2025-11-07 13:02:58 - INFO - [Epoch 8] Step 150/556 - loss: 0.4378
2025-11-07 13:03:14 - INFO - [Epoch 8] Step 200/556 - loss: 0.4389
2025-11-07 13:03:29 - INFO - [Epoch 8] Step 250/556 - loss: 0.4400
2025-11-07 13:03:44 - INFO - [Epoch 8] Step 300/556 - loss: 0.4412
2025-11-07 13:04:00 - INFO - [Epoch 8] Step 350/556 - loss: 0.4412
2025-11-07 13:04:15 - INFO - [Epoch 8] Step 400/556 - loss: 0.4362
2025-11-07 13:04:30 - INFO - [Epoch 8] Step 450/556 - loss: 0.4355
2025-11-07 13:04:46 - INFO - [Epoch 8] Step 500/556 - loss: 0.4357
2025-11-07 13:05:01 - INFO - [Epoch 8] Step 550/556 - loss: 0.4357
2025-11-07 13:05:03 - INFO - [Epoch 8] Step 556/556 - loss: 0.4349
2025-11-07 13:05:19 - INFO - Epoch 8/20 - train_loss: 0.4349 - val_loss: 0.4738 - f1: 0.9349
2025-11-07 13:05:35 - INFO - [Epoch 9] Step 50/556 - loss: 0.4133
2025-11-07 13:05:51 - INFO - [Epoch 9] Step 100/556 - loss: 0.4155
2025-11-07 13:06:06 - INFO - [Epoch 9] Step 150/556 - loss: 0.4198
2025-11-07 13:06:21 - INFO - [Epoch 9] Step 200/556 - loss: 0.4185
2025-11-07 13:06:37 - INFO - [Epoch 9] Step 250/556 - loss: 0.4182
2025-11-07 13:06:52 - INFO - [Epoch 9] Step 300/556 - loss: 0.4159
2025-11-07 13:07:07 - INFO - [Epoch 9] Step 350/556 - loss: 0.4131
2025-11-07 13:07:23 - INFO - [Epoch 9] Step 400/556 - loss: 0.4122
2025-11-07 13:07:38 - INFO - [Epoch 9] Step 450/556 - loss: 0.4145
2025-11-07 13:07:53 - INFO - [Epoch 9] Step 500/556 - loss: 0.4142
2025-11-07 13:08:09 - INFO - [Epoch 9] Step 550/556 - loss: 0.4132
2025-11-07 13:08:11 - INFO - [Epoch 9] Step 556/556 - loss: 0.4128
2025-11-07 13:08:31 - INFO - Epoch 9/20 - train_loss: 0.4128 - val_loss: 0.4548 - f1: 0.9440
2025-11-07 13:08:47 - INFO - [Epoch 10] Step 50/556 - loss: 0.4038
2025-11-07 13:09:02 - INFO - [Epoch 10] Step 100/556 - loss: 0.4029
2025-11-07 13:09:18 - INFO - [Epoch 10] Step 150/556 - loss: 0.4075
2025-11-07 13:09:33 - INFO - [Epoch 10] Step 200/556 - loss: 0.4027
2025-11-07 13:09:48 - INFO - [Epoch 10] Step 250/556 - loss: 0.4006
2025-11-07 13:10:04 - INFO - [Epoch 10] Step 300/556 - loss: 0.3987
2025-11-07 13:10:19 - INFO - [Epoch 10] Step 350/556 - loss: 0.3971
2025-11-07 13:10:34 - INFO - [Epoch 10] Step 400/556 - loss: 0.3962
2025-11-07 13:10:50 - INFO - [Epoch 10] Step 450/556 - loss: 0.3949
2025-11-07 13:11:05 - INFO - [Epoch 10] Step 500/556 - loss: 0.3932
2025-11-07 13:11:20 - INFO - [Epoch 10] Step 550/556 - loss: 0.3904
2025-11-07 13:11:22 - INFO - [Epoch 10] Step 556/556 - loss: 0.3912
2025-11-07 13:11:38 - INFO - Epoch 10/20 - train_loss: 0.3912 - val_loss: 0.4576 - f1: 0.9418
2025-11-07 13:11:54 - INFO - [Epoch 11] Step 50/556 - loss: 0.3896
2025-11-07 13:12:10 - INFO - [Epoch 11] Step 100/556 - loss: 0.3875
2025-11-07 13:12:25 - INFO - [Epoch 11] Step 150/556 - loss: 0.3817
2025-11-07 13:12:40 - INFO - [Epoch 11] Step 200/556 - loss: 0.3808
2025-11-07 13:12:56 - INFO - [Epoch 11] Step 250/556 - loss: 0.3781
2025-11-07 13:13:11 - INFO - [Epoch 11] Step 300/556 - loss: 0.3740
2025-11-07 13:13:26 - INFO - [Epoch 11] Step 350/556 - loss: 0.3726
2025-11-07 13:13:42 - INFO - [Epoch 11] Step 400/556 - loss: 0.3708
2025-11-07 13:13:57 - INFO - [Epoch 11] Step 450/556 - loss: 0.3692
2025-11-07 13:14:12 - INFO - [Epoch 11] Step 500/556 - loss: 0.3707
2025-11-07 13:14:28 - INFO - [Epoch 11] Step 550/556 - loss: 0.3697
2025-11-07 13:14:30 - INFO - [Epoch 11] Step 556/556 - loss: 0.3700
2025-11-07 13:14:48 - INFO - Epoch 11/20 - train_loss: 0.3700 - val_loss: 0.4310 - f1: 0.9556
2025-11-07 13:15:05 - INFO - [Epoch 12] Step 50/556 - loss: 0.3870
2025-11-07 13:15:20 - INFO - [Epoch 12] Step 100/556 - loss: 0.3722
2025-11-07 13:15:35 - INFO - [Epoch 12] Step 150/556 - loss: 0.3645
2025-11-07 13:15:51 - INFO - [Epoch 12] Step 200/556 - loss: 0.3675
2025-11-07 13:16:06 - INFO - [Epoch 12] Step 250/556 - loss: 0.3680
2025-11-07 13:16:21 - INFO - [Epoch 12] Step 300/556 - loss: 0.3716
2025-11-07 13:16:37 - INFO - [Epoch 12] Step 350/556 - loss: 0.3725
2025-11-07 13:16:52 - INFO - [Epoch 12] Step 400/556 - loss: 0.3711
2025-11-07 13:17:07 - INFO - [Epoch 12] Step 450/556 - loss: 0.3705
2025-11-07 13:17:23 - INFO - [Epoch 12] Step 500/556 - loss: 0.3704
2025-11-07 13:17:38 - INFO - [Epoch 12] Step 550/556 - loss: 0.3689
2025-11-07 13:17:40 - INFO - [Epoch 12] Step 556/556 - loss: 0.3685
2025-11-07 13:18:00 - INFO - Epoch 12/20 - train_loss: 0.3685 - val_loss: 0.4161 - f1: 0.9619
2025-11-07 13:18:16 - INFO - [Epoch 13] Step 50/556 - loss: 0.3568
2025-11-07 13:18:32 - INFO - [Epoch 13] Step 100/556 - loss: 0.3536
2025-11-07 13:18:47 - INFO - [Epoch 13] Step 150/556 - loss: 0.3507
2025-11-07 13:19:02 - INFO - [Epoch 13] Step 200/556 - loss: 0.3519
2025-11-07 13:19:18 - INFO - [Epoch 13] Step 250/556 - loss: 0.3524
2025-11-07 13:19:33 - INFO - [Epoch 13] Step 300/556 - loss: 0.3524
2025-11-07 13:19:48 - INFO - [Epoch 13] Step 350/556 - loss: 0.3517
2025-11-07 13:20:04 - INFO - [Epoch 13] Step 400/556 - loss: 0.3517
2025-11-07 13:20:19 - INFO - [Epoch 13] Step 450/556 - loss: 0.3513
2025-11-07 13:20:34 - INFO - [Epoch 13] Step 500/556 - loss: 0.3509
2025-11-07 13:20:50 - INFO - [Epoch 13] Step 550/556 - loss: 0.3530
2025-11-07 13:20:52 - INFO - [Epoch 13] Step 556/556 - loss: 0.3530
2025-11-07 13:21:12 - INFO - Epoch 13/20 - train_loss: 0.3530 - val_loss: 0.4048 - f1: 0.9678
2025-11-07 13:21:28 - INFO - [Epoch 14] Step 50/556 - loss: 0.3556
2025-11-07 13:21:44 - INFO - [Epoch 14] Step 100/556 - loss: 0.3623
2025-11-07 13:21:59 - INFO - [Epoch 14] Step 150/556 - loss: 0.3631
2025-11-07 13:22:14 - INFO - [Epoch 14] Step 200/556 - loss: 0.3579
2025-11-07 13:22:30 - INFO - [Epoch 14] Step 250/556 - loss: 0.3566
2025-11-07 13:22:45 - INFO - [Epoch 14] Step 300/556 - loss: 0.3549
2025-11-07 13:23:00 - INFO - [Epoch 14] Step 350/556 - loss: 0.3547
2025-11-07 13:23:16 - INFO - [Epoch 14] Step 400/556 - loss: 0.3533
2025-11-07 13:23:31 - INFO - [Epoch 14] Step 450/556 - loss: 0.3529
2025-11-07 13:23:46 - INFO - [Epoch 14] Step 500/556 - loss: 0.3518
2025-11-07 13:24:02 - INFO - [Epoch 14] Step 550/556 - loss: 0.3508
2025-11-07 13:24:04 - INFO - [Epoch 14] Step 556/556 - loss: 0.3505
2025-11-07 13:24:24 - INFO - Epoch 14/20 - train_loss: 0.3505 - val_loss: 0.3996 - f1: 0.9714
2025-11-07 13:24:40 - INFO - [Epoch 15] Step 50/556 - loss: 0.3438
2025-11-07 13:24:55 - INFO - [Epoch 15] Step 100/556 - loss: 0.3425
2025-11-07 13:25:11 - INFO - [Epoch 15] Step 150/556 - loss: 0.3461
2025-11-07 13:25:26 - INFO - [Epoch 15] Step 200/556 - loss: 0.3460
2025-11-07 13:25:41 - INFO - [Epoch 15] Step 250/556 - loss: 0.3435
2025-11-07 13:25:57 - INFO - [Epoch 15] Step 300/556 - loss: 0.3435
2025-11-07 13:26:12 - INFO - [Epoch 15] Step 350/556 - loss: 0.3428
2025-11-07 13:26:27 - INFO - [Epoch 15] Step 400/556 - loss: 0.3422
2025-11-07 13:26:43 - INFO - [Epoch 15] Step 450/556 - loss: 0.3412
2025-11-07 13:26:58 - INFO - [Epoch 15] Step 500/556 - loss: 0.3422
2025-11-07 13:27:13 - INFO - [Epoch 15] Step 550/556 - loss: 0.3423
2025-11-07 13:27:15 - INFO - [Epoch 15] Step 556/556 - loss: 0.3421
2025-11-07 13:27:32 - INFO - Epoch 15/20 - train_loss: 0.3421 - val_loss: 0.4038 - f1: 0.9667
2025-11-07 13:27:48 - INFO - [Epoch 16] Step 50/556 - loss: 0.3340
2025-11-07 13:28:03 - INFO - [Epoch 16] Step 100/556 - loss: 0.3347
2025-11-07 13:28:19 - INFO - [Epoch 16] Step 150/556 - loss: 0.3367
2025-11-07 13:28:34 - INFO - [Epoch 16] Step 200/556 - loss: 0.3361
2025-11-07 13:28:49 - INFO - [Epoch 16] Step 250/556 - loss: 0.3379
2025-11-07 13:29:05 - INFO - [Epoch 16] Step 300/556 - loss: 0.3386
2025-11-07 13:29:20 - INFO - [Epoch 16] Step 350/556 - loss: 0.3377
2025-11-07 13:29:35 - INFO - [Epoch 16] Step 400/556 - loss: 0.3382
2025-11-07 13:29:51 - INFO - [Epoch 16] Step 450/556 - loss: 0.3384
2025-11-07 13:30:06 - INFO - [Epoch 16] Step 500/556 - loss: 0.3380
2025-11-07 13:30:21 - INFO - [Epoch 16] Step 550/556 - loss: 0.3375
2025-11-07 13:30:23 - INFO - [Epoch 16] Step 556/556 - loss: 0.3373
2025-11-07 13:30:42 - INFO - Epoch 16/20 - train_loss: 0.3373 - val_loss: 0.3873 - f1: 0.9744
2025-11-07 13:30:58 - INFO - [Epoch 17] Step 50/556 - loss: 0.3310
2025-11-07 13:31:14 - INFO - [Epoch 17] Step 100/556 - loss: 0.3344
2025-11-07 13:31:29 - INFO - [Epoch 17] Step 150/556 - loss: 0.3324
2025-11-07 13:31:44 - INFO - [Epoch 17] Step 200/556 - loss: 0.3351
2025-11-07 13:32:00 - INFO - [Epoch 17] Step 250/556 - loss: 0.3347
2025-11-07 13:32:15 - INFO - [Epoch 17] Step 300/556 - loss: 0.3374
2025-11-07 13:32:31 - INFO - [Epoch 17] Step 350/556 - loss: 0.3368
2025-11-07 13:32:46 - INFO - [Epoch 17] Step 400/556 - loss: 0.3377
2025-11-07 13:33:01 - INFO - [Epoch 17] Step 450/556 - loss: 0.3380
2025-11-07 13:33:17 - INFO - [Epoch 17] Step 500/556 - loss: 0.3376
2025-11-07 13:33:32 - INFO - [Epoch 17] Step 550/556 - loss: 0.3368
2025-11-07 13:33:34 - INFO - [Epoch 17] Step 556/556 - loss: 0.3367
2025-11-07 13:33:53 - INFO - Epoch 17/20 - train_loss: 0.3367 - val_loss: 0.3845 - f1: 0.9767
2025-11-07 13:34:09 - INFO - [Epoch 18] Step 50/556 - loss: 0.3316
2025-11-07 13:34:25 - INFO - [Epoch 18] Step 100/556 - loss: 0.3319
2025-11-07 13:34:40 - INFO - [Epoch 18] Step 150/556 - loss: 0.3310
2025-11-07 13:34:55 - INFO - [Epoch 18] Step 200/556 - loss: 0.3306
2025-11-07 13:35:11 - INFO - [Epoch 18] Step 250/556 - loss: 0.3307
2025-11-07 13:35:26 - INFO - [Epoch 18] Step 300/556 - loss: 0.3309
2025-11-07 13:35:41 - INFO - [Epoch 18] Step 350/556 - loss: 0.3317
2025-11-07 13:35:57 - INFO - [Epoch 18] Step 400/556 - loss: 0.3317
2025-11-07 13:36:12 - INFO - [Epoch 18] Step 450/556 - loss: 0.3314
2025-11-07 13:36:28 - INFO - [Epoch 18] Step 500/556 - loss: 0.3327
2025-11-07 13:36:43 - INFO - [Epoch 18] Step 550/556 - loss: 0.3327
2025-11-07 13:36:45 - INFO - [Epoch 18] Step 556/556 - loss: 0.3326
2025-11-07 13:37:04 - INFO - Epoch 18/20 - train_loss: 0.3326 - val_loss: 0.3810 - f1: 0.9790
2025-11-07 13:37:20 - INFO - [Epoch 19] Step 50/556 - loss: 0.3327
2025-11-07 13:37:36 - INFO - [Epoch 19] Step 100/556 - loss: 0.3318
2025-11-07 13:37:51 - INFO - [Epoch 19] Step 150/556 - loss: 0.3308
2025-11-07 13:38:06 - INFO - [Epoch 19] Step 200/556 - loss: 0.3298
2025-11-07 13:38:22 - INFO - [Epoch 19] Step 250/556 - loss: 0.3293
2025-11-07 13:38:37 - INFO - [Epoch 19] Step 300/556 - loss: 0.3300
2025-11-07 13:38:52 - INFO - [Epoch 19] Step 350/556 - loss: 0.3301
2025-11-07 13:39:08 - INFO - [Epoch 19] Step 400/556 - loss: 0.3300
2025-11-07 13:39:23 - INFO - [Epoch 19] Step 450/556 - loss: 0.3295
2025-11-07 13:39:38 - INFO - [Epoch 19] Step 500/556 - loss: 0.3299
2025-11-07 13:39:54 - INFO - [Epoch 19] Step 550/556 - loss: 0.3298
2025-11-07 13:39:56 - INFO - [Epoch 19] Step 556/556 - loss: 0.3297
2025-11-07 13:40:12 - INFO - Epoch 19/20 - train_loss: 0.3297 - val_loss: 0.3798 - f1: 0.9774
2025-11-07 13:40:28 - INFO - [Epoch 20] Step 50/556 - loss: 0.3261
2025-11-07 13:40:44 - INFO - [Epoch 20] Step 100/556 - loss: 0.3302
2025-11-07 13:40:59 - INFO - [Epoch 20] Step 150/556 - loss: 0.3306
2025-11-07 13:41:14 - INFO - [Epoch 20] Step 200/556 - loss: 0.3294
2025-11-07 13:41:30 - INFO - [Epoch 20] Step 250/556 - loss: 0.3285
2025-11-07 13:41:45 - INFO - [Epoch 20] Step 300/556 - loss: 0.3282
2025-11-07 13:42:00 - INFO - [Epoch 20] Step 350/556 - loss: 0.3297
2025-11-07 13:42:16 - INFO - [Epoch 20] Step 400/556 - loss: 0.3297
2025-11-07 13:42:31 - INFO - [Epoch 20] Step 450/556 - loss: 0.3294
2025-11-07 13:42:46 - INFO - [Epoch 20] Step 500/556 - loss: 0.3290
2025-11-07 13:43:02 - INFO - [Epoch 20] Step 550/556 - loss: 0.3287
2025-11-07 13:43:04 - INFO - [Epoch 20] Step 556/556 - loss: 0.3287
2025-11-07 13:43:20 - INFO - Epoch 20/20 - train_loss: 0.3287 - val_loss: 0.3789 - f1: 0.9783
2025-11-07 13:43:20 - INFO - Best epoch: 18 (0.9790)
2025-11-07 13:43:20 - INFO - Best f1: 0.9790
