2025-11-11 11:00:39 - INFO - Starting run: 20251111-110039_swin_large_patch4_window12_384_in22k_384px_rot90_jitter_affine_rrc_no-reg_ls0.05_cosine
2025-11-11 11:00:39 - INFO - Configuration:
{
  "experiment": {
    "name": "swin_large_fulltrain_384",
    "seed": 2024,
    "deterministic": false
  },
  "paths": {
    "data_root": "data/processed/offline_aug",
    "train_csv": "data/processed/offline_aug/train_offline_aug.csv",
    "meta_csv": "data/raw/meta.csv",
    "image_dir": "data/processed/offline_aug/images",
    "test_dir": "data/raw/test",
    "output_root": "outputs"
  },
  "data": {
    "num_classes": 17,
    "input_size": 384,
    "mean": [
      0.485,
      0.456,
      0.406
    ],
    "std": [
      0.229,
      0.224,
      0.225
    ],
    "excluded_ids": [],
    "loader": {
      "batch_size": 12,
      "num_workers": 8,
      "pin_memory": true,
      "persistent_workers": true,
      "prefetch_factor": 3,
      "timeout": 120,
      "mp_context": "spawn"
    }
  },
  "split": {
    "full_train": true,
    "full_train_holdout_fraction": 0.02,
    "seed": 2024
  },
  "sampler": {
    "name": "weighted_random",
    "minority_classes": [
      1,
      13,
      14
    ],
    "weights_power": 0.85,
    "replacement": true
  },
  "augmentations": {
    "name": "rot90_jitter_affine_rrc",
    "use_reference_pipeline": true,
    "random_resized_crop_scale": [
      0.95,
      1.0
    ],
    "random_resized_crop_ratio": [
      0.9,
      1.1
    ],
    "random_rotate90": true,
    "random_rotate90_prob": 0.5,
    "max_rotate": 12,
    "rotate_prob": 1.0,
    "affine_scale": [
      0.95,
      1.05
    ],
    "affine_translate": [
      0.05,
      0.05
    ],
    "horizontal_flip": true,
    "horizontal_flip_prob": 0.5,
    "brightness_contrast": [
      0.1,
      0.1
    ],
    "color_jitter": {
      "p": 0.35,
      "brightness": 0.25,
      "contrast": 0.1,
      "saturation": 0.15,
      "hue": 0.0
    },
    "blur": {
      "p": 0.35,
      "blur_limit": [
        3,
        7
      ],
      "sigma_limit": [
        0.2,
        1.0
      ]
    }
  },
  "regularization": {
    "mixup_alpha": 0.0,
    "cutmix_alpha": 0.0,
    "tag": "no-reg"
  },
  "model": {
    "name": "swin_large_patch4_window12_384_in22k",
    "pretrained": true,
    "checkpoint": null,
    "drop_path_rate": 0.2,
    "use_checkpoint": true
  },
  "loss": {
    "name": "cross_entropy",
    "label_smoothing": 0.05
  },
  "optimizer": {
    "name": "adamw",
    "lr": 8e-05,
    "weight_decay": 0.05,
    "betas": [
      0.9,
      0.999
    ]
  },
  "scheduler": {
    "name": "cosine",
    "warmup_epochs": 3,
    "min_lr": 1e-06
  },
  "training": {
    "epochs": 20,
    "amp": true,
    "grad_clip_norm": null,
    "save_best_metric": "f1",
    "validation_interval": 1,
    "early_stopping": {},
    "ema": {
      "enabled": false
    },
    "swa": {
      "enabled": false
    }
  },
  "logging": {
    "project": "document_type_classification",
    "log_interval": 50
  },
  "submission": {
    "metric_name": "f1",
    "leaderboard_score": 0.0,
    "tta": {
      "enabled": true,
      "rotations": [
        0,
        90,
        180,
        270
      ],
      "jitter_degrees": 0,
      "horizontal_flip": true,
      "vertical_flip": false
    }
  },
  "performance": {
    "allow_tf32": true,
    "matmul_precision": "high",
    "cudnn_benchmark": true,
    "channels_last": true
  }
}
/opt/conda/lib/python3.10/site-packages/timm/models/_factory.py:117: UserWarning: Mapping deprecated model name swin_large_patch4_window12_384_in22k to current swin_large_patch4_window12_384.ms_in22k.
  model = create_fn(
/opt/conda/lib/python3.10/site-packages/torch/functional.py:504: UserWarning: torch.meshgrid: in an upcoming release, it will be required to pass the indexing argument. (Triggered internally at /opt/conda/conda-bld/pytorch_1695392020201/work/aten/src/ATen/native/TensorShape.cpp:3526.)
  return _VF.meshgrid(tensors, **kwargs)  # type: ignore[attr-defined]
2025-11-11 11:01:16 - INFO - [Epoch 1] Step 50/1143 - loss: 2.9285
2025-11-11 11:01:32 - INFO - [Epoch 1] Step 100/1143 - loss: 2.9309
2025-11-11 11:01:47 - INFO - [Epoch 1] Step 150/1143 - loss: 2.9248
2025-11-11 11:02:02 - INFO - [Epoch 1] Step 200/1143 - loss: 2.9192
2025-11-11 11:02:17 - INFO - [Epoch 1] Step 250/1143 - loss: 2.9151
2025-11-11 11:02:33 - INFO - [Epoch 1] Step 300/1143 - loss: 2.9129
2025-11-11 11:02:48 - INFO - [Epoch 1] Step 350/1143 - loss: 2.9073
2025-11-11 11:03:04 - INFO - [Epoch 1] Step 400/1143 - loss: 2.9061
2025-11-11 11:03:19 - INFO - [Epoch 1] Step 450/1143 - loss: 2.9036
2025-11-11 11:03:34 - INFO - [Epoch 1] Step 500/1143 - loss: 2.9030
2025-11-11 11:03:50 - INFO - [Epoch 1] Step 550/1143 - loss: 2.9016
2025-11-11 11:04:05 - INFO - [Epoch 1] Step 600/1143 - loss: 2.8975
2025-11-11 11:04:20 - INFO - [Epoch 1] Step 650/1143 - loss: 2.8965
2025-11-11 11:04:36 - INFO - [Epoch 1] Step 700/1143 - loss: 2.8964
2025-11-11 11:04:51 - INFO - [Epoch 1] Step 750/1143 - loss: 2.8949
2025-11-11 11:05:06 - INFO - [Epoch 1] Step 800/1143 - loss: 2.8931
2025-11-11 11:05:22 - INFO - [Epoch 1] Step 850/1143 - loss: 2.8909
2025-11-11 11:05:37 - INFO - [Epoch 1] Step 900/1143 - loss: 2.8904
2025-11-11 11:05:53 - INFO - [Epoch 1] Step 950/1143 - loss: 2.8894
2025-11-11 11:06:08 - INFO - [Epoch 1] Step 1000/1143 - loss: 2.8884
2025-11-11 11:06:23 - INFO - [Epoch 1] Step 1050/1143 - loss: 2.8872
2025-11-11 11:06:39 - INFO - [Epoch 1] Step 1100/1143 - loss: 2.8855
2025-11-11 11:06:52 - INFO - [Epoch 1] Step 1143/1143 - loss: 2.8835
2025-11-11 11:06:59 - INFO - [Epoch 1] Top misclassified classes: 1: 17/17 (acc=0.000), 4: 17/17 (acc=0.000), 7: 17/17 (acc=0.000), 14: 17/17 (acc=0.000), 9: 16/17 (acc=0.059), 3: 16/16 (acc=0.000), 5: 16/16 (acc=0.000), 6: 16/16 (acc=0.000), 12: 16/16 (acc=0.000), 15: 16/16 (acc=0.000)
2025-11-11 11:07:03 - INFO - Epoch 1/20 - train_loss: 2.8835 - val_loss: 2.8207 - f1: 0.0481
2025-11-11 11:07:20 - INFO - [Epoch 2] Step 50/1143 - loss: 2.4697
2025-11-11 11:07:35 - INFO - [Epoch 2] Step 100/1143 - loss: 2.0980
2025-11-11 11:07:50 - INFO - [Epoch 2] Step 150/1143 - loss: 1.8463
2025-11-11 11:08:06 - INFO - [Epoch 2] Step 200/1143 - loss: 1.6935
2025-11-11 11:08:21 - INFO - [Epoch 2] Step 250/1143 - loss: 1.5695
2025-11-11 11:08:36 - INFO - [Epoch 2] Step 300/1143 - loss: 1.4974
2025-11-11 11:08:52 - INFO - [Epoch 2] Step 350/1143 - loss: 1.4259
2025-11-11 11:09:07 - INFO - [Epoch 2] Step 400/1143 - loss: 1.3675
2025-11-11 11:09:22 - INFO - [Epoch 2] Step 450/1143 - loss: 1.3265
2025-11-11 11:09:38 - INFO - [Epoch 2] Step 500/1143 - loss: 1.2865
2025-11-11 11:09:53 - INFO - [Epoch 2] Step 550/1143 - loss: 1.2597
2025-11-11 11:10:09 - INFO - [Epoch 2] Step 600/1143 - loss: 1.2295
2025-11-11 11:10:24 - INFO - [Epoch 2] Step 650/1143 - loss: 1.2026
2025-11-11 11:10:39 - INFO - [Epoch 2] Step 700/1143 - loss: 1.1822
2025-11-11 11:10:55 - INFO - [Epoch 2] Step 750/1143 - loss: 1.1576
2025-11-11 11:11:10 - INFO - [Epoch 2] Step 800/1143 - loss: 1.1398
2025-11-11 11:11:25 - INFO - [Epoch 2] Step 850/1143 - loss: 1.1227
2025-11-11 11:11:41 - INFO - [Epoch 2] Step 900/1143 - loss: 1.1041
2025-11-11 11:11:56 - INFO - [Epoch 2] Step 950/1143 - loss: 1.0884
2025-11-11 11:12:11 - INFO - [Epoch 2] Step 1000/1143 - loss: 1.0743
2025-11-11 11:12:27 - INFO - [Epoch 2] Step 1050/1143 - loss: 1.0614
2025-11-11 11:12:42 - INFO - [Epoch 2] Step 1100/1143 - loss: 1.0527
2025-11-11 11:12:55 - INFO - [Epoch 2] Step 1143/1143 - loss: 1.0429
2025-11-11 11:13:00 - INFO - [Epoch 2] Top misclassified classes: 3: 9/16 (acc=0.438), 4: 5/17 (acc=0.706), 7: 5/17 (acc=0.706), 14: 5/17 (acc=0.706), 13: 1/16 (acc=0.938), 0: 0/17 (acc=1.000), 1: 0/17 (acc=1.000), 8: 0/17 (acc=1.000), 9: 0/17 (acc=1.000), 10: 0/17 (acc=1.000)
2025-11-11 11:13:04 - INFO - Epoch 2/20 - train_loss: 1.0429 - val_loss: 0.5467 - f1: 0.9120
2025-11-11 11:13:20 - INFO - [Epoch 3] Step 50/1143 - loss: 0.8461
2025-11-11 11:13:35 - INFO - [Epoch 3] Step 100/1143 - loss: 0.8553
2025-11-11 11:13:50 - INFO - [Epoch 3] Step 150/1143 - loss: 0.8633
2025-11-11 11:14:06 - INFO - [Epoch 3] Step 200/1143 - loss: 0.8669
2025-11-11 11:14:21 - INFO - [Epoch 3] Step 250/1143 - loss: 0.8573
2025-11-11 11:14:36 - INFO - [Epoch 3] Step 300/1143 - loss: 0.8412
2025-11-11 11:14:52 - INFO - [Epoch 3] Step 350/1143 - loss: 0.8450
2025-11-11 11:15:07 - INFO - [Epoch 3] Step 400/1143 - loss: 0.8322
2025-11-11 11:15:23 - INFO - [Epoch 3] Step 450/1143 - loss: 0.8160
2025-11-11 11:15:38 - INFO - [Epoch 3] Step 500/1143 - loss: 0.8143
2025-11-11 11:15:53 - INFO - [Epoch 3] Step 550/1143 - loss: 0.8073
2025-11-11 11:16:09 - INFO - [Epoch 3] Step 600/1143 - loss: 0.8060
2025-11-11 11:16:24 - INFO - [Epoch 3] Step 650/1143 - loss: 0.8049
2025-11-11 11:16:39 - INFO - [Epoch 3] Step 700/1143 - loss: 0.8018
2025-11-11 11:16:55 - INFO - [Epoch 3] Step 750/1143 - loss: 0.7956
2025-11-11 11:17:10 - INFO - [Epoch 3] Step 800/1143 - loss: 0.7900
2025-11-11 11:17:25 - INFO - [Epoch 3] Step 850/1143 - loss: 0.7867
2025-11-11 11:17:41 - INFO - [Epoch 3] Step 900/1143 - loss: 0.7816
2025-11-11 11:17:56 - INFO - [Epoch 3] Step 950/1143 - loss: 0.7783
2025-11-11 11:18:12 - INFO - [Epoch 3] Step 1000/1143 - loss: 0.7774
2025-11-11 11:18:27 - INFO - [Epoch 3] Step 1050/1143 - loss: 0.7750
2025-11-11 11:18:42 - INFO - [Epoch 3] Step 1100/1143 - loss: 0.7724
2025-11-11 11:18:56 - INFO - [Epoch 3] Step 1143/1143 - loss: 0.7689
/opt/conda/lib/python3.10/site-packages/torch/optim/lr_scheduler.py:149: UserWarning: The epoch parameter in `scheduler.step()` was not necessary and is being deprecated where possible. Please use `scheduler.step()` to step the scheduler. During the deprecation, if epoch is different from None, the closed form is used instead of the new chainable form, where available. Please open an issue if you are unable to replicate your use case: https://github.com/pytorch/pytorch/issues/new/choose.
  warnings.warn(EPOCH_DEPRECATION_WARNING, UserWarning)
2025-11-11 11:19:00 - INFO - [Epoch 3] Top misclassified classes: 3: 10/16 (acc=0.375), 7: 5/17 (acc=0.706), 14: 1/17 (acc=0.941), 0: 0/17 (acc=1.000), 1: 0/17 (acc=1.000), 4: 0/17 (acc=1.000), 8: 0/17 (acc=1.000), 9: 0/17 (acc=1.000), 10: 0/17 (acc=1.000), 11: 0/17 (acc=1.000)
2025-11-11 11:19:03 - INFO - Epoch 3/20 - train_loss: 0.7689 - val_loss: 0.4618 - f1: 0.9389
2025-11-11 11:19:19 - INFO - [Epoch 4] Step 50/1143 - loss: 0.7249
2025-11-11 11:19:35 - INFO - [Epoch 4] Step 100/1143 - loss: 0.7216
2025-11-11 11:19:50 - INFO - [Epoch 4] Step 150/1143 - loss: 0.7381
2025-11-11 11:20:05 - INFO - [Epoch 4] Step 200/1143 - loss: 0.7403
2025-11-11 11:20:21 - INFO - [Epoch 4] Step 250/1143 - loss: 0.7484
2025-11-11 11:20:36 - INFO - [Epoch 4] Step 300/1143 - loss: 0.7499
2025-11-11 11:20:51 - INFO - [Epoch 4] Step 350/1143 - loss: 0.7409
2025-11-11 11:21:07 - INFO - [Epoch 4] Step 400/1143 - loss: 0.7391
2025-11-11 11:21:22 - INFO - [Epoch 4] Step 450/1143 - loss: 0.7385
2025-11-11 11:21:37 - INFO - [Epoch 4] Step 500/1143 - loss: 0.7325
2025-11-11 11:21:53 - INFO - [Epoch 4] Step 550/1143 - loss: 0.7294
2025-11-11 11:22:08 - INFO - [Epoch 4] Step 600/1143 - loss: 0.7264
2025-11-11 11:22:23 - INFO - [Epoch 4] Step 650/1143 - loss: 0.7278
2025-11-11 11:22:39 - INFO - [Epoch 4] Step 700/1143 - loss: 0.7254
2025-11-11 11:22:54 - INFO - [Epoch 4] Step 750/1143 - loss: 0.7254
2025-11-11 11:23:09 - INFO - [Epoch 4] Step 800/1143 - loss: 0.7203
2025-11-11 11:23:25 - INFO - [Epoch 4] Step 850/1143 - loss: 0.7235
2025-11-11 11:23:40 - INFO - [Epoch 4] Step 900/1143 - loss: 0.7191
2025-11-11 11:23:55 - INFO - [Epoch 4] Step 950/1143 - loss: 0.7193
2025-11-11 11:24:11 - INFO - [Epoch 4] Step 1000/1143 - loss: 0.7163
2025-11-11 11:24:26 - INFO - [Epoch 4] Step 1050/1143 - loss: 0.7169
2025-11-11 11:24:41 - INFO - [Epoch 4] Step 1100/1143 - loss: 0.7150
2025-11-11 11:24:55 - INFO - [Epoch 4] Step 1143/1143 - loss: 0.7140
2025-11-11 11:24:59 - INFO - [Epoch 4] Top misclassified classes: 4: 11/17 (acc=0.353), 3: 9/16 (acc=0.438), 0: 1/17 (acc=0.941), 1: 1/17 (acc=0.941), 7: 1/17 (acc=0.941), 14: 1/17 (acc=0.941), 5: 1/16 (acc=0.938), 6: 1/16 (acc=0.938), 8: 0/17 (acc=1.000), 9: 0/17 (acc=1.000)
2025-11-11 11:24:59 - INFO - Epoch 4/20 - train_loss: 0.7140 - val_loss: 0.5269 - f1: 0.9039
2025-11-11 11:25:15 - INFO - [Epoch 5] Step 50/1143 - loss: 0.6734
2025-11-11 11:25:31 - INFO - [Epoch 5] Step 100/1143 - loss: 0.6866
2025-11-11 11:25:46 - INFO - [Epoch 5] Step 150/1143 - loss: 0.6839
2025-11-11 11:26:02 - INFO - [Epoch 5] Step 200/1143 - loss: 0.6998
2025-11-11 11:26:17 - INFO - [Epoch 5] Step 250/1143 - loss: 0.7052
2025-11-11 11:26:32 - INFO - [Epoch 5] Step 300/1143 - loss: 0.7110
2025-11-11 11:26:48 - INFO - [Epoch 5] Step 350/1143 - loss: 0.7111
2025-11-11 11:27:03 - INFO - [Epoch 5] Step 400/1143 - loss: 0.7069
2025-11-11 11:27:18 - INFO - [Epoch 5] Step 450/1143 - loss: 0.6992
2025-11-11 11:27:34 - INFO - [Epoch 5] Step 500/1143 - loss: 0.6944
2025-11-11 11:27:49 - INFO - [Epoch 5] Step 550/1143 - loss: 0.6933
2025-11-11 11:28:04 - INFO - [Epoch 5] Step 600/1143 - loss: 0.6917
2025-11-11 11:28:20 - INFO - [Epoch 5] Step 650/1143 - loss: 0.6886
2025-11-11 11:28:35 - INFO - [Epoch 5] Step 700/1143 - loss: 0.6846
2025-11-11 11:28:50 - INFO - [Epoch 5] Step 750/1143 - loss: 0.6825
2025-11-11 11:29:06 - INFO - [Epoch 5] Step 800/1143 - loss: 0.6829
2025-11-11 11:29:21 - INFO - [Epoch 5] Step 850/1143 - loss: 0.6840
2025-11-11 11:29:36 - INFO - [Epoch 5] Step 900/1143 - loss: 0.6845
2025-11-11 11:29:52 - INFO - [Epoch 5] Step 950/1143 - loss: 0.6839
2025-11-11 11:30:07 - INFO - [Epoch 5] Step 1000/1143 - loss: 0.6828
2025-11-11 11:30:22 - INFO - [Epoch 5] Step 1050/1143 - loss: 0.6826
2025-11-11 11:30:38 - INFO - [Epoch 5] Step 1100/1143 - loss: 0.6809
2025-11-11 11:30:51 - INFO - [Epoch 5] Step 1143/1143 - loss: 0.6794
2025-11-11 11:30:55 - INFO - [Epoch 5] Top misclassified classes: 3: 9/16 (acc=0.438), 7: 4/17 (acc=0.765), 14: 2/17 (acc=0.882), 6: 1/16 (acc=0.938), 0: 0/17 (acc=1.000), 1: 0/17 (acc=1.000), 4: 0/17 (acc=1.000), 8: 0/17 (acc=1.000), 9: 0/17 (acc=1.000), 10: 0/17 (acc=1.000)
2025-11-11 11:30:59 - INFO - Epoch 5/20 - train_loss: 0.6794 - val_loss: 0.4363 - f1: 0.9394
2025-11-11 11:31:16 - INFO - [Epoch 6] Step 50/1143 - loss: 0.6562
2025-11-11 11:31:31 - INFO - [Epoch 6] Step 100/1143 - loss: 0.6666
2025-11-11 11:31:46 - INFO - [Epoch 6] Step 150/1143 - loss: 0.6621
2025-11-11 11:32:02 - INFO - [Epoch 6] Step 200/1143 - loss: 0.6472
2025-11-11 11:32:17 - INFO - [Epoch 6] Step 250/1143 - loss: 0.6508
2025-11-11 11:32:32 - INFO - [Epoch 6] Step 300/1143 - loss: 0.6529
2025-11-11 11:32:48 - INFO - [Epoch 6] Step 350/1143 - loss: 0.6505
2025-11-11 11:33:03 - INFO - [Epoch 6] Step 400/1143 - loss: 0.6497
2025-11-11 11:33:18 - INFO - [Epoch 6] Step 450/1143 - loss: 0.6538
2025-11-11 11:33:34 - INFO - [Epoch 6] Step 500/1143 - loss: 0.6455
2025-11-11 11:33:49 - INFO - [Epoch 6] Step 550/1143 - loss: 0.6416
2025-11-11 11:34:04 - INFO - [Epoch 6] Step 600/1143 - loss: 0.6434
2025-11-11 11:34:20 - INFO - [Epoch 6] Step 650/1143 - loss: 0.6398
2025-11-11 11:34:35 - INFO - [Epoch 6] Step 700/1143 - loss: 0.6381
2025-11-11 11:34:50 - INFO - [Epoch 6] Step 750/1143 - loss: 0.6374
2025-11-11 11:35:06 - INFO - [Epoch 6] Step 800/1143 - loss: 0.6373
2025-11-11 11:35:21 - INFO - [Epoch 6] Step 850/1143 - loss: 0.6364
2025-11-11 11:35:36 - INFO - [Epoch 6] Step 900/1143 - loss: 0.6341
2025-11-11 11:35:52 - INFO - [Epoch 6] Step 950/1143 - loss: 0.6340
2025-11-11 11:36:07 - INFO - [Epoch 6] Step 1000/1143 - loss: 0.6306
2025-11-11 11:36:23 - INFO - [Epoch 6] Step 1050/1143 - loss: 0.6299
2025-11-11 11:36:38 - INFO - [Epoch 6] Step 1100/1143 - loss: 0.6266
2025-11-11 11:36:51 - INFO - [Epoch 6] Step 1143/1143 - loss: 0.6257
2025-11-11 11:36:55 - INFO - [Epoch 6] Top misclassified classes: 3: 5/16 (acc=0.688), 7: 4/17 (acc=0.765), 4: 3/17 (acc=0.824), 14: 1/17 (acc=0.941), 0: 0/17 (acc=1.000), 1: 0/17 (acc=1.000), 8: 0/17 (acc=1.000), 9: 0/17 (acc=1.000), 10: 0/17 (acc=1.000), 11: 0/17 (acc=1.000)
2025-11-11 11:36:58 - INFO - Epoch 6/20 - train_loss: 0.6257 - val_loss: 0.4233 - f1: 0.9539
2025-11-11 11:37:14 - INFO - [Epoch 7] Step 50/1143 - loss: 0.5737
2025-11-11 11:37:29 - INFO - [Epoch 7] Step 100/1143 - loss: 0.6056
2025-11-11 11:37:45 - INFO - [Epoch 7] Step 150/1143 - loss: 0.6045
2025-11-11 11:38:00 - INFO - [Epoch 7] Step 200/1143 - loss: 0.6189
2025-11-11 11:38:15 - INFO - [Epoch 7] Step 250/1143 - loss: 0.6388
2025-11-11 11:38:31 - INFO - [Epoch 7] Step 300/1143 - loss: 0.6416
2025-11-11 11:38:46 - INFO - [Epoch 7] Step 350/1143 - loss: 0.6315
2025-11-11 11:39:01 - INFO - [Epoch 7] Step 400/1143 - loss: 0.6335
2025-11-11 11:39:17 - INFO - [Epoch 7] Step 450/1143 - loss: 0.6278
2025-11-11 11:39:32 - INFO - [Epoch 7] Step 500/1143 - loss: 0.6266
2025-11-11 11:39:47 - INFO - [Epoch 7] Step 550/1143 - loss: 0.6255
2025-11-11 11:40:03 - INFO - [Epoch 7] Step 600/1143 - loss: 0.6236
2025-11-11 11:40:18 - INFO - [Epoch 7] Step 650/1143 - loss: 0.6229
2025-11-11 11:40:33 - INFO - [Epoch 7] Step 700/1143 - loss: 0.6201
2025-11-11 11:40:49 - INFO - [Epoch 7] Step 750/1143 - loss: 0.6194
2025-11-11 11:41:04 - INFO - [Epoch 7] Step 800/1143 - loss: 0.6203
2025-11-11 11:41:19 - INFO - [Epoch 7] Step 850/1143 - loss: 0.6239
2025-11-11 11:41:35 - INFO - [Epoch 7] Step 900/1143 - loss: 0.6230
2025-11-11 11:41:50 - INFO - [Epoch 7] Step 950/1143 - loss: 0.6222
2025-11-11 11:42:05 - INFO - [Epoch 7] Step 1000/1143 - loss: 0.6235
2025-11-11 11:42:21 - INFO - [Epoch 7] Step 1050/1143 - loss: 0.6221
2025-11-11 11:42:36 - INFO - [Epoch 7] Step 1100/1143 - loss: 0.6217
2025-11-11 11:42:49 - INFO - [Epoch 7] Step 1143/1143 - loss: 0.6221
2025-11-11 11:42:53 - INFO - [Epoch 7] Top misclassified classes: 7: 6/17 (acc=0.647), 14: 2/17 (acc=0.882), 3: 1/16 (acc=0.938), 0: 0/17 (acc=1.000), 1: 0/17 (acc=1.000), 4: 0/17 (acc=1.000), 8: 0/17 (acc=1.000), 9: 0/17 (acc=1.000), 10: 0/17 (acc=1.000), 11: 0/17 (acc=1.000)
2025-11-11 11:42:58 - INFO - Epoch 7/20 - train_loss: 0.6221 - val_loss: 0.4209 - f1: 0.9681
2025-11-11 11:43:14 - INFO - [Epoch 8] Step 50/1143 - loss: 0.5961
2025-11-11 11:43:29 - INFO - [Epoch 8] Step 100/1143 - loss: 0.5872
2025-11-11 11:43:45 - INFO - [Epoch 8] Step 150/1143 - loss: 0.6060
2025-11-11 11:44:00 - INFO - [Epoch 8] Step 200/1143 - loss: 0.6050
2025-11-11 11:44:15 - INFO - [Epoch 8] Step 250/1143 - loss: 0.6052
2025-11-11 11:44:31 - INFO - [Epoch 8] Step 300/1143 - loss: 0.6029
2025-11-11 11:44:46 - INFO - [Epoch 8] Step 350/1143 - loss: 0.6038
2025-11-11 11:45:01 - INFO - [Epoch 8] Step 400/1143 - loss: 0.6009
2025-11-11 11:45:17 - INFO - [Epoch 8] Step 450/1143 - loss: 0.6027
2025-11-11 11:45:32 - INFO - [Epoch 8] Step 500/1143 - loss: 0.6001
2025-11-11 11:45:47 - INFO - [Epoch 8] Step 550/1143 - loss: 0.5957
2025-11-11 11:46:03 - INFO - [Epoch 8] Step 600/1143 - loss: 0.5932
2025-11-11 11:46:18 - INFO - [Epoch 8] Step 650/1143 - loss: 0.5912
2025-11-11 11:46:33 - INFO - [Epoch 8] Step 700/1143 - loss: 0.5919
2025-11-11 11:46:49 - INFO - [Epoch 8] Step 750/1143 - loss: 0.5893
2025-11-11 11:47:04 - INFO - [Epoch 8] Step 800/1143 - loss: 0.5906
2025-11-11 11:47:19 - INFO - [Epoch 8] Step 850/1143 - loss: 0.5902
2025-11-11 11:47:35 - INFO - [Epoch 8] Step 900/1143 - loss: 0.5898
2025-11-11 11:47:50 - INFO - [Epoch 8] Step 950/1143 - loss: 0.5904
2025-11-11 11:48:05 - INFO - [Epoch 8] Step 1000/1143 - loss: 0.5911
2025-11-11 11:48:21 - INFO - [Epoch 8] Step 1050/1143 - loss: 0.5895
2025-11-11 11:48:36 - INFO - [Epoch 8] Step 1100/1143 - loss: 0.5885
2025-11-11 11:48:49 - INFO - [Epoch 8] Step 1143/1143 - loss: 0.5889
2025-11-11 11:48:54 - INFO - [Epoch 8] Top misclassified classes: 14: 4/17 (acc=0.765), 3: 4/16 (acc=0.750), 4: 3/17 (acc=0.824), 7: 1/17 (acc=0.941), 0: 0/17 (acc=1.000), 1: 0/17 (acc=1.000), 8: 0/17 (acc=1.000), 9: 0/17 (acc=1.000), 10: 0/17 (acc=1.000), 11: 0/17 (acc=1.000)
2025-11-11 11:48:54 - INFO - Epoch 8/20 - train_loss: 0.5889 - val_loss: 0.4304 - f1: 0.9586
2025-11-11 11:49:10 - INFO - [Epoch 9] Step 50/1143 - loss: 0.5467
2025-11-11 11:49:25 - INFO - [Epoch 9] Step 100/1143 - loss: 0.5569
2025-11-11 11:49:41 - INFO - [Epoch 9] Step 150/1143 - loss: 0.5551
2025-11-11 11:49:56 - INFO - [Epoch 9] Step 200/1143 - loss: 0.5576
2025-11-11 11:50:11 - INFO - [Epoch 9] Step 250/1143 - loss: 0.5640
2025-11-11 11:50:27 - INFO - [Epoch 9] Step 300/1143 - loss: 0.5595
2025-11-11 11:50:42 - INFO - [Epoch 9] Step 350/1143 - loss: 0.5585
2025-11-11 11:50:57 - INFO - [Epoch 9] Step 400/1143 - loss: 0.5599
2025-11-11 11:51:13 - INFO - [Epoch 9] Step 450/1143 - loss: 0.5610
2025-11-11 11:51:28 - INFO - [Epoch 9] Step 500/1143 - loss: 0.5676
2025-11-11 11:51:43 - INFO - [Epoch 9] Step 550/1143 - loss: 0.5654
2025-11-11 11:51:59 - INFO - [Epoch 9] Step 600/1143 - loss: 0.5691
2025-11-11 11:52:14 - INFO - [Epoch 9] Step 650/1143 - loss: 0.5713
2025-11-11 11:52:30 - INFO - [Epoch 9] Step 700/1143 - loss: 0.5704
2025-11-11 11:52:45 - INFO - [Epoch 9] Step 750/1143 - loss: 0.5710
2025-11-11 11:53:00 - INFO - [Epoch 9] Step 800/1143 - loss: 0.5731
2025-11-11 11:53:16 - INFO - [Epoch 9] Step 850/1143 - loss: 0.5720
2025-11-11 11:53:31 - INFO - [Epoch 9] Step 900/1143 - loss: 0.5729
2025-11-11 11:53:46 - INFO - [Epoch 9] Step 950/1143 - loss: 0.5684
2025-11-11 11:54:02 - INFO - [Epoch 9] Step 1000/1143 - loss: 0.5671
2025-11-11 11:54:17 - INFO - [Epoch 9] Step 1050/1143 - loss: 0.5657
2025-11-11 11:54:32 - INFO - [Epoch 9] Step 1100/1143 - loss: 0.5673
2025-11-11 11:54:45 - INFO - [Epoch 9] Step 1143/1143 - loss: 0.5660
2025-11-11 11:54:50 - INFO - [Epoch 9] Top misclassified classes: 3: 3/16 (acc=0.812), 14: 2/17 (acc=0.882), 7: 1/17 (acc=0.941), 0: 0/17 (acc=1.000), 1: 0/17 (acc=1.000), 4: 0/17 (acc=1.000), 8: 0/17 (acc=1.000), 9: 0/17 (acc=1.000), 10: 0/17 (acc=1.000), 11: 0/17 (acc=1.000)
2025-11-11 11:54:52 - INFO - Epoch 9/20 - train_loss: 0.5660 - val_loss: 0.3816 - f1: 0.9785
2025-11-11 11:55:09 - INFO - [Epoch 10] Step 50/1143 - loss: 0.5794
2025-11-11 11:55:24 - INFO - [Epoch 10] Step 100/1143 - loss: 0.5851
2025-11-11 11:55:39 - INFO - [Epoch 10] Step 150/1143 - loss: 0.5726
2025-11-11 11:55:55 - INFO - [Epoch 10] Step 200/1143 - loss: 0.5712
2025-11-11 11:56:10 - INFO - [Epoch 10] Step 250/1143 - loss: 0.5644
2025-11-11 11:56:25 - INFO - [Epoch 10] Step 300/1143 - loss: 0.5633
2025-11-11 11:56:41 - INFO - [Epoch 10] Step 350/1143 - loss: 0.5623
2025-11-11 11:56:56 - INFO - [Epoch 10] Step 400/1143 - loss: 0.5559
2025-11-11 11:57:11 - INFO - [Epoch 10] Step 450/1143 - loss: 0.5605
2025-11-11 11:57:27 - INFO - [Epoch 10] Step 500/1143 - loss: 0.5596
2025-11-11 11:57:42 - INFO - [Epoch 10] Step 550/1143 - loss: 0.5531
2025-11-11 11:57:58 - INFO - [Epoch 10] Step 600/1143 - loss: 0.5519
2025-11-11 11:58:13 - INFO - [Epoch 10] Step 650/1143 - loss: 0.5519
2025-11-11 11:58:28 - INFO - [Epoch 10] Step 700/1143 - loss: 0.5499
2025-11-11 11:58:44 - INFO - [Epoch 10] Step 750/1143 - loss: 0.5503
2025-11-11 11:58:59 - INFO - [Epoch 10] Step 800/1143 - loss: 0.5514
2025-11-11 11:59:14 - INFO - [Epoch 10] Step 850/1143 - loss: 0.5512
2025-11-11 11:59:30 - INFO - [Epoch 10] Step 900/1143 - loss: 0.5480
2025-11-11 11:59:45 - INFO - [Epoch 10] Step 950/1143 - loss: 0.5470
2025-11-11 12:00:00 - INFO - [Epoch 10] Step 1000/1143 - loss: 0.5451
2025-11-11 12:00:16 - INFO - [Epoch 10] Step 1050/1143 - loss: 0.5427
2025-11-11 12:00:31 - INFO - [Epoch 10] Step 1100/1143 - loss: 0.5433
2025-11-11 12:00:44 - INFO - [Epoch 10] Step 1143/1143 - loss: 0.5444
2025-11-11 12:00:48 - INFO - [Epoch 10] Top misclassified classes: 7: 2/17 (acc=0.882), 3: 1/16 (acc=0.938), 0: 0/17 (acc=1.000), 1: 0/17 (acc=1.000), 4: 0/17 (acc=1.000), 8: 0/17 (acc=1.000), 9: 0/17 (acc=1.000), 10: 0/17 (acc=1.000), 11: 0/17 (acc=1.000), 14: 0/17 (acc=1.000)
2025-11-11 12:00:51 - INFO - Epoch 10/20 - train_loss: 0.5444 - val_loss: 0.3761 - f1: 0.9893
2025-11-11 12:01:07 - INFO - [Epoch 11] Step 50/1143 - loss: 0.5338
2025-11-11 12:01:23 - INFO - [Epoch 11] Step 100/1143 - loss: 0.5420
2025-11-11 12:01:38 - INFO - [Epoch 11] Step 150/1143 - loss: 0.5333
2025-11-11 12:01:53 - INFO - [Epoch 11] Step 200/1143 - loss: 0.5414
2025-11-11 12:02:09 - INFO - [Epoch 11] Step 250/1143 - loss: 0.5367
2025-11-11 12:02:24 - INFO - [Epoch 11] Step 300/1143 - loss: 0.5327
2025-11-11 12:02:39 - INFO - [Epoch 11] Step 350/1143 - loss: 0.5333
2025-11-11 12:02:55 - INFO - [Epoch 11] Step 400/1143 - loss: 0.5291
2025-11-11 12:03:10 - INFO - [Epoch 11] Step 450/1143 - loss: 0.5246
2025-11-11 12:03:25 - INFO - [Epoch 11] Step 500/1143 - loss: 0.5288
2025-11-11 12:03:41 - INFO - [Epoch 11] Step 550/1143 - loss: 0.5248
2025-11-11 12:03:56 - INFO - [Epoch 11] Step 600/1143 - loss: 0.5210
2025-11-11 12:04:11 - INFO - [Epoch 11] Step 650/1143 - loss: 0.5206
2025-11-11 12:04:27 - INFO - [Epoch 11] Step 700/1143 - loss: 0.5229
2025-11-11 12:04:42 - INFO - [Epoch 11] Step 750/1143 - loss: 0.5203
2025-11-11 12:04:57 - INFO - [Epoch 11] Step 800/1143 - loss: 0.5216
2025-11-11 12:05:13 - INFO - [Epoch 11] Step 850/1143 - loss: 0.5231
2025-11-11 12:05:28 - INFO - [Epoch 11] Step 900/1143 - loss: 0.5253
2025-11-11 12:05:43 - INFO - [Epoch 11] Step 950/1143 - loss: 0.5266
2025-11-11 12:05:59 - INFO - [Epoch 11] Step 1000/1143 - loss: 0.5263
2025-11-11 12:06:14 - INFO - [Epoch 11] Step 1050/1143 - loss: 0.5277
2025-11-11 12:06:29 - INFO - [Epoch 11] Step 1100/1143 - loss: 0.5272
2025-11-11 12:06:43 - INFO - [Epoch 11] Step 1143/1143 - loss: 0.5260
2025-11-11 12:06:47 - INFO - [Epoch 11] Top misclassified classes: 14: 3/17 (acc=0.824), 7: 2/17 (acc=0.882), 1: 1/17 (acc=0.941), 3: 1/16 (acc=0.938), 0: 0/17 (acc=1.000), 4: 0/17 (acc=1.000), 8: 0/17 (acc=1.000), 9: 0/17 (acc=1.000), 10: 0/17 (acc=1.000), 11: 0/17 (acc=1.000)
2025-11-11 12:06:47 - INFO - Epoch 11/20 - train_loss: 0.5260 - val_loss: 0.3956 - f1: 0.9754
2025-11-11 12:07:04 - INFO - [Epoch 12] Step 50/1143 - loss: 0.5081
2025-11-11 12:07:19 - INFO - [Epoch 12] Step 100/1143 - loss: 0.5035
2025-11-11 12:07:34 - INFO - [Epoch 12] Step 150/1143 - loss: 0.4982
2025-11-11 12:07:50 - INFO - [Epoch 12] Step 200/1143 - loss: 0.5000
2025-11-11 12:08:05 - INFO - [Epoch 12] Step 250/1143 - loss: 0.4897
2025-11-11 12:08:20 - INFO - [Epoch 12] Step 300/1143 - loss: 0.4951
2025-11-11 12:08:36 - INFO - [Epoch 12] Step 350/1143 - loss: 0.4942
2025-11-11 12:08:51 - INFO - [Epoch 12] Step 400/1143 - loss: 0.4986
2025-11-11 12:09:06 - INFO - [Epoch 12] Step 450/1143 - loss: 0.4988
2025-11-11 12:09:22 - INFO - [Epoch 12] Step 500/1143 - loss: 0.5016
2025-11-11 12:09:37 - INFO - [Epoch 12] Step 550/1143 - loss: 0.4997
2025-11-11 12:09:52 - INFO - [Epoch 12] Step 600/1143 - loss: 0.5006
2025-11-11 12:10:08 - INFO - [Epoch 12] Step 650/1143 - loss: 0.5015
2025-11-11 12:10:23 - INFO - [Epoch 12] Step 700/1143 - loss: 0.5049
2025-11-11 12:10:38 - INFO - [Epoch 12] Step 750/1143 - loss: 0.5033
2025-11-11 12:10:54 - INFO - [Epoch 12] Step 800/1143 - loss: 0.5058
2025-11-11 12:11:09 - INFO - [Epoch 12] Step 850/1143 - loss: 0.5042
2025-11-11 12:11:24 - INFO - [Epoch 12] Step 900/1143 - loss: 0.5044
2025-11-11 12:11:40 - INFO - [Epoch 12] Step 950/1143 - loss: 0.5047
2025-11-11 12:11:55 - INFO - [Epoch 12] Step 1000/1143 - loss: 0.5066
2025-11-11 12:12:10 - INFO - [Epoch 12] Step 1050/1143 - loss: 0.5086
2025-11-11 12:12:26 - INFO - [Epoch 12] Step 1100/1143 - loss: 0.5080
2025-11-11 12:12:39 - INFO - [Epoch 12] Step 1143/1143 - loss: 0.5080
2025-11-11 12:12:43 - INFO - [Epoch 12] Top misclassified classes: 4: 1/17 (acc=0.941), 7: 1/17 (acc=0.941), 14: 1/17 (acc=0.941), 3: 1/16 (acc=0.938), 6: 1/16 (acc=0.938), 0: 0/17 (acc=1.000), 1: 0/17 (acc=1.000), 8: 0/17 (acc=1.000), 9: 0/17 (acc=1.000), 10: 0/17 (acc=1.000)
2025-11-11 12:12:43 - INFO - Epoch 12/20 - train_loss: 0.5080 - val_loss: 0.3730 - f1: 0.9824
2025-11-11 12:13:00 - INFO - [Epoch 13] Step 50/1143 - loss: 0.5048
2025-11-11 12:13:15 - INFO - [Epoch 13] Step 100/1143 - loss: 0.5025
2025-11-11 12:13:30 - INFO - [Epoch 13] Step 150/1143 - loss: 0.4920
2025-11-11 12:13:46 - INFO - [Epoch 13] Step 200/1143 - loss: 0.4894
2025-11-11 12:14:01 - INFO - [Epoch 13] Step 250/1143 - loss: 0.4922
2025-11-11 12:14:16 - INFO - [Epoch 13] Step 300/1143 - loss: 0.4884
2025-11-11 12:14:32 - INFO - [Epoch 13] Step 350/1143 - loss: 0.4972
2025-11-11 12:14:47 - INFO - [Epoch 13] Step 400/1143 - loss: 0.4944
2025-11-11 12:15:02 - INFO - [Epoch 13] Step 450/1143 - loss: 0.4944
2025-11-11 12:15:18 - INFO - [Epoch 13] Step 500/1143 - loss: 0.4952
2025-11-11 12:15:33 - INFO - [Epoch 13] Step 550/1143 - loss: 0.4930
2025-11-11 12:15:48 - INFO - [Epoch 13] Step 600/1143 - loss: 0.4963
2025-11-11 12:16:04 - INFO - [Epoch 13] Step 650/1143 - loss: 0.4956
2025-11-11 12:16:19 - INFO - [Epoch 13] Step 700/1143 - loss: 0.4920
2025-11-11 12:16:34 - INFO - [Epoch 13] Step 750/1143 - loss: 0.4895
2025-11-11 12:16:50 - INFO - [Epoch 13] Step 800/1143 - loss: 0.4883
2025-11-11 12:17:05 - INFO - [Epoch 13] Step 850/1143 - loss: 0.4891
2025-11-11 12:17:20 - INFO - [Epoch 13] Step 900/1143 - loss: 0.4891
2025-11-11 12:17:36 - INFO - [Epoch 13] Step 950/1143 - loss: 0.4901
2025-11-11 12:17:51 - INFO - [Epoch 13] Step 1000/1143 - loss: 0.4909
2025-11-11 12:18:06 - INFO - [Epoch 13] Step 1050/1143 - loss: 0.4913
2025-11-11 12:18:22 - INFO - [Epoch 13] Step 1100/1143 - loss: 0.4921
2025-11-11 12:18:35 - INFO - [Epoch 13] Step 1143/1143 - loss: 0.4925
2025-11-11 12:18:39 - INFO - [Epoch 13] Top misclassified classes: 7: 2/17 (acc=0.882), 14: 1/17 (acc=0.941), 3: 1/16 (acc=0.938), 6: 1/16 (acc=0.938), 0: 0/17 (acc=1.000), 1: 0/17 (acc=1.000), 4: 0/17 (acc=1.000), 8: 0/17 (acc=1.000), 9: 0/17 (acc=1.000), 10: 0/17 (acc=1.000)
2025-11-11 12:18:39 - INFO - Epoch 13/20 - train_loss: 0.4925 - val_loss: 0.3684 - f1: 0.9824
2025-11-11 12:18:56 - INFO - [Epoch 14] Step 50/1143 - loss: 0.5006
2025-11-11 12:19:11 - INFO - [Epoch 14] Step 100/1143 - loss: 0.4923
2025-11-11 12:19:26 - INFO - [Epoch 14] Step 150/1143 - loss: 0.4917
2025-11-11 12:19:42 - INFO - [Epoch 14] Step 200/1143 - loss: 0.4791
2025-11-11 12:19:57 - INFO - [Epoch 14] Step 250/1143 - loss: 0.4832
2025-11-11 12:20:12 - INFO - [Epoch 14] Step 300/1143 - loss: 0.4858
2025-11-11 12:20:28 - INFO - [Epoch 14] Step 350/1143 - loss: 0.4813
2025-11-11 12:20:43 - INFO - [Epoch 14] Step 400/1143 - loss: 0.4841
2025-11-11 12:20:58 - INFO - [Epoch 14] Step 450/1143 - loss: 0.4827
2025-11-11 12:21:14 - INFO - [Epoch 14] Step 500/1143 - loss: 0.4876
2025-11-11 12:21:29 - INFO - [Epoch 14] Step 550/1143 - loss: 0.4864
2025-11-11 12:21:44 - INFO - [Epoch 14] Step 600/1143 - loss: 0.4844
2025-11-11 12:22:00 - INFO - [Epoch 14] Step 650/1143 - loss: 0.4840
2025-11-11 12:22:15 - INFO - [Epoch 14] Step 700/1143 - loss: 0.4817
2025-11-11 12:22:30 - INFO - [Epoch 14] Step 750/1143 - loss: 0.4845
2025-11-11 12:22:46 - INFO - [Epoch 14] Step 800/1143 - loss: 0.4827
2025-11-11 12:23:01 - INFO - [Epoch 14] Step 850/1143 - loss: 0.4826
2025-11-11 12:23:16 - INFO - [Epoch 14] Step 900/1143 - loss: 0.4826
2025-11-11 12:23:32 - INFO - [Epoch 14] Step 950/1143 - loss: 0.4820
2025-11-11 12:23:47 - INFO - [Epoch 14] Step 1000/1143 - loss: 0.4817
2025-11-11 12:24:02 - INFO - [Epoch 14] Step 1050/1143 - loss: 0.4812
2025-11-11 12:24:18 - INFO - [Epoch 14] Step 1100/1143 - loss: 0.4821
2025-11-11 12:24:31 - INFO - [Epoch 14] Step 1143/1143 - loss: 0.4829
2025-11-11 12:24:35 - INFO - [Epoch 14] Top misclassified classes: 14: 3/17 (acc=0.824), 7: 1/17 (acc=0.941), 0: 0/17 (acc=1.000), 1: 0/17 (acc=1.000), 4: 0/17 (acc=1.000), 8: 0/17 (acc=1.000), 9: 0/17 (acc=1.000), 10: 0/17 (acc=1.000), 11: 0/17 (acc=1.000), 2: 0/16 (acc=1.000)
2025-11-11 12:24:35 - INFO - Epoch 14/20 - train_loss: 0.4829 - val_loss: 0.3572 - f1: 0.9860
2025-11-11 12:24:52 - INFO - [Epoch 15] Step 50/1143 - loss: 0.4827
2025-11-11 12:25:07 - INFO - [Epoch 15] Step 100/1143 - loss: 0.4858
2025-11-11 12:25:22 - INFO - [Epoch 15] Step 150/1143 - loss: 0.4883
2025-11-11 12:25:38 - INFO - [Epoch 15] Step 200/1143 - loss: 0.4940
2025-11-11 12:25:53 - INFO - [Epoch 15] Step 250/1143 - loss: 0.4811
2025-11-11 12:26:08 - INFO - [Epoch 15] Step 300/1143 - loss: 0.4739
2025-11-11 12:26:24 - INFO - [Epoch 15] Step 350/1143 - loss: 0.4733
2025-11-11 12:26:39 - INFO - [Epoch 15] Step 400/1143 - loss: 0.4707
2025-11-11 12:26:54 - INFO - [Epoch 15] Step 450/1143 - loss: 0.4725
2025-11-11 12:27:10 - INFO - [Epoch 15] Step 500/1143 - loss: 0.4701
2025-11-11 12:27:25 - INFO - [Epoch 15] Step 550/1143 - loss: 0.4684
2025-11-11 12:27:40 - INFO - [Epoch 15] Step 600/1143 - loss: 0.4676
2025-11-11 12:27:56 - INFO - [Epoch 15] Step 650/1143 - loss: 0.4674
2025-11-11 12:28:11 - INFO - [Epoch 15] Step 700/1143 - loss: 0.4714
2025-11-11 12:28:27 - INFO - [Epoch 15] Step 750/1143 - loss: 0.4716
2025-11-11 12:28:42 - INFO - [Epoch 15] Step 800/1143 - loss: 0.4692
2025-11-11 12:28:57 - INFO - [Epoch 15] Step 850/1143 - loss: 0.4676
2025-11-11 12:29:13 - INFO - [Epoch 15] Step 900/1143 - loss: 0.4671
2025-11-11 12:29:28 - INFO - [Epoch 15] Step 950/1143 - loss: 0.4650
2025-11-11 12:29:43 - INFO - [Epoch 15] Step 1000/1143 - loss: 0.4649
2025-11-11 12:29:59 - INFO - [Epoch 15] Step 1050/1143 - loss: 0.4647
2025-11-11 12:30:14 - INFO - [Epoch 15] Step 1100/1143 - loss: 0.4644
2025-11-11 12:30:27 - INFO - [Epoch 15] Step 1143/1143 - loss: 0.4648
2025-11-11 12:30:31 - INFO - [Epoch 15] Top misclassified classes: 7: 1/17 (acc=0.941), 14: 1/17 (acc=0.941), 3: 1/16 (acc=0.938), 0: 0/17 (acc=1.000), 1: 0/17 (acc=1.000), 4: 0/17 (acc=1.000), 8: 0/17 (acc=1.000), 9: 0/17 (acc=1.000), 10: 0/17 (acc=1.000), 11: 0/17 (acc=1.000)
2025-11-11 12:30:34 - INFO - Epoch 15/20 - train_loss: 0.4648 - val_loss: 0.3459 - f1: 0.9894
2025-11-11 12:30:50 - INFO - [Epoch 16] Step 50/1143 - loss: 0.4671
2025-11-11 12:31:06 - INFO - [Epoch 16] Step 100/1143 - loss: 0.4569
2025-11-11 12:31:21 - INFO - [Epoch 16] Step 150/1143 - loss: 0.4461
2025-11-11 12:31:36 - INFO - [Epoch 16] Step 200/1143 - loss: 0.4525
2025-11-11 12:31:52 - INFO - [Epoch 16] Step 250/1143 - loss: 0.4599
2025-11-11 12:32:07 - INFO - [Epoch 16] Step 300/1143 - loss: 0.4591
2025-11-11 12:32:22 - INFO - [Epoch 16] Step 350/1143 - loss: 0.4566
2025-11-11 12:32:38 - INFO - [Epoch 16] Step 400/1143 - loss: 0.4545
2025-11-11 12:32:53 - INFO - [Epoch 16] Step 450/1143 - loss: 0.4541
2025-11-11 12:33:09 - INFO - [Epoch 16] Step 500/1143 - loss: 0.4533
2025-11-11 12:33:24 - INFO - [Epoch 16] Step 550/1143 - loss: 0.4519
2025-11-11 12:33:39 - INFO - [Epoch 16] Step 600/1143 - loss: 0.4500
2025-11-11 12:33:55 - INFO - [Epoch 16] Step 650/1143 - loss: 0.4520
2025-11-11 12:34:10 - INFO - [Epoch 16] Step 700/1143 - loss: 0.4538
2025-11-11 12:34:25 - INFO - [Epoch 16] Step 750/1143 - loss: 0.4543
2025-11-11 12:34:41 - INFO - [Epoch 16] Step 800/1143 - loss: 0.4542
2025-11-11 12:34:56 - INFO - [Epoch 16] Step 850/1143 - loss: 0.4542
2025-11-11 12:35:11 - INFO - [Epoch 16] Step 900/1143 - loss: 0.4518
2025-11-11 12:35:27 - INFO - [Epoch 16] Step 950/1143 - loss: 0.4526
2025-11-11 12:35:42 - INFO - [Epoch 16] Step 1000/1143 - loss: 0.4523
2025-11-11 12:35:57 - INFO - [Epoch 16] Step 1050/1143 - loss: 0.4524
2025-11-11 12:36:13 - INFO - [Epoch 16] Step 1100/1143 - loss: 0.4527
2025-11-11 12:36:26 - INFO - [Epoch 16] Step 1143/1143 - loss: 0.4514
2025-11-11 12:36:30 - INFO - [Epoch 16] Top misclassified classes: 7: 1/17 (acc=0.941), 14: 1/17 (acc=0.941), 0: 0/17 (acc=1.000), 1: 0/17 (acc=1.000), 4: 0/17 (acc=1.000), 8: 0/17 (acc=1.000), 9: 0/17 (acc=1.000), 10: 0/17 (acc=1.000), 11: 0/17 (acc=1.000), 2: 0/16 (acc=1.000)
2025-11-11 12:36:34 - INFO - Epoch 16/20 - train_loss: 0.4514 - val_loss: 0.3392 - f1: 0.9930
2025-11-11 12:36:50 - INFO - [Epoch 17] Step 50/1143 - loss: 0.4487
2025-11-11 12:37:06 - INFO - [Epoch 17] Step 100/1143 - loss: 0.4393
2025-11-11 12:37:21 - INFO - [Epoch 17] Step 150/1143 - loss: 0.4351
2025-11-11 12:37:36 - INFO - [Epoch 17] Step 200/1143 - loss: 0.4347
2025-11-11 12:37:52 - INFO - [Epoch 17] Step 250/1143 - loss: 0.4380
2025-11-11 12:38:07 - INFO - [Epoch 17] Step 300/1143 - loss: 0.4369
2025-11-11 12:38:23 - INFO - [Epoch 17] Step 350/1143 - loss: 0.4394
2025-11-11 12:38:38 - INFO - [Epoch 17] Step 400/1143 - loss: 0.4373
2025-11-11 12:38:53 - INFO - [Epoch 17] Step 450/1143 - loss: 0.4345
2025-11-11 12:39:09 - INFO - [Epoch 17] Step 500/1143 - loss: 0.4362
2025-11-11 12:39:24 - INFO - [Epoch 17] Step 550/1143 - loss: 0.4384
2025-11-11 12:39:39 - INFO - [Epoch 17] Step 600/1143 - loss: 0.4419
2025-11-11 12:39:55 - INFO - [Epoch 17] Step 650/1143 - loss: 0.4423
2025-11-11 12:40:10 - INFO - [Epoch 17] Step 700/1143 - loss: 0.4429
2025-11-11 12:40:25 - INFO - [Epoch 17] Step 750/1143 - loss: 0.4426
2025-11-11 12:40:41 - INFO - [Epoch 17] Step 800/1143 - loss: 0.4416
2025-11-11 12:40:56 - INFO - [Epoch 17] Step 850/1143 - loss: 0.4423
2025-11-11 12:41:11 - INFO - [Epoch 17] Step 900/1143 - loss: 0.4423
2025-11-11 12:41:27 - INFO - [Epoch 17] Step 950/1143 - loss: 0.4412
2025-11-11 12:41:42 - INFO - [Epoch 17] Step 1000/1143 - loss: 0.4406
2025-11-11 12:41:57 - INFO - [Epoch 17] Step 1050/1143 - loss: 0.4406
2025-11-11 12:42:13 - INFO - [Epoch 17] Step 1100/1143 - loss: 0.4406
2025-11-11 12:42:26 - INFO - [Epoch 17] Step 1143/1143 - loss: 0.4402
2025-11-11 12:42:30 - INFO - [Epoch 17] Top misclassified classes: 0: 0/17 (acc=1.000), 1: 0/17 (acc=1.000), 4: 0/17 (acc=1.000), 7: 0/17 (acc=1.000), 8: 0/17 (acc=1.000), 9: 0/17 (acc=1.000), 10: 0/17 (acc=1.000), 11: 0/17 (acc=1.000), 14: 0/17 (acc=1.000), 2: 0/16 (acc=1.000)
2025-11-11 12:42:33 - INFO - Epoch 17/20 - train_loss: 0.4402 - val_loss: 0.3304 - f1: 1.0000
2025-11-11 12:42:49 - INFO - [Epoch 18] Step 50/1143 - loss: 0.4660
2025-11-11 12:43:05 - INFO - [Epoch 18] Step 100/1143 - loss: 0.4432
2025-11-11 12:43:20 - INFO - [Epoch 18] Step 150/1143 - loss: 0.4514
2025-11-11 12:43:35 - INFO - [Epoch 18] Step 200/1143 - loss: 0.4539
2025-11-11 12:43:51 - INFO - [Epoch 18] Step 250/1143 - loss: 0.4505
2025-11-11 12:44:06 - INFO - [Epoch 18] Step 300/1143 - loss: 0.4493
2025-11-11 12:44:21 - INFO - [Epoch 18] Step 350/1143 - loss: 0.4474
2025-11-11 12:44:37 - INFO - [Epoch 18] Step 400/1143 - loss: 0.4475
2025-11-11 12:44:52 - INFO - [Epoch 18] Step 450/1143 - loss: 0.4486
2025-11-11 12:45:07 - INFO - [Epoch 18] Step 500/1143 - loss: 0.4450
2025-11-11 12:45:23 - INFO - [Epoch 18] Step 550/1143 - loss: 0.4438
2025-11-11 12:45:38 - INFO - [Epoch 18] Step 600/1143 - loss: 0.4433
2025-11-11 12:45:53 - INFO - [Epoch 18] Step 650/1143 - loss: 0.4448
2025-11-11 12:46:09 - INFO - [Epoch 18] Step 700/1143 - loss: 0.4448
2025-11-11 12:46:24 - INFO - [Epoch 18] Step 750/1143 - loss: 0.4440
2025-11-11 12:46:39 - INFO - [Epoch 18] Step 800/1143 - loss: 0.4439
2025-11-11 12:46:55 - INFO - [Epoch 18] Step 850/1143 - loss: 0.4426
2025-11-11 12:47:10 - INFO - [Epoch 18] Step 900/1143 - loss: 0.4424
2025-11-11 12:47:25 - INFO - [Epoch 18] Step 950/1143 - loss: 0.4419
2025-11-11 12:47:41 - INFO - [Epoch 18] Step 1000/1143 - loss: 0.4416
2025-11-11 12:47:56 - INFO - [Epoch 18] Step 1050/1143 - loss: 0.4405
2025-11-11 12:48:11 - INFO - [Epoch 18] Step 1100/1143 - loss: 0.4416
2025-11-11 12:48:25 - INFO - [Epoch 18] Step 1143/1143 - loss: 0.4424
2025-11-11 12:48:29 - INFO - [Epoch 18] Top misclassified classes: 7: 1/17 (acc=0.941), 0: 0/17 (acc=1.000), 1: 0/17 (acc=1.000), 4: 0/17 (acc=1.000), 8: 0/17 (acc=1.000), 9: 0/17 (acc=1.000), 10: 0/17 (acc=1.000), 11: 0/17 (acc=1.000), 14: 0/17 (acc=1.000), 2: 0/16 (acc=1.000)
2025-11-11 12:48:29 - INFO - Epoch 18/20 - train_loss: 0.4424 - val_loss: 0.3334 - f1: 0.9964
2025-11-11 12:48:45 - INFO - [Epoch 19] Step 50/1143 - loss: 0.4325
2025-11-11 12:49:01 - INFO - [Epoch 19] Step 100/1143 - loss: 0.4305
2025-11-11 12:49:16 - INFO - [Epoch 19] Step 150/1143 - loss: 0.4255
2025-11-11 12:49:31 - INFO - [Epoch 19] Step 200/1143 - loss: 0.4267
2025-11-11 12:49:47 - INFO - [Epoch 19] Step 250/1143 - loss: 0.4280
2025-11-11 12:50:02 - INFO - [Epoch 19] Step 300/1143 - loss: 0.4262
2025-11-11 12:50:17 - INFO - [Epoch 19] Step 350/1143 - loss: 0.4306
2025-11-11 12:50:33 - INFO - [Epoch 19] Step 400/1143 - loss: 0.4361
2025-11-11 12:50:48 - INFO - [Epoch 19] Step 450/1143 - loss: 0.4363
2025-11-11 12:51:03 - INFO - [Epoch 19] Step 500/1143 - loss: 0.4373
2025-11-11 12:51:19 - INFO - [Epoch 19] Step 550/1143 - loss: 0.4374
2025-11-11 12:51:34 - INFO - [Epoch 19] Step 600/1143 - loss: 0.4392
2025-11-11 12:51:49 - INFO - [Epoch 19] Step 650/1143 - loss: 0.4394
2025-11-11 12:52:05 - INFO - [Epoch 19] Step 700/1143 - loss: 0.4375
2025-11-11 12:52:20 - INFO - [Epoch 19] Step 750/1143 - loss: 0.4374
2025-11-11 12:52:35 - INFO - [Epoch 19] Step 800/1143 - loss: 0.4374
2025-11-11 12:52:51 - INFO - [Epoch 19] Step 850/1143 - loss: 0.4371
2025-11-11 12:53:06 - INFO - [Epoch 19] Step 900/1143 - loss: 0.4370
2025-11-11 12:53:21 - INFO - [Epoch 19] Step 950/1143 - loss: 0.4378
2025-11-11 12:53:37 - INFO - [Epoch 19] Step 1000/1143 - loss: 0.4378
2025-11-11 12:53:52 - INFO - [Epoch 19] Step 1050/1143 - loss: 0.4383
2025-11-11 12:54:07 - INFO - [Epoch 19] Step 1100/1143 - loss: 0.4376
2025-11-11 12:54:20 - INFO - [Epoch 19] Step 1143/1143 - loss: 0.4384
2025-11-11 12:54:25 - INFO - [Epoch 19] Top misclassified classes: 7: 1/17 (acc=0.941), 0: 0/17 (acc=1.000), 1: 0/17 (acc=1.000), 4: 0/17 (acc=1.000), 8: 0/17 (acc=1.000), 9: 0/17 (acc=1.000), 10: 0/17 (acc=1.000), 11: 0/17 (acc=1.000), 14: 0/17 (acc=1.000), 2: 0/16 (acc=1.000)
2025-11-11 12:54:25 - INFO - Epoch 19/20 - train_loss: 0.4384 - val_loss: 0.3339 - f1: 0.9964
2025-11-11 12:54:41 - INFO - [Epoch 20] Step 50/1143 - loss: 0.4397
2025-11-11 12:54:56 - INFO - [Epoch 20] Step 100/1143 - loss: 0.4401
2025-11-11 12:55:12 - INFO - [Epoch 20] Step 150/1143 - loss: 0.4419
2025-11-11 12:55:27 - INFO - [Epoch 20] Step 200/1143 - loss: 0.4393
2025-11-11 12:55:42 - INFO - [Epoch 20] Step 250/1143 - loss: 0.4435
2025-11-11 12:55:58 - INFO - [Epoch 20] Step 300/1143 - loss: 0.4424
2025-11-11 12:56:13 - INFO - [Epoch 20] Step 350/1143 - loss: 0.4389
2025-11-11 12:56:28 - INFO - [Epoch 20] Step 400/1143 - loss: 0.4366
2025-11-11 12:56:44 - INFO - [Epoch 20] Step 450/1143 - loss: 0.4349
2025-11-11 12:56:59 - INFO - [Epoch 20] Step 500/1143 - loss: 0.4308
2025-11-11 12:57:14 - INFO - [Epoch 20] Step 550/1143 - loss: 0.4289
2025-11-11 12:57:30 - INFO - [Epoch 20] Step 600/1143 - loss: 0.4283
2025-11-11 12:57:45 - INFO - [Epoch 20] Step 650/1143 - loss: 0.4272
2025-11-11 12:58:01 - INFO - [Epoch 20] Step 700/1143 - loss: 0.4265
2025-11-11 12:58:16 - INFO - [Epoch 20] Step 750/1143 - loss: 0.4263
2025-11-11 12:58:31 - INFO - [Epoch 20] Step 800/1143 - loss: 0.4271
2025-11-11 12:58:47 - INFO - [Epoch 20] Step 850/1143 - loss: 0.4267
2025-11-11 12:59:02 - INFO - [Epoch 20] Step 900/1143 - loss: 0.4259
2025-11-11 12:59:17 - INFO - [Epoch 20] Step 950/1143 - loss: 0.4274
2025-11-11 12:59:33 - INFO - [Epoch 20] Step 1000/1143 - loss: 0.4279
2025-11-11 12:59:48 - INFO - [Epoch 20] Step 1050/1143 - loss: 0.4284
2025-11-11 13:00:03 - INFO - [Epoch 20] Step 1100/1143 - loss: 0.4279
2025-11-11 13:00:16 - INFO - [Epoch 20] Step 1143/1143 - loss: 0.4280
2025-11-11 13:00:21 - INFO - [Epoch 20] Top misclassified classes: 7: 1/17 (acc=0.941), 0: 0/17 (acc=1.000), 1: 0/17 (acc=1.000), 4: 0/17 (acc=1.000), 8: 0/17 (acc=1.000), 9: 0/17 (acc=1.000), 10: 0/17 (acc=1.000), 11: 0/17 (acc=1.000), 14: 0/17 (acc=1.000), 2: 0/16 (acc=1.000)
2025-11-11 13:00:21 - INFO - Epoch 20/20 - train_loss: 0.4280 - val_loss: 0.3326 - f1: 0.9964
2025-11-11 13:00:21 - INFO - Best epoch: 17 (1.0000)
2025-11-11 13:00:21 - INFO - Best f1: 1.0000
