2025-11-11 09:20:56 - INFO - Starting run: 20251111-092056_tf_efficientnet_b7_ns_448px_rot90_jitter_affine_rrc_mixup_only_ls0.05_cosine
2025-11-11 09:20:56 - INFO - Configuration:
{
  "experiment": {
    "name": "efficientnet_b7_fulltrain_448",
    "seed": 2024,
    "deterministic": false
  },
  "paths": {
    "data_root": "data/processed/offline_aug",
    "train_csv": "data/processed/offline_aug/train_offline_aug.csv",
    "meta_csv": "data/raw/meta.csv",
    "image_dir": "data/processed/offline_aug/images",
    "test_dir": "data/raw/test",
    "output_root": "outputs"
  },
  "data": {
    "num_classes": 17,
    "input_size": 448,
    "mean": [
      0.485,
      0.456,
      0.406
    ],
    "std": [
      0.229,
      0.224,
      0.225
    ],
    "excluded_ids": [],
    "loader": {
      "batch_size": 6,
      "num_workers": 8,
      "pin_memory": true,
      "persistent_workers": true,
      "prefetch_factor": 3,
      "timeout": 120,
      "mp_context": "spawn"
    }
  },
  "split": {
    "full_train": true,
    "full_train_holdout_fraction": 0.02,
    "seed": 2024
  },
  "sampler": {
    "name": "weighted_random",
    "minority_classes": [
      1,
      13,
      14
    ],
    "weights_power": 0.85,
    "replacement": true
  },
  "augmentations": {
    "name": "rot90_jitter_affine_rrc",
    "use_reference_pipeline": true,
    "random_resized_crop_scale": [
      0.92,
      1.0
    ],
    "random_resized_crop_ratio": [
      0.85,
      1.15
    ],
    "random_rotate90": true,
    "random_rotate90_prob": 0.5,
    "max_rotate": 12,
    "rotate_prob": 1.0,
    "affine_scale": [
      0.9,
      1.1
    ],
    "affine_translate": [
      0.08,
      0.08
    ],
    "horizontal_flip": true,
    "horizontal_flip_prob": 0.5,
    "brightness_contrast": [
      0.12,
      0.12
    ],
    "color_jitter": {
      "p": 0.4,
      "brightness": 0.3,
      "contrast": 0.15,
      "saturation": 0.2,
      "hue": 0.02
    },
    "blur": {
      "p": 0.35,
      "blur_limit": [
        3,
        7
      ],
      "sigma_limit": [
        0.2,
        1.0
      ]
    }
  },
  "regularization": {
    "mixup_alpha": 0.1,
    "cutmix_alpha": 0.0,
    "tag": "mixup_only"
  },
  "model": {
    "name": "tf_efficientnet_b7_ns",
    "pretrained": true,
    "drop_rate": 0.4,
    "drop_path_rate": 0.2
  },
  "loss": {
    "name": "cross_entropy",
    "label_smoothing": 0.05
  },
  "optimizer": {
    "name": "adamw",
    "lr": 0.0002,
    "weight_decay": 0.02,
    "betas": [
      0.9,
      0.999
    ]
  },
  "scheduler": {
    "name": "cosine",
    "warmup_epochs": 2,
    "min_lr": 1e-06
  },
  "training": {
    "epochs": 20,
    "amp": true,
    "grad_clip_norm": 1.0,
    "save_best_metric": "f1",
    "validation_interval": 1,
    "early_stopping": {},
    "ema": {
      "enabled": false
    },
    "swa": {
      "enabled": false
    }
  },
  "logging": {
    "project": "document_type_classification",
    "log_interval": 100,
    "tensorboard": true
  },
  "submission": {
    "metric_name": "f1",
    "leaderboard_score": 0.0,
    "tta": {
      "enabled": true,
      "rotations": [
        0,
        90,
        180,
        270
      ],
      "jitter_degrees": 0,
      "horizontal_flip": true,
      "vertical_flip": false
    }
  },
  "performance": {
    "allow_tf32": true,
    "matmul_precision": "high",
    "cudnn_benchmark": true,
    "channels_last": true
  }
}
/opt/conda/lib/python3.10/site-packages/timm/models/_factory.py:117: UserWarning: Mapping deprecated model name tf_efficientnet_b7_ns to current tf_efficientnet_b7.ns_jft_in1k.
  model = create_fn(
2025-11-11 09:21:35 - INFO - [Epoch 1] Step 100/2287 - loss: 3.6223
2025-11-11 09:21:47 - INFO - [Epoch 1] Step 200/2287 - loss: 3.6761
2025-11-11 09:21:59 - INFO - [Epoch 1] Step 300/2287 - loss: 3.6777
2025-11-11 09:22:12 - INFO - [Epoch 1] Step 400/2287 - loss: 3.6653
2025-11-11 09:22:24 - INFO - [Epoch 1] Step 500/2287 - loss: 3.6519
2025-11-11 09:22:37 - INFO - [Epoch 1] Step 600/2287 - loss: 3.6586
2025-11-11 09:22:49 - INFO - [Epoch 1] Step 700/2287 - loss: 3.6607
2025-11-11 09:23:01 - INFO - [Epoch 1] Step 800/2287 - loss: 3.6586
2025-11-11 09:23:14 - INFO - [Epoch 1] Step 900/2287 - loss: 3.6541
2025-11-11 09:23:26 - INFO - [Epoch 1] Step 1000/2287 - loss: 3.6409
2025-11-11 09:23:39 - INFO - [Epoch 1] Step 1100/2287 - loss: 3.6337
2025-11-11 09:23:51 - INFO - [Epoch 1] Step 1200/2287 - loss: 3.6259
2025-11-11 09:24:03 - INFO - [Epoch 1] Step 1300/2287 - loss: 3.6196
2025-11-11 09:24:16 - INFO - [Epoch 1] Step 1400/2287 - loss: 3.6150
2025-11-11 09:24:28 - INFO - [Epoch 1] Step 1500/2287 - loss: 3.6068
2025-11-11 09:24:41 - INFO - [Epoch 1] Step 1600/2287 - loss: 3.6019
2025-11-11 09:24:53 - INFO - [Epoch 1] Step 1700/2287 - loss: 3.5898
2025-11-11 09:25:06 - INFO - [Epoch 1] Step 1800/2287 - loss: 3.5848
2025-11-11 09:25:18 - INFO - [Epoch 1] Step 1900/2287 - loss: 3.5822
2025-11-11 09:25:31 - INFO - [Epoch 1] Step 2000/2287 - loss: 3.5775
2025-11-11 09:25:43 - INFO - [Epoch 1] Step 2100/2287 - loss: 3.5718
2025-11-11 09:25:55 - INFO - [Epoch 1] Step 2200/2287 - loss: 3.5610
2025-11-11 09:26:06 - INFO - [Epoch 1] Step 2287/2287 - loss: 3.5556
2025-11-11 09:26:16 - INFO - [Epoch 1] Top misclassified classes: 0: 17/17 (acc=0.000), 4: 17/17 (acc=0.000), 7: 17/17 (acc=0.000), 10: 17/17 (acc=0.000), 1: 16/17 (acc=0.059), 11: 16/17 (acc=0.059), 3: 16/16 (acc=0.000), 12: 16/16 (acc=0.000), 13: 16/16 (acc=0.000), 8: 15/17 (acc=0.118)
2025-11-11 09:26:18 - INFO - Epoch 1/20 - train_loss: 3.5556 - val_loss: 3.1018 - f1: 0.0563
2025-11-11 09:26:32 - INFO - [Epoch 2] Step 100/2287 - loss: 2.5691
2025-11-11 09:26:44 - INFO - [Epoch 2] Step 200/2287 - loss: 2.2159
2025-11-11 09:26:57 - INFO - [Epoch 2] Step 300/2287 - loss: 2.0440
2025-11-11 09:27:10 - INFO - [Epoch 2] Step 400/2287 - loss: 1.8897
2025-11-11 09:27:22 - INFO - [Epoch 2] Step 500/2287 - loss: 1.8139
2025-11-11 09:27:35 - INFO - [Epoch 2] Step 600/2287 - loss: 1.7336
2025-11-11 09:27:48 - INFO - [Epoch 2] Step 700/2287 - loss: 1.6718
2025-11-11 09:28:01 - INFO - [Epoch 2] Step 800/2287 - loss: 1.6149
2025-11-11 09:28:13 - INFO - [Epoch 2] Step 900/2287 - loss: 1.5720
2025-11-11 09:28:26 - INFO - [Epoch 2] Step 1000/2287 - loss: 1.5296
2025-11-11 09:28:39 - INFO - [Epoch 2] Step 1100/2287 - loss: 1.4992
2025-11-11 09:28:51 - INFO - [Epoch 2] Step 1200/2287 - loss: 1.4647
2025-11-11 09:29:04 - INFO - [Epoch 2] Step 1300/2287 - loss: 1.4367
2025-11-11 09:29:17 - INFO - [Epoch 2] Step 1400/2287 - loss: 1.4143
2025-11-11 09:29:30 - INFO - [Epoch 2] Step 1500/2287 - loss: 1.3932
2025-11-11 09:29:43 - INFO - [Epoch 2] Step 1600/2287 - loss: 1.3753
2025-11-11 09:29:55 - INFO - [Epoch 2] Step 1700/2287 - loss: 1.3561
2025-11-11 09:30:08 - INFO - [Epoch 2] Step 1800/2287 - loss: 1.3334
2025-11-11 09:30:21 - INFO - [Epoch 2] Step 1900/2287 - loss: 1.3150
2025-11-11 09:30:34 - INFO - [Epoch 2] Step 2000/2287 - loss: 1.2974
2025-11-11 09:30:46 - INFO - [Epoch 2] Step 2100/2287 - loss: 1.2816
2025-11-11 09:30:59 - INFO - [Epoch 2] Step 2200/2287 - loss: 1.2660
2025-11-11 09:31:10 - INFO - [Epoch 2] Step 2287/2287 - loss: 1.2537
/opt/conda/lib/python3.10/site-packages/torch/optim/lr_scheduler.py:149: UserWarning: The epoch parameter in `scheduler.step()` was not necessary and is being deprecated where possible. Please use `scheduler.step()` to step the scheduler. During the deprecation, if epoch is different from None, the closed form is used instead of the new chainable form, where available. Please open an issue if you are unable to replicate your use case: https://github.com/pytorch/pytorch/issues/new/choose.
  warnings.warn(EPOCH_DEPRECATION_WARNING, UserWarning)
2025-11-11 09:31:12 - INFO - [Epoch 2] Top misclassified classes: 7: 10/17 (acc=0.412), 4: 8/17 (acc=0.529), 3: 6/16 (acc=0.625), 14: 2/17 (acc=0.882), 6: 1/16 (acc=0.938), 0: 0/17 (acc=1.000), 1: 0/17 (acc=1.000), 8: 0/17 (acc=1.000), 9: 0/17 (acc=1.000), 10: 0/17 (acc=1.000)
2025-11-11 09:31:14 - INFO - Epoch 2/20 - train_loss: 1.2537 - val_loss: 0.5779 - f1: 0.9033
2025-11-11 09:31:27 - INFO - [Epoch 3] Step 100/2287 - loss: 1.0365
2025-11-11 09:31:40 - INFO - [Epoch 3] Step 200/2287 - loss: 1.0755
2025-11-11 09:31:52 - INFO - [Epoch 3] Step 300/2287 - loss: 1.0939
2025-11-11 09:32:05 - INFO - [Epoch 3] Step 400/2287 - loss: 1.0923
2025-11-11 09:32:18 - INFO - [Epoch 3] Step 500/2287 - loss: 1.0950
2025-11-11 09:32:30 - INFO - [Epoch 3] Step 600/2287 - loss: 1.0868
2025-11-11 09:32:43 - INFO - [Epoch 3] Step 700/2287 - loss: 1.0888
2025-11-11 09:32:56 - INFO - [Epoch 3] Step 800/2287 - loss: 1.0818
2025-11-11 09:33:09 - INFO - [Epoch 3] Step 900/2287 - loss: 1.0830
2025-11-11 09:33:21 - INFO - [Epoch 3] Step 1000/2287 - loss: 1.0724
2025-11-11 09:33:34 - INFO - [Epoch 3] Step 1100/2287 - loss: 1.0731
2025-11-11 09:33:47 - INFO - [Epoch 3] Step 1200/2287 - loss: 1.0747
2025-11-11 09:34:00 - INFO - [Epoch 3] Step 1300/2287 - loss: 1.0684
2025-11-11 09:34:13 - INFO - [Epoch 3] Step 1400/2287 - loss: 1.0679
2025-11-11 09:34:25 - INFO - [Epoch 3] Step 1500/2287 - loss: 1.0615
2025-11-11 09:34:38 - INFO - [Epoch 3] Step 1600/2287 - loss: 1.0545
2025-11-11 09:34:51 - INFO - [Epoch 3] Step 1700/2287 - loss: 1.0470
2025-11-11 09:35:04 - INFO - [Epoch 3] Step 1800/2287 - loss: 1.0436
2025-11-11 09:35:16 - INFO - [Epoch 3] Step 1900/2287 - loss: 1.0411
2025-11-11 09:35:29 - INFO - [Epoch 3] Step 2000/2287 - loss: 1.0338
2025-11-11 09:35:42 - INFO - [Epoch 3] Step 2100/2287 - loss: 1.0304
2025-11-11 09:35:55 - INFO - [Epoch 3] Step 2200/2287 - loss: 1.0256
2025-11-11 09:36:05 - INFO - [Epoch 3] Step 2287/2287 - loss: 1.0222
2025-11-11 09:36:08 - INFO - [Epoch 3] Top misclassified classes: 7: 11/17 (acc=0.353), 3: 9/16 (acc=0.438), 4: 4/17 (acc=0.765), 10: 3/17 (acc=0.824), 9: 1/17 (acc=0.941), 16: 1/16 (acc=0.938), 0: 0/17 (acc=1.000), 1: 0/17 (acc=1.000), 8: 0/17 (acc=1.000), 11: 0/17 (acc=1.000)
2025-11-11 09:36:09 - INFO - Epoch 3/20 - train_loss: 1.0222 - val_loss: 0.6373 - f1: 0.8942
2025-11-11 09:36:22 - INFO - [Epoch 4] Step 100/2287 - loss: 0.9488
2025-11-11 09:36:35 - INFO - [Epoch 4] Step 200/2287 - loss: 0.9389
2025-11-11 09:36:48 - INFO - [Epoch 4] Step 300/2287 - loss: 0.9364
2025-11-11 09:37:01 - INFO - [Epoch 4] Step 400/2287 - loss: 0.9417
2025-11-11 09:37:13 - INFO - [Epoch 4] Step 500/2287 - loss: 0.9385
2025-11-11 09:37:25 - INFO - [Epoch 4] Step 600/2287 - loss: 0.9347
2025-11-11 09:37:38 - INFO - [Epoch 4] Step 700/2287 - loss: 0.9308
2025-11-11 09:37:50 - INFO - [Epoch 4] Step 800/2287 - loss: 0.9316
2025-11-11 09:38:03 - INFO - [Epoch 4] Step 900/2287 - loss: 0.9265
2025-11-11 09:38:16 - INFO - [Epoch 4] Step 1000/2287 - loss: 0.9244
2025-11-11 09:38:28 - INFO - [Epoch 4] Step 1100/2287 - loss: 0.9244
2025-11-11 09:38:41 - INFO - [Epoch 4] Step 1200/2287 - loss: 0.9239
2025-11-11 09:38:54 - INFO - [Epoch 4] Step 1300/2287 - loss: 0.9210
2025-11-11 09:39:07 - INFO - [Epoch 4] Step 1400/2287 - loss: 0.9176
2025-11-11 09:39:19 - INFO - [Epoch 4] Step 1500/2287 - loss: 0.9154
2025-11-11 09:39:32 - INFO - [Epoch 4] Step 1600/2287 - loss: 0.9091
2025-11-11 09:39:45 - INFO - [Epoch 4] Step 1700/2287 - loss: 0.9065
2025-11-11 09:39:58 - INFO - [Epoch 4] Step 1800/2287 - loss: 0.9022
2025-11-11 09:40:11 - INFO - [Epoch 4] Step 1900/2287 - loss: 0.9012
2025-11-11 09:40:23 - INFO - [Epoch 4] Step 2000/2287 - loss: 0.8988
2025-11-11 09:40:36 - INFO - [Epoch 4] Step 2100/2287 - loss: 0.8994
2025-11-11 09:40:48 - INFO - [Epoch 4] Step 2200/2287 - loss: 0.8989
2025-11-11 09:41:00 - INFO - [Epoch 4] Step 2287/2287 - loss: 0.8989
2025-11-11 09:41:02 - INFO - [Epoch 4] Top misclassified classes: 3: 5/16 (acc=0.688), 4: 4/17 (acc=0.765), 7: 3/17 (acc=0.824), 10: 2/17 (acc=0.882), 6: 1/16 (acc=0.938), 0: 0/17 (acc=1.000), 1: 0/17 (acc=1.000), 8: 0/17 (acc=1.000), 9: 0/17 (acc=1.000), 11: 0/17 (acc=1.000)
2025-11-11 09:41:04 - INFO - Epoch 4/20 - train_loss: 0.8989 - val_loss: 0.5033 - f1: 0.9480
2025-11-11 09:41:18 - INFO - [Epoch 5] Step 100/2287 - loss: 0.9085
2025-11-11 09:41:30 - INFO - [Epoch 5] Step 200/2287 - loss: 0.8581
2025-11-11 09:41:42 - INFO - [Epoch 5] Step 300/2287 - loss: 0.8542
2025-11-11 09:41:55 - INFO - [Epoch 5] Step 400/2287 - loss: 0.8362
2025-11-11 09:42:08 - INFO - [Epoch 5] Step 500/2287 - loss: 0.8359
2025-11-11 09:42:20 - INFO - [Epoch 5] Step 600/2287 - loss: 0.8388
2025-11-11 09:42:33 - INFO - [Epoch 5] Step 700/2287 - loss: 0.8415
2025-11-11 09:42:46 - INFO - [Epoch 5] Step 800/2287 - loss: 0.8430
2025-11-11 09:42:59 - INFO - [Epoch 5] Step 900/2287 - loss: 0.8372
2025-11-11 09:43:11 - INFO - [Epoch 5] Step 1000/2287 - loss: 0.8357
2025-11-11 09:43:24 - INFO - [Epoch 5] Step 1100/2287 - loss: 0.8363
2025-11-11 09:43:37 - INFO - [Epoch 5] Step 1200/2287 - loss: 0.8329
2025-11-11 09:43:49 - INFO - [Epoch 5] Step 1300/2287 - loss: 0.8269
2025-11-11 09:44:02 - INFO - [Epoch 5] Step 1400/2287 - loss: 0.8235
2025-11-11 09:44:15 - INFO - [Epoch 5] Step 1500/2287 - loss: 0.8219
2025-11-11 09:44:28 - INFO - [Epoch 5] Step 1600/2287 - loss: 0.8203
2025-11-11 09:44:41 - INFO - [Epoch 5] Step 1700/2287 - loss: 0.8201
2025-11-11 09:44:54 - INFO - [Epoch 5] Step 1800/2287 - loss: 0.8198
2025-11-11 09:45:06 - INFO - [Epoch 5] Step 1900/2287 - loss: 0.8199
2025-11-11 09:45:19 - INFO - [Epoch 5] Step 2000/2287 - loss: 0.8163
2025-11-11 09:45:32 - INFO - [Epoch 5] Step 2100/2287 - loss: 0.8155
2025-11-11 09:45:45 - INFO - [Epoch 5] Step 2200/2287 - loss: 0.8144
2025-11-11 09:45:56 - INFO - [Epoch 5] Step 2287/2287 - loss: 0.8131
2025-11-11 09:45:59 - INFO - [Epoch 5] Top misclassified classes: 3: 6/16 (acc=0.625), 7: 4/17 (acc=0.765), 1: 1/17 (acc=0.941), 14: 1/17 (acc=0.941), 0: 0/17 (acc=1.000), 4: 0/17 (acc=1.000), 8: 0/17 (acc=1.000), 9: 0/17 (acc=1.000), 10: 0/17 (acc=1.000), 11: 0/17 (acc=1.000)
2025-11-11 09:46:00 - INFO - Epoch 5/20 - train_loss: 0.8131 - val_loss: 0.4825 - f1: 0.9561
2025-11-11 09:46:14 - INFO - [Epoch 6] Step 100/2287 - loss: 0.8000
2025-11-11 09:46:26 - INFO - [Epoch 6] Step 200/2287 - loss: 0.7577
2025-11-11 09:46:39 - INFO - [Epoch 6] Step 300/2287 - loss: 0.7550
2025-11-11 09:46:52 - INFO - [Epoch 6] Step 400/2287 - loss: 0.7604
2025-11-11 09:47:05 - INFO - [Epoch 6] Step 500/2287 - loss: 0.7741
2025-11-11 09:47:17 - INFO - [Epoch 6] Step 600/2287 - loss: 0.7708
2025-11-11 09:47:30 - INFO - [Epoch 6] Step 700/2287 - loss: 0.7814
2025-11-11 09:47:43 - INFO - [Epoch 6] Step 800/2287 - loss: 0.7823
2025-11-11 09:47:55 - INFO - [Epoch 6] Step 900/2287 - loss: 0.7842
2025-11-11 09:48:08 - INFO - [Epoch 6] Step 1000/2287 - loss: 0.7869
2025-11-11 09:48:21 - INFO - [Epoch 6] Step 1100/2287 - loss: 0.7842
2025-11-11 09:48:34 - INFO - [Epoch 6] Step 1200/2287 - loss: 0.7832
2025-11-11 09:48:46 - INFO - [Epoch 6] Step 1300/2287 - loss: 0.7849
2025-11-11 09:48:59 - INFO - [Epoch 6] Step 1400/2287 - loss: 0.7800
2025-11-11 09:49:12 - INFO - [Epoch 6] Step 1500/2287 - loss: 0.7802
2025-11-11 09:49:24 - INFO - [Epoch 6] Step 1600/2287 - loss: 0.7829
2025-11-11 09:49:37 - INFO - [Epoch 6] Step 1700/2287 - loss: 0.7821
2025-11-11 09:49:50 - INFO - [Epoch 6] Step 1800/2287 - loss: 0.7826
2025-11-11 09:50:03 - INFO - [Epoch 6] Step 1900/2287 - loss: 0.7775
2025-11-11 09:50:16 - INFO - [Epoch 6] Step 2000/2287 - loss: 0.7739
2025-11-11 09:50:28 - INFO - [Epoch 6] Step 2100/2287 - loss: 0.7722
2025-11-11 09:50:41 - INFO - [Epoch 6] Step 2200/2287 - loss: 0.7708
2025-11-11 09:50:52 - INFO - [Epoch 6] Step 2287/2287 - loss: 0.7718
2025-11-11 09:50:55 - INFO - [Epoch 6] Top misclassified classes: 3: 8/16 (acc=0.500), 1: 2/17 (acc=0.882), 4: 1/17 (acc=0.941), 7: 1/17 (acc=0.941), 10: 1/17 (acc=0.941), 13: 1/16 (acc=0.938), 0: 0/17 (acc=1.000), 8: 0/17 (acc=1.000), 9: 0/17 (acc=1.000), 11: 0/17 (acc=1.000)
2025-11-11 09:50:55 - INFO - Epoch 6/20 - train_loss: 0.7718 - val_loss: 0.4702 - f1: 0.9475
2025-11-11 09:51:09 - INFO - [Epoch 7] Step 100/2287 - loss: 0.7556
2025-11-11 09:51:21 - INFO - [Epoch 7] Step 200/2287 - loss: 0.7553
2025-11-11 09:51:34 - INFO - [Epoch 7] Step 300/2287 - loss: 0.7437
2025-11-11 09:51:47 - INFO - [Epoch 7] Step 400/2287 - loss: 0.7420
2025-11-11 09:51:59 - INFO - [Epoch 7] Step 500/2287 - loss: 0.7364
2025-11-11 09:52:12 - INFO - [Epoch 7] Step 600/2287 - loss: 0.7399
2025-11-11 09:52:25 - INFO - [Epoch 7] Step 700/2287 - loss: 0.7397
2025-11-11 09:52:38 - INFO - [Epoch 7] Step 800/2287 - loss: 0.7416
2025-11-11 09:52:51 - INFO - [Epoch 7] Step 900/2287 - loss: 0.7382
2025-11-11 09:53:03 - INFO - [Epoch 7] Step 1000/2287 - loss: 0.7357
2025-11-11 09:53:16 - INFO - [Epoch 7] Step 1100/2287 - loss: 0.7292
2025-11-11 09:53:29 - INFO - [Epoch 7] Step 1200/2287 - loss: 0.7321
2025-11-11 09:53:42 - INFO - [Epoch 7] Step 1300/2287 - loss: 0.7284
2025-11-11 09:53:54 - INFO - [Epoch 7] Step 1400/2287 - loss: 0.7276
2025-11-11 09:54:07 - INFO - [Epoch 7] Step 1500/2287 - loss: 0.7276
2025-11-11 09:54:20 - INFO - [Epoch 7] Step 1600/2287 - loss: 0.7290
2025-11-11 09:54:33 - INFO - [Epoch 7] Step 1700/2287 - loss: 0.7276
2025-11-11 09:54:45 - INFO - [Epoch 7] Step 1800/2287 - loss: 0.7293
2025-11-11 09:54:58 - INFO - [Epoch 7] Step 1900/2287 - loss: 0.7268
2025-11-11 09:55:11 - INFO - [Epoch 7] Step 2000/2287 - loss: 0.7229
2025-11-11 09:55:23 - INFO - [Epoch 7] Step 2100/2287 - loss: 0.7205
2025-11-11 09:55:36 - INFO - [Epoch 7] Step 2200/2287 - loss: 0.7204
2025-11-11 09:55:47 - INFO - [Epoch 7] Step 2287/2287 - loss: 0.7218
2025-11-11 09:55:50 - INFO - [Epoch 7] Top misclassified classes: 7: 2/17 (acc=0.882), 14: 1/17 (acc=0.941), 3: 1/16 (acc=0.938), 0: 0/17 (acc=1.000), 1: 0/17 (acc=1.000), 4: 0/17 (acc=1.000), 8: 0/17 (acc=1.000), 9: 0/17 (acc=1.000), 10: 0/17 (acc=1.000), 11: 0/17 (acc=1.000)
2025-11-11 09:55:52 - INFO - Epoch 7/20 - train_loss: 0.7218 - val_loss: 0.4043 - f1: 0.9858
2025-11-11 09:56:05 - INFO - [Epoch 8] Step 100/2287 - loss: 0.6496
2025-11-11 09:56:18 - INFO - [Epoch 8] Step 200/2287 - loss: 0.7067
2025-11-11 09:56:31 - INFO - [Epoch 8] Step 300/2287 - loss: 0.6989
2025-11-11 09:56:44 - INFO - [Epoch 8] Step 400/2287 - loss: 0.6923
2025-11-11 09:56:57 - INFO - [Epoch 8] Step 500/2287 - loss: 0.6795
2025-11-11 09:57:09 - INFO - [Epoch 8] Step 600/2287 - loss: 0.6782
2025-11-11 09:57:22 - INFO - [Epoch 8] Step 700/2287 - loss: 0.6774
2025-11-11 09:57:35 - INFO - [Epoch 8] Step 800/2287 - loss: 0.6699
2025-11-11 09:57:47 - INFO - [Epoch 8] Step 900/2287 - loss: 0.6701
2025-11-11 09:58:00 - INFO - [Epoch 8] Step 1000/2287 - loss: 0.6694
2025-11-11 09:58:13 - INFO - [Epoch 8] Step 1100/2287 - loss: 0.6718
2025-11-11 09:58:25 - INFO - [Epoch 8] Step 1200/2287 - loss: 0.6747
2025-11-11 09:58:38 - INFO - [Epoch 8] Step 1300/2287 - loss: 0.6764
2025-11-11 09:58:51 - INFO - [Epoch 8] Step 1400/2287 - loss: 0.6793
2025-11-11 09:59:04 - INFO - [Epoch 8] Step 1500/2287 - loss: 0.6840
2025-11-11 09:59:16 - INFO - [Epoch 8] Step 1600/2287 - loss: 0.6828
2025-11-11 09:59:29 - INFO - [Epoch 8] Step 1700/2287 - loss: 0.6850
2025-11-11 09:59:42 - INFO - [Epoch 8] Step 1800/2287 - loss: 0.6820
2025-11-11 09:59:54 - INFO - [Epoch 8] Step 1900/2287 - loss: 0.6813
2025-11-11 10:00:07 - INFO - [Epoch 8] Step 2000/2287 - loss: 0.6805
2025-11-11 10:00:20 - INFO - [Epoch 8] Step 2100/2287 - loss: 0.6785
2025-11-11 10:00:33 - INFO - [Epoch 8] Step 2200/2287 - loss: 0.6786
2025-11-11 10:00:44 - INFO - [Epoch 8] Step 2287/2287 - loss: 0.6751
2025-11-11 10:00:46 - INFO - [Epoch 8] Top misclassified classes: 3: 3/16 (acc=0.812), 7: 2/17 (acc=0.882), 14: 1/17 (acc=0.941), 0: 0/17 (acc=1.000), 1: 0/17 (acc=1.000), 4: 0/17 (acc=1.000), 8: 0/17 (acc=1.000), 9: 0/17 (acc=1.000), 10: 0/17 (acc=1.000), 11: 0/17 (acc=1.000)
2025-11-11 10:00:47 - INFO - Epoch 8/20 - train_loss: 0.6751 - val_loss: 0.4210 - f1: 0.9785
2025-11-11 10:01:00 - INFO - [Epoch 9] Step 100/2287 - loss: 0.6879
2025-11-11 10:01:13 - INFO - [Epoch 9] Step 200/2287 - loss: 0.6859
2025-11-11 10:01:26 - INFO - [Epoch 9] Step 300/2287 - loss: 0.6750
2025-11-11 10:01:38 - INFO - [Epoch 9] Step 400/2287 - loss: 0.6731
2025-11-11 10:01:51 - INFO - [Epoch 9] Step 500/2287 - loss: 0.6680
2025-11-11 10:02:03 - INFO - [Epoch 9] Step 600/2287 - loss: 0.6676
2025-11-11 10:02:16 - INFO - [Epoch 9] Step 700/2287 - loss: 0.6623
2025-11-11 10:02:29 - INFO - [Epoch 9] Step 800/2287 - loss: 0.6585
2025-11-11 10:02:41 - INFO - [Epoch 9] Step 900/2287 - loss: 0.6596
2025-11-11 10:02:54 - INFO - [Epoch 9] Step 1000/2287 - loss: 0.6597
2025-11-11 10:03:07 - INFO - [Epoch 9] Step 1100/2287 - loss: 0.6547
2025-11-11 10:03:20 - INFO - [Epoch 9] Step 1200/2287 - loss: 0.6546
2025-11-11 10:03:32 - INFO - [Epoch 9] Step 1300/2287 - loss: 0.6515
2025-11-11 10:03:45 - INFO - [Epoch 9] Step 1400/2287 - loss: 0.6500
2025-11-11 10:03:58 - INFO - [Epoch 9] Step 1500/2287 - loss: 0.6507
2025-11-11 10:04:10 - INFO - [Epoch 9] Step 1600/2287 - loss: 0.6505
2025-11-11 10:04:23 - INFO - [Epoch 9] Step 1700/2287 - loss: 0.6457
2025-11-11 10:04:36 - INFO - [Epoch 9] Step 1800/2287 - loss: 0.6471
2025-11-11 10:04:48 - INFO - [Epoch 9] Step 1900/2287 - loss: 0.6492
2025-11-11 10:05:01 - INFO - [Epoch 9] Step 2000/2287 - loss: 0.6488
2025-11-11 10:05:13 - INFO - [Epoch 9] Step 2100/2287 - loss: 0.6473
2025-11-11 10:05:26 - INFO - [Epoch 9] Step 2200/2287 - loss: 0.6448
2025-11-11 10:05:37 - INFO - [Epoch 9] Step 2287/2287 - loss: 0.6445
2025-11-11 10:05:40 - INFO - [Epoch 9] Top misclassified classes: 3: 3/16 (acc=0.812), 7: 2/17 (acc=0.882), 14: 2/17 (acc=0.882), 0: 0/17 (acc=1.000), 1: 0/17 (acc=1.000), 4: 0/17 (acc=1.000), 8: 0/17 (acc=1.000), 9: 0/17 (acc=1.000), 10: 0/17 (acc=1.000), 11: 0/17 (acc=1.000)
2025-11-11 10:05:40 - INFO - Epoch 9/20 - train_loss: 0.6445 - val_loss: 0.4089 - f1: 0.9750
2025-11-11 10:05:54 - INFO - [Epoch 10] Step 100/2287 - loss: 0.6710
2025-11-11 10:06:06 - INFO - [Epoch 10] Step 200/2287 - loss: 0.6660
2025-11-11 10:06:19 - INFO - [Epoch 10] Step 300/2287 - loss: 0.6680
2025-11-11 10:06:32 - INFO - [Epoch 10] Step 400/2287 - loss: 0.6495
2025-11-11 10:06:45 - INFO - [Epoch 10] Step 500/2287 - loss: 0.6385
2025-11-11 10:06:57 - INFO - [Epoch 10] Step 600/2287 - loss: 0.6396
2025-11-11 10:07:10 - INFO - [Epoch 10] Step 700/2287 - loss: 0.6387
2025-11-11 10:07:23 - INFO - [Epoch 10] Step 800/2287 - loss: 0.6312
2025-11-11 10:07:36 - INFO - [Epoch 10] Step 900/2287 - loss: 0.6264
2025-11-11 10:07:48 - INFO - [Epoch 10] Step 1000/2287 - loss: 0.6303
2025-11-11 10:08:01 - INFO - [Epoch 10] Step 1100/2287 - loss: 0.6275
2025-11-11 10:08:14 - INFO - [Epoch 10] Step 1200/2287 - loss: 0.6237
2025-11-11 10:08:26 - INFO - [Epoch 10] Step 1300/2287 - loss: 0.6236
2025-11-11 10:08:39 - INFO - [Epoch 10] Step 1400/2287 - loss: 0.6234
2025-11-11 10:08:52 - INFO - [Epoch 10] Step 1500/2287 - loss: 0.6212
2025-11-11 10:09:05 - INFO - [Epoch 10] Step 1600/2287 - loss: 0.6196
2025-11-11 10:09:18 - INFO - [Epoch 10] Step 1700/2287 - loss: 0.6179
2025-11-11 10:09:31 - INFO - [Epoch 10] Step 1800/2287 - loss: 0.6193
2025-11-11 10:09:43 - INFO - [Epoch 10] Step 1900/2287 - loss: 0.6197
2025-11-11 10:09:56 - INFO - [Epoch 10] Step 2000/2287 - loss: 0.6179
2025-11-11 10:10:09 - INFO - [Epoch 10] Step 2100/2287 - loss: 0.6189
2025-11-11 10:10:22 - INFO - [Epoch 10] Step 2200/2287 - loss: 0.6167
2025-11-11 10:10:33 - INFO - [Epoch 10] Step 2287/2287 - loss: 0.6177
2025-11-11 10:10:36 - INFO - [Epoch 10] Top misclassified classes: 3: 3/16 (acc=0.812), 7: 1/17 (acc=0.941), 14: 1/17 (acc=0.941), 0: 0/17 (acc=1.000), 1: 0/17 (acc=1.000), 4: 0/17 (acc=1.000), 8: 0/17 (acc=1.000), 9: 0/17 (acc=1.000), 10: 0/17 (acc=1.000), 11: 0/17 (acc=1.000)
2025-11-11 10:10:36 - INFO - Epoch 10/20 - train_loss: 0.6177 - val_loss: 0.3764 - f1: 0.9820
2025-11-11 10:10:50 - INFO - [Epoch 11] Step 100/2287 - loss: 0.5576
2025-11-11 10:11:02 - INFO - [Epoch 11] Step 200/2287 - loss: 0.5609
2025-11-11 10:11:15 - INFO - [Epoch 11] Step 300/2287 - loss: 0.5580
2025-11-11 10:11:28 - INFO - [Epoch 11] Step 400/2287 - loss: 0.5704
2025-11-11 10:11:40 - INFO - [Epoch 11] Step 500/2287 - loss: 0.5722
2025-11-11 10:11:53 - INFO - [Epoch 11] Step 600/2287 - loss: 0.5764
2025-11-11 10:12:06 - INFO - [Epoch 11] Step 700/2287 - loss: 0.5817
2025-11-11 10:12:18 - INFO - [Epoch 11] Step 800/2287 - loss: 0.5801
2025-11-11 10:12:31 - INFO - [Epoch 11] Step 900/2287 - loss: 0.5873
2025-11-11 10:12:43 - INFO - [Epoch 11] Step 1000/2287 - loss: 0.5854
2025-11-11 10:12:56 - INFO - [Epoch 11] Step 1100/2287 - loss: 0.5903
2025-11-11 10:13:08 - INFO - [Epoch 11] Step 1200/2287 - loss: 0.5905
2025-11-11 10:13:21 - INFO - [Epoch 11] Step 1300/2287 - loss: 0.5906
2025-11-11 10:13:34 - INFO - [Epoch 11] Step 1400/2287 - loss: 0.5920
2025-11-11 10:13:46 - INFO - [Epoch 11] Step 1500/2287 - loss: 0.5890
2025-11-11 10:13:59 - INFO - [Epoch 11] Step 1600/2287 - loss: 0.5886
2025-11-11 10:14:12 - INFO - [Epoch 11] Step 1700/2287 - loss: 0.5889
2025-11-11 10:14:25 - INFO - [Epoch 11] Step 1800/2287 - loss: 0.5882
2025-11-11 10:14:37 - INFO - [Epoch 11] Step 1900/2287 - loss: 0.5894
2025-11-11 10:14:50 - INFO - [Epoch 11] Step 2000/2287 - loss: 0.5887
2025-11-11 10:15:03 - INFO - [Epoch 11] Step 2100/2287 - loss: 0.5886
2025-11-11 10:15:15 - INFO - [Epoch 11] Step 2200/2287 - loss: 0.5892
2025-11-11 10:15:26 - INFO - [Epoch 11] Step 2287/2287 - loss: 0.5906
2025-11-11 10:15:29 - INFO - [Epoch 11] Top misclassified classes: 7: 4/17 (acc=0.765), 3: 3/16 (acc=0.812), 0: 0/17 (acc=1.000), 1: 0/17 (acc=1.000), 4: 0/17 (acc=1.000), 8: 0/17 (acc=1.000), 9: 0/17 (acc=1.000), 10: 0/17 (acc=1.000), 11: 0/17 (acc=1.000), 14: 0/17 (acc=1.000)
2025-11-11 10:15:29 - INFO - Epoch 11/20 - train_loss: 0.5906 - val_loss: 0.4044 - f1: 0.9747
2025-11-11 10:15:43 - INFO - [Epoch 12] Step 100/2287 - loss: 0.5956
2025-11-11 10:15:56 - INFO - [Epoch 12] Step 200/2287 - loss: 0.5707
2025-11-11 10:16:08 - INFO - [Epoch 12] Step 300/2287 - loss: 0.5540
2025-11-11 10:16:21 - INFO - [Epoch 12] Step 400/2287 - loss: 0.5540
2025-11-11 10:16:34 - INFO - [Epoch 12] Step 500/2287 - loss: 0.5592
2025-11-11 10:16:46 - INFO - [Epoch 12] Step 600/2287 - loss: 0.5672
2025-11-11 10:16:59 - INFO - [Epoch 12] Step 700/2287 - loss: 0.5693
2025-11-11 10:17:12 - INFO - [Epoch 12] Step 800/2287 - loss: 0.5630
2025-11-11 10:17:25 - INFO - [Epoch 12] Step 900/2287 - loss: 0.5611
2025-11-11 10:17:38 - INFO - [Epoch 12] Step 1000/2287 - loss: 0.5588
2025-11-11 10:17:51 - INFO - [Epoch 12] Step 1100/2287 - loss: 0.5604
2025-11-11 10:18:04 - INFO - [Epoch 12] Step 1200/2287 - loss: 0.5667
2025-11-11 10:18:16 - INFO - [Epoch 12] Step 1300/2287 - loss: 0.5633
2025-11-11 10:18:29 - INFO - [Epoch 12] Step 1400/2287 - loss: 0.5655
2025-11-11 10:18:42 - INFO - [Epoch 12] Step 1500/2287 - loss: 0.5657
2025-11-11 10:18:54 - INFO - [Epoch 12] Step 1600/2287 - loss: 0.5652
2025-11-11 10:19:07 - INFO - [Epoch 12] Step 1700/2287 - loss: 0.5650
2025-11-11 10:19:20 - INFO - [Epoch 12] Step 1800/2287 - loss: 0.5636
2025-11-11 10:19:33 - INFO - [Epoch 12] Step 1900/2287 - loss: 0.5658
2025-11-11 10:19:45 - INFO - [Epoch 12] Step 2000/2287 - loss: 0.5659
2025-11-11 10:19:58 - INFO - [Epoch 12] Step 2100/2287 - loss: 0.5635
2025-11-11 10:20:11 - INFO - [Epoch 12] Step 2200/2287 - loss: 0.5609
2025-11-11 10:20:21 - INFO - [Epoch 12] Step 2287/2287 - loss: 0.5600
2025-11-11 10:20:24 - INFO - [Epoch 12] Top misclassified classes: 7: 2/17 (acc=0.882), 4: 1/17 (acc=0.941), 3: 1/16 (acc=0.938), 13: 1/16 (acc=0.938), 0: 0/17 (acc=1.000), 1: 0/17 (acc=1.000), 8: 0/17 (acc=1.000), 9: 0/17 (acc=1.000), 10: 0/17 (acc=1.000), 11: 0/17 (acc=1.000)
2025-11-11 10:20:24 - INFO - Epoch 12/20 - train_loss: 0.5600 - val_loss: 0.3699 - f1: 0.9825
2025-11-11 10:20:38 - INFO - [Epoch 13] Step 100/2287 - loss: 0.6065
2025-11-11 10:20:51 - INFO - [Epoch 13] Step 200/2287 - loss: 0.5997
2025-11-11 10:21:04 - INFO - [Epoch 13] Step 300/2287 - loss: 0.5733
2025-11-11 10:21:17 - INFO - [Epoch 13] Step 400/2287 - loss: 0.5574
2025-11-11 10:21:29 - INFO - [Epoch 13] Step 500/2287 - loss: 0.5616
2025-11-11 10:21:42 - INFO - [Epoch 13] Step 600/2287 - loss: 0.5555
2025-11-11 10:21:55 - INFO - [Epoch 13] Step 700/2287 - loss: 0.5519
2025-11-11 10:22:08 - INFO - [Epoch 13] Step 800/2287 - loss: 0.5550
2025-11-11 10:22:21 - INFO - [Epoch 13] Step 900/2287 - loss: 0.5529
2025-11-11 10:22:33 - INFO - [Epoch 13] Step 1000/2287 - loss: 0.5537
2025-11-11 10:22:46 - INFO - [Epoch 13] Step 1100/2287 - loss: 0.5552
2025-11-11 10:22:59 - INFO - [Epoch 13] Step 1200/2287 - loss: 0.5561
2025-11-11 10:23:12 - INFO - [Epoch 13] Step 1300/2287 - loss: 0.5556
2025-11-11 10:23:24 - INFO - [Epoch 13] Step 1400/2287 - loss: 0.5557
2025-11-11 10:23:37 - INFO - [Epoch 13] Step 1500/2287 - loss: 0.5541
2025-11-11 10:23:50 - INFO - [Epoch 13] Step 1600/2287 - loss: 0.5531
2025-11-11 10:24:02 - INFO - [Epoch 13] Step 1700/2287 - loss: 0.5519
2025-11-11 10:24:15 - INFO - [Epoch 13] Step 1800/2287 - loss: 0.5496
2025-11-11 10:24:28 - INFO - [Epoch 13] Step 1900/2287 - loss: 0.5500
2025-11-11 10:24:40 - INFO - [Epoch 13] Step 2000/2287 - loss: 0.5500
2025-11-11 10:24:53 - INFO - [Epoch 13] Step 2100/2287 - loss: 0.5524
2025-11-11 10:25:06 - INFO - [Epoch 13] Step 2200/2287 - loss: 0.5524
2025-11-11 10:25:17 - INFO - [Epoch 13] Step 2287/2287 - loss: 0.5516
2025-11-11 10:25:20 - INFO - [Epoch 13] Top misclassified classes: 7: 1/17 (acc=0.941), 14: 1/17 (acc=0.941), 0: 0/17 (acc=1.000), 1: 0/17 (acc=1.000), 4: 0/17 (acc=1.000), 8: 0/17 (acc=1.000), 9: 0/17 (acc=1.000), 10: 0/17 (acc=1.000), 11: 0/17 (acc=1.000), 2: 0/16 (acc=1.000)
2025-11-11 10:25:21 - INFO - Epoch 13/20 - train_loss: 0.5516 - val_loss: 0.3651 - f1: 0.9932
2025-11-11 10:25:35 - INFO - [Epoch 14] Step 100/2287 - loss: 0.5231
2025-11-11 10:25:47 - INFO - [Epoch 14] Step 200/2287 - loss: 0.5362
2025-11-11 10:26:00 - INFO - [Epoch 14] Step 300/2287 - loss: 0.5242
2025-11-11 10:26:13 - INFO - [Epoch 14] Step 400/2287 - loss: 0.5269
2025-11-11 10:26:25 - INFO - [Epoch 14] Step 500/2287 - loss: 0.5250
2025-11-11 10:26:38 - INFO - [Epoch 14] Step 600/2287 - loss: 0.5226
2025-11-11 10:26:51 - INFO - [Epoch 14] Step 700/2287 - loss: 0.5299
2025-11-11 10:27:04 - INFO - [Epoch 14] Step 800/2287 - loss: 0.5302
2025-11-11 10:27:17 - INFO - [Epoch 14] Step 900/2287 - loss: 0.5299
2025-11-11 10:27:30 - INFO - [Epoch 14] Step 1000/2287 - loss: 0.5301
2025-11-11 10:27:42 - INFO - [Epoch 14] Step 1100/2287 - loss: 0.5288
2025-11-11 10:27:55 - INFO - [Epoch 14] Step 1200/2287 - loss: 0.5281
2025-11-11 10:28:08 - INFO - [Epoch 14] Step 1300/2287 - loss: 0.5273
2025-11-11 10:28:20 - INFO - [Epoch 14] Step 1400/2287 - loss: 0.5224
2025-11-11 10:28:33 - INFO - [Epoch 14] Step 1500/2287 - loss: 0.5244
2025-11-11 10:28:46 - INFO - [Epoch 14] Step 1600/2287 - loss: 0.5246
2025-11-11 10:28:58 - INFO - [Epoch 14] Step 1700/2287 - loss: 0.5260
2025-11-11 10:29:11 - INFO - [Epoch 14] Step 1800/2287 - loss: 0.5259
2025-11-11 10:29:24 - INFO - [Epoch 14] Step 1900/2287 - loss: 0.5253
2025-11-11 10:29:36 - INFO - [Epoch 14] Step 2000/2287 - loss: 0.5258
2025-11-11 10:29:49 - INFO - [Epoch 14] Step 2100/2287 - loss: 0.5261
2025-11-11 10:30:01 - INFO - [Epoch 14] Step 2200/2287 - loss: 0.5251
2025-11-11 10:30:12 - INFO - [Epoch 14] Step 2287/2287 - loss: 0.5270
2025-11-11 10:30:15 - INFO - [Epoch 14] Top misclassified classes: 0: 0/17 (acc=1.000), 1: 0/17 (acc=1.000), 4: 0/17 (acc=1.000), 7: 0/17 (acc=1.000), 8: 0/17 (acc=1.000), 9: 0/17 (acc=1.000), 10: 0/17 (acc=1.000), 11: 0/17 (acc=1.000), 14: 0/17 (acc=1.000), 2: 0/16 (acc=1.000)
2025-11-11 10:30:17 - INFO - Epoch 14/20 - train_loss: 0.5270 - val_loss: 0.3365 - f1: 1.0000
2025-11-11 10:30:30 - INFO - [Epoch 15] Step 100/2287 - loss: 0.5683
2025-11-11 10:30:43 - INFO - [Epoch 15] Step 200/2287 - loss: 0.5400
2025-11-11 10:30:56 - INFO - [Epoch 15] Step 300/2287 - loss: 0.5286
2025-11-11 10:31:08 - INFO - [Epoch 15] Step 400/2287 - loss: 0.5256
2025-11-11 10:31:21 - INFO - [Epoch 15] Step 500/2287 - loss: 0.5224
2025-11-11 10:31:34 - INFO - [Epoch 15] Step 600/2287 - loss: 0.5185
2025-11-11 10:31:46 - INFO - [Epoch 15] Step 700/2287 - loss: 0.5178
2025-11-11 10:31:59 - INFO - [Epoch 15] Step 800/2287 - loss: 0.5160
2025-11-11 10:32:12 - INFO - [Epoch 15] Step 900/2287 - loss: 0.5127
2025-11-11 10:32:24 - INFO - [Epoch 15] Step 1000/2287 - loss: 0.5088
2025-11-11 10:32:37 - INFO - [Epoch 15] Step 1100/2287 - loss: 0.5082
2025-11-11 10:32:50 - INFO - [Epoch 15] Step 1200/2287 - loss: 0.5065
2025-11-11 10:33:02 - INFO - [Epoch 15] Step 1300/2287 - loss: 0.5060
2025-11-11 10:33:15 - INFO - [Epoch 15] Step 1400/2287 - loss: 0.5031
2025-11-11 10:33:28 - INFO - [Epoch 15] Step 1500/2287 - loss: 0.5027
2025-11-11 10:33:41 - INFO - [Epoch 15] Step 1600/2287 - loss: 0.5024
2025-11-11 10:33:54 - INFO - [Epoch 15] Step 1700/2287 - loss: 0.5031
2025-11-11 10:34:07 - INFO - [Epoch 15] Step 1800/2287 - loss: 0.5059
2025-11-11 10:34:19 - INFO - [Epoch 15] Step 1900/2287 - loss: 0.5072
2025-11-11 10:34:32 - INFO - [Epoch 15] Step 2000/2287 - loss: 0.5062
2025-11-11 10:34:44 - INFO - [Epoch 15] Step 2100/2287 - loss: 0.5051
2025-11-11 10:34:57 - INFO - [Epoch 15] Step 2200/2287 - loss: 0.5063
2025-11-11 10:35:08 - INFO - [Epoch 15] Step 2287/2287 - loss: 0.5081
2025-11-11 10:35:11 - INFO - [Epoch 15] Top misclassified classes: 3: 1/16 (acc=0.938), 0: 0/17 (acc=1.000), 1: 0/17 (acc=1.000), 4: 0/17 (acc=1.000), 7: 0/17 (acc=1.000), 8: 0/17 (acc=1.000), 9: 0/17 (acc=1.000), 10: 0/17 (acc=1.000), 11: 0/17 (acc=1.000), 14: 0/17 (acc=1.000)
2025-11-11 10:35:11 - INFO - Epoch 15/20 - train_loss: 0.5081 - val_loss: 0.3425 - f1: 0.9964
2025-11-11 10:35:25 - INFO - [Epoch 16] Step 100/2287 - loss: 0.5321
2025-11-11 10:35:37 - INFO - [Epoch 16] Step 200/2287 - loss: 0.5091
2025-11-11 10:35:50 - INFO - [Epoch 16] Step 300/2287 - loss: 0.5000
2025-11-11 10:36:03 - INFO - [Epoch 16] Step 400/2287 - loss: 0.5065
2025-11-11 10:36:16 - INFO - [Epoch 16] Step 500/2287 - loss: 0.5056
2025-11-11 10:36:28 - INFO - [Epoch 16] Step 600/2287 - loss: 0.5115
2025-11-11 10:36:41 - INFO - [Epoch 16] Step 700/2287 - loss: 0.5132
2025-11-11 10:36:54 - INFO - [Epoch 16] Step 800/2287 - loss: 0.5129
2025-11-11 10:37:07 - INFO - [Epoch 16] Step 900/2287 - loss: 0.5109
2025-11-11 10:37:19 - INFO - [Epoch 16] Step 1000/2287 - loss: 0.5106
2025-11-11 10:37:32 - INFO - [Epoch 16] Step 1100/2287 - loss: 0.5139
2025-11-11 10:37:45 - INFO - [Epoch 16] Step 1200/2287 - loss: 0.5121
2025-11-11 10:37:57 - INFO - [Epoch 16] Step 1300/2287 - loss: 0.5107
2025-11-11 10:38:10 - INFO - [Epoch 16] Step 1400/2287 - loss: 0.5096
2025-11-11 10:38:23 - INFO - [Epoch 16] Step 1500/2287 - loss: 0.5074
2025-11-11 10:38:35 - INFO - [Epoch 16] Step 1600/2287 - loss: 0.5055
2025-11-11 10:38:48 - INFO - [Epoch 16] Step 1700/2287 - loss: 0.5041
2025-11-11 10:39:01 - INFO - [Epoch 16] Step 1800/2287 - loss: 0.5035
2025-11-11 10:39:13 - INFO - [Epoch 16] Step 1900/2287 - loss: 0.5044
2025-11-11 10:39:25 - INFO - [Epoch 16] Step 2000/2287 - loss: 0.5024
2025-11-11 10:39:38 - INFO - [Epoch 16] Step 2100/2287 - loss: 0.5008
2025-11-11 10:39:51 - INFO - [Epoch 16] Step 2200/2287 - loss: 0.5004
2025-11-11 10:40:02 - INFO - [Epoch 16] Step 2287/2287 - loss: 0.5001
2025-11-11 10:40:05 - INFO - [Epoch 16] Top misclassified classes: 0: 0/17 (acc=1.000), 1: 0/17 (acc=1.000), 4: 0/17 (acc=1.000), 7: 0/17 (acc=1.000), 8: 0/17 (acc=1.000), 9: 0/17 (acc=1.000), 10: 0/17 (acc=1.000), 11: 0/17 (acc=1.000), 14: 0/17 (acc=1.000), 2: 0/16 (acc=1.000)
2025-11-11 10:40:05 - INFO - Epoch 16/20 - train_loss: 0.5001 - val_loss: 0.3324 - f1: 1.0000
2025-11-11 10:40:18 - INFO - [Epoch 17] Step 100/2287 - loss: 0.5374
2025-11-11 10:40:31 - INFO - [Epoch 17] Step 200/2287 - loss: 0.5303
2025-11-11 10:40:44 - INFO - [Epoch 17] Step 300/2287 - loss: 0.5193
2025-11-11 10:40:56 - INFO - [Epoch 17] Step 400/2287 - loss: 0.5095
2025-11-11 10:41:09 - INFO - [Epoch 17] Step 500/2287 - loss: 0.5108
2025-11-11 10:41:22 - INFO - [Epoch 17] Step 600/2287 - loss: 0.5093
2025-11-11 10:41:35 - INFO - [Epoch 17] Step 700/2287 - loss: 0.5059
2025-11-11 10:41:47 - INFO - [Epoch 17] Step 800/2287 - loss: 0.5049
2025-11-11 10:42:00 - INFO - [Epoch 17] Step 900/2287 - loss: 0.5038
2025-11-11 10:42:13 - INFO - [Epoch 17] Step 1000/2287 - loss: 0.4998
2025-11-11 10:42:25 - INFO - [Epoch 17] Step 1100/2287 - loss: 0.4951
2025-11-11 10:42:38 - INFO - [Epoch 17] Step 1200/2287 - loss: 0.4921
2025-11-11 10:42:51 - INFO - [Epoch 17] Step 1300/2287 - loss: 0.4924
2025-11-11 10:43:04 - INFO - [Epoch 17] Step 1400/2287 - loss: 0.4935
2025-11-11 10:43:17 - INFO - [Epoch 17] Step 1500/2287 - loss: 0.4911
2025-11-11 10:43:30 - INFO - [Epoch 17] Step 1600/2287 - loss: 0.4903
2025-11-11 10:43:42 - INFO - [Epoch 17] Step 1700/2287 - loss: 0.4919
2025-11-11 10:43:55 - INFO - [Epoch 17] Step 1800/2287 - loss: 0.4911
2025-11-11 10:44:08 - INFO - [Epoch 17] Step 1900/2287 - loss: 0.4920
2025-11-11 10:44:21 - INFO - [Epoch 17] Step 2000/2287 - loss: 0.4919
2025-11-11 10:44:34 - INFO - [Epoch 17] Step 2100/2287 - loss: 0.4908
2025-11-11 10:44:46 - INFO - [Epoch 17] Step 2200/2287 - loss: 0.4917
2025-11-11 10:44:57 - INFO - [Epoch 17] Step 2287/2287 - loss: 0.4901
2025-11-11 10:45:00 - INFO - [Epoch 17] Top misclassified classes: 0: 0/17 (acc=1.000), 1: 0/17 (acc=1.000), 4: 0/17 (acc=1.000), 7: 0/17 (acc=1.000), 8: 0/17 (acc=1.000), 9: 0/17 (acc=1.000), 10: 0/17 (acc=1.000), 11: 0/17 (acc=1.000), 14: 0/17 (acc=1.000), 2: 0/16 (acc=1.000)
2025-11-11 10:45:00 - INFO - Epoch 17/20 - train_loss: 0.4901 - val_loss: 0.3286 - f1: 1.0000
2025-11-11 10:45:14 - INFO - [Epoch 18] Step 100/2287 - loss: 0.5420
2025-11-11 10:45:27 - INFO - [Epoch 18] Step 200/2287 - loss: 0.4860
2025-11-11 10:45:40 - INFO - [Epoch 18] Step 300/2287 - loss: 0.4854
2025-11-11 10:45:52 - INFO - [Epoch 18] Step 400/2287 - loss: 0.4794
2025-11-11 10:46:05 - INFO - [Epoch 18] Step 500/2287 - loss: 0.4884
2025-11-11 10:46:18 - INFO - [Epoch 18] Step 600/2287 - loss: 0.4816
2025-11-11 10:46:31 - INFO - [Epoch 18] Step 700/2287 - loss: 0.4780
2025-11-11 10:46:43 - INFO - [Epoch 18] Step 800/2287 - loss: 0.4810
2025-11-11 10:46:56 - INFO - [Epoch 18] Step 900/2287 - loss: 0.4796
2025-11-11 10:47:08 - INFO - [Epoch 18] Step 1000/2287 - loss: 0.4811
2025-11-11 10:47:21 - INFO - [Epoch 18] Step 1100/2287 - loss: 0.4812
2025-11-11 10:47:34 - INFO - [Epoch 18] Step 1200/2287 - loss: 0.4832
2025-11-11 10:47:47 - INFO - [Epoch 18] Step 1300/2287 - loss: 0.4826
2025-11-11 10:47:59 - INFO - [Epoch 18] Step 1400/2287 - loss: 0.4845
2025-11-11 10:48:12 - INFO - [Epoch 18] Step 1500/2287 - loss: 0.4864
2025-11-11 10:48:25 - INFO - [Epoch 18] Step 1600/2287 - loss: 0.4850
2025-11-11 10:48:37 - INFO - [Epoch 18] Step 1700/2287 - loss: 0.4824
2025-11-11 10:48:50 - INFO - [Epoch 18] Step 1800/2287 - loss: 0.4837
2025-11-11 10:49:03 - INFO - [Epoch 18] Step 1900/2287 - loss: 0.4844
2025-11-11 10:49:16 - INFO - [Epoch 18] Step 2000/2287 - loss: 0.4855
2025-11-11 10:49:29 - INFO - [Epoch 18] Step 2100/2287 - loss: 0.4845
2025-11-11 10:49:41 - INFO - [Epoch 18] Step 2200/2287 - loss: 0.4836
2025-11-11 10:49:52 - INFO - [Epoch 18] Step 2287/2287 - loss: 0.4814
2025-11-11 10:49:55 - INFO - [Epoch 18] Top misclassified classes: 0: 0/17 (acc=1.000), 1: 0/17 (acc=1.000), 4: 0/17 (acc=1.000), 7: 0/17 (acc=1.000), 8: 0/17 (acc=1.000), 9: 0/17 (acc=1.000), 10: 0/17 (acc=1.000), 11: 0/17 (acc=1.000), 14: 0/17 (acc=1.000), 2: 0/16 (acc=1.000)
2025-11-11 10:49:56 - INFO - Epoch 18/20 - train_loss: 0.4814 - val_loss: 0.3288 - f1: 1.0000
2025-11-11 10:50:09 - INFO - [Epoch 19] Step 100/2287 - loss: 0.4613
2025-11-11 10:50:22 - INFO - [Epoch 19] Step 200/2287 - loss: 0.4774
2025-11-11 10:50:34 - INFO - [Epoch 19] Step 300/2287 - loss: 0.4683
2025-11-11 10:50:47 - INFO - [Epoch 19] Step 400/2287 - loss: 0.4721
2025-11-11 10:51:00 - INFO - [Epoch 19] Step 500/2287 - loss: 0.4726
2025-11-11 10:51:13 - INFO - [Epoch 19] Step 600/2287 - loss: 0.4743
2025-11-11 10:51:25 - INFO - [Epoch 19] Step 700/2287 - loss: 0.4835
2025-11-11 10:51:38 - INFO - [Epoch 19] Step 800/2287 - loss: 0.4800
2025-11-11 10:51:51 - INFO - [Epoch 19] Step 900/2287 - loss: 0.4782
2025-11-11 10:52:04 - INFO - [Epoch 19] Step 1000/2287 - loss: 0.4790
2025-11-11 10:52:16 - INFO - [Epoch 19] Step 1100/2287 - loss: 0.4753
2025-11-11 10:52:29 - INFO - [Epoch 19] Step 1200/2287 - loss: 0.4764
2025-11-11 10:52:42 - INFO - [Epoch 19] Step 1300/2287 - loss: 0.4750
2025-11-11 10:52:54 - INFO - [Epoch 19] Step 1400/2287 - loss: 0.4750
2025-11-11 10:53:08 - INFO - [Epoch 19] Step 1500/2287 - loss: 0.4761
2025-11-11 10:53:20 - INFO - [Epoch 19] Step 1600/2287 - loss: 0.4768
2025-11-11 10:53:33 - INFO - [Epoch 19] Step 1700/2287 - loss: 0.4765
2025-11-11 10:53:46 - INFO - [Epoch 19] Step 1800/2287 - loss: 0.4753
2025-11-11 10:53:58 - INFO - [Epoch 19] Step 1900/2287 - loss: 0.4727
2025-11-11 10:54:11 - INFO - [Epoch 19] Step 2000/2287 - loss: 0.4725
2025-11-11 10:54:24 - INFO - [Epoch 19] Step 2100/2287 - loss: 0.4731
2025-11-11 10:54:36 - INFO - [Epoch 19] Step 2200/2287 - loss: 0.4726
2025-11-11 10:54:47 - INFO - [Epoch 19] Step 2287/2287 - loss: 0.4721
2025-11-11 10:54:50 - INFO - [Epoch 19] Top misclassified classes: 0: 0/17 (acc=1.000), 1: 0/17 (acc=1.000), 4: 0/17 (acc=1.000), 7: 0/17 (acc=1.000), 8: 0/17 (acc=1.000), 9: 0/17 (acc=1.000), 10: 0/17 (acc=1.000), 11: 0/17 (acc=1.000), 14: 0/17 (acc=1.000), 2: 0/16 (acc=1.000)
2025-11-11 10:54:50 - INFO - Epoch 19/20 - train_loss: 0.4721 - val_loss: 0.3285 - f1: 1.0000
2025-11-11 10:55:04 - INFO - [Epoch 20] Step 100/2287 - loss: 0.4520
2025-11-11 10:55:17 - INFO - [Epoch 20] Step 200/2287 - loss: 0.4738
2025-11-11 10:55:30 - INFO - [Epoch 20] Step 300/2287 - loss: 0.4732
2025-11-11 10:55:42 - INFO - [Epoch 20] Step 400/2287 - loss: 0.4662
2025-11-11 10:55:55 - INFO - [Epoch 20] Step 500/2287 - loss: 0.4648
2025-11-11 10:56:08 - INFO - [Epoch 20] Step 600/2287 - loss: 0.4675
2025-11-11 10:56:21 - INFO - [Epoch 20] Step 700/2287 - loss: 0.4657
2025-11-11 10:56:34 - INFO - [Epoch 20] Step 800/2287 - loss: 0.4682
2025-11-11 10:56:46 - INFO - [Epoch 20] Step 900/2287 - loss: 0.4674
2025-11-11 10:56:59 - INFO - [Epoch 20] Step 1000/2287 - loss: 0.4717
2025-11-11 10:57:12 - INFO - [Epoch 20] Step 1100/2287 - loss: 0.4749
2025-11-11 10:57:25 - INFO - [Epoch 20] Step 1200/2287 - loss: 0.4730
2025-11-11 10:57:38 - INFO - [Epoch 20] Step 1300/2287 - loss: 0.4696
2025-11-11 10:57:51 - INFO - [Epoch 20] Step 1400/2287 - loss: 0.4722
2025-11-11 10:58:03 - INFO - [Epoch 20] Step 1500/2287 - loss: 0.4689
2025-11-11 10:58:16 - INFO - [Epoch 20] Step 1600/2287 - loss: 0.4687
2025-11-11 10:58:29 - INFO - [Epoch 20] Step 1700/2287 - loss: 0.4685
2025-11-11 10:58:42 - INFO - [Epoch 20] Step 1800/2287 - loss: 0.4695
2025-11-11 10:58:54 - INFO - [Epoch 20] Step 1900/2287 - loss: 0.4697
2025-11-11 10:59:07 - INFO - [Epoch 20] Step 2000/2287 - loss: 0.4715
2025-11-11 10:59:20 - INFO - [Epoch 20] Step 2100/2287 - loss: 0.4734
2025-11-11 10:59:33 - INFO - [Epoch 20] Step 2200/2287 - loss: 0.4735
2025-11-11 10:59:44 - INFO - [Epoch 20] Step 2287/2287 - loss: 0.4727
2025-11-11 10:59:46 - INFO - [Epoch 20] Top misclassified classes: 0: 0/17 (acc=1.000), 1: 0/17 (acc=1.000), 4: 0/17 (acc=1.000), 7: 0/17 (acc=1.000), 8: 0/17 (acc=1.000), 9: 0/17 (acc=1.000), 10: 0/17 (acc=1.000), 11: 0/17 (acc=1.000), 14: 0/17 (acc=1.000), 2: 0/16 (acc=1.000)
2025-11-11 10:59:47 - INFO - Epoch 20/20 - train_loss: 0.4727 - val_loss: 0.3263 - f1: 1.0000
2025-11-11 10:59:47 - INFO - Best epoch: 14 (1.0000)
2025-11-11 10:59:47 - INFO - Best f1: 1.0000
