2025-11-11 05:39:42 - INFO - Starting run: 20251111-053942_swin_large_patch4_window12_384_in22k_384px_rot90_jitter_affine_rrc_no-reg_ls0.05_cosine
2025-11-11 05:39:42 - INFO - Configuration:
{
  "experiment": {
    "name": "swin_large_patch4_window12_384_in22k_offline",
    "seed": 2024,
    "deterministic": false
  },
  "paths": {
    "data_root": "data/processed/offline_aug",
    "train_csv": "data/processed/offline_aug/train_offline_aug.csv",
    "meta_csv": "data/raw/meta.csv",
    "image_dir": "data/processed/offline_aug/images",
    "test_dir": "data/raw/test",
    "output_root": "outputs"
  },
  "data": {
    "num_classes": 17,
    "input_size": 384,
    "mean": [
      0.485,
      0.456,
      0.406
    ],
    "std": [
      0.229,
      0.224,
      0.225
    ],
    "excluded_ids": [],
    "loader": {
      "batch_size": 12,
      "num_workers": 8,
      "pin_memory": true,
      "persistent_workers": true,
      "prefetch_factor": 2
    }
  },
  "split": {
    "n_splits": 6,
    "fold_index": 4,
    "seed": 2024,
    "predefined_split": "splits/fold_indices_offline.pkl"
  },
  "sampler": {
    "name": "weighted_random",
    "minority_classes": [
      1,
      13,
      14
    ],
    "weights_power": 0.85,
    "replacement": true
  },
  "augmentations": {
    "name": "rot90_jitter_affine_rrc",
    "use_reference_pipeline": true,
    "random_resized_crop_scale": [
      0.95,
      1.0
    ],
    "random_resized_crop_ratio": [
      0.9,
      1.1
    ],
    "random_rotate90": true,
    "random_rotate90_prob": 0.5,
    "max_rotate": 12,
    "rotate_prob": 1.0,
    "affine_scale": [
      0.95,
      1.05
    ],
    "affine_translate": [
      0.05,
      0.05
    ],
    "horizontal_flip": true,
    "horizontal_flip_prob": 0.5,
    "brightness_contrast": [
      0.1,
      0.1
    ],
    "color_jitter": {
      "p": 0.35,
      "brightness": 0.25,
      "contrast": 0.1,
      "saturation": 0.15,
      "hue": 0.0
    },
    "blur": {
      "p": 0.35,
      "blur_limit": [
        3,
        7
      ],
      "sigma_limit": [
        0.2,
        1.0
      ]
    }
  },
  "regularization": {
    "mixup_alpha": 0.0,
    "cutmix_alpha": 0.0,
    "tag": "no-reg"
  },
  "model": {
    "name": "swin_large_patch4_window12_384_in22k",
    "pretrained": true,
    "checkpoint": null,
    "drop_path_rate": 0.2,
    "use_checkpoint": true
  },
  "loss": {
    "name": "cross_entropy",
    "label_smoothing": 0.05
  },
  "optimizer": {
    "name": "adamw",
    "lr": 8e-05,
    "weight_decay": 0.05,
    "betas": [
      0.9,
      0.999
    ]
  },
  "scheduler": {
    "name": "cosine",
    "warmup_epochs": 3,
    "min_lr": 1e-06
  },
  "training": {
    "epochs": 20,
    "amp": true,
    "grad_clip_norm": null,
    "save_best_metric": "f1",
    "validation_interval": 1,
    "early_stopping": {
      "patience": 3,
      "min_delta": 0.0005,
      "mode": "max"
    },
    "ema": {
      "enabled": false
    },
    "swa": {
      "enabled": false
    }
  },
  "logging": {
    "project": "document_type_classification",
    "log_interval": 50
  },
  "submission": {
    "metric_name": "f1",
    "leaderboard_score": 0.0,
    "tta": {
      "enabled": true,
      "rotations": [
        0,
        90,
        180,
        270
      ],
      "jitter_degrees": 0,
      "horizontal_flip": true,
      "vertical_flip": false
    }
  },
  "performance": {
    "allow_tf32": true,
    "matmul_precision": "high",
    "cudnn_benchmark": true,
    "channels_last": true
  }
}
/opt/conda/lib/python3.10/site-packages/timm/models/_factory.py:117: UserWarning: Mapping deprecated model name swin_large_patch4_window12_384_in22k to current swin_large_patch4_window12_384.ms_in22k.
  model = create_fn(
/opt/conda/lib/python3.10/site-packages/torch/functional.py:504: UserWarning: torch.meshgrid: in an upcoming release, it will be required to pass the indexing argument. (Triggered internally at /opt/conda/conda-bld/pytorch_1695392020201/work/aten/src/ATen/native/TensorShape.cpp:3526.)
  return _VF.meshgrid(tensors, **kwargs)  # type: ignore[attr-defined]
2025-11-11 05:40:02 - INFO - [Epoch 1] Step 50/972 - loss: 2.9364
2025-11-11 05:40:18 - INFO - [Epoch 1] Step 100/972 - loss: 2.9244
2025-11-11 05:40:33 - INFO - [Epoch 1] Step 150/972 - loss: 2.9145
2025-11-11 05:40:48 - INFO - [Epoch 1] Step 200/972 - loss: 2.9188
2025-11-11 05:41:03 - INFO - [Epoch 1] Step 250/972 - loss: 2.9145
2025-11-11 05:41:19 - INFO - [Epoch 1] Step 300/972 - loss: 2.9144
2025-11-11 05:41:34 - INFO - [Epoch 1] Step 350/972 - loss: 2.9093
2025-11-11 05:41:49 - INFO - [Epoch 1] Step 400/972 - loss: 2.9098
2025-11-11 05:42:05 - INFO - [Epoch 1] Step 450/972 - loss: 2.9068
2025-11-11 05:42:20 - INFO - [Epoch 1] Step 500/972 - loss: 2.9032
2025-11-11 05:42:36 - INFO - [Epoch 1] Step 550/972 - loss: 2.9019
2025-11-11 05:42:51 - INFO - [Epoch 1] Step 600/972 - loss: 2.8995
2025-11-11 05:43:06 - INFO - [Epoch 1] Step 650/972 - loss: 2.8978
2025-11-11 05:43:22 - INFO - [Epoch 1] Step 700/972 - loss: 2.8946
2025-11-11 05:43:37 - INFO - [Epoch 1] Step 750/972 - loss: 2.8925
2025-11-11 05:43:52 - INFO - [Epoch 1] Step 800/972 - loss: 2.8912
2025-11-11 05:44:08 - INFO - [Epoch 1] Step 850/972 - loss: 2.8896
2025-11-11 05:44:23 - INFO - [Epoch 1] Step 900/972 - loss: 2.8885
2025-11-11 05:44:38 - INFO - [Epoch 1] Step 950/972 - loss: 2.8876
2025-11-11 05:44:45 - INFO - [Epoch 1] Step 972/972 - loss: 2.8874
2025-11-11 05:45:14 - INFO - [Epoch 1] Top misclassified classes: 4: 138/138 (acc=0.000), 14: 138/138 (acc=0.000), 7: 137/138 (acc=0.007), 15: 137/137 (acc=0.000), 1: 136/137 (acc=0.007), 3: 136/137 (acc=0.007), 6: 136/137 (acc=0.007), 9: 136/137 (acc=0.007), 5: 134/137 (acc=0.022), 12: 131/137 (acc=0.044)
2025-11-11 05:45:16 - INFO - Epoch 1/20 - train_loss: 2.8874 - val_loss: 2.8310 - f1: 0.0644
2025-11-11 05:45:32 - INFO - [Epoch 2] Step 50/972 - loss: 2.4303
2025-11-11 05:45:48 - INFO - [Epoch 2] Step 100/972 - loss: 2.0578
2025-11-11 05:46:03 - INFO - [Epoch 2] Step 150/972 - loss: 1.8112
2025-11-11 05:46:18 - INFO - [Epoch 2] Step 200/972 - loss: 1.6694
2025-11-11 05:46:34 - INFO - [Epoch 2] Step 250/972 - loss: 1.5590
2025-11-11 05:46:49 - INFO - [Epoch 2] Step 300/972 - loss: 1.4796
2025-11-11 05:47:04 - INFO - [Epoch 2] Step 350/972 - loss: 1.4152
2025-11-11 05:47:20 - INFO - [Epoch 2] Step 400/972 - loss: 1.3559
2025-11-11 05:47:35 - INFO - [Epoch 2] Step 450/972 - loss: 1.3135
2025-11-11 05:47:50 - INFO - [Epoch 2] Step 500/972 - loss: 1.2818
2025-11-11 05:48:06 - INFO - [Epoch 2] Step 550/972 - loss: 1.2464
2025-11-11 05:48:21 - INFO - [Epoch 2] Step 600/972 - loss: 1.2199
2025-11-11 05:48:37 - INFO - [Epoch 2] Step 650/972 - loss: 1.1967
2025-11-11 05:48:52 - INFO - [Epoch 2] Step 700/972 - loss: 1.1754
2025-11-11 05:49:07 - INFO - [Epoch 2] Step 750/972 - loss: 1.1504
2025-11-11 05:49:23 - INFO - [Epoch 2] Step 800/972 - loss: 1.1280
2025-11-11 05:49:38 - INFO - [Epoch 2] Step 850/972 - loss: 1.1086
2025-11-11 05:49:53 - INFO - [Epoch 2] Step 900/972 - loss: 1.0933
2025-11-11 05:50:09 - INFO - [Epoch 2] Step 950/972 - loss: 1.0781
2025-11-11 05:50:15 - INFO - [Epoch 2] Step 972/972 - loss: 1.0730
2025-11-11 05:50:44 - INFO - [Epoch 2] Top misclassified classes: 7: 131/138 (acc=0.051), 4: 54/138 (acc=0.609), 3: 30/137 (acc=0.781), 14: 21/138 (acc=0.848), 10: 9/137 (acc=0.934), 13: 7/137 (acc=0.949), 12: 6/137 (acc=0.956), 6: 4/137 (acc=0.971), 11: 4/137 (acc=0.971), 1: 3/137 (acc=0.978)
2025-11-11 05:50:47 - INFO - Epoch 2/20 - train_loss: 1.0730 - val_loss: 0.6310 - f1: 0.8685
2025-11-11 05:51:03 - INFO - [Epoch 3] Step 50/972 - loss: 0.8373
2025-11-11 05:51:18 - INFO - [Epoch 3] Step 100/972 - loss: 0.8535
2025-11-11 05:51:33 - INFO - [Epoch 3] Step 150/972 - loss: 0.8432
2025-11-11 05:51:49 - INFO - [Epoch 3] Step 200/972 - loss: 0.8567
2025-11-11 05:52:04 - INFO - [Epoch 3] Step 250/972 - loss: 0.8463
2025-11-11 05:52:19 - INFO - [Epoch 3] Step 300/972 - loss: 0.8457
2025-11-11 05:52:35 - INFO - [Epoch 3] Step 350/972 - loss: 0.8437
2025-11-11 05:52:50 - INFO - [Epoch 3] Step 400/972 - loss: 0.8363
2025-11-11 05:53:05 - INFO - [Epoch 3] Step 450/972 - loss: 0.8268
2025-11-11 05:53:21 - INFO - [Epoch 3] Step 500/972 - loss: 0.8233
2025-11-11 05:53:36 - INFO - [Epoch 3] Step 550/972 - loss: 0.8248
2025-11-11 05:53:51 - INFO - [Epoch 3] Step 600/972 - loss: 0.8247
2025-11-11 05:54:07 - INFO - [Epoch 3] Step 650/972 - loss: 0.8170
2025-11-11 05:54:22 - INFO - [Epoch 3] Step 700/972 - loss: 0.8122
2025-11-11 05:54:37 - INFO - [Epoch 3] Step 750/972 - loss: 0.8080
2025-11-11 05:54:53 - INFO - [Epoch 3] Step 800/972 - loss: 0.8030
2025-11-11 05:55:08 - INFO - [Epoch 3] Step 850/972 - loss: 0.7963
2025-11-11 05:55:23 - INFO - [Epoch 3] Step 900/972 - loss: 0.7909
2025-11-11 05:55:39 - INFO - [Epoch 3] Step 950/972 - loss: 0.7902
2025-11-11 05:55:45 - INFO - [Epoch 3] Step 972/972 - loss: 0.7902
/opt/conda/lib/python3.10/site-packages/torch/optim/lr_scheduler.py:149: UserWarning: The epoch parameter in `scheduler.step()` was not necessary and is being deprecated where possible. Please use `scheduler.step()` to step the scheduler. During the deprecation, if epoch is different from None, the closed form is used instead of the new chainable form, where available. Please open an issue if you are unable to replicate your use case: https://github.com/pytorch/pytorch/issues/new/choose.
  warnings.warn(EPOCH_DEPRECATION_WARNING, UserWarning)
2025-11-11 05:56:14 - INFO - [Epoch 3] Top misclassified classes: 7: 71/138 (acc=0.486), 3: 63/137 (acc=0.540), 14: 45/138 (acc=0.674), 4: 22/138 (acc=0.841), 10: 18/137 (acc=0.869), 12: 6/137 (acc=0.956), 13: 6/137 (acc=0.956), 11: 2/137 (acc=0.985), 5: 1/137 (acc=0.993), 6: 1/137 (acc=0.993)
2025-11-11 05:56:17 - INFO - Epoch 3/20 - train_loss: 0.7902 - val_loss: 0.5624 - f1: 0.8981
2025-11-11 05:56:33 - INFO - [Epoch 4] Step 50/972 - loss: 0.7638
2025-11-11 05:56:48 - INFO - [Epoch 4] Step 100/972 - loss: 0.7765
2025-11-11 05:57:03 - INFO - [Epoch 4] Step 150/972 - loss: 0.7786
2025-11-11 05:57:19 - INFO - [Epoch 4] Step 200/972 - loss: 0.7735
2025-11-11 05:57:34 - INFO - [Epoch 4] Step 250/972 - loss: 0.7725
2025-11-11 05:57:49 - INFO - [Epoch 4] Step 300/972 - loss: 0.7718
2025-11-11 05:58:05 - INFO - [Epoch 4] Step 350/972 - loss: 0.7687
2025-11-11 05:58:20 - INFO - [Epoch 4] Step 400/972 - loss: 0.7657
2025-11-11 05:58:35 - INFO - [Epoch 4] Step 450/972 - loss: 0.7579
2025-11-11 05:58:51 - INFO - [Epoch 4] Step 500/972 - loss: 0.7593
2025-11-11 05:59:06 - INFO - [Epoch 4] Step 550/972 - loss: 0.7587
2025-11-11 05:59:21 - INFO - [Epoch 4] Step 600/972 - loss: 0.7500
2025-11-11 05:59:37 - INFO - [Epoch 4] Step 650/972 - loss: 0.7488
2025-11-11 05:59:52 - INFO - [Epoch 4] Step 700/972 - loss: 0.7436
2025-11-11 06:00:07 - INFO - [Epoch 4] Step 750/972 - loss: 0.7415
2025-11-11 06:00:23 - INFO - [Epoch 4] Step 800/972 - loss: 0.7422
2025-11-11 06:00:38 - INFO - [Epoch 4] Step 850/972 - loss: 0.7383
2025-11-11 06:00:53 - INFO - [Epoch 4] Step 900/972 - loss: 0.7362
2025-11-11 06:01:09 - INFO - [Epoch 4] Step 950/972 - loss: 0.7354
2025-11-11 06:01:15 - INFO - [Epoch 4] Step 972/972 - loss: 0.7339
2025-11-11 06:01:44 - INFO - [Epoch 4] Top misclassified classes: 3: 103/137 (acc=0.248), 7: 21/138 (acc=0.848), 4: 20/138 (acc=0.855), 14: 18/138 (acc=0.870), 10: 5/137 (acc=0.964), 13: 5/137 (acc=0.964), 12: 4/137 (acc=0.971), 11: 3/137 (acc=0.978), 8: 1/138 (acc=0.993), 6: 1/137 (acc=0.993)
2025-11-11 06:01:48 - INFO - Epoch 4/20 - train_loss: 0.7339 - val_loss: 0.5150 - f1: 0.9160
2025-11-11 06:02:04 - INFO - [Epoch 5] Step 50/972 - loss: 0.7201
2025-11-11 06:02:19 - INFO - [Epoch 5] Step 100/972 - loss: 0.7285
2025-11-11 06:02:34 - INFO - [Epoch 5] Step 150/972 - loss: 0.7354
2025-11-11 06:02:50 - INFO - [Epoch 5] Step 200/972 - loss: 0.7315
2025-11-11 06:03:05 - INFO - [Epoch 5] Step 250/972 - loss: 0.7213
2025-11-11 06:03:20 - INFO - [Epoch 5] Step 300/972 - loss: 0.7176
2025-11-11 06:03:36 - INFO - [Epoch 5] Step 350/972 - loss: 0.7156
2025-11-11 06:03:51 - INFO - [Epoch 5] Step 400/972 - loss: 0.7082
2025-11-11 06:04:06 - INFO - [Epoch 5] Step 450/972 - loss: 0.7088
2025-11-11 06:04:22 - INFO - [Epoch 5] Step 500/972 - loss: 0.7007
2025-11-11 06:04:37 - INFO - [Epoch 5] Step 550/972 - loss: 0.6964
2025-11-11 06:04:52 - INFO - [Epoch 5] Step 600/972 - loss: 0.6950
2025-11-11 06:05:08 - INFO - [Epoch 5] Step 650/972 - loss: 0.6961
2025-11-11 06:05:23 - INFO - [Epoch 5] Step 700/972 - loss: 0.7003
2025-11-11 06:05:38 - INFO - [Epoch 5] Step 750/972 - loss: 0.6971
2025-11-11 06:05:54 - INFO - [Epoch 5] Step 800/972 - loss: 0.6965
2025-11-11 06:06:09 - INFO - [Epoch 5] Step 850/972 - loss: 0.6949
2025-11-11 06:06:24 - INFO - [Epoch 5] Step 900/972 - loss: 0.6909
2025-11-11 06:06:40 - INFO - [Epoch 5] Step 950/972 - loss: 0.6909
2025-11-11 06:06:46 - INFO - [Epoch 5] Step 972/972 - loss: 0.6915
2025-11-11 06:07:15 - INFO - [Epoch 5] Top misclassified classes: 3: 103/137 (acc=0.248), 14: 36/138 (acc=0.739), 7: 25/138 (acc=0.819), 4: 12/138 (acc=0.913), 10: 6/137 (acc=0.956), 12: 4/137 (acc=0.971), 13: 3/137 (acc=0.978), 11: 2/137 (acc=0.985), 0: 1/138 (acc=0.993), 8: 1/138 (acc=0.993)
2025-11-11 06:07:15 - INFO - Epoch 5/20 - train_loss: 0.6915 - val_loss: 0.5171 - f1: 0.9101
2025-11-11 06:07:31 - INFO - [Epoch 6] Step 50/972 - loss: 0.6622
2025-11-11 06:07:46 - INFO - [Epoch 6] Step 100/972 - loss: 0.6625
2025-11-11 06:08:02 - INFO - [Epoch 6] Step 150/972 - loss: 0.6630
2025-11-11 06:08:17 - INFO - [Epoch 6] Step 200/972 - loss: 0.6575
2025-11-11 06:08:32 - INFO - [Epoch 6] Step 250/972 - loss: 0.6535
2025-11-11 06:08:48 - INFO - [Epoch 6] Step 300/972 - loss: 0.6534
2025-11-11 06:09:03 - INFO - [Epoch 6] Step 350/972 - loss: 0.6527
2025-11-11 06:09:18 - INFO - [Epoch 6] Step 400/972 - loss: 0.6496
2025-11-11 06:09:34 - INFO - [Epoch 6] Step 450/972 - loss: 0.6503
2025-11-11 06:09:49 - INFO - [Epoch 6] Step 500/972 - loss: 0.6454
2025-11-11 06:10:04 - INFO - [Epoch 6] Step 550/972 - loss: 0.6520
2025-11-11 06:10:20 - INFO - [Epoch 6] Step 600/972 - loss: 0.6504
2025-11-11 06:10:35 - INFO - [Epoch 6] Step 650/972 - loss: 0.6485
2025-11-11 06:10:50 - INFO - [Epoch 6] Step 700/972 - loss: 0.6452
2025-11-11 06:11:06 - INFO - [Epoch 6] Step 750/972 - loss: 0.6434
2025-11-11 06:11:21 - INFO - [Epoch 6] Step 800/972 - loss: 0.6484
2025-11-11 06:11:37 - INFO - [Epoch 6] Step 850/972 - loss: 0.6458
2025-11-11 06:11:52 - INFO - [Epoch 6] Step 900/972 - loss: 0.6486
2025-11-11 06:12:07 - INFO - [Epoch 6] Step 950/972 - loss: 0.6480
2025-11-11 06:12:14 - INFO - [Epoch 6] Step 972/972 - loss: 0.6494
2025-11-11 06:12:42 - INFO - [Epoch 6] Top misclassified classes: 3: 64/137 (acc=0.533), 7: 38/138 (acc=0.725), 4: 19/138 (acc=0.862), 14: 16/138 (acc=0.884), 13: 6/137 (acc=0.956), 10: 4/137 (acc=0.971), 5: 2/137 (acc=0.985), 12: 2/137 (acc=0.985), 0: 1/138 (acc=0.993), 6: 1/137 (acc=0.993)
2025-11-11 06:12:45 - INFO - Epoch 6/20 - train_loss: 0.6494 - val_loss: 0.4794 - f1: 0.9327
2025-11-11 06:13:01 - INFO - [Epoch 7] Step 50/972 - loss: 0.6331
2025-11-11 06:13:16 - INFO - [Epoch 7] Step 100/972 - loss: 0.6305
2025-11-11 06:13:32 - INFO - [Epoch 7] Step 150/972 - loss: 0.6279
2025-11-11 06:13:47 - INFO - [Epoch 7] Step 200/972 - loss: 0.6179
2025-11-11 06:14:02 - INFO - [Epoch 7] Step 250/972 - loss: 0.6244
2025-11-11 06:14:18 - INFO - [Epoch 7] Step 300/972 - loss: 0.6255
2025-11-11 06:14:33 - INFO - [Epoch 7] Step 350/972 - loss: 0.6193
2025-11-11 06:14:48 - INFO - [Epoch 7] Step 400/972 - loss: 0.6169
2025-11-11 06:15:04 - INFO - [Epoch 7] Step 450/972 - loss: 0.6142
2025-11-11 06:15:19 - INFO - [Epoch 7] Step 500/972 - loss: 0.6187
2025-11-11 06:15:34 - INFO - [Epoch 7] Step 550/972 - loss: 0.6163
2025-11-11 06:15:50 - INFO - [Epoch 7] Step 600/972 - loss: 0.6134
2025-11-11 06:16:05 - INFO - [Epoch 7] Step 650/972 - loss: 0.6161
2025-11-11 06:16:20 - INFO - [Epoch 7] Step 700/972 - loss: 0.6187
2025-11-11 06:16:36 - INFO - [Epoch 7] Step 750/972 - loss: 0.6182
2025-11-11 06:16:51 - INFO - [Epoch 7] Step 800/972 - loss: 0.6153
2025-11-11 06:17:06 - INFO - [Epoch 7] Step 850/972 - loss: 0.6156
2025-11-11 06:17:22 - INFO - [Epoch 7] Step 900/972 - loss: 0.6122
2025-11-11 06:17:37 - INFO - [Epoch 7] Step 950/972 - loss: 0.6113
2025-11-11 06:17:44 - INFO - [Epoch 7] Step 972/972 - loss: 0.6125
2025-11-11 06:18:12 - INFO - [Epoch 7] Top misclassified classes: 3: 71/137 (acc=0.482), 4: 34/138 (acc=0.754), 7: 15/138 (acc=0.891), 14: 13/138 (acc=0.906), 10: 6/137 (acc=0.956), 6: 1/137 (acc=0.993), 12: 1/137 (acc=0.993), 13: 1/137 (acc=0.993), 0: 0/138 (acc=1.000), 8: 0/138 (acc=1.000)
2025-11-11 06:18:15 - INFO - Epoch 7/20 - train_loss: 0.6125 - val_loss: 0.4651 - f1: 0.9380
2025-11-11 06:18:31 - INFO - [Epoch 8] Step 50/972 - loss: 0.6050
2025-11-11 06:18:47 - INFO - [Epoch 8] Step 100/972 - loss: 0.6006
2025-11-11 06:19:02 - INFO - [Epoch 8] Step 150/972 - loss: 0.5949
2025-11-11 06:19:17 - INFO - [Epoch 8] Step 200/972 - loss: 0.6050
2025-11-11 06:19:33 - INFO - [Epoch 8] Step 250/972 - loss: 0.6008
2025-11-11 06:19:48 - INFO - [Epoch 8] Step 300/972 - loss: 0.5960
2025-11-11 06:20:03 - INFO - [Epoch 8] Step 350/972 - loss: 0.6029
2025-11-11 06:20:18 - INFO - [Epoch 8] Step 400/972 - loss: 0.5978
2025-11-11 06:20:34 - INFO - [Epoch 8] Step 450/972 - loss: 0.5951
2025-11-11 06:20:49 - INFO - [Epoch 8] Step 500/972 - loss: 0.5989
2025-11-11 06:21:04 - INFO - [Epoch 8] Step 550/972 - loss: 0.6003
2025-11-11 06:21:20 - INFO - [Epoch 8] Step 600/972 - loss: 0.5980
2025-11-11 06:21:35 - INFO - [Epoch 8] Step 650/972 - loss: 0.5993
2025-11-11 06:21:50 - INFO - [Epoch 8] Step 700/972 - loss: 0.6009
2025-11-11 06:22:06 - INFO - [Epoch 8] Step 750/972 - loss: 0.6006
2025-11-11 06:22:21 - INFO - [Epoch 8] Step 800/972 - loss: 0.5997
2025-11-11 06:22:36 - INFO - [Epoch 8] Step 850/972 - loss: 0.6023
2025-11-11 06:22:52 - INFO - [Epoch 8] Step 900/972 - loss: 0.6015
2025-11-11 06:23:07 - INFO - [Epoch 8] Step 950/972 - loss: 0.6006
2025-11-11 06:23:14 - INFO - [Epoch 8] Step 972/972 - loss: 0.6007
2025-11-11 06:23:42 - INFO - [Epoch 8] Top misclassified classes: 7: 41/138 (acc=0.703), 3: 24/137 (acc=0.825), 4: 12/138 (acc=0.913), 14: 11/138 (acc=0.920), 10: 8/137 (acc=0.942), 13: 5/137 (acc=0.964), 12: 4/137 (acc=0.971), 1: 1/137 (acc=0.993), 11: 1/137 (acc=0.993), 0: 0/138 (acc=1.000)
2025-11-11 06:23:45 - INFO - Epoch 8/20 - train_loss: 0.6007 - val_loss: 0.4429 - f1: 0.9541
2025-11-11 06:24:02 - INFO - [Epoch 9] Step 50/972 - loss: 0.5501
2025-11-11 06:24:17 - INFO - [Epoch 9] Step 100/972 - loss: 0.5572
2025-11-11 06:24:32 - INFO - [Epoch 9] Step 150/972 - loss: 0.5832
2025-11-11 06:24:48 - INFO - [Epoch 9] Step 200/972 - loss: 0.5749
2025-11-11 06:25:03 - INFO - [Epoch 9] Step 250/972 - loss: 0.5812
2025-11-11 06:25:18 - INFO - [Epoch 9] Step 300/972 - loss: 0.5798
2025-11-11 06:25:34 - INFO - [Epoch 9] Step 350/972 - loss: 0.5763
2025-11-11 06:25:49 - INFO - [Epoch 9] Step 400/972 - loss: 0.5754
2025-11-11 06:26:04 - INFO - [Epoch 9] Step 450/972 - loss: 0.5772
2025-11-11 06:26:20 - INFO - [Epoch 9] Step 500/972 - loss: 0.5727
2025-11-11 06:26:35 - INFO - [Epoch 9] Step 550/972 - loss: 0.5722
2025-11-11 06:26:50 - INFO - [Epoch 9] Step 600/972 - loss: 0.5707
2025-11-11 06:27:06 - INFO - [Epoch 9] Step 650/972 - loss: 0.5727
2025-11-11 06:27:21 - INFO - [Epoch 9] Step 700/972 - loss: 0.5749
2025-11-11 06:27:36 - INFO - [Epoch 9] Step 750/972 - loss: 0.5751
2025-11-11 06:27:52 - INFO - [Epoch 9] Step 800/972 - loss: 0.5732
2025-11-11 06:28:07 - INFO - [Epoch 9] Step 850/972 - loss: 0.5711
2025-11-11 06:28:22 - INFO - [Epoch 9] Step 900/972 - loss: 0.5716
2025-11-11 06:28:38 - INFO - [Epoch 9] Step 950/972 - loss: 0.5725
2025-11-11 06:28:44 - INFO - [Epoch 9] Step 972/972 - loss: 0.5728
2025-11-11 06:29:13 - INFO - [Epoch 9] Top misclassified classes: 3: 30/137 (acc=0.781), 7: 29/138 (acc=0.790), 4: 20/138 (acc=0.855), 14: 15/138 (acc=0.891), 8: 3/138 (acc=0.978), 10: 3/137 (acc=0.978), 6: 2/137 (acc=0.985), 12: 2/137 (acc=0.985), 13: 2/137 (acc=0.985), 5: 1/137 (acc=0.993)
2025-11-11 06:29:13 - INFO - Epoch 9/20 - train_loss: 0.5728 - val_loss: 0.4365 - f1: 0.9544
2025-11-11 06:29:29 - INFO - [Epoch 10] Step 50/972 - loss: 0.5598
2025-11-11 06:29:44 - INFO - [Epoch 10] Step 100/972 - loss: 0.5303
2025-11-11 06:30:00 - INFO - [Epoch 10] Step 150/972 - loss: 0.5268
2025-11-11 06:30:15 - INFO - [Epoch 10] Step 200/972 - loss: 0.5357
2025-11-11 06:30:30 - INFO - [Epoch 10] Step 250/972 - loss: 0.5429
2025-11-11 06:30:46 - INFO - [Epoch 10] Step 300/972 - loss: 0.5418
2025-11-11 06:31:01 - INFO - [Epoch 10] Step 350/972 - loss: 0.5476
2025-11-11 06:31:16 - INFO - [Epoch 10] Step 400/972 - loss: 0.5552
2025-11-11 06:31:32 - INFO - [Epoch 10] Step 450/972 - loss: 0.5568
2025-11-11 06:31:47 - INFO - [Epoch 10] Step 500/972 - loss: 0.5569
2025-11-11 06:32:02 - INFO - [Epoch 10] Step 550/972 - loss: 0.5548
2025-11-11 06:32:18 - INFO - [Epoch 10] Step 600/972 - loss: 0.5568
2025-11-11 06:32:33 - INFO - [Epoch 10] Step 650/972 - loss: 0.5574
2025-11-11 06:32:48 - INFO - [Epoch 10] Step 700/972 - loss: 0.5547
2025-11-11 06:33:04 - INFO - [Epoch 10] Step 750/972 - loss: 0.5531
2025-11-11 06:33:19 - INFO - [Epoch 10] Step 800/972 - loss: 0.5553
2025-11-11 06:33:34 - INFO - [Epoch 10] Step 850/972 - loss: 0.5542
2025-11-11 06:33:50 - INFO - [Epoch 10] Step 900/972 - loss: 0.5545
2025-11-11 06:34:05 - INFO - [Epoch 10] Step 950/972 - loss: 0.5546
2025-11-11 06:34:12 - INFO - [Epoch 10] Step 972/972 - loss: 0.5545
2025-11-11 06:34:40 - INFO - [Epoch 10] Top misclassified classes: 3: 35/137 (acc=0.745), 7: 24/138 (acc=0.826), 4: 17/138 (acc=0.877), 14: 3/138 (acc=0.978), 6: 2/137 (acc=0.985), 10: 2/137 (acc=0.985), 12: 2/137 (acc=0.985), 11: 1/137 (acc=0.993), 13: 1/137 (acc=0.993), 0: 0/138 (acc=1.000)
2025-11-11 06:34:45 - INFO - Epoch 10/20 - train_loss: 0.5545 - val_loss: 0.4173 - f1: 0.9624
2025-11-11 06:35:01 - INFO - [Epoch 11] Step 50/972 - loss: 0.5790
2025-11-11 06:35:16 - INFO - [Epoch 11] Step 100/972 - loss: 0.5539
2025-11-11 06:35:31 - INFO - [Epoch 11] Step 150/972 - loss: 0.5540
2025-11-11 06:35:47 - INFO - [Epoch 11] Step 200/972 - loss: 0.5514
2025-11-11 06:36:02 - INFO - [Epoch 11] Step 250/972 - loss: 0.5431
2025-11-11 06:36:17 - INFO - [Epoch 11] Step 300/972 - loss: 0.5394
2025-11-11 06:36:33 - INFO - [Epoch 11] Step 350/972 - loss: 0.5367
2025-11-11 06:36:48 - INFO - [Epoch 11] Step 400/972 - loss: 0.5371
2025-11-11 06:37:03 - INFO - [Epoch 11] Step 450/972 - loss: 0.5368
2025-11-11 06:37:19 - INFO - [Epoch 11] Step 500/972 - loss: 0.5387
2025-11-11 06:37:34 - INFO - [Epoch 11] Step 550/972 - loss: 0.5372
2025-11-11 06:37:49 - INFO - [Epoch 11] Step 600/972 - loss: 0.5367
2025-11-11 06:38:05 - INFO - [Epoch 11] Step 650/972 - loss: 0.5369
2025-11-11 06:38:20 - INFO - [Epoch 11] Step 700/972 - loss: 0.5364
2025-11-11 06:38:35 - INFO - [Epoch 11] Step 750/972 - loss: 0.5337
2025-11-11 06:38:51 - INFO - [Epoch 11] Step 800/972 - loss: 0.5326
2025-11-11 06:39:06 - INFO - [Epoch 11] Step 850/972 - loss: 0.5326
2025-11-11 06:39:21 - INFO - [Epoch 11] Step 900/972 - loss: 0.5325
2025-11-11 06:39:37 - INFO - [Epoch 11] Step 950/972 - loss: 0.5340
2025-11-11 06:39:44 - INFO - [Epoch 11] Step 972/972 - loss: 0.5351
2025-11-11 06:40:12 - INFO - [Epoch 11] Top misclassified classes: 3: 37/137 (acc=0.730), 7: 22/138 (acc=0.841), 4: 8/138 (acc=0.942), 10: 4/137 (acc=0.971), 14: 3/138 (acc=0.978), 12: 3/137 (acc=0.978), 6: 1/137 (acc=0.993), 0: 0/138 (acc=1.000), 8: 0/138 (acc=1.000), 1: 0/137 (acc=1.000)
2025-11-11 06:40:16 - INFO - Epoch 11/20 - train_loss: 0.5351 - val_loss: 0.4051 - f1: 0.9663
2025-11-11 06:40:32 - INFO - [Epoch 12] Step 50/972 - loss: 0.4707
2025-11-11 06:40:48 - INFO - [Epoch 12] Step 100/972 - loss: 0.5129
2025-11-11 06:41:03 - INFO - [Epoch 12] Step 150/972 - loss: 0.5150
2025-11-11 06:41:18 - INFO - [Epoch 12] Step 200/972 - loss: 0.5102
2025-11-11 06:41:33 - INFO - [Epoch 12] Step 250/972 - loss: 0.5066
2025-11-11 06:41:49 - INFO - [Epoch 12] Step 300/972 - loss: 0.5118
2025-11-11 06:42:04 - INFO - [Epoch 12] Step 350/972 - loss: 0.5146
2025-11-11 06:42:19 - INFO - [Epoch 12] Step 400/972 - loss: 0.5165
2025-11-11 06:42:35 - INFO - [Epoch 12] Step 450/972 - loss: 0.5136
2025-11-11 06:42:50 - INFO - [Epoch 12] Step 500/972 - loss: 0.5157
2025-11-11 06:43:05 - INFO - [Epoch 12] Step 550/972 - loss: 0.5141
2025-11-11 06:43:21 - INFO - [Epoch 12] Step 600/972 - loss: 0.5120
2025-11-11 06:43:36 - INFO - [Epoch 12] Step 650/972 - loss: 0.5123
2025-11-11 06:43:51 - INFO - [Epoch 12] Step 700/972 - loss: 0.5101
2025-11-11 06:44:07 - INFO - [Epoch 12] Step 750/972 - loss: 0.5142
2025-11-11 06:44:22 - INFO - [Epoch 12] Step 800/972 - loss: 0.5128
2025-11-11 06:44:37 - INFO - [Epoch 12] Step 850/972 - loss: 0.5125
2025-11-11 06:44:53 - INFO - [Epoch 12] Step 900/972 - loss: 0.5142
2025-11-11 06:45:08 - INFO - [Epoch 12] Step 950/972 - loss: 0.5128
2025-11-11 06:45:15 - INFO - [Epoch 12] Step 972/972 - loss: 0.5135
2025-11-11 06:45:43 - INFO - [Epoch 12] Top misclassified classes: 7: 36/138 (acc=0.739), 3: 17/137 (acc=0.876), 4: 6/138 (acc=0.957), 14: 4/138 (acc=0.971), 6: 2/137 (acc=0.985), 10: 2/137 (acc=0.985), 12: 1/137 (acc=0.993), 13: 1/137 (acc=0.993), 0: 0/138 (acc=1.000), 8: 0/138 (acc=1.000)
2025-11-11 06:45:46 - INFO - Epoch 12/20 - train_loss: 0.5135 - val_loss: 0.3930 - f1: 0.9699
2025-11-11 06:46:02 - INFO - [Epoch 13] Step 50/972 - loss: 0.4842
2025-11-11 06:46:18 - INFO - [Epoch 13] Step 100/972 - loss: 0.4911
2025-11-11 06:46:33 - INFO - [Epoch 13] Step 150/972 - loss: 0.4811
2025-11-11 06:46:48 - INFO - [Epoch 13] Step 200/972 - loss: 0.4848
2025-11-11 06:47:04 - INFO - [Epoch 13] Step 250/972 - loss: 0.4900
2025-11-11 06:47:19 - INFO - [Epoch 13] Step 300/972 - loss: 0.4958
2025-11-11 06:47:34 - INFO - [Epoch 13] Step 350/972 - loss: 0.4950
2025-11-11 06:47:50 - INFO - [Epoch 13] Step 400/972 - loss: 0.4954
2025-11-11 06:48:05 - INFO - [Epoch 13] Step 450/972 - loss: 0.4970
2025-11-11 06:48:20 - INFO - [Epoch 13] Step 500/972 - loss: 0.4930
2025-11-11 06:48:36 - INFO - [Epoch 13] Step 550/972 - loss: 0.4948
2025-11-11 06:48:51 - INFO - [Epoch 13] Step 600/972 - loss: 0.4951
2025-11-11 06:49:06 - INFO - [Epoch 13] Step 650/972 - loss: 0.4953
2025-11-11 06:49:22 - INFO - [Epoch 13] Step 700/972 - loss: 0.4959
2025-11-11 06:49:37 - INFO - [Epoch 13] Step 750/972 - loss: 0.4961
2025-11-11 06:49:52 - INFO - [Epoch 13] Step 800/972 - loss: 0.4982
2025-11-11 06:50:07 - INFO - [Epoch 13] Step 850/972 - loss: 0.4980
2025-11-11 06:50:23 - INFO - [Epoch 13] Step 900/972 - loss: 0.4975
2025-11-11 06:50:38 - INFO - [Epoch 13] Step 950/972 - loss: 0.4977
2025-11-11 06:50:45 - INFO - [Epoch 13] Step 972/972 - loss: 0.4970
2025-11-11 06:51:13 - INFO - [Epoch 13] Top misclassified classes: 7: 26/138 (acc=0.812), 3: 18/137 (acc=0.869), 4: 13/138 (acc=0.906), 14: 13/138 (acc=0.906), 10: 4/137 (acc=0.971), 13: 4/137 (acc=0.971), 11: 2/137 (acc=0.985), 12: 2/137 (acc=0.985), 0: 0/138 (acc=1.000), 8: 0/138 (acc=1.000)
2025-11-11 06:51:13 - INFO - Epoch 13/20 - train_loss: 0.4970 - val_loss: 0.4111 - f1: 0.9653
2025-11-11 06:51:30 - INFO - [Epoch 14] Step 50/972 - loss: 0.4872
2025-11-11 06:51:45 - INFO - [Epoch 14] Step 100/972 - loss: 0.4983
2025-11-11 06:52:00 - INFO - [Epoch 14] Step 150/972 - loss: 0.4918
2025-11-11 06:52:16 - INFO - [Epoch 14] Step 200/972 - loss: 0.4911
2025-11-11 06:52:31 - INFO - [Epoch 14] Step 250/972 - loss: 0.4953
2025-11-11 06:52:46 - INFO - [Epoch 14] Step 300/972 - loss: 0.4892
2025-11-11 06:53:02 - INFO - [Epoch 14] Step 350/972 - loss: 0.4925
2025-11-11 06:53:17 - INFO - [Epoch 14] Step 400/972 - loss: 0.4931
2025-11-11 06:53:32 - INFO - [Epoch 14] Step 450/972 - loss: 0.4930
2025-11-11 06:53:48 - INFO - [Epoch 14] Step 500/972 - loss: 0.4917
2025-11-11 06:54:03 - INFO - [Epoch 14] Step 550/972 - loss: 0.4957
2025-11-11 06:54:18 - INFO - [Epoch 14] Step 600/972 - loss: 0.4944
2025-11-11 06:54:34 - INFO - [Epoch 14] Step 650/972 - loss: 0.4943
2025-11-11 06:54:49 - INFO - [Epoch 14] Step 700/972 - loss: 0.4969
2025-11-11 06:55:04 - INFO - [Epoch 14] Step 750/972 - loss: 0.4970
2025-11-11 06:55:19 - INFO - [Epoch 14] Step 800/972 - loss: 0.4954
2025-11-11 06:55:35 - INFO - [Epoch 14] Step 850/972 - loss: 0.4926
2025-11-11 06:55:50 - INFO - [Epoch 14] Step 900/972 - loss: 0.4931
2025-11-11 06:56:05 - INFO - [Epoch 14] Step 950/972 - loss: 0.4917
2025-11-11 06:56:12 - INFO - [Epoch 14] Step 972/972 - loss: 0.4914
2025-11-11 06:56:41 - INFO - [Epoch 14] Top misclassified classes: 7: 28/138 (acc=0.797), 3: 19/137 (acc=0.861), 4: 8/138 (acc=0.942), 14: 8/138 (acc=0.942), 10: 1/137 (acc=0.993), 12: 1/137 (acc=0.993), 13: 1/137 (acc=0.993), 0: 0/138 (acc=1.000), 8: 0/138 (acc=1.000), 1: 0/137 (acc=1.000)
2025-11-11 06:56:45 - INFO - Epoch 14/20 - train_loss: 0.4914 - val_loss: 0.3959 - f1: 0.9716
2025-11-11 06:57:01 - INFO - [Epoch 15] Step 50/972 - loss: 0.4814
2025-11-11 06:57:16 - INFO - [Epoch 15] Step 100/972 - loss: 0.4581
2025-11-11 06:57:32 - INFO - [Epoch 15] Step 150/972 - loss: 0.4540
2025-11-11 06:57:47 - INFO - [Epoch 15] Step 200/972 - loss: 0.4561
2025-11-11 06:58:02 - INFO - [Epoch 15] Step 250/972 - loss: 0.4584
2025-11-11 06:58:18 - INFO - [Epoch 15] Step 300/972 - loss: 0.4524
2025-11-11 06:58:33 - INFO - [Epoch 15] Step 350/972 - loss: 0.4488
2025-11-11 06:58:48 - INFO - [Epoch 15] Step 400/972 - loss: 0.4605
2025-11-11 06:59:04 - INFO - [Epoch 15] Step 450/972 - loss: 0.4636
2025-11-11 06:59:19 - INFO - [Epoch 15] Step 500/972 - loss: 0.4629
2025-11-11 06:59:34 - INFO - [Epoch 15] Step 550/972 - loss: 0.4615
2025-11-11 06:59:50 - INFO - [Epoch 15] Step 600/972 - loss: 0.4633
2025-11-11 07:00:05 - INFO - [Epoch 15] Step 650/972 - loss: 0.4644
2025-11-11 07:00:20 - INFO - [Epoch 15] Step 700/972 - loss: 0.4630
2025-11-11 07:00:36 - INFO - [Epoch 15] Step 750/972 - loss: 0.4627
2025-11-11 07:00:51 - INFO - [Epoch 15] Step 800/972 - loss: 0.4610
2025-11-11 07:01:06 - INFO - [Epoch 15] Step 850/972 - loss: 0.4608
2025-11-11 07:01:22 - INFO - [Epoch 15] Step 900/972 - loss: 0.4605
2025-11-11 07:01:37 - INFO - [Epoch 15] Step 950/972 - loss: 0.4619
2025-11-11 07:01:44 - INFO - [Epoch 15] Step 972/972 - loss: 0.4622
2025-11-11 07:02:12 - INFO - [Epoch 15] Top misclassified classes: 7: 23/138 (acc=0.833), 3: 16/137 (acc=0.883), 4: 11/138 (acc=0.920), 14: 4/138 (acc=0.971), 0: 1/138 (acc=0.993), 10: 1/137 (acc=0.993), 11: 1/137 (acc=0.993), 12: 1/137 (acc=0.993), 8: 0/138 (acc=1.000), 1: 0/137 (acc=1.000)
2025-11-11 07:02:15 - INFO - Epoch 15/20 - train_loss: 0.4622 - val_loss: 0.3902 - f1: 0.9751
2025-11-11 07:02:31 - INFO - [Epoch 16] Step 50/972 - loss: 0.4620
2025-11-11 07:02:47 - INFO - [Epoch 16] Step 100/972 - loss: 0.4736
2025-11-11 07:03:02 - INFO - [Epoch 16] Step 150/972 - loss: 0.4729
2025-11-11 07:03:17 - INFO - [Epoch 16] Step 200/972 - loss: 0.4730
2025-11-11 07:03:33 - INFO - [Epoch 16] Step 250/972 - loss: 0.4764
2025-11-11 07:03:48 - INFO - [Epoch 16] Step 300/972 - loss: 0.4703
2025-11-11 07:04:03 - INFO - [Epoch 16] Step 350/972 - loss: 0.4712
2025-11-11 07:04:18 - INFO - [Epoch 16] Step 400/972 - loss: 0.4673
2025-11-11 07:04:34 - INFO - [Epoch 16] Step 450/972 - loss: 0.4638
2025-11-11 07:04:49 - INFO - [Epoch 16] Step 500/972 - loss: 0.4611
2025-11-11 07:05:04 - INFO - [Epoch 16] Step 550/972 - loss: 0.4636
2025-11-11 07:05:20 - INFO - [Epoch 16] Step 600/972 - loss: 0.4634
2025-11-11 07:05:35 - INFO - [Epoch 16] Step 650/972 - loss: 0.4609
2025-11-11 07:05:50 - INFO - [Epoch 16] Step 700/972 - loss: 0.4619
2025-11-11 07:06:06 - INFO - [Epoch 16] Step 750/972 - loss: 0.4631
2025-11-11 07:06:21 - INFO - [Epoch 16] Step 800/972 - loss: 0.4625
2025-11-11 07:06:36 - INFO - [Epoch 16] Step 850/972 - loss: 0.4616
2025-11-11 07:06:52 - INFO - [Epoch 16] Step 900/972 - loss: 0.4617
2025-11-11 07:07:07 - INFO - [Epoch 16] Step 950/972 - loss: 0.4616
2025-11-11 07:07:14 - INFO - [Epoch 16] Step 972/972 - loss: 0.4627
2025-11-11 07:07:42 - INFO - [Epoch 16] Top misclassified classes: 7: 30/138 (acc=0.783), 3: 11/137 (acc=0.920), 4: 8/138 (acc=0.942), 14: 2/138 (acc=0.986), 10: 2/137 (acc=0.985), 12: 1/137 (acc=0.993), 0: 0/138 (acc=1.000), 8: 0/138 (acc=1.000), 1: 0/137 (acc=1.000), 2: 0/137 (acc=1.000)
2025-11-11 07:07:46 - INFO - Epoch 16/20 - train_loss: 0.4627 - val_loss: 0.3880 - f1: 0.9766
2025-11-11 07:08:03 - INFO - [Epoch 17] Step 50/972 - loss: 0.4424
2025-11-11 07:08:18 - INFO - [Epoch 17] Step 100/972 - loss: 0.4410
2025-11-11 07:08:33 - INFO - [Epoch 17] Step 150/972 - loss: 0.4369
2025-11-11 07:08:48 - INFO - [Epoch 17] Step 200/972 - loss: 0.4390
2025-11-11 07:09:04 - INFO - [Epoch 17] Step 250/972 - loss: 0.4427
2025-11-11 07:09:19 - INFO - [Epoch 17] Step 300/972 - loss: 0.4459
2025-11-11 07:09:34 - INFO - [Epoch 17] Step 350/972 - loss: 0.4491
2025-11-11 07:09:50 - INFO - [Epoch 17] Step 400/972 - loss: 0.4519
2025-11-11 07:10:05 - INFO - [Epoch 17] Step 450/972 - loss: 0.4530
2025-11-11 07:10:20 - INFO - [Epoch 17] Step 500/972 - loss: 0.4526
2025-11-11 07:10:36 - INFO - [Epoch 17] Step 550/972 - loss: 0.4506
2025-11-11 07:10:51 - INFO - [Epoch 17] Step 600/972 - loss: 0.4501
2025-11-11 07:11:06 - INFO - [Epoch 17] Step 650/972 - loss: 0.4522
2025-11-11 07:11:22 - INFO - [Epoch 17] Step 700/972 - loss: 0.4514
2025-11-11 07:11:37 - INFO - [Epoch 17] Step 750/972 - loss: 0.4520
2025-11-11 07:11:52 - INFO - [Epoch 17] Step 800/972 - loss: 0.4502
2025-11-11 07:12:08 - INFO - [Epoch 17] Step 850/972 - loss: 0.4521
2025-11-11 07:12:23 - INFO - [Epoch 17] Step 900/972 - loss: 0.4533
2025-11-11 07:12:38 - INFO - [Epoch 17] Step 950/972 - loss: 0.4527
2025-11-11 07:12:45 - INFO - [Epoch 17] Step 972/972 - loss: 0.4526
2025-11-11 07:13:13 - INFO - [Epoch 17] Top misclassified classes: 7: 25/138 (acc=0.819), 3: 18/137 (acc=0.869), 4: 8/138 (acc=0.942), 14: 4/138 (acc=0.971), 10: 2/137 (acc=0.985), 12: 1/137 (acc=0.993), 0: 0/138 (acc=1.000), 8: 0/138 (acc=1.000), 1: 0/137 (acc=1.000), 2: 0/137 (acc=1.000)
2025-11-11 07:13:14 - INFO - Epoch 17/20 - train_loss: 0.4526 - val_loss: 0.3811 - f1: 0.9750
2025-11-11 07:13:30 - INFO - [Epoch 18] Step 50/972 - loss: 0.4220
2025-11-11 07:13:45 - INFO - [Epoch 18] Step 100/972 - loss: 0.4157
2025-11-11 07:14:00 - INFO - [Epoch 18] Step 150/972 - loss: 0.4256
2025-11-11 07:14:16 - INFO - [Epoch 18] Step 200/972 - loss: 0.4324
2025-11-11 07:14:31 - INFO - [Epoch 18] Step 250/972 - loss: 0.4353
2025-11-11 07:14:46 - INFO - [Epoch 18] Step 300/972 - loss: 0.4399
2025-11-11 07:15:02 - INFO - [Epoch 18] Step 350/972 - loss: 0.4361
2025-11-11 07:15:17 - INFO - [Epoch 18] Step 400/972 - loss: 0.4321
2025-11-11 07:15:32 - INFO - [Epoch 18] Step 450/972 - loss: 0.4331
2025-11-11 07:15:47 - INFO - [Epoch 18] Step 500/972 - loss: 0.4325
2025-11-11 07:16:03 - INFO - [Epoch 18] Step 550/972 - loss: 0.4326
2025-11-11 07:16:18 - INFO - [Epoch 18] Step 600/972 - loss: 0.4316
2025-11-11 07:16:33 - INFO - [Epoch 18] Step 650/972 - loss: 0.4333
2025-11-11 07:16:49 - INFO - [Epoch 18] Step 700/972 - loss: 0.4342
2025-11-11 07:17:04 - INFO - [Epoch 18] Step 750/972 - loss: 0.4353
2025-11-11 07:17:19 - INFO - [Epoch 18] Step 800/972 - loss: 0.4373
2025-11-11 07:17:35 - INFO - [Epoch 18] Step 850/972 - loss: 0.4370
2025-11-11 07:17:50 - INFO - [Epoch 18] Step 900/972 - loss: 0.4363
2025-11-11 07:18:05 - INFO - [Epoch 18] Step 950/972 - loss: 0.4369
2025-11-11 07:18:12 - INFO - [Epoch 18] Step 972/972 - loss: 0.4366
2025-11-11 07:18:40 - INFO - [Epoch 18] Top misclassified classes: 7: 24/138 (acc=0.826), 3: 14/137 (acc=0.898), 4: 6/138 (acc=0.957), 14: 4/138 (acc=0.971), 10: 2/137 (acc=0.985), 12: 1/137 (acc=0.993), 0: 0/138 (acc=1.000), 8: 0/138 (acc=1.000), 1: 0/137 (acc=1.000), 2: 0/137 (acc=1.000)
2025-11-11 07:18:45 - INFO - Epoch 18/20 - train_loss: 0.4366 - val_loss: 0.3788 - f1: 0.9781
2025-11-11 07:19:01 - INFO - [Epoch 19] Step 50/972 - loss: 0.4191
2025-11-11 07:19:16 - INFO - [Epoch 19] Step 100/972 - loss: 0.4305
2025-11-11 07:19:31 - INFO - [Epoch 19] Step 150/972 - loss: 0.4273
2025-11-11 07:19:47 - INFO - [Epoch 19] Step 200/972 - loss: 0.4299
2025-11-11 07:20:02 - INFO - [Epoch 19] Step 250/972 - loss: 0.4317
2025-11-11 07:20:17 - INFO - [Epoch 19] Step 300/972 - loss: 0.4314
2025-11-11 07:20:33 - INFO - [Epoch 19] Step 350/972 - loss: 0.4353
2025-11-11 07:20:48 - INFO - [Epoch 19] Step 400/972 - loss: 0.4376
2025-11-11 07:21:03 - INFO - [Epoch 19] Step 450/972 - loss: 0.4385
2025-11-11 07:21:19 - INFO - [Epoch 19] Step 500/972 - loss: 0.4400
2025-11-11 07:21:34 - INFO - [Epoch 19] Step 550/972 - loss: 0.4390
2025-11-11 07:21:49 - INFO - [Epoch 19] Step 600/972 - loss: 0.4375
2025-11-11 07:22:05 - INFO - [Epoch 19] Step 650/972 - loss: 0.4390
2025-11-11 07:22:20 - INFO - [Epoch 19] Step 700/972 - loss: 0.4379
2025-11-11 07:22:35 - INFO - [Epoch 19] Step 750/972 - loss: 0.4383
2025-11-11 07:22:51 - INFO - [Epoch 19] Step 800/972 - loss: 0.4375
2025-11-11 07:23:06 - INFO - [Epoch 19] Step 850/972 - loss: 0.4370
2025-11-11 07:23:21 - INFO - [Epoch 19] Step 900/972 - loss: 0.4366
2025-11-11 07:23:37 - INFO - [Epoch 19] Step 950/972 - loss: 0.4368
2025-11-11 07:23:43 - INFO - [Epoch 19] Step 972/972 - loss: 0.4368
2025-11-11 07:24:12 - INFO - [Epoch 19] Top misclassified classes: 7: 21/138 (acc=0.848), 3: 15/137 (acc=0.891), 4: 7/138 (acc=0.949), 14: 4/138 (acc=0.971), 10: 2/137 (acc=0.985), 12: 1/137 (acc=0.993), 0: 0/138 (acc=1.000), 8: 0/138 (acc=1.000), 1: 0/137 (acc=1.000), 2: 0/137 (acc=1.000)
2025-11-11 07:24:12 - INFO - Epoch 19/20 - train_loss: 0.4368 - val_loss: 0.3781 - f1: 0.9786
2025-11-11 07:24:28 - INFO - [Epoch 20] Step 50/972 - loss: 0.4056
2025-11-11 07:24:43 - INFO - [Epoch 20] Step 100/972 - loss: 0.4433
2025-11-11 07:24:59 - INFO - [Epoch 20] Step 150/972 - loss: 0.4425
2025-11-11 07:25:14 - INFO - [Epoch 20] Step 200/972 - loss: 0.4455
2025-11-11 07:25:29 - INFO - [Epoch 20] Step 250/972 - loss: 0.4427
2025-11-11 07:25:45 - INFO - [Epoch 20] Step 300/972 - loss: 0.4408
2025-11-11 07:26:00 - INFO - [Epoch 20] Step 350/972 - loss: 0.4356
2025-11-11 07:26:15 - INFO - [Epoch 20] Step 400/972 - loss: 0.4358
2025-11-11 07:26:31 - INFO - [Epoch 20] Step 450/972 - loss: 0.4368
2025-11-11 07:26:46 - INFO - [Epoch 20] Step 500/972 - loss: 0.4340
2025-11-11 07:27:01 - INFO - [Epoch 20] Step 550/972 - loss: 0.4351
2025-11-11 07:27:16 - INFO - [Epoch 20] Step 600/972 - loss: 0.4355
2025-11-11 07:27:32 - INFO - [Epoch 20] Step 650/972 - loss: 0.4348
2025-11-11 07:27:47 - INFO - [Epoch 20] Step 700/972 - loss: 0.4349
2025-11-11 07:28:02 - INFO - [Epoch 20] Step 750/972 - loss: 0.4360
2025-11-11 07:28:18 - INFO - [Epoch 20] Step 800/972 - loss: 0.4366
2025-11-11 07:28:33 - INFO - [Epoch 20] Step 850/972 - loss: 0.4376
2025-11-11 07:28:48 - INFO - [Epoch 20] Step 900/972 - loss: 0.4388
2025-11-11 07:29:04 - INFO - [Epoch 20] Step 950/972 - loss: 0.4382
2025-11-11 07:29:11 - INFO - [Epoch 20] Step 972/972 - loss: 0.4385
2025-11-11 07:29:39 - INFO - [Epoch 20] Top misclassified classes: 7: 23/138 (acc=0.833), 3: 15/137 (acc=0.891), 4: 6/138 (acc=0.957), 14: 2/138 (acc=0.986), 10: 2/137 (acc=0.985), 12: 1/137 (acc=0.993), 0: 0/138 (acc=1.000), 8: 0/138 (acc=1.000), 1: 0/137 (acc=1.000), 2: 0/137 (acc=1.000)
2025-11-11 07:29:42 - INFO - Epoch 20/20 - train_loss: 0.4385 - val_loss: 0.3775 - f1: 0.9789
2025-11-11 07:29:42 - INFO - Best epoch: 20 (0.9789)
2025-11-11 07:29:42 - INFO - Best f1: 0.9789
