2025-11-10 23:25:40 - INFO - Starting run: 20251110-232540_swin_large_patch4_window12_384_in22k_384px_rot90_jitter_affine_rrc_no-reg_ls0.05_cosine
2025-11-10 23:25:40 - INFO - Configuration:
{
  "experiment": {
    "name": "swin_large_patch4_window12_384_in22k_offline",
    "seed": 2024,
    "deterministic": false
  },
  "paths": {
    "data_root": "data/processed/offline_aug",
    "train_csv": "data/processed/offline_aug/train_offline_aug.csv",
    "meta_csv": "data/raw/meta.csv",
    "image_dir": "data/processed/offline_aug/images",
    "test_dir": "data/raw/test",
    "output_root": "outputs"
  },
  "data": {
    "num_classes": 17,
    "input_size": 384,
    "mean": [
      0.485,
      0.456,
      0.406
    ],
    "std": [
      0.229,
      0.224,
      0.225
    ],
    "excluded_ids": [],
    "loader": {
      "batch_size": 12,
      "num_workers": 8,
      "pin_memory": true,
      "persistent_workers": true,
      "prefetch_factor": 2
    }
  },
  "split": {
    "n_splits": 6,
    "fold_index": 0,
    "seed": 2024,
    "predefined_split": "splits/fold_indices_offline.pkl"
  },
  "sampler": {
    "name": "weighted_random",
    "minority_classes": [
      1,
      13,
      14
    ],
    "weights_power": 0.85,
    "replacement": true
  },
  "augmentations": {
    "name": "rot90_jitter_affine_rrc",
    "use_reference_pipeline": true,
    "random_resized_crop_scale": [
      0.95,
      1.0
    ],
    "random_resized_crop_ratio": [
      0.9,
      1.1
    ],
    "random_rotate90": true,
    "random_rotate90_prob": 0.5,
    "max_rotate": 12,
    "rotate_prob": 1.0,
    "affine_scale": [
      0.95,
      1.05
    ],
    "affine_translate": [
      0.05,
      0.05
    ],
    "horizontal_flip": true,
    "horizontal_flip_prob": 0.5,
    "brightness_contrast": [
      0.1,
      0.1
    ],
    "color_jitter": {
      "p": 0.35,
      "brightness": 0.25,
      "contrast": 0.1,
      "saturation": 0.15,
      "hue": 0.0
    },
    "blur": {
      "p": 0.35,
      "blur_limit": [
        3,
        7
      ],
      "sigma_limit": [
        0.2,
        1.0
      ]
    }
  },
  "regularization": {
    "mixup_alpha": 0.0,
    "cutmix_alpha": 0.0,
    "tag": "no-reg"
  },
  "model": {
    "name": "swin_large_patch4_window12_384_in22k",
    "pretrained": true,
    "checkpoint": null,
    "drop_path_rate": 0.2,
    "use_checkpoint": true
  },
  "loss": {
    "name": "cross_entropy",
    "label_smoothing": 0.05
  },
  "optimizer": {
    "name": "adamw",
    "lr": 8e-05,
    "weight_decay": 0.05,
    "betas": [
      0.9,
      0.999
    ]
  },
  "scheduler": {
    "name": "cosine",
    "warmup_epochs": 3,
    "min_lr": 1e-06
  },
  "training": {
    "epochs": 20,
    "amp": true,
    "grad_clip_norm": null,
    "save_best_metric": "f1",
    "validation_interval": 1,
    "early_stopping": {
      "patience": 3,
      "min_delta": 0.0005,
      "mode": "max"
    },
    "ema": {
      "enabled": false
    },
    "swa": {
      "enabled": false
    }
  },
  "logging": {
    "project": "document_type_classification",
    "log_interval": 50
  },
  "submission": {
    "metric_name": "f1",
    "leaderboard_score": 0.0,
    "tta": {
      "enabled": true,
      "rotations": [
        0,
        90,
        180,
        270
      ],
      "jitter_degrees": 0,
      "horizontal_flip": true,
      "vertical_flip": false
    }
  },
  "performance": {
    "allow_tf32": true,
    "matmul_precision": "high",
    "cudnn_benchmark": true,
    "channels_last": true
  }
}
/opt/conda/lib/python3.10/site-packages/timm/models/_factory.py:117: UserWarning: Mapping deprecated model name swin_large_patch4_window12_384_in22k to current swin_large_patch4_window12_384.ms_in22k.
  model = create_fn(
/opt/conda/lib/python3.10/site-packages/torch/functional.py:504: UserWarning: torch.meshgrid: in an upcoming release, it will be required to pass the indexing argument. (Triggered internally at /opt/conda/conda-bld/pytorch_1695392020201/work/aten/src/ATen/native/TensorShape.cpp:3526.)
  return _VF.meshgrid(tensors, **kwargs)  # type: ignore[attr-defined]
2025-11-10 23:26:01 - INFO - [Epoch 1] Step 50/972 - loss: 2.9297
2025-11-10 23:26:16 - INFO - [Epoch 1] Step 100/972 - loss: 2.9111
2025-11-10 23:26:31 - INFO - [Epoch 1] Step 150/972 - loss: 2.9096
2025-11-10 23:26:46 - INFO - [Epoch 1] Step 200/972 - loss: 2.9172
2025-11-10 23:27:02 - INFO - [Epoch 1] Step 250/972 - loss: 2.9165
2025-11-10 23:27:17 - INFO - [Epoch 1] Step 300/972 - loss: 2.9136
2025-11-10 23:27:32 - INFO - [Epoch 1] Step 350/972 - loss: 2.9082
2025-11-10 23:27:47 - INFO - [Epoch 1] Step 400/972 - loss: 2.9051
2025-11-10 23:28:03 - INFO - [Epoch 1] Step 450/972 - loss: 2.9074
2025-11-10 23:28:18 - INFO - [Epoch 1] Step 500/972 - loss: 2.9036
2025-11-10 23:28:33 - INFO - [Epoch 1] Step 550/972 - loss: 2.9020
2025-11-10 23:28:49 - INFO - [Epoch 1] Step 600/972 - loss: 2.8992
2025-11-10 23:29:04 - INFO - [Epoch 1] Step 650/972 - loss: 2.8971
2025-11-10 23:29:19 - INFO - [Epoch 1] Step 700/972 - loss: 2.8965
2025-11-10 23:29:35 - INFO - [Epoch 1] Step 750/972 - loss: 2.8939
2025-11-10 23:29:50 - INFO - [Epoch 1] Step 800/972 - loss: 2.8908
2025-11-10 23:30:06 - INFO - [Epoch 1] Step 850/972 - loss: 2.8896
2025-11-10 23:30:21 - INFO - [Epoch 1] Step 900/972 - loss: 2.8871
2025-11-10 23:30:36 - INFO - [Epoch 1] Step 950/972 - loss: 2.8849
2025-11-10 23:30:43 - INFO - [Epoch 1] Step 972/972 - loss: 2.8847
2025-11-10 23:31:12 - INFO - [Epoch 1] Top misclassified classes: 1: 138/138 (acc=0.000), 5: 137/138 (acc=0.007), 9: 137/138 (acc=0.007), 3: 137/137 (acc=0.000), 4: 137/137 (acc=0.000), 7: 137/137 (acc=0.000), 14: 137/137 (acc=0.000), 15: 137/137 (acc=0.000), 12: 136/138 (acc=0.014), 6: 133/137 (acc=0.029)
2025-11-10 23:31:16 - INFO - Epoch 1/20 - train_loss: 2.8847 - val_loss: 2.8292 - f1: 0.0565
2025-11-10 23:31:32 - INFO - [Epoch 2] Step 50/972 - loss: 2.4835
2025-11-10 23:31:47 - INFO - [Epoch 2] Step 100/972 - loss: 2.0905
2025-11-10 23:32:02 - INFO - [Epoch 2] Step 150/972 - loss: 1.8740
2025-11-10 23:32:18 - INFO - [Epoch 2] Step 200/972 - loss: 1.7156
2025-11-10 23:32:33 - INFO - [Epoch 2] Step 250/972 - loss: 1.5951
2025-11-10 23:32:48 - INFO - [Epoch 2] Step 300/972 - loss: 1.5055
2025-11-10 23:33:04 - INFO - [Epoch 2] Step 350/972 - loss: 1.4385
2025-11-10 23:33:19 - INFO - [Epoch 2] Step 400/972 - loss: 1.3785
2025-11-10 23:33:34 - INFO - [Epoch 2] Step 450/972 - loss: 1.3312
2025-11-10 23:33:50 - INFO - [Epoch 2] Step 500/972 - loss: 1.2965
2025-11-10 23:34:05 - INFO - [Epoch 2] Step 550/972 - loss: 1.2641
2025-11-10 23:34:20 - INFO - [Epoch 2] Step 600/972 - loss: 1.2382
2025-11-10 23:34:36 - INFO - [Epoch 2] Step 650/972 - loss: 1.2135
2025-11-10 23:34:51 - INFO - [Epoch 2] Step 700/972 - loss: 1.1877
2025-11-10 23:35:06 - INFO - [Epoch 2] Step 750/972 - loss: 1.1671
2025-11-10 23:35:22 - INFO - [Epoch 2] Step 800/972 - loss: 1.1491
2025-11-10 23:35:37 - INFO - [Epoch 2] Step 850/972 - loss: 1.1306
2025-11-10 23:35:53 - INFO - [Epoch 2] Step 900/972 - loss: 1.1130
2025-11-10 23:36:08 - INFO - [Epoch 2] Step 950/972 - loss: 1.0989
2025-11-10 23:36:15 - INFO - [Epoch 2] Step 972/972 - loss: 1.0925
2025-11-10 23:36:43 - INFO - [Epoch 2] Top misclassified classes: 7: 68/137 (acc=0.504), 4: 52/137 (acc=0.620), 14: 48/137 (acc=0.650), 3: 43/137 (acc=0.686), 12: 9/138 (acc=0.935), 1: 7/138 (acc=0.949), 11: 7/138 (acc=0.949), 10: 7/137 (acc=0.949), 13: 7/137 (acc=0.949), 15: 2/137 (acc=0.985)
2025-11-10 23:36:46 - INFO - Epoch 2/20 - train_loss: 1.0925 - val_loss: 0.5973 - f1: 0.8932
2025-11-10 23:37:02 - INFO - [Epoch 3] Step 50/972 - loss: 0.8840
2025-11-10 23:37:17 - INFO - [Epoch 3] Step 100/972 - loss: 0.8732
2025-11-10 23:37:33 - INFO - [Epoch 3] Step 150/972 - loss: 0.8433
2025-11-10 23:37:48 - INFO - [Epoch 3] Step 200/972 - loss: 0.8390
2025-11-10 23:38:03 - INFO - [Epoch 3] Step 250/972 - loss: 0.8218
2025-11-10 23:38:19 - INFO - [Epoch 3] Step 300/972 - loss: 0.8269
2025-11-10 23:38:34 - INFO - [Epoch 3] Step 350/972 - loss: 0.8310
2025-11-10 23:38:49 - INFO - [Epoch 3] Step 400/972 - loss: 0.8272
2025-11-10 23:39:05 - INFO - [Epoch 3] Step 450/972 - loss: 0.8281
2025-11-10 23:39:20 - INFO - [Epoch 3] Step 500/972 - loss: 0.8241
2025-11-10 23:39:35 - INFO - [Epoch 3] Step 550/972 - loss: 0.8212
2025-11-10 23:39:51 - INFO - [Epoch 3] Step 600/972 - loss: 0.8192
2025-11-10 23:40:06 - INFO - [Epoch 3] Step 650/972 - loss: 0.8169
2025-11-10 23:40:21 - INFO - [Epoch 3] Step 700/972 - loss: 0.8073
2025-11-10 23:40:37 - INFO - [Epoch 3] Step 750/972 - loss: 0.8037
2025-11-10 23:40:52 - INFO - [Epoch 3] Step 800/972 - loss: 0.8025
2025-11-10 23:41:07 - INFO - [Epoch 3] Step 850/972 - loss: 0.7961
2025-11-10 23:41:23 - INFO - [Epoch 3] Step 900/972 - loss: 0.7923
2025-11-10 23:41:38 - INFO - [Epoch 3] Step 950/972 - loss: 0.7889
2025-11-10 23:41:45 - INFO - [Epoch 3] Step 972/972 - loss: 0.7879
/opt/conda/lib/python3.10/site-packages/torch/optim/lr_scheduler.py:149: UserWarning: The epoch parameter in `scheduler.step()` was not necessary and is being deprecated where possible. Please use `scheduler.step()` to step the scheduler. During the deprecation, if epoch is different from None, the closed form is used instead of the new chainable form, where available. Please open an issue if you are unable to replicate your use case: https://github.com/pytorch/pytorch/issues/new/choose.
  warnings.warn(EPOCH_DEPRECATION_WARNING, UserWarning)
2025-11-10 23:42:13 - INFO - [Epoch 3] Top misclassified classes: 3: 64/137 (acc=0.533), 4: 41/137 (acc=0.701), 14: 37/137 (acc=0.730), 7: 26/137 (acc=0.810), 11: 4/138 (acc=0.971), 10: 4/137 (acc=0.971), 12: 3/138 (acc=0.978), 6: 2/137 (acc=0.985), 13: 2/137 (acc=0.985), 8: 1/137 (acc=0.993)
2025-11-10 23:42:18 - INFO - Epoch 3/20 - train_loss: 0.7879 - val_loss: 0.5164 - f1: 0.9212
2025-11-10 23:42:34 - INFO - [Epoch 4] Step 50/972 - loss: 0.7471
2025-11-10 23:42:49 - INFO - [Epoch 4] Step 100/972 - loss: 0.7640
2025-11-10 23:43:04 - INFO - [Epoch 4] Step 150/972 - loss: 0.7744
2025-11-10 23:43:20 - INFO - [Epoch 4] Step 200/972 - loss: 0.7766
2025-11-10 23:43:35 - INFO - [Epoch 4] Step 250/972 - loss: 0.7937
2025-11-10 23:43:50 - INFO - [Epoch 4] Step 300/972 - loss: 0.7902
2025-11-10 23:44:06 - INFO - [Epoch 4] Step 350/972 - loss: 0.7997
2025-11-10 23:44:21 - INFO - [Epoch 4] Step 400/972 - loss: 0.7876
2025-11-10 23:44:37 - INFO - [Epoch 4] Step 450/972 - loss: 0.7855
2025-11-10 23:44:52 - INFO - [Epoch 4] Step 500/972 - loss: 0.7926
2025-11-10 23:45:07 - INFO - [Epoch 4] Step 550/972 - loss: 0.7857
2025-11-10 23:45:23 - INFO - [Epoch 4] Step 600/972 - loss: 0.7847
2025-11-10 23:45:38 - INFO - [Epoch 4] Step 650/972 - loss: 0.7782
2025-11-10 23:45:53 - INFO - [Epoch 4] Step 700/972 - loss: 0.7772
2025-11-10 23:46:09 - INFO - [Epoch 4] Step 750/972 - loss: 0.7733
2025-11-10 23:46:24 - INFO - [Epoch 4] Step 800/972 - loss: 0.7727
2025-11-10 23:46:39 - INFO - [Epoch 4] Step 850/972 - loss: 0.7657
2025-11-10 23:46:55 - INFO - [Epoch 4] Step 900/972 - loss: 0.7637
2025-11-10 23:47:10 - INFO - [Epoch 4] Step 950/972 - loss: 0.7618
2025-11-10 23:47:17 - INFO - [Epoch 4] Step 972/972 - loss: 0.7617
2025-11-10 23:47:45 - INFO - [Epoch 4] Top misclassified classes: 3: 62/137 (acc=0.547), 7: 47/137 (acc=0.657), 4: 26/137 (acc=0.810), 11: 9/138 (acc=0.935), 13: 3/137 (acc=0.978), 14: 3/137 (acc=0.978), 10: 2/137 (acc=0.985), 12: 1/138 (acc=0.993), 0: 1/137 (acc=0.993), 6: 1/137 (acc=0.993)
2025-11-10 23:47:48 - INFO - Epoch 4/20 - train_loss: 0.7617 - val_loss: 0.5004 - f1: 0.9313
2025-11-10 23:48:04 - INFO - [Epoch 5] Step 50/972 - loss: 0.6498
2025-11-10 23:48:20 - INFO - [Epoch 5] Step 100/972 - loss: 0.6962
2025-11-10 23:48:35 - INFO - [Epoch 5] Step 150/972 - loss: 0.7155
2025-11-10 23:48:50 - INFO - [Epoch 5] Step 200/972 - loss: 0.6943
2025-11-10 23:49:05 - INFO - [Epoch 5] Step 250/972 - loss: 0.6929
2025-11-10 23:49:21 - INFO - [Epoch 5] Step 300/972 - loss: 0.6911
2025-11-10 23:49:36 - INFO - [Epoch 5] Step 350/972 - loss: 0.6932
2025-11-10 23:49:52 - INFO - [Epoch 5] Step 400/972 - loss: 0.6891
2025-11-10 23:50:07 - INFO - [Epoch 5] Step 450/972 - loss: 0.6910
2025-11-10 23:50:22 - INFO - [Epoch 5] Step 500/972 - loss: 0.6877
2025-11-10 23:50:38 - INFO - [Epoch 5] Step 550/972 - loss: 0.6834
2025-11-10 23:50:53 - INFO - [Epoch 5] Step 600/972 - loss: 0.6833
2025-11-10 23:51:08 - INFO - [Epoch 5] Step 650/972 - loss: 0.6798
2025-11-10 23:51:24 - INFO - [Epoch 5] Step 700/972 - loss: 0.6792
2025-11-10 23:51:39 - INFO - [Epoch 5] Step 750/972 - loss: 0.6784
2025-11-10 23:51:54 - INFO - [Epoch 5] Step 800/972 - loss: 0.6802
2025-11-10 23:52:10 - INFO - [Epoch 5] Step 850/972 - loss: 0.6795
2025-11-10 23:52:25 - INFO - [Epoch 5] Step 900/972 - loss: 0.6780
2025-11-10 23:52:40 - INFO - [Epoch 5] Step 950/972 - loss: 0.6762
2025-11-10 23:52:47 - INFO - [Epoch 5] Step 972/972 - loss: 0.6752
2025-11-10 23:53:15 - INFO - [Epoch 5] Top misclassified classes: 3: 75/137 (acc=0.453), 7: 46/137 (acc=0.664), 4: 29/137 (acc=0.788), 1: 3/138 (acc=0.978), 6: 3/137 (acc=0.978), 10: 3/137 (acc=0.978), 11: 2/138 (acc=0.986), 12: 2/138 (acc=0.986), 13: 2/137 (acc=0.985), 0: 1/137 (acc=0.993)
2025-11-10 23:53:16 - INFO - Epoch 5/20 - train_loss: 0.6752 - val_loss: 0.5109 - f1: 0.9260
2025-11-10 23:53:32 - INFO - [Epoch 6] Step 50/972 - loss: 0.6427
2025-11-10 23:53:47 - INFO - [Epoch 6] Step 100/972 - loss: 0.6408
2025-11-10 23:54:02 - INFO - [Epoch 6] Step 150/972 - loss: 0.6530
2025-11-10 23:54:18 - INFO - [Epoch 6] Step 200/972 - loss: 0.6486
2025-11-10 23:54:33 - INFO - [Epoch 6] Step 250/972 - loss: 0.6469
2025-11-10 23:54:48 - INFO - [Epoch 6] Step 300/972 - loss: 0.6431
2025-11-10 23:55:04 - INFO - [Epoch 6] Step 350/972 - loss: 0.6494
2025-11-10 23:55:19 - INFO - [Epoch 6] Step 400/972 - loss: 0.6510
2025-11-10 23:55:34 - INFO - [Epoch 6] Step 450/972 - loss: 0.6514
2025-11-10 23:55:50 - INFO - [Epoch 6] Step 500/972 - loss: 0.6519
2025-11-10 23:56:05 - INFO - [Epoch 6] Step 550/972 - loss: 0.6550
2025-11-10 23:56:21 - INFO - [Epoch 6] Step 600/972 - loss: 0.6554
2025-11-10 23:56:36 - INFO - [Epoch 6] Step 650/972 - loss: 0.6554
2025-11-10 23:56:51 - INFO - [Epoch 6] Step 700/972 - loss: 0.6518
2025-11-10 23:57:07 - INFO - [Epoch 6] Step 750/972 - loss: 0.6505
2025-11-10 23:57:22 - INFO - [Epoch 6] Step 800/972 - loss: 0.6486
2025-11-10 23:57:37 - INFO - [Epoch 6] Step 850/972 - loss: 0.6454
2025-11-10 23:57:52 - INFO - [Epoch 6] Step 900/972 - loss: 0.6460
2025-11-10 23:58:08 - INFO - [Epoch 6] Step 950/972 - loss: 0.6466
2025-11-10 23:58:15 - INFO - [Epoch 6] Step 972/972 - loss: 0.6474
2025-11-10 23:58:43 - INFO - [Epoch 6] Top misclassified classes: 3: 68/137 (acc=0.504), 7: 39/137 (acc=0.715), 4: 36/137 (acc=0.737), 13: 9/137 (acc=0.934), 10: 5/137 (acc=0.964), 1: 1/138 (acc=0.993), 12: 1/138 (acc=0.993), 0: 1/137 (acc=0.993), 6: 1/137 (acc=0.993), 14: 1/137 (acc=0.993)
2025-11-10 23:58:43 - INFO - Epoch 6/20 - train_loss: 0.6474 - val_loss: 0.4835 - f1: 0.9299
2025-11-10 23:58:59 - INFO - [Epoch 7] Step 50/972 - loss: 0.6253
2025-11-10 23:59:14 - INFO - [Epoch 7] Step 100/972 - loss: 0.6125
2025-11-10 23:59:30 - INFO - [Epoch 7] Step 150/972 - loss: 0.6126
2025-11-10 23:59:45 - INFO - [Epoch 7] Step 200/972 - loss: 0.6119
2025-11-11 00:00:00 - INFO - [Epoch 7] Step 250/972 - loss: 0.6211
2025-11-11 00:00:16 - INFO - [Epoch 7] Step 300/972 - loss: 0.6191
2025-11-11 00:00:31 - INFO - [Epoch 7] Step 350/972 - loss: 0.6205
2025-11-11 00:00:46 - INFO - [Epoch 7] Step 400/972 - loss: 0.6218
2025-11-11 00:01:02 - INFO - [Epoch 7] Step 450/972 - loss: 0.6170
2025-11-11 00:01:17 - INFO - [Epoch 7] Step 500/972 - loss: 0.6183
2025-11-11 00:01:32 - INFO - [Epoch 7] Step 550/972 - loss: 0.6142
2025-11-11 00:01:48 - INFO - [Epoch 7] Step 600/972 - loss: 0.6148
2025-11-11 00:02:03 - INFO - [Epoch 7] Step 650/972 - loss: 0.6155
2025-11-11 00:02:18 - INFO - [Epoch 7] Step 700/972 - loss: 0.6169
2025-11-11 00:02:34 - INFO - [Epoch 7] Step 750/972 - loss: 0.6156
2025-11-11 00:02:49 - INFO - [Epoch 7] Step 800/972 - loss: 0.6152
2025-11-11 00:03:04 - INFO - [Epoch 7] Step 850/972 - loss: 0.6146
2025-11-11 00:03:20 - INFO - [Epoch 7] Step 900/972 - loss: 0.6151
2025-11-11 00:03:35 - INFO - [Epoch 7] Step 950/972 - loss: 0.6129
2025-11-11 00:03:42 - INFO - [Epoch 7] Step 972/972 - loss: 0.6124
2025-11-11 00:04:10 - INFO - [Epoch 7] Top misclassified classes: 3: 46/137 (acc=0.664), 7: 34/137 (acc=0.752), 11: 14/138 (acc=0.899), 4: 12/137 (acc=0.912), 14: 10/137 (acc=0.927), 10: 4/137 (acc=0.971), 6: 2/137 (acc=0.985), 1: 1/138 (acc=0.993), 12: 1/138 (acc=0.993), 13: 1/137 (acc=0.993)
2025-11-11 00:04:14 - INFO - Epoch 7/20 - train_loss: 0.6124 - val_loss: 0.4610 - f1: 0.9455
2025-11-11 00:04:30 - INFO - [Epoch 8] Step 50/972 - loss: 0.5825
2025-11-11 00:04:45 - INFO - [Epoch 8] Step 100/972 - loss: 0.6088
2025-11-11 00:05:01 - INFO - [Epoch 8] Step 150/972 - loss: 0.5960
2025-11-11 00:05:16 - INFO - [Epoch 8] Step 200/972 - loss: 0.5987
2025-11-11 00:05:31 - INFO - [Epoch 8] Step 250/972 - loss: 0.6046
2025-11-11 00:05:47 - INFO - [Epoch 8] Step 300/972 - loss: 0.5932
2025-11-11 00:06:02 - INFO - [Epoch 8] Step 350/972 - loss: 0.6056
2025-11-11 00:06:17 - INFO - [Epoch 8] Step 400/972 - loss: 0.6021
2025-11-11 00:06:33 - INFO - [Epoch 8] Step 450/972 - loss: 0.6099
2025-11-11 00:06:48 - INFO - [Epoch 8] Step 500/972 - loss: 0.6080
2025-11-11 00:07:03 - INFO - [Epoch 8] Step 550/972 - loss: 0.6063
2025-11-11 00:07:19 - INFO - [Epoch 8] Step 600/972 - loss: 0.6031
2025-11-11 00:07:34 - INFO - [Epoch 8] Step 650/972 - loss: 0.6055
2025-11-11 00:07:49 - INFO - [Epoch 8] Step 700/972 - loss: 0.6054
2025-11-11 00:08:05 - INFO - [Epoch 8] Step 750/972 - loss: 0.6035
2025-11-11 00:08:20 - INFO - [Epoch 8] Step 800/972 - loss: 0.6028
2025-11-11 00:08:35 - INFO - [Epoch 8] Step 850/972 - loss: 0.6017
2025-11-11 00:08:51 - INFO - [Epoch 8] Step 900/972 - loss: 0.6035
2025-11-11 00:09:06 - INFO - [Epoch 8] Step 950/972 - loss: 0.6049
2025-11-11 00:09:13 - INFO - [Epoch 8] Step 972/972 - loss: 0.6043
2025-11-11 00:09:41 - INFO - [Epoch 8] Top misclassified classes: 7: 48/137 (acc=0.650), 3: 27/137 (acc=0.803), 4: 5/137 (acc=0.964), 14: 5/137 (acc=0.964), 6: 3/137 (acc=0.978), 10: 3/137 (acc=0.978), 1: 2/138 (acc=0.986), 13: 2/137 (acc=0.985), 11: 1/138 (acc=0.993), 0: 1/137 (acc=0.993)
2025-11-11 00:09:44 - INFO - Epoch 8/20 - train_loss: 0.6043 - val_loss: 0.4336 - f1: 0.9573
2025-11-11 00:10:01 - INFO - [Epoch 9] Step 50/972 - loss: 0.5976
2025-11-11 00:10:16 - INFO - [Epoch 9] Step 100/972 - loss: 0.5781
2025-11-11 00:10:31 - INFO - [Epoch 9] Step 150/972 - loss: 0.5739
2025-11-11 00:10:47 - INFO - [Epoch 9] Step 200/972 - loss: 0.5668
2025-11-11 00:11:02 - INFO - [Epoch 9] Step 250/972 - loss: 0.5680
2025-11-11 00:11:17 - INFO - [Epoch 9] Step 300/972 - loss: 0.5631
2025-11-11 00:11:33 - INFO - [Epoch 9] Step 350/972 - loss: 0.5661
2025-11-11 00:11:48 - INFO - [Epoch 9] Step 400/972 - loss: 0.5678
2025-11-11 00:12:03 - INFO - [Epoch 9] Step 450/972 - loss: 0.5705
2025-11-11 00:12:19 - INFO - [Epoch 9] Step 500/972 - loss: 0.5700
2025-11-11 00:12:34 - INFO - [Epoch 9] Step 550/972 - loss: 0.5723
2025-11-11 00:12:49 - INFO - [Epoch 9] Step 600/972 - loss: 0.5742
2025-11-11 00:13:05 - INFO - [Epoch 9] Step 650/972 - loss: 0.5776
2025-11-11 00:13:20 - INFO - [Epoch 9] Step 700/972 - loss: 0.5728
2025-11-11 00:13:35 - INFO - [Epoch 9] Step 750/972 - loss: 0.5717
2025-11-11 00:13:51 - INFO - [Epoch 9] Step 800/972 - loss: 0.5729
2025-11-11 00:14:06 - INFO - [Epoch 9] Step 850/972 - loss: 0.5700
2025-11-11 00:14:21 - INFO - [Epoch 9] Step 900/972 - loss: 0.5720
2025-11-11 00:14:37 - INFO - [Epoch 9] Step 950/972 - loss: 0.5703
2025-11-11 00:14:44 - INFO - [Epoch 9] Step 972/972 - loss: 0.5711
2025-11-11 00:15:12 - INFO - [Epoch 9] Top misclassified classes: 7: 47/137 (acc=0.657), 3: 25/137 (acc=0.818), 14: 13/137 (acc=0.905), 4: 8/137 (acc=0.942), 11: 5/138 (acc=0.964), 0: 2/137 (acc=0.985), 13: 2/137 (acc=0.985), 1: 1/138 (acc=0.993), 12: 1/138 (acc=0.993), 6: 1/137 (acc=0.993)
2025-11-11 00:15:12 - INFO - Epoch 9/20 - train_loss: 0.5711 - val_loss: 0.4342 - f1: 0.9540
2025-11-11 00:15:28 - INFO - [Epoch 10] Step 50/972 - loss: 0.5444
2025-11-11 00:15:44 - INFO - [Epoch 10] Step 100/972 - loss: 0.5424
2025-11-11 00:15:59 - INFO - [Epoch 10] Step 150/972 - loss: 0.5519
2025-11-11 00:16:14 - INFO - [Epoch 10] Step 200/972 - loss: 0.5505
2025-11-11 00:16:30 - INFO - [Epoch 10] Step 250/972 - loss: 0.5552
2025-11-11 00:16:45 - INFO - [Epoch 10] Step 300/972 - loss: 0.5620
2025-11-11 00:17:00 - INFO - [Epoch 10] Step 350/972 - loss: 0.5604
2025-11-11 00:17:16 - INFO - [Epoch 10] Step 400/972 - loss: 0.5549
2025-11-11 00:17:31 - INFO - [Epoch 10] Step 450/972 - loss: 0.5522
2025-11-11 00:17:46 - INFO - [Epoch 10] Step 500/972 - loss: 0.5520
2025-11-11 00:18:02 - INFO - [Epoch 10] Step 550/972 - loss: 0.5487
2025-11-11 00:18:17 - INFO - [Epoch 10] Step 600/972 - loss: 0.5451
2025-11-11 00:18:32 - INFO - [Epoch 10] Step 650/972 - loss: 0.5422
2025-11-11 00:18:48 - INFO - [Epoch 10] Step 700/972 - loss: 0.5416
2025-11-11 00:19:03 - INFO - [Epoch 10] Step 750/972 - loss: 0.5411
2025-11-11 00:19:18 - INFO - [Epoch 10] Step 800/972 - loss: 0.5399
2025-11-11 00:19:34 - INFO - [Epoch 10] Step 850/972 - loss: 0.5403
2025-11-11 00:19:49 - INFO - [Epoch 10] Step 900/972 - loss: 0.5413
2025-11-11 00:20:04 - INFO - [Epoch 10] Step 950/972 - loss: 0.5449
2025-11-11 00:20:11 - INFO - [Epoch 10] Step 972/972 - loss: 0.5436
2025-11-11 00:20:39 - INFO - [Epoch 10] Top misclassified classes: 7: 47/137 (acc=0.657), 14: 20/137 (acc=0.854), 13: 7/137 (acc=0.949), 3: 6/137 (acc=0.956), 4: 6/137 (acc=0.956), 10: 3/137 (acc=0.978), 11: 1/138 (acc=0.993), 0: 1/137 (acc=0.993), 1: 0/138 (acc=1.000), 5: 0/138 (acc=1.000)
2025-11-11 00:20:44 - INFO - Epoch 10/20 - train_loss: 0.5436 - val_loss: 0.4245 - f1: 0.9608
2025-11-11 00:21:00 - INFO - [Epoch 11] Step 50/972 - loss: 0.6062
2025-11-11 00:21:15 - INFO - [Epoch 11] Step 100/972 - loss: 0.5732
2025-11-11 00:21:30 - INFO - [Epoch 11] Step 150/972 - loss: 0.5639
2025-11-11 00:21:46 - INFO - [Epoch 11] Step 200/972 - loss: 0.5506
2025-11-11 00:22:01 - INFO - [Epoch 11] Step 250/972 - loss: 0.5436
2025-11-11 00:22:16 - INFO - [Epoch 11] Step 300/972 - loss: 0.5460
2025-11-11 00:22:32 - INFO - [Epoch 11] Step 350/972 - loss: 0.5499
2025-11-11 00:22:47 - INFO - [Epoch 11] Step 400/972 - loss: 0.5478
2025-11-11 00:23:02 - INFO - [Epoch 11] Step 450/972 - loss: 0.5437
2025-11-11 00:23:18 - INFO - [Epoch 11] Step 500/972 - loss: 0.5444
2025-11-11 00:23:33 - INFO - [Epoch 11] Step 550/972 - loss: 0.5446
2025-11-11 00:23:48 - INFO - [Epoch 11] Step 600/972 - loss: 0.5438
2025-11-11 00:24:04 - INFO - [Epoch 11] Step 650/972 - loss: 0.5477
2025-11-11 00:24:19 - INFO - [Epoch 11] Step 700/972 - loss: 0.5452
2025-11-11 00:24:34 - INFO - [Epoch 11] Step 750/972 - loss: 0.5444
2025-11-11 00:24:50 - INFO - [Epoch 11] Step 800/972 - loss: 0.5434
2025-11-11 00:25:05 - INFO - [Epoch 11] Step 850/972 - loss: 0.5428
2025-11-11 00:25:21 - INFO - [Epoch 11] Step 900/972 - loss: 0.5407
2025-11-11 00:25:36 - INFO - [Epoch 11] Step 950/972 - loss: 0.5415
2025-11-11 00:25:43 - INFO - [Epoch 11] Step 972/972 - loss: 0.5418
2025-11-11 00:26:11 - INFO - [Epoch 11] Top misclassified classes: 3: 64/137 (acc=0.533), 4: 27/137 (acc=0.803), 7: 10/137 (acc=0.927), 14: 7/137 (acc=0.949), 12: 4/138 (acc=0.971), 0: 2/137 (acc=0.985), 13: 2/137 (acc=0.985), 6: 1/137 (acc=0.993), 10: 1/137 (acc=0.993), 1: 0/138 (acc=1.000)
2025-11-11 00:26:11 - INFO - Epoch 11/20 - train_loss: 0.5418 - val_loss: 0.4684 - f1: 0.9494
2025-11-11 00:26:27 - INFO - [Epoch 12] Step 50/972 - loss: 0.5089
2025-11-11 00:26:43 - INFO - [Epoch 12] Step 100/972 - loss: 0.5269
2025-11-11 00:26:58 - INFO - [Epoch 12] Step 150/972 - loss: 0.5479
2025-11-11 00:27:13 - INFO - [Epoch 12] Step 200/972 - loss: 0.5389
2025-11-11 00:27:29 - INFO - [Epoch 12] Step 250/972 - loss: 0.5314
2025-11-11 00:27:44 - INFO - [Epoch 12] Step 300/972 - loss: 0.5313
2025-11-11 00:27:59 - INFO - [Epoch 12] Step 350/972 - loss: 0.5308
2025-11-11 00:28:15 - INFO - [Epoch 12] Step 400/972 - loss: 0.5296
2025-11-11 00:28:30 - INFO - [Epoch 12] Step 450/972 - loss: 0.5255
2025-11-11 00:28:45 - INFO - [Epoch 12] Step 500/972 - loss: 0.5290
2025-11-11 00:29:01 - INFO - [Epoch 12] Step 550/972 - loss: 0.5267
2025-11-11 00:29:16 - INFO - [Epoch 12] Step 600/972 - loss: 0.5249
2025-11-11 00:29:31 - INFO - [Epoch 12] Step 650/972 - loss: 0.5216
2025-11-11 00:29:47 - INFO - [Epoch 12] Step 700/972 - loss: 0.5200
2025-11-11 00:30:02 - INFO - [Epoch 12] Step 750/972 - loss: 0.5168
2025-11-11 00:30:17 - INFO - [Epoch 12] Step 800/972 - loss: 0.5177
2025-11-11 00:30:33 - INFO - [Epoch 12] Step 850/972 - loss: 0.5160
2025-11-11 00:30:48 - INFO - [Epoch 12] Step 900/972 - loss: 0.5165
2025-11-11 00:31:03 - INFO - [Epoch 12] Step 950/972 - loss: 0.5141
2025-11-11 00:31:10 - INFO - [Epoch 12] Step 972/972 - loss: 0.5138
2025-11-11 00:31:38 - INFO - [Epoch 12] Top misclassified classes: 3: 24/137 (acc=0.825), 7: 16/137 (acc=0.883), 14: 13/137 (acc=0.905), 4: 7/137 (acc=0.949), 1: 1/138 (acc=0.993), 0: 1/137 (acc=0.993), 6: 1/137 (acc=0.993), 10: 1/137 (acc=0.993), 13: 1/137 (acc=0.993), 5: 0/138 (acc=1.000)
2025-11-11 00:31:43 - INFO - Epoch 12/20 - train_loss: 0.5138 - val_loss: 0.3954 - f1: 0.9721
2025-11-11 00:31:59 - INFO - [Epoch 13] Step 50/972 - loss: 0.5188
2025-11-11 00:32:14 - INFO - [Epoch 13] Step 100/972 - loss: 0.5118
2025-11-11 00:32:29 - INFO - [Epoch 13] Step 150/972 - loss: 0.5094
2025-11-11 00:32:45 - INFO - [Epoch 13] Step 200/972 - loss: 0.5121
2025-11-11 00:33:00 - INFO - [Epoch 13] Step 250/972 - loss: 0.5097
2025-11-11 00:33:15 - INFO - [Epoch 13] Step 300/972 - loss: 0.5076
2025-11-11 00:33:31 - INFO - [Epoch 13] Step 350/972 - loss: 0.5065
2025-11-11 00:33:46 - INFO - [Epoch 13] Step 400/972 - loss: 0.5047
2025-11-11 00:34:01 - INFO - [Epoch 13] Step 450/972 - loss: 0.5046
2025-11-11 00:34:17 - INFO - [Epoch 13] Step 500/972 - loss: 0.5004
2025-11-11 00:34:32 - INFO - [Epoch 13] Step 550/972 - loss: 0.4998
2025-11-11 00:34:47 - INFO - [Epoch 13] Step 600/972 - loss: 0.5009
2025-11-11 00:35:03 - INFO - [Epoch 13] Step 650/972 - loss: 0.4987
2025-11-11 00:35:18 - INFO - [Epoch 13] Step 700/972 - loss: 0.5001
2025-11-11 00:35:33 - INFO - [Epoch 13] Step 750/972 - loss: 0.5002
2025-11-11 00:35:49 - INFO - [Epoch 13] Step 800/972 - loss: 0.5013
2025-11-11 00:36:04 - INFO - [Epoch 13] Step 850/972 - loss: 0.5004
2025-11-11 00:36:19 - INFO - [Epoch 13] Step 900/972 - loss: 0.4994
2025-11-11 00:36:35 - INFO - [Epoch 13] Step 950/972 - loss: 0.4980
2025-11-11 00:36:42 - INFO - [Epoch 13] Step 972/972 - loss: 0.4962
2025-11-11 00:37:10 - INFO - [Epoch 13] Top misclassified classes: 7: 36/137 (acc=0.737), 3: 19/137 (acc=0.861), 4: 7/137 (acc=0.949), 10: 3/137 (acc=0.978), 14: 3/137 (acc=0.978), 1: 1/138 (acc=0.993), 0: 1/137 (acc=0.993), 6: 1/137 (acc=0.993), 13: 1/137 (acc=0.993), 5: 0/138 (acc=1.000)
2025-11-11 00:37:10 - INFO - Epoch 13/20 - train_loss: 0.4962 - val_loss: 0.4056 - f1: 0.9687
2025-11-11 00:37:26 - INFO - [Epoch 14] Step 50/972 - loss: 0.4451
2025-11-11 00:37:42 - INFO - [Epoch 14] Step 100/972 - loss: 0.4736
2025-11-11 00:37:57 - INFO - [Epoch 14] Step 150/972 - loss: 0.4663
2025-11-11 00:38:12 - INFO - [Epoch 14] Step 200/972 - loss: 0.4879
2025-11-11 00:38:28 - INFO - [Epoch 14] Step 250/972 - loss: 0.4877
2025-11-11 00:38:43 - INFO - [Epoch 14] Step 300/972 - loss: 0.4891
2025-11-11 00:38:58 - INFO - [Epoch 14] Step 350/972 - loss: 0.4856
2025-11-11 00:39:14 - INFO - [Epoch 14] Step 400/972 - loss: 0.4885
2025-11-11 00:39:29 - INFO - [Epoch 14] Step 450/972 - loss: 0.4875
2025-11-11 00:39:44 - INFO - [Epoch 14] Step 500/972 - loss: 0.4901
2025-11-11 00:40:00 - INFO - [Epoch 14] Step 550/972 - loss: 0.4914
2025-11-11 00:40:15 - INFO - [Epoch 14] Step 600/972 - loss: 0.4886
2025-11-11 00:40:30 - INFO - [Epoch 14] Step 650/972 - loss: 0.4858
2025-11-11 00:40:46 - INFO - [Epoch 14] Step 700/972 - loss: 0.4874
2025-11-11 00:41:01 - INFO - [Epoch 14] Step 750/972 - loss: 0.4870
2025-11-11 00:41:16 - INFO - [Epoch 14] Step 800/972 - loss: 0.4869
2025-11-11 00:41:32 - INFO - [Epoch 14] Step 850/972 - loss: 0.4872
2025-11-11 00:41:47 - INFO - [Epoch 14] Step 900/972 - loss: 0.4856
2025-11-11 00:42:02 - INFO - [Epoch 14] Step 950/972 - loss: 0.4851
2025-11-11 00:42:09 - INFO - [Epoch 14] Step 972/972 - loss: 0.4844
2025-11-11 00:42:37 - INFO - [Epoch 14] Top misclassified classes: 3: 24/137 (acc=0.825), 7: 14/137 (acc=0.898), 4: 7/137 (acc=0.949), 14: 5/137 (acc=0.964), 10: 2/137 (acc=0.985), 13: 1/137 (acc=0.993), 1: 0/138 (acc=1.000), 5: 0/138 (acc=1.000), 9: 0/138 (acc=1.000), 11: 0/138 (acc=1.000)
2025-11-11 00:42:40 - INFO - Epoch 14/20 - train_loss: 0.4844 - val_loss: 0.3789 - f1: 0.9772
2025-11-11 00:42:56 - INFO - [Epoch 15] Step 50/972 - loss: 0.4864
2025-11-11 00:43:12 - INFO - [Epoch 15] Step 100/972 - loss: 0.4670
2025-11-11 00:43:27 - INFO - [Epoch 15] Step 150/972 - loss: 0.4695
2025-11-11 00:43:42 - INFO - [Epoch 15] Step 200/972 - loss: 0.4670
2025-11-11 00:43:58 - INFO - [Epoch 15] Step 250/972 - loss: 0.4720
2025-11-11 00:44:13 - INFO - [Epoch 15] Step 300/972 - loss: 0.4736
2025-11-11 00:44:28 - INFO - [Epoch 15] Step 350/972 - loss: 0.4730
2025-11-11 00:44:44 - INFO - [Epoch 15] Step 400/972 - loss: 0.4710
2025-11-11 00:44:59 - INFO - [Epoch 15] Step 450/972 - loss: 0.4685
2025-11-11 00:45:14 - INFO - [Epoch 15] Step 500/972 - loss: 0.4681
2025-11-11 00:45:30 - INFO - [Epoch 15] Step 550/972 - loss: 0.4718
2025-11-11 00:45:45 - INFO - [Epoch 15] Step 600/972 - loss: 0.4718
2025-11-11 00:46:00 - INFO - [Epoch 15] Step 650/972 - loss: 0.4716
2025-11-11 00:46:16 - INFO - [Epoch 15] Step 700/972 - loss: 0.4703
2025-11-11 00:46:31 - INFO - [Epoch 15] Step 750/972 - loss: 0.4681
2025-11-11 00:46:46 - INFO - [Epoch 15] Step 800/972 - loss: 0.4685
2025-11-11 00:47:02 - INFO - [Epoch 15] Step 850/972 - loss: 0.4672
2025-11-11 00:47:17 - INFO - [Epoch 15] Step 900/972 - loss: 0.4672
2025-11-11 00:47:32 - INFO - [Epoch 15] Step 950/972 - loss: 0.4667
2025-11-11 00:47:39 - INFO - [Epoch 15] Step 972/972 - loss: 0.4660
2025-11-11 00:48:07 - INFO - [Epoch 15] Top misclassified classes: 7: 17/137 (acc=0.876), 3: 16/137 (acc=0.883), 4: 10/137 (acc=0.927), 14: 4/137 (acc=0.971), 10: 3/137 (acc=0.978), 12: 1/138 (acc=0.993), 0: 1/137 (acc=0.993), 6: 1/137 (acc=0.993), 13: 1/137 (acc=0.993), 1: 0/138 (acc=1.000)
2025-11-11 00:48:08 - INFO - Epoch 15/20 - train_loss: 0.4660 - val_loss: 0.3801 - f1: 0.9770
2025-11-11 00:48:24 - INFO - [Epoch 16] Step 50/972 - loss: 0.4908
2025-11-11 00:48:39 - INFO - [Epoch 16] Step 100/972 - loss: 0.4784
2025-11-11 00:48:55 - INFO - [Epoch 16] Step 150/972 - loss: 0.4840
2025-11-11 00:49:10 - INFO - [Epoch 16] Step 200/972 - loss: 0.4859
2025-11-11 00:49:25 - INFO - [Epoch 16] Step 250/972 - loss: 0.4764
2025-11-11 00:49:40 - INFO - [Epoch 16] Step 300/972 - loss: 0.4689
2025-11-11 00:49:56 - INFO - [Epoch 16] Step 350/972 - loss: 0.4685
2025-11-11 00:50:11 - INFO - [Epoch 16] Step 400/972 - loss: 0.4662
2025-11-11 00:50:26 - INFO - [Epoch 16] Step 450/972 - loss: 0.4672
2025-11-11 00:50:42 - INFO - [Epoch 16] Step 500/972 - loss: 0.4670
2025-11-11 00:50:57 - INFO - [Epoch 16] Step 550/972 - loss: 0.4665
2025-11-11 00:51:12 - INFO - [Epoch 16] Step 600/972 - loss: 0.4637
2025-11-11 00:51:28 - INFO - [Epoch 16] Step 650/972 - loss: 0.4652
2025-11-11 00:51:43 - INFO - [Epoch 16] Step 700/972 - loss: 0.4643
2025-11-11 00:51:58 - INFO - [Epoch 16] Step 750/972 - loss: 0.4665
2025-11-11 00:52:14 - INFO - [Epoch 16] Step 800/972 - loss: 0.4660
2025-11-11 00:52:29 - INFO - [Epoch 16] Step 850/972 - loss: 0.4674
2025-11-11 00:52:44 - INFO - [Epoch 16] Step 900/972 - loss: 0.4653
2025-11-11 00:53:00 - INFO - [Epoch 16] Step 950/972 - loss: 0.4652
2025-11-11 00:53:07 - INFO - [Epoch 16] Step 972/972 - loss: 0.4653
2025-11-11 00:53:35 - INFO - [Epoch 16] Top misclassified classes: 7: 23/137 (acc=0.832), 4: 10/137 (acc=0.927), 3: 9/137 (acc=0.934), 0: 1/137 (acc=0.993), 6: 1/137 (acc=0.993), 13: 1/137 (acc=0.993), 14: 1/137 (acc=0.993), 1: 0/138 (acc=1.000), 5: 0/138 (acc=1.000), 9: 0/138 (acc=1.000)
2025-11-11 00:53:39 - INFO - Epoch 16/20 - train_loss: 0.4653 - val_loss: 0.3745 - f1: 0.9801
2025-11-11 00:53:55 - INFO - [Epoch 17] Step 50/972 - loss: 0.4779
2025-11-11 00:54:10 - INFO - [Epoch 17] Step 100/972 - loss: 0.4751
2025-11-11 00:54:26 - INFO - [Epoch 17] Step 150/972 - loss: 0.4656
2025-11-11 00:54:41 - INFO - [Epoch 17] Step 200/972 - loss: 0.4595
2025-11-11 00:54:56 - INFO - [Epoch 17] Step 250/972 - loss: 0.4566
2025-11-11 00:55:12 - INFO - [Epoch 17] Step 300/972 - loss: 0.4586
2025-11-11 00:55:27 - INFO - [Epoch 17] Step 350/972 - loss: 0.4587
2025-11-11 00:55:42 - INFO - [Epoch 17] Step 400/972 - loss: 0.4607
2025-11-11 00:55:58 - INFO - [Epoch 17] Step 450/972 - loss: 0.4599
2025-11-11 00:56:13 - INFO - [Epoch 17] Step 500/972 - loss: 0.4597
2025-11-11 00:56:28 - INFO - [Epoch 17] Step 550/972 - loss: 0.4577
2025-11-11 00:56:44 - INFO - [Epoch 17] Step 600/972 - loss: 0.4567
2025-11-11 00:56:59 - INFO - [Epoch 17] Step 650/972 - loss: 0.4570
2025-11-11 00:57:14 - INFO - [Epoch 17] Step 700/972 - loss: 0.4563
2025-11-11 00:57:30 - INFO - [Epoch 17] Step 750/972 - loss: 0.4563
2025-11-11 00:57:45 - INFO - [Epoch 17] Step 800/972 - loss: 0.4566
2025-11-11 00:58:00 - INFO - [Epoch 17] Step 850/972 - loss: 0.4591
2025-11-11 00:58:16 - INFO - [Epoch 17] Step 900/972 - loss: 0.4583
2025-11-11 00:58:31 - INFO - [Epoch 17] Step 950/972 - loss: 0.4575
2025-11-11 00:58:38 - INFO - [Epoch 17] Step 972/972 - loss: 0.4574
2025-11-11 00:59:06 - INFO - [Epoch 17] Top misclassified classes: 7: 17/137 (acc=0.876), 3: 12/137 (acc=0.912), 4: 10/137 (acc=0.927), 13: 2/137 (acc=0.985), 0: 1/137 (acc=0.993), 10: 1/137 (acc=0.993), 1: 0/138 (acc=1.000), 5: 0/138 (acc=1.000), 9: 0/138 (acc=1.000), 11: 0/138 (acc=1.000)
2025-11-11 00:59:09 - INFO - Epoch 17/20 - train_loss: 0.4574 - val_loss: 0.3693 - f1: 0.9815
2025-11-11 00:59:25 - INFO - [Epoch 18] Step 50/972 - loss: 0.4395
2025-11-11 00:59:40 - INFO - [Epoch 18] Step 100/972 - loss: 0.4489
2025-11-11 00:59:56 - INFO - [Epoch 18] Step 150/972 - loss: 0.4582
2025-11-11 01:00:11 - INFO - [Epoch 18] Step 200/972 - loss: 0.4487
2025-11-11 01:00:26 - INFO - [Epoch 18] Step 250/972 - loss: 0.4490
2025-11-11 01:00:42 - INFO - [Epoch 18] Step 300/972 - loss: 0.4445
2025-11-11 01:00:57 - INFO - [Epoch 18] Step 350/972 - loss: 0.4432
2025-11-11 01:01:12 - INFO - [Epoch 18] Step 400/972 - loss: 0.4417
2025-11-11 01:01:28 - INFO - [Epoch 18] Step 450/972 - loss: 0.4438
2025-11-11 01:01:43 - INFO - [Epoch 18] Step 500/972 - loss: 0.4425
2025-11-11 01:01:58 - INFO - [Epoch 18] Step 550/972 - loss: 0.4438
2025-11-11 01:02:14 - INFO - [Epoch 18] Step 600/972 - loss: 0.4446
2025-11-11 01:02:29 - INFO - [Epoch 18] Step 650/972 - loss: 0.4425
2025-11-11 01:02:44 - INFO - [Epoch 18] Step 700/972 - loss: 0.4423
2025-11-11 01:03:00 - INFO - [Epoch 18] Step 750/972 - loss: 0.4420
2025-11-11 01:03:15 - INFO - [Epoch 18] Step 800/972 - loss: 0.4425
2025-11-11 01:03:30 - INFO - [Epoch 18] Step 850/972 - loss: 0.4439
2025-11-11 01:03:46 - INFO - [Epoch 18] Step 900/972 - loss: 0.4425
2025-11-11 01:04:01 - INFO - [Epoch 18] Step 950/972 - loss: 0.4440
2025-11-11 01:04:08 - INFO - [Epoch 18] Step 972/972 - loss: 0.4435
2025-11-11 01:04:36 - INFO - [Epoch 18] Top misclassified classes: 3: 15/137 (acc=0.891), 4: 10/137 (acc=0.927), 7: 10/137 (acc=0.927), 13: 2/137 (acc=0.985), 0: 1/137 (acc=0.993), 6: 1/137 (acc=0.993), 14: 1/137 (acc=0.993), 1: 0/138 (acc=1.000), 5: 0/138 (acc=1.000), 9: 0/138 (acc=1.000)
2025-11-11 01:04:39 - INFO - Epoch 18/20 - train_loss: 0.4435 - val_loss: 0.3655 - f1: 0.9828
2025-11-11 01:04:55 - INFO - [Epoch 19] Step 50/972 - loss: 0.4484
2025-11-11 01:05:11 - INFO - [Epoch 19] Step 100/972 - loss: 0.4356
2025-11-11 01:05:26 - INFO - [Epoch 19] Step 150/972 - loss: 0.4403
2025-11-11 01:05:41 - INFO - [Epoch 19] Step 200/972 - loss: 0.4294
2025-11-11 01:05:57 - INFO - [Epoch 19] Step 250/972 - loss: 0.4327
2025-11-11 01:06:12 - INFO - [Epoch 19] Step 300/972 - loss: 0.4328
2025-11-11 01:06:27 - INFO - [Epoch 19] Step 350/972 - loss: 0.4330
2025-11-11 01:06:43 - INFO - [Epoch 19] Step 400/972 - loss: 0.4385
2025-11-11 01:06:58 - INFO - [Epoch 19] Step 450/972 - loss: 0.4391
2025-11-11 01:07:13 - INFO - [Epoch 19] Step 500/972 - loss: 0.4383
2025-11-11 01:07:29 - INFO - [Epoch 19] Step 550/972 - loss: 0.4394
2025-11-11 01:07:44 - INFO - [Epoch 19] Step 600/972 - loss: 0.4411
2025-11-11 01:07:59 - INFO - [Epoch 19] Step 650/972 - loss: 0.4401
2025-11-11 01:08:15 - INFO - [Epoch 19] Step 700/972 - loss: 0.4386
2025-11-11 01:08:30 - INFO - [Epoch 19] Step 750/972 - loss: 0.4382
2025-11-11 01:08:45 - INFO - [Epoch 19] Step 800/972 - loss: 0.4377
2025-11-11 01:09:01 - INFO - [Epoch 19] Step 850/972 - loss: 0.4399
2025-11-11 01:09:16 - INFO - [Epoch 19] Step 900/972 - loss: 0.4389
2025-11-11 01:09:31 - INFO - [Epoch 19] Step 950/972 - loss: 0.4380
2025-11-11 01:09:38 - INFO - [Epoch 19] Step 972/972 - loss: 0.4370
2025-11-11 01:10:07 - INFO - [Epoch 19] Top misclassified classes: 7: 15/137 (acc=0.891), 3: 10/137 (acc=0.927), 4: 10/137 (acc=0.927), 13: 2/137 (acc=0.985), 0: 1/137 (acc=0.993), 6: 1/137 (acc=0.993), 14: 1/137 (acc=0.993), 1: 0/138 (acc=1.000), 5: 0/138 (acc=1.000), 9: 0/138 (acc=1.000)
2025-11-11 01:10:07 - INFO - Epoch 19/20 - train_loss: 0.4370 - val_loss: 0.3625 - f1: 0.9828
2025-11-11 01:10:23 - INFO - [Epoch 20] Step 50/972 - loss: 0.4210
2025-11-11 01:10:38 - INFO - [Epoch 20] Step 100/972 - loss: 0.4352
2025-11-11 01:10:53 - INFO - [Epoch 20] Step 150/972 - loss: 0.4366
2025-11-11 01:11:09 - INFO - [Epoch 20] Step 200/972 - loss: 0.4253
2025-11-11 01:11:24 - INFO - [Epoch 20] Step 250/972 - loss: 0.4288
2025-11-11 01:11:39 - INFO - [Epoch 20] Step 300/972 - loss: 0.4296
2025-11-11 01:11:55 - INFO - [Epoch 20] Step 350/972 - loss: 0.4277
2025-11-11 01:12:10 - INFO - [Epoch 20] Step 400/972 - loss: 0.4302
2025-11-11 01:12:25 - INFO - [Epoch 20] Step 450/972 - loss: 0.4335
2025-11-11 01:12:41 - INFO - [Epoch 20] Step 500/972 - loss: 0.4352
2025-11-11 01:12:56 - INFO - [Epoch 20] Step 550/972 - loss: 0.4367
2025-11-11 01:13:11 - INFO - [Epoch 20] Step 600/972 - loss: 0.4359
2025-11-11 01:13:27 - INFO - [Epoch 20] Step 650/972 - loss: 0.4373
2025-11-11 01:13:42 - INFO - [Epoch 20] Step 700/972 - loss: 0.4355
2025-11-11 01:13:57 - INFO - [Epoch 20] Step 750/972 - loss: 0.4339
2025-11-11 01:14:13 - INFO - [Epoch 20] Step 800/972 - loss: 0.4360
2025-11-11 01:14:28 - INFO - [Epoch 20] Step 850/972 - loss: 0.4358
2025-11-11 01:14:43 - INFO - [Epoch 20] Step 900/972 - loss: 0.4370
2025-11-11 01:14:59 - INFO - [Epoch 20] Step 950/972 - loss: 0.4357
2025-11-11 01:15:05 - INFO - [Epoch 20] Step 972/972 - loss: 0.4370
2025-11-11 01:15:34 - INFO - [Epoch 20] Top misclassified classes: 7: 14/137 (acc=0.898), 3: 11/137 (acc=0.920), 4: 10/137 (acc=0.927), 13: 2/137 (acc=0.985), 0: 1/137 (acc=0.993), 6: 1/137 (acc=0.993), 14: 1/137 (acc=0.993), 1: 0/138 (acc=1.000), 5: 0/138 (acc=1.000), 9: 0/138 (acc=1.000)
2025-11-11 01:15:34 - INFO - Epoch 20/20 - train_loss: 0.4370 - val_loss: 0.3618 - f1: 0.9828
2025-11-11 01:15:34 - INFO - Best epoch: 18 (0.9828)
2025-11-11 01:15:34 - INFO - Best f1: 0.9828
