2025-11-11 03:49:41 - INFO - Starting run: 20251111-034941_swin_large_patch4_window12_384_in22k_384px_rot90_jitter_affine_rrc_no-reg_ls0.05_cosine
2025-11-11 03:49:41 - INFO - Configuration:
{
  "experiment": {
    "name": "swin_large_patch4_window12_384_in22k_offline",
    "seed": 2024,
    "deterministic": false
  },
  "paths": {
    "data_root": "data/processed/offline_aug",
    "train_csv": "data/processed/offline_aug/train_offline_aug.csv",
    "meta_csv": "data/raw/meta.csv",
    "image_dir": "data/processed/offline_aug/images",
    "test_dir": "data/raw/test",
    "output_root": "outputs"
  },
  "data": {
    "num_classes": 17,
    "input_size": 384,
    "mean": [
      0.485,
      0.456,
      0.406
    ],
    "std": [
      0.229,
      0.224,
      0.225
    ],
    "excluded_ids": [],
    "loader": {
      "batch_size": 12,
      "num_workers": 8,
      "pin_memory": true,
      "persistent_workers": true,
      "prefetch_factor": 2
    }
  },
  "split": {
    "n_splits": 6,
    "fold_index": 3,
    "seed": 2024,
    "predefined_split": "splits/fold_indices_offline.pkl"
  },
  "sampler": {
    "name": "weighted_random",
    "minority_classes": [
      1,
      13,
      14
    ],
    "weights_power": 0.85,
    "replacement": true
  },
  "augmentations": {
    "name": "rot90_jitter_affine_rrc",
    "use_reference_pipeline": true,
    "random_resized_crop_scale": [
      0.95,
      1.0
    ],
    "random_resized_crop_ratio": [
      0.9,
      1.1
    ],
    "random_rotate90": true,
    "random_rotate90_prob": 0.5,
    "max_rotate": 12,
    "rotate_prob": 1.0,
    "affine_scale": [
      0.95,
      1.05
    ],
    "affine_translate": [
      0.05,
      0.05
    ],
    "horizontal_flip": true,
    "horizontal_flip_prob": 0.5,
    "brightness_contrast": [
      0.1,
      0.1
    ],
    "color_jitter": {
      "p": 0.35,
      "brightness": 0.25,
      "contrast": 0.1,
      "saturation": 0.15,
      "hue": 0.0
    },
    "blur": {
      "p": 0.35,
      "blur_limit": [
        3,
        7
      ],
      "sigma_limit": [
        0.2,
        1.0
      ]
    }
  },
  "regularization": {
    "mixup_alpha": 0.0,
    "cutmix_alpha": 0.0,
    "tag": "no-reg"
  },
  "model": {
    "name": "swin_large_patch4_window12_384_in22k",
    "pretrained": true,
    "checkpoint": null,
    "drop_path_rate": 0.2,
    "use_checkpoint": true
  },
  "loss": {
    "name": "cross_entropy",
    "label_smoothing": 0.05
  },
  "optimizer": {
    "name": "adamw",
    "lr": 8e-05,
    "weight_decay": 0.05,
    "betas": [
      0.9,
      0.999
    ]
  },
  "scheduler": {
    "name": "cosine",
    "warmup_epochs": 3,
    "min_lr": 1e-06
  },
  "training": {
    "epochs": 20,
    "amp": true,
    "grad_clip_norm": null,
    "save_best_metric": "f1",
    "validation_interval": 1,
    "early_stopping": {
      "patience": 3,
      "min_delta": 0.0005,
      "mode": "max"
    },
    "ema": {
      "enabled": false
    },
    "swa": {
      "enabled": false
    }
  },
  "logging": {
    "project": "document_type_classification",
    "log_interval": 50
  },
  "submission": {
    "metric_name": "f1",
    "leaderboard_score": 0.0,
    "tta": {
      "enabled": true,
      "rotations": [
        0,
        90,
        180,
        270
      ],
      "jitter_degrees": 0,
      "horizontal_flip": true,
      "vertical_flip": false
    }
  },
  "performance": {
    "allow_tf32": true,
    "matmul_precision": "high",
    "cudnn_benchmark": true,
    "channels_last": true
  }
}
/opt/conda/lib/python3.10/site-packages/timm/models/_factory.py:117: UserWarning: Mapping deprecated model name swin_large_patch4_window12_384_in22k to current swin_large_patch4_window12_384.ms_in22k.
  model = create_fn(
/opt/conda/lib/python3.10/site-packages/torch/functional.py:504: UserWarning: torch.meshgrid: in an upcoming release, it will be required to pass the indexing argument. (Triggered internally at /opt/conda/conda-bld/pytorch_1695392020201/work/aten/src/ATen/native/TensorShape.cpp:3526.)
  return _VF.meshgrid(tensors, **kwargs)  # type: ignore[attr-defined]
2025-11-11 03:50:01 - INFO - [Epoch 1] Step 50/972 - loss: 2.9044
2025-11-11 03:50:16 - INFO - [Epoch 1] Step 100/972 - loss: 2.9259
2025-11-11 03:50:31 - INFO - [Epoch 1] Step 150/972 - loss: 2.9242
2025-11-11 03:50:47 - INFO - [Epoch 1] Step 200/972 - loss: 2.9207
2025-11-11 03:51:02 - INFO - [Epoch 1] Step 250/972 - loss: 2.9198
2025-11-11 03:51:17 - INFO - [Epoch 1] Step 300/972 - loss: 2.9156
2025-11-11 03:51:33 - INFO - [Epoch 1] Step 350/972 - loss: 2.9159
2025-11-11 03:51:48 - INFO - [Epoch 1] Step 400/972 - loss: 2.9119
2025-11-11 03:52:04 - INFO - [Epoch 1] Step 450/972 - loss: 2.9094
2025-11-11 03:52:19 - INFO - [Epoch 1] Step 500/972 - loss: 2.9048
2025-11-11 03:52:34 - INFO - [Epoch 1] Step 550/972 - loss: 2.9047
2025-11-11 03:52:50 - INFO - [Epoch 1] Step 600/972 - loss: 2.9027
2025-11-11 03:53:05 - INFO - [Epoch 1] Step 650/972 - loss: 2.9007
2025-11-11 03:53:20 - INFO - [Epoch 1] Step 700/972 - loss: 2.8988
2025-11-11 03:53:36 - INFO - [Epoch 1] Step 750/972 - loss: 2.8975
2025-11-11 03:53:51 - INFO - [Epoch 1] Step 800/972 - loss: 2.8946
2025-11-11 03:54:06 - INFO - [Epoch 1] Step 850/972 - loss: 2.8933
2025-11-11 03:54:22 - INFO - [Epoch 1] Step 900/972 - loss: 2.8917
2025-11-11 03:54:37 - INFO - [Epoch 1] Step 950/972 - loss: 2.8905
2025-11-11 03:54:44 - INFO - [Epoch 1] Step 972/972 - loss: 2.8896
2025-11-11 03:55:13 - INFO - [Epoch 1] Top misclassified classes: 3: 138/138 (acc=0.000), 15: 138/138 (acc=0.000), 6: 137/138 (acc=0.007), 1: 137/137 (acc=0.000), 5: 137/137 (acc=0.000), 7: 137/137 (acc=0.000), 14: 137/137 (acc=0.000), 4: 136/137 (acc=0.007), 9: 135/137 (acc=0.015), 12: 135/137 (acc=0.015)
2025-11-11 03:55:18 - INFO - Epoch 1/20 - train_loss: 2.8896 - val_loss: 2.8227 - f1: 0.0549
2025-11-11 03:55:34 - INFO - [Epoch 2] Step 50/972 - loss: 2.5327
2025-11-11 03:55:49 - INFO - [Epoch 2] Step 100/972 - loss: 2.1548
2025-11-11 03:56:04 - INFO - [Epoch 2] Step 150/972 - loss: 1.8985
2025-11-11 03:56:20 - INFO - [Epoch 2] Step 200/972 - loss: 1.7323
2025-11-11 03:56:35 - INFO - [Epoch 2] Step 250/972 - loss: 1.6177
2025-11-11 03:56:51 - INFO - [Epoch 2] Step 300/972 - loss: 1.5236
2025-11-11 03:57:06 - INFO - [Epoch 2] Step 350/972 - loss: 1.4475
2025-11-11 03:57:21 - INFO - [Epoch 2] Step 400/972 - loss: 1.3850
2025-11-11 03:57:37 - INFO - [Epoch 2] Step 450/972 - loss: 1.3432
2025-11-11 03:57:52 - INFO - [Epoch 2] Step 500/972 - loss: 1.3023
2025-11-11 03:58:07 - INFO - [Epoch 2] Step 550/972 - loss: 1.2663
2025-11-11 03:58:23 - INFO - [Epoch 2] Step 600/972 - loss: 1.2319
2025-11-11 03:58:38 - INFO - [Epoch 2] Step 650/972 - loss: 1.2067
2025-11-11 03:58:53 - INFO - [Epoch 2] Step 700/972 - loss: 1.1769
2025-11-11 03:59:09 - INFO - [Epoch 2] Step 750/972 - loss: 1.1547
2025-11-11 03:59:24 - INFO - [Epoch 2] Step 800/972 - loss: 1.1335
2025-11-11 03:59:39 - INFO - [Epoch 2] Step 850/972 - loss: 1.1178
2025-11-11 03:59:55 - INFO - [Epoch 2] Step 900/972 - loss: 1.1035
2025-11-11 04:00:10 - INFO - [Epoch 2] Step 950/972 - loss: 1.0900
2025-11-11 04:00:17 - INFO - [Epoch 2] Step 972/972 - loss: 1.0834
2025-11-11 04:00:45 - INFO - [Epoch 2] Top misclassified classes: 7: 113/137 (acc=0.175), 3: 49/138 (acc=0.645), 14: 44/137 (acc=0.679), 4: 18/137 (acc=0.869), 13: 8/138 (acc=0.942), 12: 8/137 (acc=0.942), 11: 4/137 (acc=0.971), 10: 3/138 (acc=0.978), 1: 3/137 (acc=0.978), 15: 2/138 (acc=0.986)
2025-11-11 04:00:49 - INFO - Epoch 2/20 - train_loss: 1.0834 - val_loss: 0.5935 - f1: 0.8817
2025-11-11 04:01:05 - INFO - [Epoch 3] Step 50/972 - loss: 0.8076
2025-11-11 04:01:20 - INFO - [Epoch 3] Step 100/972 - loss: 0.8246
2025-11-11 04:01:35 - INFO - [Epoch 3] Step 150/972 - loss: 0.8102
2025-11-11 04:01:51 - INFO - [Epoch 3] Step 200/972 - loss: 0.8262
2025-11-11 04:02:06 - INFO - [Epoch 3] Step 250/972 - loss: 0.8363
2025-11-11 04:02:21 - INFO - [Epoch 3] Step 300/972 - loss: 0.8286
2025-11-11 04:02:37 - INFO - [Epoch 3] Step 350/972 - loss: 0.8212
2025-11-11 04:02:52 - INFO - [Epoch 3] Step 400/972 - loss: 0.8208
2025-11-11 04:03:07 - INFO - [Epoch 3] Step 450/972 - loss: 0.8271
2025-11-11 04:03:23 - INFO - [Epoch 3] Step 500/972 - loss: 0.8273
2025-11-11 04:03:38 - INFO - [Epoch 3] Step 550/972 - loss: 0.8229
2025-11-11 04:03:53 - INFO - [Epoch 3] Step 600/972 - loss: 0.8203
2025-11-11 04:04:09 - INFO - [Epoch 3] Step 650/972 - loss: 0.8174
2025-11-11 04:04:24 - INFO - [Epoch 3] Step 700/972 - loss: 0.8138
2025-11-11 04:04:39 - INFO - [Epoch 3] Step 750/972 - loss: 0.8068
2025-11-11 04:04:55 - INFO - [Epoch 3] Step 800/972 - loss: 0.8011
2025-11-11 04:05:10 - INFO - [Epoch 3] Step 850/972 - loss: 0.7989
2025-11-11 04:05:25 - INFO - [Epoch 3] Step 900/972 - loss: 0.7969
2025-11-11 04:05:41 - INFO - [Epoch 3] Step 950/972 - loss: 0.7963
2025-11-11 04:05:47 - INFO - [Epoch 3] Step 972/972 - loss: 0.7957
/opt/conda/lib/python3.10/site-packages/torch/optim/lr_scheduler.py:149: UserWarning: The epoch parameter in `scheduler.step()` was not necessary and is being deprecated where possible. Please use `scheduler.step()` to step the scheduler. During the deprecation, if epoch is different from None, the closed form is used instead of the new chainable form, where available. Please open an issue if you are unable to replicate your use case: https://github.com/pytorch/pytorch/issues/new/choose.
  warnings.warn(EPOCH_DEPRECATION_WARNING, UserWarning)
2025-11-11 04:06:16 - INFO - [Epoch 3] Top misclassified classes: 3: 73/138 (acc=0.471), 14: 57/137 (acc=0.584), 7: 25/137 (acc=0.818), 4: 21/137 (acc=0.847), 12: 8/137 (acc=0.942), 1: 3/137 (acc=0.978), 11: 2/137 (acc=0.985), 10: 1/138 (acc=0.993), 15: 1/138 (acc=0.993), 8: 1/137 (acc=0.993)
2025-11-11 04:06:20 - INFO - Epoch 3/20 - train_loss: 0.7957 - val_loss: 0.5169 - f1: 0.9171
2025-11-11 04:06:36 - INFO - [Epoch 4] Step 50/972 - loss: 0.7320
2025-11-11 04:06:52 - INFO - [Epoch 4] Step 100/972 - loss: 0.7456
2025-11-11 04:07:07 - INFO - [Epoch 4] Step 150/972 - loss: 0.7452
2025-11-11 04:07:22 - INFO - [Epoch 4] Step 200/972 - loss: 0.7583
2025-11-11 04:07:37 - INFO - [Epoch 4] Step 250/972 - loss: 0.7679
2025-11-11 04:07:53 - INFO - [Epoch 4] Step 300/972 - loss: 0.7705
2025-11-11 04:08:08 - INFO - [Epoch 4] Step 350/972 - loss: 0.7729
2025-11-11 04:08:23 - INFO - [Epoch 4] Step 400/972 - loss: 0.7680
2025-11-11 04:08:39 - INFO - [Epoch 4] Step 450/972 - loss: 0.7616
2025-11-11 04:08:54 - INFO - [Epoch 4] Step 500/972 - loss: 0.7620
2025-11-11 04:09:10 - INFO - [Epoch 4] Step 550/972 - loss: 0.7625
2025-11-11 04:09:25 - INFO - [Epoch 4] Step 600/972 - loss: 0.7609
2025-11-11 04:09:40 - INFO - [Epoch 4] Step 650/972 - loss: 0.7613
2025-11-11 04:09:56 - INFO - [Epoch 4] Step 700/972 - loss: 0.7614
2025-11-11 04:10:11 - INFO - [Epoch 4] Step 750/972 - loss: 0.7630
2025-11-11 04:10:26 - INFO - [Epoch 4] Step 800/972 - loss: 0.7609
2025-11-11 04:10:42 - INFO - [Epoch 4] Step 850/972 - loss: 0.7601
2025-11-11 04:10:57 - INFO - [Epoch 4] Step 900/972 - loss: 0.7594
2025-11-11 04:11:12 - INFO - [Epoch 4] Step 950/972 - loss: 0.7574
2025-11-11 04:11:19 - INFO - [Epoch 4] Step 972/972 - loss: 0.7539
2025-11-11 04:11:47 - INFO - [Epoch 4] Top misclassified classes: 3: 55/138 (acc=0.601), 4: 48/137 (acc=0.650), 7: 35/137 (acc=0.745), 14: 21/137 (acc=0.847), 12: 9/137 (acc=0.934), 13: 7/138 (acc=0.949), 10: 3/138 (acc=0.978), 1: 3/137 (acc=0.978), 11: 3/137 (acc=0.978), 8: 2/137 (acc=0.985)
2025-11-11 04:11:50 - INFO - Epoch 4/20 - train_loss: 0.7539 - val_loss: 0.5100 - f1: 0.9202
2025-11-11 04:12:07 - INFO - [Epoch 5] Step 50/972 - loss: 0.6725
2025-11-11 04:12:22 - INFO - [Epoch 5] Step 100/972 - loss: 0.6796
2025-11-11 04:12:37 - INFO - [Epoch 5] Step 150/972 - loss: 0.6996
2025-11-11 04:12:53 - INFO - [Epoch 5] Step 200/972 - loss: 0.7014
2025-11-11 04:13:08 - INFO - [Epoch 5] Step 250/972 - loss: 0.7107
2025-11-11 04:13:23 - INFO - [Epoch 5] Step 300/972 - loss: 0.7051
2025-11-11 04:13:39 - INFO - [Epoch 5] Step 350/972 - loss: 0.6947
2025-11-11 04:13:54 - INFO - [Epoch 5] Step 400/972 - loss: 0.6938
2025-11-11 04:14:09 - INFO - [Epoch 5] Step 450/972 - loss: 0.6931
2025-11-11 04:14:25 - INFO - [Epoch 5] Step 500/972 - loss: 0.6888
2025-11-11 04:14:40 - INFO - [Epoch 5] Step 550/972 - loss: 0.6833
2025-11-11 04:14:55 - INFO - [Epoch 5] Step 600/972 - loss: 0.6819
2025-11-11 04:15:11 - INFO - [Epoch 5] Step 650/972 - loss: 0.6784
2025-11-11 04:15:26 - INFO - [Epoch 5] Step 700/972 - loss: 0.6763
2025-11-11 04:15:41 - INFO - [Epoch 5] Step 750/972 - loss: 0.6752
2025-11-11 04:15:57 - INFO - [Epoch 5] Step 800/972 - loss: 0.6782
2025-11-11 04:16:12 - INFO - [Epoch 5] Step 850/972 - loss: 0.6769
2025-11-11 04:16:27 - INFO - [Epoch 5] Step 900/972 - loss: 0.6778
2025-11-11 04:16:43 - INFO - [Epoch 5] Step 950/972 - loss: 0.6769
2025-11-11 04:16:50 - INFO - [Epoch 5] Step 972/972 - loss: 0.6768
2025-11-11 04:17:18 - INFO - [Epoch 5] Top misclassified classes: 7: 64/137 (acc=0.533), 3: 48/138 (acc=0.652), 4: 12/137 (acc=0.912), 14: 10/137 (acc=0.927), 13: 4/138 (acc=0.971), 12: 3/137 (acc=0.978), 15: 2/138 (acc=0.986), 6: 1/138 (acc=0.993), 0: 1/137 (acc=0.993), 1: 1/137 (acc=0.993)
2025-11-11 04:17:21 - INFO - Epoch 5/20 - train_loss: 0.6768 - val_loss: 0.5017 - f1: 0.9341
2025-11-11 04:17:37 - INFO - [Epoch 6] Step 50/972 - loss: 0.6542
2025-11-11 04:17:52 - INFO - [Epoch 6] Step 100/972 - loss: 0.6688
2025-11-11 04:18:08 - INFO - [Epoch 6] Step 150/972 - loss: 0.6715
2025-11-11 04:18:23 - INFO - [Epoch 6] Step 200/972 - loss: 0.6616
2025-11-11 04:18:38 - INFO - [Epoch 6] Step 250/972 - loss: 0.6599
2025-11-11 04:18:54 - INFO - [Epoch 6] Step 300/972 - loss: 0.6597
2025-11-11 04:19:09 - INFO - [Epoch 6] Step 350/972 - loss: 0.6625
2025-11-11 04:19:24 - INFO - [Epoch 6] Step 400/972 - loss: 0.6643
2025-11-11 04:19:40 - INFO - [Epoch 6] Step 450/972 - loss: 0.6628
2025-11-11 04:19:55 - INFO - [Epoch 6] Step 500/972 - loss: 0.6652
2025-11-11 04:20:10 - INFO - [Epoch 6] Step 550/972 - loss: 0.6670
2025-11-11 04:20:26 - INFO - [Epoch 6] Step 600/972 - loss: 0.6648
2025-11-11 04:20:41 - INFO - [Epoch 6] Step 650/972 - loss: 0.6665
2025-11-11 04:20:56 - INFO - [Epoch 6] Step 700/972 - loss: 0.6612
2025-11-11 04:21:12 - INFO - [Epoch 6] Step 750/972 - loss: 0.6618
2025-11-11 04:21:27 - INFO - [Epoch 6] Step 800/972 - loss: 0.6589
2025-11-11 04:21:42 - INFO - [Epoch 6] Step 850/972 - loss: 0.6563
2025-11-11 04:21:58 - INFO - [Epoch 6] Step 900/972 - loss: 0.6555
2025-11-11 04:22:13 - INFO - [Epoch 6] Step 950/972 - loss: 0.6543
2025-11-11 04:22:20 - INFO - [Epoch 6] Step 972/972 - loss: 0.6543
2025-11-11 04:22:48 - INFO - [Epoch 6] Top misclassified classes: 7: 44/137 (acc=0.679), 3: 27/138 (acc=0.804), 4: 26/137 (acc=0.810), 14: 16/137 (acc=0.883), 13: 5/138 (acc=0.964), 6: 2/138 (acc=0.986), 15: 1/138 (acc=0.993), 1: 1/137 (acc=0.993), 8: 1/137 (acc=0.993), 12: 1/137 (acc=0.993)
2025-11-11 04:22:53 - INFO - Epoch 6/20 - train_loss: 0.6543 - val_loss: 0.4538 - f1: 0.9471
2025-11-11 04:23:09 - INFO - [Epoch 7] Step 50/972 - loss: 0.6497
2025-11-11 04:23:24 - INFO - [Epoch 7] Step 100/972 - loss: 0.6383
2025-11-11 04:23:39 - INFO - [Epoch 7] Step 150/972 - loss: 0.6184
2025-11-11 04:23:55 - INFO - [Epoch 7] Step 200/972 - loss: 0.6230
2025-11-11 04:24:10 - INFO - [Epoch 7] Step 250/972 - loss: 0.6215
2025-11-11 04:24:25 - INFO - [Epoch 7] Step 300/972 - loss: 0.6172
2025-11-11 04:24:41 - INFO - [Epoch 7] Step 350/972 - loss: 0.6162
2025-11-11 04:24:56 - INFO - [Epoch 7] Step 400/972 - loss: 0.6122
2025-11-11 04:25:11 - INFO - [Epoch 7] Step 450/972 - loss: 0.6158
2025-11-11 04:25:27 - INFO - [Epoch 7] Step 500/972 - loss: 0.6134
2025-11-11 04:25:42 - INFO - [Epoch 7] Step 550/972 - loss: 0.6097
2025-11-11 04:25:57 - INFO - [Epoch 7] Step 600/972 - loss: 0.6139
2025-11-11 04:26:13 - INFO - [Epoch 7] Step 650/972 - loss: 0.6179
2025-11-11 04:26:28 - INFO - [Epoch 7] Step 700/972 - loss: 0.6210
2025-11-11 04:26:43 - INFO - [Epoch 7] Step 750/972 - loss: 0.6231
2025-11-11 04:26:59 - INFO - [Epoch 7] Step 800/972 - loss: 0.6221
2025-11-11 04:27:14 - INFO - [Epoch 7] Step 850/972 - loss: 0.6190
2025-11-11 04:27:29 - INFO - [Epoch 7] Step 900/972 - loss: 0.6194
2025-11-11 04:27:45 - INFO - [Epoch 7] Step 950/972 - loss: 0.6194
2025-11-11 04:27:51 - INFO - [Epoch 7] Step 972/972 - loss: 0.6192
2025-11-11 04:28:20 - INFO - [Epoch 7] Top misclassified classes: 7: 43/137 (acc=0.686), 3: 27/138 (acc=0.804), 14: 17/137 (acc=0.876), 4: 12/137 (acc=0.912), 13: 6/138 (acc=0.957), 11: 2/137 (acc=0.985), 10: 1/138 (acc=0.993), 15: 1/138 (acc=0.993), 1: 1/137 (acc=0.993), 5: 1/137 (acc=0.993)
2025-11-11 04:28:23 - INFO - Epoch 7/20 - train_loss: 0.6192 - val_loss: 0.4311 - f1: 0.9523
2025-11-11 04:28:39 - INFO - [Epoch 8] Step 50/972 - loss: 0.5351
2025-11-11 04:28:54 - INFO - [Epoch 8] Step 100/972 - loss: 0.5538
2025-11-11 04:29:10 - INFO - [Epoch 8] Step 150/972 - loss: 0.5588
2025-11-11 04:29:25 - INFO - [Epoch 8] Step 200/972 - loss: 0.5848
2025-11-11 04:29:40 - INFO - [Epoch 8] Step 250/972 - loss: 0.5933
2025-11-11 04:29:56 - INFO - [Epoch 8] Step 300/972 - loss: 0.5864
2025-11-11 04:30:11 - INFO - [Epoch 8] Step 350/972 - loss: 0.5950
2025-11-11 04:30:26 - INFO - [Epoch 8] Step 400/972 - loss: 0.5931
2025-11-11 04:30:42 - INFO - [Epoch 8] Step 450/972 - loss: 0.5935
2025-11-11 04:30:57 - INFO - [Epoch 8] Step 500/972 - loss: 0.5921
2025-11-11 04:31:12 - INFO - [Epoch 8] Step 550/972 - loss: 0.5913
2025-11-11 04:31:28 - INFO - [Epoch 8] Step 600/972 - loss: 0.5878
2025-11-11 04:31:43 - INFO - [Epoch 8] Step 650/972 - loss: 0.5931
2025-11-11 04:31:58 - INFO - [Epoch 8] Step 700/972 - loss: 0.5899
2025-11-11 04:32:14 - INFO - [Epoch 8] Step 750/972 - loss: 0.5904
2025-11-11 04:32:29 - INFO - [Epoch 8] Step 800/972 - loss: 0.5922
2025-11-11 04:32:44 - INFO - [Epoch 8] Step 850/972 - loss: 0.5950
2025-11-11 04:33:00 - INFO - [Epoch 8] Step 900/972 - loss: 0.5963
2025-11-11 04:33:15 - INFO - [Epoch 8] Step 950/972 - loss: 0.5973
2025-11-11 04:33:22 - INFO - [Epoch 8] Step 972/972 - loss: 0.5965
2025-11-11 04:33:50 - INFO - [Epoch 8] Top misclassified classes: 3: 50/138 (acc=0.638), 4: 20/137 (acc=0.854), 7: 20/137 (acc=0.854), 13: 9/138 (acc=0.935), 14: 7/137 (acc=0.949), 1: 3/137 (acc=0.978), 10: 1/138 (acc=0.993), 15: 1/138 (acc=0.993), 8: 1/137 (acc=0.993), 11: 1/137 (acc=0.993)
2025-11-11 04:33:50 - INFO - Epoch 8/20 - train_loss: 0.5965 - val_loss: 0.4471 - f1: 0.9507
2025-11-11 04:34:07 - INFO - [Epoch 9] Step 50/972 - loss: 0.5518
2025-11-11 04:34:22 - INFO - [Epoch 9] Step 100/972 - loss: 0.5447
2025-11-11 04:34:38 - INFO - [Epoch 9] Step 150/972 - loss: 0.5633
2025-11-11 04:34:53 - INFO - [Epoch 9] Step 200/972 - loss: 0.5739
2025-11-11 04:35:08 - INFO - [Epoch 9] Step 250/972 - loss: 0.5659
2025-11-11 04:35:24 - INFO - [Epoch 9] Step 300/972 - loss: 0.5651
2025-11-11 04:35:39 - INFO - [Epoch 9] Step 350/972 - loss: 0.5741
2025-11-11 04:35:54 - INFO - [Epoch 9] Step 400/972 - loss: 0.5726
2025-11-11 04:36:10 - INFO - [Epoch 9] Step 450/972 - loss: 0.5781
2025-11-11 04:36:25 - INFO - [Epoch 9] Step 500/972 - loss: 0.5790
2025-11-11 04:36:40 - INFO - [Epoch 9] Step 550/972 - loss: 0.5798
2025-11-11 04:36:56 - INFO - [Epoch 9] Step 600/972 - loss: 0.5794
2025-11-11 04:37:11 - INFO - [Epoch 9] Step 650/972 - loss: 0.5796
2025-11-11 04:37:26 - INFO - [Epoch 9] Step 700/972 - loss: 0.5779
2025-11-11 04:37:42 - INFO - [Epoch 9] Step 750/972 - loss: 0.5778
2025-11-11 04:37:57 - INFO - [Epoch 9] Step 800/972 - loss: 0.5754
2025-11-11 04:38:12 - INFO - [Epoch 9] Step 850/972 - loss: 0.5732
2025-11-11 04:38:28 - INFO - [Epoch 9] Step 900/972 - loss: 0.5701
2025-11-11 04:38:43 - INFO - [Epoch 9] Step 950/972 - loss: 0.5695
2025-11-11 04:38:50 - INFO - [Epoch 9] Step 972/972 - loss: 0.5693
2025-11-11 04:39:18 - INFO - [Epoch 9] Top misclassified classes: 7: 29/137 (acc=0.788), 3: 25/138 (acc=0.819), 14: 14/137 (acc=0.898), 4: 9/137 (acc=0.934), 6: 2/138 (acc=0.986), 10: 1/138 (acc=0.993), 15: 1/138 (acc=0.993), 1: 1/137 (acc=0.993), 5: 1/137 (acc=0.993), 8: 1/137 (acc=0.993)
2025-11-11 04:39:22 - INFO - Epoch 9/20 - train_loss: 0.5693 - val_loss: 0.4172 - f1: 0.9638
2025-11-11 04:39:39 - INFO - [Epoch 10] Step 50/972 - loss: 0.5701
2025-11-11 04:39:54 - INFO - [Epoch 10] Step 100/972 - loss: 0.5390
2025-11-11 04:40:09 - INFO - [Epoch 10] Step 150/972 - loss: 0.5524
2025-11-11 04:40:25 - INFO - [Epoch 10] Step 200/972 - loss: 0.5468
2025-11-11 04:40:40 - INFO - [Epoch 10] Step 250/972 - loss: 0.5553
2025-11-11 04:40:55 - INFO - [Epoch 10] Step 300/972 - loss: 0.5568
2025-11-11 04:41:11 - INFO - [Epoch 10] Step 350/972 - loss: 0.5586
2025-11-11 04:41:26 - INFO - [Epoch 10] Step 400/972 - loss: 0.5536
2025-11-11 04:41:41 - INFO - [Epoch 10] Step 450/972 - loss: 0.5563
2025-11-11 04:41:57 - INFO - [Epoch 10] Step 500/972 - loss: 0.5513
2025-11-11 04:42:12 - INFO - [Epoch 10] Step 550/972 - loss: 0.5498
2025-11-11 04:42:27 - INFO - [Epoch 10] Step 600/972 - loss: 0.5477
2025-11-11 04:42:42 - INFO - [Epoch 10] Step 650/972 - loss: 0.5487
2025-11-11 04:42:58 - INFO - [Epoch 10] Step 700/972 - loss: 0.5480
2025-11-11 04:43:13 - INFO - [Epoch 10] Step 750/972 - loss: 0.5453
2025-11-11 04:43:28 - INFO - [Epoch 10] Step 800/972 - loss: 0.5425
2025-11-11 04:43:44 - INFO - [Epoch 10] Step 850/972 - loss: 0.5443
2025-11-11 04:43:59 - INFO - [Epoch 10] Step 900/972 - loss: 0.5477
2025-11-11 04:44:14 - INFO - [Epoch 10] Step 950/972 - loss: 0.5509
2025-11-11 04:44:21 - INFO - [Epoch 10] Step 972/972 - loss: 0.5525
2025-11-11 04:44:50 - INFO - [Epoch 10] Top misclassified classes: 7: 22/137 (acc=0.839), 3: 15/138 (acc=0.891), 4: 11/137 (acc=0.920), 14: 9/137 (acc=0.934), 8: 3/137 (acc=0.978), 6: 2/138 (acc=0.986), 15: 2/138 (acc=0.986), 1: 2/137 (acc=0.985), 10: 1/138 (acc=0.993), 11: 1/137 (acc=0.993)
2025-11-11 04:44:54 - INFO - Epoch 10/20 - train_loss: 0.5525 - val_loss: 0.4033 - f1: 0.9710
2025-11-11 04:45:10 - INFO - [Epoch 11] Step 50/972 - loss: 0.5916
2025-11-11 04:45:25 - INFO - [Epoch 11] Step 100/972 - loss: 0.5854
2025-11-11 04:45:41 - INFO - [Epoch 11] Step 150/972 - loss: 0.5726
2025-11-11 04:45:56 - INFO - [Epoch 11] Step 200/972 - loss: 0.5638
2025-11-11 04:46:11 - INFO - [Epoch 11] Step 250/972 - loss: 0.5507
2025-11-11 04:46:27 - INFO - [Epoch 11] Step 300/972 - loss: 0.5483
2025-11-11 04:46:42 - INFO - [Epoch 11] Step 350/972 - loss: 0.5473
2025-11-11 04:46:57 - INFO - [Epoch 11] Step 400/972 - loss: 0.5505
2025-11-11 04:47:13 - INFO - [Epoch 11] Step 450/972 - loss: 0.5488
2025-11-11 04:47:28 - INFO - [Epoch 11] Step 500/972 - loss: 0.5472
2025-11-11 04:47:43 - INFO - [Epoch 11] Step 550/972 - loss: 0.5440
2025-11-11 04:47:59 - INFO - [Epoch 11] Step 600/972 - loss: 0.5448
2025-11-11 04:48:14 - INFO - [Epoch 11] Step 650/972 - loss: 0.5446
2025-11-11 04:48:29 - INFO - [Epoch 11] Step 700/972 - loss: 0.5416
2025-11-11 04:48:45 - INFO - [Epoch 11] Step 750/972 - loss: 0.5402
2025-11-11 04:49:00 - INFO - [Epoch 11] Step 800/972 - loss: 0.5389
2025-11-11 04:49:15 - INFO - [Epoch 11] Step 850/972 - loss: 0.5395
2025-11-11 04:49:31 - INFO - [Epoch 11] Step 900/972 - loss: 0.5387
2025-11-11 04:49:46 - INFO - [Epoch 11] Step 950/972 - loss: 0.5415
2025-11-11 04:49:53 - INFO - [Epoch 11] Step 972/972 - loss: 0.5414
2025-11-11 04:50:21 - INFO - [Epoch 11] Top misclassified classes: 7: 28/137 (acc=0.796), 3: 19/138 (acc=0.862), 14: 8/137 (acc=0.942), 4: 7/137 (acc=0.949), 1: 2/137 (acc=0.985), 10: 1/138 (acc=0.993), 13: 1/138 (acc=0.993), 15: 1/138 (acc=0.993), 8: 1/137 (acc=0.993), 2: 0/138 (acc=1.000)
2025-11-11 04:50:21 - INFO - Epoch 11/20 - train_loss: 0.5414 - val_loss: 0.4067 - f1: 0.9708
2025-11-11 04:50:37 - INFO - [Epoch 12] Step 50/972 - loss: 0.5407
2025-11-11 04:50:53 - INFO - [Epoch 12] Step 100/972 - loss: 0.5206
2025-11-11 04:51:08 - INFO - [Epoch 12] Step 150/972 - loss: 0.5347
2025-11-11 04:51:23 - INFO - [Epoch 12] Step 200/972 - loss: 0.5196
2025-11-11 04:51:39 - INFO - [Epoch 12] Step 250/972 - loss: 0.5103
2025-11-11 04:51:54 - INFO - [Epoch 12] Step 300/972 - loss: 0.5092
2025-11-11 04:52:09 - INFO - [Epoch 12] Step 350/972 - loss: 0.5103
2025-11-11 04:52:25 - INFO - [Epoch 12] Step 400/972 - loss: 0.5102
2025-11-11 04:52:40 - INFO - [Epoch 12] Step 450/972 - loss: 0.5072
2025-11-11 04:52:55 - INFO - [Epoch 12] Step 500/972 - loss: 0.5083
2025-11-11 04:53:11 - INFO - [Epoch 12] Step 550/972 - loss: 0.5067
2025-11-11 04:53:26 - INFO - [Epoch 12] Step 600/972 - loss: 0.5065
2025-11-11 04:53:41 - INFO - [Epoch 12] Step 650/972 - loss: 0.5044
2025-11-11 04:53:57 - INFO - [Epoch 12] Step 700/972 - loss: 0.5034
2025-11-11 04:54:12 - INFO - [Epoch 12] Step 750/972 - loss: 0.5033
2025-11-11 04:54:27 - INFO - [Epoch 12] Step 800/972 - loss: 0.5028
2025-11-11 04:54:43 - INFO - [Epoch 12] Step 850/972 - loss: 0.5008
2025-11-11 04:54:58 - INFO - [Epoch 12] Step 900/972 - loss: 0.4998
2025-11-11 04:55:13 - INFO - [Epoch 12] Step 950/972 - loss: 0.5003
2025-11-11 04:55:20 - INFO - [Epoch 12] Step 972/972 - loss: 0.4997
2025-11-11 04:55:48 - INFO - [Epoch 12] Top misclassified classes: 3: 22/138 (acc=0.841), 7: 17/137 (acc=0.876), 14: 12/137 (acc=0.912), 4: 7/137 (acc=0.949), 1: 1/137 (acc=0.993), 8: 1/137 (acc=0.993), 9: 1/137 (acc=0.993), 2: 0/138 (acc=1.000), 6: 0/138 (acc=1.000), 10: 0/138 (acc=1.000)
2025-11-11 04:55:51 - INFO - Epoch 12/20 - train_loss: 0.4997 - val_loss: 0.3889 - f1: 0.9738
2025-11-11 04:56:07 - INFO - [Epoch 13] Step 50/972 - loss: 0.5188
2025-11-11 04:56:23 - INFO - [Epoch 13] Step 100/972 - loss: 0.5224
2025-11-11 04:56:38 - INFO - [Epoch 13] Step 150/972 - loss: 0.5069
2025-11-11 04:56:53 - INFO - [Epoch 13] Step 200/972 - loss: 0.4929
2025-11-11 04:57:09 - INFO - [Epoch 13] Step 250/972 - loss: 0.4891
2025-11-11 04:57:24 - INFO - [Epoch 13] Step 300/972 - loss: 0.4873
2025-11-11 04:57:39 - INFO - [Epoch 13] Step 350/972 - loss: 0.4909
2025-11-11 04:57:55 - INFO - [Epoch 13] Step 400/972 - loss: 0.4894
2025-11-11 04:58:10 - INFO - [Epoch 13] Step 450/972 - loss: 0.4917
2025-11-11 04:58:25 - INFO - [Epoch 13] Step 500/972 - loss: 0.4871
2025-11-11 04:58:41 - INFO - [Epoch 13] Step 550/972 - loss: 0.4877
2025-11-11 04:58:56 - INFO - [Epoch 13] Step 600/972 - loss: 0.4913
2025-11-11 04:59:11 - INFO - [Epoch 13] Step 650/972 - loss: 0.4892
2025-11-11 04:59:27 - INFO - [Epoch 13] Step 700/972 - loss: 0.4899
2025-11-11 04:59:42 - INFO - [Epoch 13] Step 750/972 - loss: 0.4870
2025-11-11 04:59:57 - INFO - [Epoch 13] Step 800/972 - loss: 0.4884
2025-11-11 05:00:13 - INFO - [Epoch 13] Step 850/972 - loss: 0.4883
2025-11-11 05:00:28 - INFO - [Epoch 13] Step 900/972 - loss: 0.4886
2025-11-11 05:00:43 - INFO - [Epoch 13] Step 950/972 - loss: 0.4881
2025-11-11 05:00:50 - INFO - [Epoch 13] Step 972/972 - loss: 0.4875
2025-11-11 05:01:18 - INFO - [Epoch 13] Top misclassified classes: 3: 23/138 (acc=0.833), 7: 22/137 (acc=0.839), 4: 10/137 (acc=0.927), 14: 7/137 (acc=0.949), 15: 1/138 (acc=0.993), 1: 1/137 (acc=0.993), 8: 1/137 (acc=0.993), 2: 0/138 (acc=1.000), 6: 0/138 (acc=1.000), 10: 0/138 (acc=1.000)
2025-11-11 05:01:19 - INFO - Epoch 13/20 - train_loss: 0.4875 - val_loss: 0.3887 - f1: 0.9719
2025-11-11 05:01:35 - INFO - [Epoch 14] Step 50/972 - loss: 0.4709
2025-11-11 05:01:50 - INFO - [Epoch 14] Step 100/972 - loss: 0.4892
2025-11-11 05:02:06 - INFO - [Epoch 14] Step 150/972 - loss: 0.4835
2025-11-11 05:02:21 - INFO - [Epoch 14] Step 200/972 - loss: 0.4907
2025-11-11 05:02:36 - INFO - [Epoch 14] Step 250/972 - loss: 0.4978
2025-11-11 05:02:51 - INFO - [Epoch 14] Step 300/972 - loss: 0.4899
2025-11-11 05:03:07 - INFO - [Epoch 14] Step 350/972 - loss: 0.4859
2025-11-11 05:03:22 - INFO - [Epoch 14] Step 400/972 - loss: 0.4903
2025-11-11 05:03:37 - INFO - [Epoch 14] Step 450/972 - loss: 0.4892
2025-11-11 05:03:53 - INFO - [Epoch 14] Step 500/972 - loss: 0.4887
2025-11-11 05:04:08 - INFO - [Epoch 14] Step 550/972 - loss: 0.4838
2025-11-11 05:04:23 - INFO - [Epoch 14] Step 600/972 - loss: 0.4841
2025-11-11 05:04:39 - INFO - [Epoch 14] Step 650/972 - loss: 0.4813
2025-11-11 05:04:54 - INFO - [Epoch 14] Step 700/972 - loss: 0.4814
2025-11-11 05:05:09 - INFO - [Epoch 14] Step 750/972 - loss: 0.4818
2025-11-11 05:05:25 - INFO - [Epoch 14] Step 800/972 - loss: 0.4827
2025-11-11 05:05:40 - INFO - [Epoch 14] Step 850/972 - loss: 0.4828
2025-11-11 05:05:55 - INFO - [Epoch 14] Step 900/972 - loss: 0.4811
2025-11-11 05:06:11 - INFO - [Epoch 14] Step 950/972 - loss: 0.4800
2025-11-11 05:06:17 - INFO - [Epoch 14] Step 972/972 - loss: 0.4802
2025-11-11 05:06:46 - INFO - [Epoch 14] Top misclassified classes: 3: 25/138 (acc=0.819), 4: 18/137 (acc=0.869), 7: 14/137 (acc=0.898), 14: 3/137 (acc=0.978), 10: 1/138 (acc=0.993), 13: 1/138 (acc=0.993), 15: 1/138 (acc=0.993), 1: 1/137 (acc=0.993), 8: 1/137 (acc=0.993), 2: 0/138 (acc=1.000)
2025-11-11 05:06:46 - INFO - Epoch 14/20 - train_loss: 0.4802 - val_loss: 0.3984 - f1: 0.9721
2025-11-11 05:07:02 - INFO - [Epoch 15] Step 50/972 - loss: 0.4617
2025-11-11 05:07:17 - INFO - [Epoch 15] Step 100/972 - loss: 0.4580
2025-11-11 05:07:33 - INFO - [Epoch 15] Step 150/972 - loss: 0.4726
2025-11-11 05:07:48 - INFO - [Epoch 15] Step 200/972 - loss: 0.4707
2025-11-11 05:08:03 - INFO - [Epoch 15] Step 250/972 - loss: 0.4699
2025-11-11 05:08:19 - INFO - [Epoch 15] Step 300/972 - loss: 0.4713
2025-11-11 05:08:34 - INFO - [Epoch 15] Step 350/972 - loss: 0.4691
2025-11-11 05:08:49 - INFO - [Epoch 15] Step 400/972 - loss: 0.4734
2025-11-11 05:09:05 - INFO - [Epoch 15] Step 450/972 - loss: 0.4741
2025-11-11 05:09:20 - INFO - [Epoch 15] Step 500/972 - loss: 0.4732
2025-11-11 05:09:35 - INFO - [Epoch 15] Step 550/972 - loss: 0.4706
2025-11-11 05:09:51 - INFO - [Epoch 15] Step 600/972 - loss: 0.4696
2025-11-11 05:10:06 - INFO - [Epoch 15] Step 650/972 - loss: 0.4688
2025-11-11 05:10:21 - INFO - [Epoch 15] Step 700/972 - loss: 0.4677
2025-11-11 05:10:37 - INFO - [Epoch 15] Step 750/972 - loss: 0.4679
2025-11-11 05:10:52 - INFO - [Epoch 15] Step 800/972 - loss: 0.4685
2025-11-11 05:11:07 - INFO - [Epoch 15] Step 850/972 - loss: 0.4686
2025-11-11 05:11:22 - INFO - [Epoch 15] Step 900/972 - loss: 0.4687
2025-11-11 05:11:38 - INFO - [Epoch 15] Step 950/972 - loss: 0.4677
2025-11-11 05:11:45 - INFO - [Epoch 15] Step 972/972 - loss: 0.4662
2025-11-11 05:12:13 - INFO - [Epoch 15] Top misclassified classes: 3: 16/138 (acc=0.884), 7: 16/137 (acc=0.883), 14: 8/137 (acc=0.942), 4: 4/137 (acc=0.971), 10: 1/138 (acc=0.993), 1: 1/137 (acc=0.993), 8: 1/137 (acc=0.993), 2: 0/138 (acc=1.000), 6: 0/138 (acc=1.000), 13: 0/138 (acc=1.000)
2025-11-11 05:12:17 - INFO - Epoch 15/20 - train_loss: 0.4662 - val_loss: 0.3735 - f1: 0.9798
2025-11-11 05:12:33 - INFO - [Epoch 16] Step 50/972 - loss: 0.4729
2025-11-11 05:12:48 - INFO - [Epoch 16] Step 100/972 - loss: 0.4711
2025-11-11 05:13:03 - INFO - [Epoch 16] Step 150/972 - loss: 0.4730
2025-11-11 05:13:19 - INFO - [Epoch 16] Step 200/972 - loss: 0.4724
2025-11-11 05:13:34 - INFO - [Epoch 16] Step 250/972 - loss: 0.4726
2025-11-11 05:13:49 - INFO - [Epoch 16] Step 300/972 - loss: 0.4695
2025-11-11 05:14:05 - INFO - [Epoch 16] Step 350/972 - loss: 0.4703
2025-11-11 05:14:20 - INFO - [Epoch 16] Step 400/972 - loss: 0.4665
2025-11-11 05:14:35 - INFO - [Epoch 16] Step 450/972 - loss: 0.4658
2025-11-11 05:14:51 - INFO - [Epoch 16] Step 500/972 - loss: 0.4676
2025-11-11 05:15:06 - INFO - [Epoch 16] Step 550/972 - loss: 0.4704
2025-11-11 05:15:21 - INFO - [Epoch 16] Step 600/972 - loss: 0.4700
2025-11-11 05:15:37 - INFO - [Epoch 16] Step 650/972 - loss: 0.4701
2025-11-11 05:15:52 - INFO - [Epoch 16] Step 700/972 - loss: 0.4678
2025-11-11 05:16:07 - INFO - [Epoch 16] Step 750/972 - loss: 0.4669
2025-11-11 05:16:23 - INFO - [Epoch 16] Step 800/972 - loss: 0.4658
2025-11-11 05:16:38 - INFO - [Epoch 16] Step 850/972 - loss: 0.4654
2025-11-11 05:16:53 - INFO - [Epoch 16] Step 900/972 - loss: 0.4641
2025-11-11 05:17:09 - INFO - [Epoch 16] Step 950/972 - loss: 0.4635
2025-11-11 05:17:15 - INFO - [Epoch 16] Step 972/972 - loss: 0.4635
2025-11-11 05:17:44 - INFO - [Epoch 16] Top misclassified classes: 3: 21/138 (acc=0.848), 7: 13/137 (acc=0.905), 4: 3/137 (acc=0.978), 14: 3/137 (acc=0.978), 10: 1/138 (acc=0.993), 0: 1/137 (acc=0.993), 1: 1/137 (acc=0.993), 8: 1/137 (acc=0.993), 2: 0/138 (acc=1.000), 6: 0/138 (acc=1.000)
2025-11-11 05:17:48 - INFO - Epoch 16/20 - train_loss: 0.4635 - val_loss: 0.3740 - f1: 0.9811
2025-11-11 05:18:04 - INFO - [Epoch 17] Step 50/972 - loss: 0.4323
2025-11-11 05:18:20 - INFO - [Epoch 17] Step 100/972 - loss: 0.4411
2025-11-11 05:18:35 - INFO - [Epoch 17] Step 150/972 - loss: 0.4400
2025-11-11 05:18:50 - INFO - [Epoch 17] Step 200/972 - loss: 0.4420
2025-11-11 05:19:06 - INFO - [Epoch 17] Step 250/972 - loss: 0.4422
2025-11-11 05:19:21 - INFO - [Epoch 17] Step 300/972 - loss: 0.4507
2025-11-11 05:19:36 - INFO - [Epoch 17] Step 350/972 - loss: 0.4521
2025-11-11 05:19:52 - INFO - [Epoch 17] Step 400/972 - loss: 0.4533
2025-11-11 05:20:07 - INFO - [Epoch 17] Step 450/972 - loss: 0.4511
2025-11-11 05:20:22 - INFO - [Epoch 17] Step 500/972 - loss: 0.4508
2025-11-11 05:20:38 - INFO - [Epoch 17] Step 550/972 - loss: 0.4483
2025-11-11 05:20:53 - INFO - [Epoch 17] Step 600/972 - loss: 0.4518
2025-11-11 05:21:08 - INFO - [Epoch 17] Step 650/972 - loss: 0.4517
2025-11-11 05:21:24 - INFO - [Epoch 17] Step 700/972 - loss: 0.4527
2025-11-11 05:21:39 - INFO - [Epoch 17] Step 750/972 - loss: 0.4529
2025-11-11 05:21:54 - INFO - [Epoch 17] Step 800/972 - loss: 0.4506
2025-11-11 05:22:10 - INFO - [Epoch 17] Step 850/972 - loss: 0.4508
2025-11-11 05:22:25 - INFO - [Epoch 17] Step 900/972 - loss: 0.4510
2025-11-11 05:22:40 - INFO - [Epoch 17] Step 950/972 - loss: 0.4514
2025-11-11 05:22:47 - INFO - [Epoch 17] Step 972/972 - loss: 0.4511
2025-11-11 05:23:15 - INFO - [Epoch 17] Top misclassified classes: 3: 20/138 (acc=0.855), 7: 12/137 (acc=0.912), 4: 7/137 (acc=0.949), 14: 2/137 (acc=0.985), 10: 1/138 (acc=0.993), 1: 1/137 (acc=0.993), 8: 1/137 (acc=0.993), 2: 0/138 (acc=1.000), 6: 0/138 (acc=1.000), 13: 0/138 (acc=1.000)
2025-11-11 05:23:15 - INFO - Epoch 17/20 - train_loss: 0.4511 - val_loss: 0.3716 - f1: 0.9811
2025-11-11 05:23:31 - INFO - [Epoch 18] Step 50/972 - loss: 0.4615
2025-11-11 05:23:47 - INFO - [Epoch 18] Step 100/972 - loss: 0.4590
2025-11-11 05:24:02 - INFO - [Epoch 18] Step 150/972 - loss: 0.4631
2025-11-11 05:24:17 - INFO - [Epoch 18] Step 200/972 - loss: 0.4562
2025-11-11 05:24:33 - INFO - [Epoch 18] Step 250/972 - loss: 0.4554
2025-11-11 05:24:48 - INFO - [Epoch 18] Step 300/972 - loss: 0.4486
2025-11-11 05:25:03 - INFO - [Epoch 18] Step 350/972 - loss: 0.4488
2025-11-11 05:25:19 - INFO - [Epoch 18] Step 400/972 - loss: 0.4473
2025-11-11 05:25:34 - INFO - [Epoch 18] Step 450/972 - loss: 0.4445
2025-11-11 05:25:49 - INFO - [Epoch 18] Step 500/972 - loss: 0.4435
2025-11-11 05:26:05 - INFO - [Epoch 18] Step 550/972 - loss: 0.4425
2025-11-11 05:26:20 - INFO - [Epoch 18] Step 600/972 - loss: 0.4415
2025-11-11 05:26:35 - INFO - [Epoch 18] Step 650/972 - loss: 0.4416
2025-11-11 05:26:51 - INFO - [Epoch 18] Step 700/972 - loss: 0.4395
2025-11-11 05:27:06 - INFO - [Epoch 18] Step 750/972 - loss: 0.4381
2025-11-11 05:27:21 - INFO - [Epoch 18] Step 800/972 - loss: 0.4385
2025-11-11 05:27:36 - INFO - [Epoch 18] Step 850/972 - loss: 0.4406
2025-11-11 05:27:52 - INFO - [Epoch 18] Step 900/972 - loss: 0.4403
2025-11-11 05:28:07 - INFO - [Epoch 18] Step 950/972 - loss: 0.4398
2025-11-11 05:28:14 - INFO - [Epoch 18] Step 972/972 - loss: 0.4396
2025-11-11 05:28:42 - INFO - [Epoch 18] Top misclassified classes: 7: 16/137 (acc=0.883), 3: 12/138 (acc=0.913), 4: 5/137 (acc=0.964), 14: 2/137 (acc=0.985), 10: 1/138 (acc=0.993), 1: 1/137 (acc=0.993), 8: 1/137 (acc=0.993), 2: 0/138 (acc=1.000), 6: 0/138 (acc=1.000), 13: 0/138 (acc=1.000)
2025-11-11 05:28:45 - INFO - Epoch 18/20 - train_loss: 0.4396 - val_loss: 0.3681 - f1: 0.9837
2025-11-11 05:29:01 - INFO - [Epoch 19] Step 50/972 - loss: 0.4365
2025-11-11 05:29:16 - INFO - [Epoch 19] Step 100/972 - loss: 0.4597
2025-11-11 05:29:32 - INFO - [Epoch 19] Step 150/972 - loss: 0.4499
2025-11-11 05:29:47 - INFO - [Epoch 19] Step 200/972 - loss: 0.4404
2025-11-11 05:30:02 - INFO - [Epoch 19] Step 250/972 - loss: 0.4394
2025-11-11 05:30:18 - INFO - [Epoch 19] Step 300/972 - loss: 0.4423
2025-11-11 05:30:33 - INFO - [Epoch 19] Step 350/972 - loss: 0.4418
2025-11-11 05:30:48 - INFO - [Epoch 19] Step 400/972 - loss: 0.4424
2025-11-11 05:31:04 - INFO - [Epoch 19] Step 450/972 - loss: 0.4453
2025-11-11 05:31:19 - INFO - [Epoch 19] Step 500/972 - loss: 0.4426
2025-11-11 05:31:34 - INFO - [Epoch 19] Step 550/972 - loss: 0.4443
2025-11-11 05:31:50 - INFO - [Epoch 19] Step 600/972 - loss: 0.4451
2025-11-11 05:32:05 - INFO - [Epoch 19] Step 650/972 - loss: 0.4433
2025-11-11 05:32:20 - INFO - [Epoch 19] Step 700/972 - loss: 0.4423
2025-11-11 05:32:36 - INFO - [Epoch 19] Step 750/972 - loss: 0.4399
2025-11-11 05:32:51 - INFO - [Epoch 19] Step 800/972 - loss: 0.4418
2025-11-11 05:33:06 - INFO - [Epoch 19] Step 850/972 - loss: 0.4418
2025-11-11 05:33:21 - INFO - [Epoch 19] Step 900/972 - loss: 0.4421
2025-11-11 05:33:37 - INFO - [Epoch 19] Step 950/972 - loss: 0.4421
2025-11-11 05:33:44 - INFO - [Epoch 19] Step 972/972 - loss: 0.4416
2025-11-11 05:34:12 - INFO - [Epoch 19] Top misclassified classes: 7: 15/137 (acc=0.891), 3: 13/138 (acc=0.906), 4: 5/137 (acc=0.964), 14: 3/137 (acc=0.978), 10: 1/138 (acc=0.993), 1: 1/137 (acc=0.993), 8: 1/137 (acc=0.993), 2: 0/138 (acc=1.000), 6: 0/138 (acc=1.000), 13: 0/138 (acc=1.000)
2025-11-11 05:34:12 - INFO - Epoch 19/20 - train_loss: 0.4416 - val_loss: 0.3657 - f1: 0.9832
2025-11-11 05:34:28 - INFO - [Epoch 20] Step 50/972 - loss: 0.4318
2025-11-11 05:34:43 - INFO - [Epoch 20] Step 100/972 - loss: 0.4491
2025-11-11 05:34:59 - INFO - [Epoch 20] Step 150/972 - loss: 0.4537
2025-11-11 05:35:14 - INFO - [Epoch 20] Step 200/972 - loss: 0.4463
2025-11-11 05:35:29 - INFO - [Epoch 20] Step 250/972 - loss: 0.4488
2025-11-11 05:35:45 - INFO - [Epoch 20] Step 300/972 - loss: 0.4536
2025-11-11 05:36:00 - INFO - [Epoch 20] Step 350/972 - loss: 0.4478
2025-11-11 05:36:15 - INFO - [Epoch 20] Step 400/972 - loss: 0.4460
2025-11-11 05:36:31 - INFO - [Epoch 20] Step 450/972 - loss: 0.4441
2025-11-11 05:36:46 - INFO - [Epoch 20] Step 500/972 - loss: 0.4445
2025-11-11 05:37:01 - INFO - [Epoch 20] Step 550/972 - loss: 0.4432
2025-11-11 05:37:17 - INFO - [Epoch 20] Step 600/972 - loss: 0.4433
2025-11-11 05:37:32 - INFO - [Epoch 20] Step 650/972 - loss: 0.4428
2025-11-11 05:37:47 - INFO - [Epoch 20] Step 700/972 - loss: 0.4408
2025-11-11 05:38:02 - INFO - [Epoch 20] Step 750/972 - loss: 0.4384
2025-11-11 05:38:18 - INFO - [Epoch 20] Step 800/972 - loss: 0.4406
2025-11-11 05:38:33 - INFO - [Epoch 20] Step 850/972 - loss: 0.4415
2025-11-11 05:38:48 - INFO - [Epoch 20] Step 900/972 - loss: 0.4412
2025-11-11 05:39:04 - INFO - [Epoch 20] Step 950/972 - loss: 0.4401
2025-11-11 05:39:10 - INFO - [Epoch 20] Step 972/972 - loss: 0.4399
2025-11-11 05:39:39 - INFO - [Epoch 20] Top misclassified classes: 7: 19/137 (acc=0.861), 3: 12/138 (acc=0.913), 4: 3/137 (acc=0.978), 14: 3/137 (acc=0.978), 10: 1/138 (acc=0.993), 1: 1/137 (acc=0.993), 8: 1/137 (acc=0.993), 2: 0/138 (acc=1.000), 6: 0/138 (acc=1.000), 13: 0/138 (acc=1.000)
2025-11-11 05:39:39 - INFO - Epoch 20/20 - train_loss: 0.4399 - val_loss: 0.3649 - f1: 0.9828
2025-11-11 05:39:39 - INFO - Best epoch: 18 (0.9837)
2025-11-11 05:39:39 - INFO - Best f1: 0.9837
