2025-11-10 13:13:23 - INFO - Starting run: 20251110-131323_tf_efficientnet_b7_ns_448px_rot90_jitter_affine_rrc_mixup_only_ls0.05_cosine
2025-11-10 13:13:23 - INFO - Configuration:
{
  "experiment": {
    "name": "efficientnet_b7_offline_448",
    "seed": 2024,
    "deterministic": false
  },
  "paths": {
    "data_root": "data/processed/offline_aug",
    "train_csv": "data/processed/offline_aug/train_offline_aug.csv",
    "meta_csv": "data/raw/meta.csv",
    "image_dir": "data/processed/offline_aug/images",
    "test_dir": "data/raw/test",
    "output_root": "outputs"
  },
  "data": {
    "num_classes": 17,
    "input_size": 448,
    "mean": [
      0.485,
      0.456,
      0.406
    ],
    "std": [
      0.229,
      0.224,
      0.225
    ],
    "excluded_ids": [],
    "loader": {
      "batch_size": 6,
      "num_workers": 6,
      "pin_memory": true,
      "persistent_workers": true,
      "prefetch_factor": 2,
      "timeout": 120,
      "mp_context": "spawn"
    }
  },
  "split": {
    "n_splits": 6,
    "fold_index": 0,
    "seed": 2024,
    "predefined_split": "splits/fold_indices_offline.pkl"
  },
  "sampler": {
    "name": "weighted_random",
    "minority_classes": [
      1,
      13,
      14
    ],
    "weights_power": 0.85,
    "replacement": true
  },
  "augmentations": {
    "name": "rot90_jitter_affine_rrc",
    "use_reference_pipeline": true,
    "random_resized_crop_scale": [
      0.92,
      1.0
    ],
    "random_resized_crop_ratio": [
      0.85,
      1.15
    ],
    "random_rotate90": true,
    "random_rotate90_prob": 0.5,
    "max_rotate": 12,
    "rotate_prob": 1.0,
    "affine_scale": [
      0.9,
      1.1
    ],
    "affine_translate": [
      0.08,
      0.08
    ],
    "horizontal_flip": true,
    "horizontal_flip_prob": 0.5,
    "brightness_contrast": [
      0.12,
      0.12
    ],
    "color_jitter": {
      "p": 0.4,
      "brightness": 0.3,
      "contrast": 0.15,
      "saturation": 0.2,
      "hue": 0.02
    },
    "blur": {
      "p": 0.35,
      "blur_limit": [
        3,
        7
      ],
      "sigma_limit": [
        0.2,
        1.0
      ]
    }
  },
  "regularization": {
    "mixup_alpha": 0.1,
    "cutmix_alpha": 0.0,
    "tag": "mixup_only"
  },
  "model": {
    "name": "tf_efficientnet_b7_ns",
    "pretrained": true,
    "drop_rate": 0.4,
    "drop_path_rate": 0.2
  },
  "loss": {
    "name": "cross_entropy",
    "label_smoothing": 0.05
  },
  "optimizer": {
    "name": "adamw",
    "lr": 0.0002,
    "weight_decay": 0.02,
    "betas": [
      0.9,
      0.999
    ]
  },
  "scheduler": {
    "name": "cosine",
    "warmup_epochs": 2,
    "min_lr": 1e-06
  },
  "training": {
    "epochs": 20,
    "amp": true,
    "grad_clip_norm": 1.0,
    "save_best_metric": "f1",
    "validation_interval": 1,
    "early_stopping": {
      "patience": 3,
      "min_delta": 0.0005,
      "mode": "max"
    },
    "ema": {
      "enabled": false
    },
    "swa": {
      "enabled": false
    }
  },
  "logging": {
    "project": "document_type_classification",
    "log_interval": 50,
    "tensorboard": true
  },
  "submission": {
    "metric_name": "f1",
    "leaderboard_score": 0.0,
    "tta": {
      "enabled": true,
      "rotations": [
        0,
        90,
        180,
        270
      ],
      "jitter_degrees": 0,
      "horizontal_flip": true,
      "vertical_flip": false
    }
  },
  "performance": {
    "allow_tf32": true,
    "matmul_precision": "high",
    "cudnn_benchmark": true,
    "channels_last": true
  }
}
/opt/conda/lib/python3.10/site-packages/timm/models/_factory.py:117: UserWarning: Mapping deprecated model name tf_efficientnet_b7_ns to current tf_efficientnet_b7.ns_jft_in1k.
  model = create_fn(
2025-11-10 13:14:04 - INFO - [Epoch 1] Step 50/1945 - loss: 3.8311
2025-11-10 13:14:15 - INFO - [Epoch 1] Step 100/1945 - loss: 3.7549
2025-11-10 13:14:27 - INFO - [Epoch 1] Step 150/1945 - loss: 3.7518
2025-11-10 13:14:38 - INFO - [Epoch 1] Step 200/1945 - loss: 3.7389
2025-11-10 13:14:50 - INFO - [Epoch 1] Step 250/1945 - loss: 3.7087
2025-11-10 13:15:01 - INFO - [Epoch 1] Step 300/1945 - loss: 3.7235
2025-11-10 13:15:12 - INFO - [Epoch 1] Step 350/1945 - loss: 3.7155
2025-11-10 13:15:24 - INFO - [Epoch 1] Step 400/1945 - loss: 3.7083
2025-11-10 13:15:35 - INFO - [Epoch 1] Step 450/1945 - loss: 3.6986
2025-11-10 13:15:47 - INFO - [Epoch 1] Step 500/1945 - loss: 3.6762
2025-11-10 13:15:58 - INFO - [Epoch 1] Step 550/1945 - loss: 3.6756
2025-11-10 13:16:09 - INFO - [Epoch 1] Step 600/1945 - loss: 3.6674
2025-11-10 13:16:20 - INFO - [Epoch 1] Step 650/1945 - loss: 3.6591
2025-11-10 13:16:31 - INFO - [Epoch 1] Step 700/1945 - loss: 3.6560
2025-11-10 13:16:42 - INFO - [Epoch 1] Step 750/1945 - loss: 3.6571
2025-11-10 13:16:54 - INFO - [Epoch 1] Step 800/1945 - loss: 3.6551
2025-11-10 13:17:05 - INFO - [Epoch 1] Step 850/1945 - loss: 3.6381
2025-11-10 13:17:16 - INFO - [Epoch 1] Step 900/1945 - loss: 3.6303
2025-11-10 13:17:28 - INFO - [Epoch 1] Step 950/1945 - loss: 3.6192
2025-11-10 13:17:39 - INFO - [Epoch 1] Step 1000/1945 - loss: 3.6171
2025-11-10 13:17:51 - INFO - [Epoch 1] Step 1050/1945 - loss: 3.6083
2025-11-10 13:18:02 - INFO - [Epoch 1] Step 1100/1945 - loss: 3.6059
2025-11-10 13:18:14 - INFO - [Epoch 1] Step 1150/1945 - loss: 3.6015
2025-11-10 13:18:25 - INFO - [Epoch 1] Step 1200/1945 - loss: 3.5977
2025-11-10 13:18:36 - INFO - [Epoch 1] Step 1250/1945 - loss: 3.5927
2025-11-10 13:18:48 - INFO - [Epoch 1] Step 1300/1945 - loss: 3.5893
2025-11-10 13:18:59 - INFO - [Epoch 1] Step 1350/1945 - loss: 3.5881
2025-11-10 13:19:10 - INFO - [Epoch 1] Step 1400/1945 - loss: 3.5868
2025-11-10 13:19:22 - INFO - [Epoch 1] Step 1450/1945 - loss: 3.5815
2025-11-10 13:19:33 - INFO - [Epoch 1] Step 1500/1945 - loss: 3.5826
2025-11-10 13:19:45 - INFO - [Epoch 1] Step 1550/1945 - loss: 3.5787
2025-11-10 13:19:56 - INFO - [Epoch 1] Step 1600/1945 - loss: 3.5778
2025-11-10 13:20:07 - INFO - [Epoch 1] Step 1650/1945 - loss: 3.5749
2025-11-10 13:20:19 - INFO - [Epoch 1] Step 1700/1945 - loss: 3.5698
2025-11-10 13:20:30 - INFO - [Epoch 1] Step 1750/1945 - loss: 3.5683
2025-11-10 13:20:42 - INFO - [Epoch 1] Step 1800/1945 - loss: 3.5684
2025-11-10 13:20:53 - INFO - [Epoch 1] Step 1850/1945 - loss: 3.5633
2025-11-10 13:21:04 - INFO - [Epoch 1] Step 1900/1945 - loss: 3.5557
2025-11-10 13:21:15 - INFO - [Epoch 1] Step 1945/1945 - loss: 3.5503
2025-11-10 13:22:19 - INFO - Epoch 1/20 - train_loss: 3.5503 - val_loss: 3.0803 - f1: 0.0728
2025-11-10 13:22:31 - INFO - [Epoch 2] Step 50/1945 - loss: 2.8803
2025-11-10 13:22:42 - INFO - [Epoch 2] Step 100/1945 - loss: 2.5978
2025-11-10 13:22:54 - INFO - [Epoch 2] Step 150/1945 - loss: 2.3749
2025-11-10 13:23:05 - INFO - [Epoch 2] Step 200/1945 - loss: 2.2201
2025-11-10 13:23:17 - INFO - [Epoch 2] Step 250/1945 - loss: 2.1170
2025-11-10 13:23:28 - INFO - [Epoch 2] Step 300/1945 - loss: 2.0497
2025-11-10 13:23:40 - INFO - [Epoch 2] Step 350/1945 - loss: 1.9724
2025-11-10 13:23:51 - INFO - [Epoch 2] Step 400/1945 - loss: 1.9062
2025-11-10 13:24:02 - INFO - [Epoch 2] Step 450/1945 - loss: 1.8636
2025-11-10 13:24:13 - INFO - [Epoch 2] Step 500/1945 - loss: 1.8139
2025-11-10 13:24:24 - INFO - [Epoch 2] Step 550/1945 - loss: 1.7700
2025-11-10 13:24:35 - INFO - [Epoch 2] Step 600/1945 - loss: 1.7425
2025-11-10 13:24:46 - INFO - [Epoch 2] Step 650/1945 - loss: 1.7037
2025-11-10 13:24:58 - INFO - [Epoch 2] Step 700/1945 - loss: 1.6742
2025-11-10 13:25:09 - INFO - [Epoch 2] Step 750/1945 - loss: 1.6525
2025-11-10 13:25:20 - INFO - [Epoch 2] Step 800/1945 - loss: 1.6249
2025-11-10 13:25:32 - INFO - [Epoch 2] Step 850/1945 - loss: 1.5971
2025-11-10 13:25:43 - INFO - [Epoch 2] Step 900/1945 - loss: 1.5699
2025-11-10 13:25:55 - INFO - [Epoch 2] Step 950/1945 - loss: 1.5483
2025-11-10 13:26:06 - INFO - [Epoch 2] Step 1000/1945 - loss: 1.5318
2025-11-10 13:26:18 - INFO - [Epoch 2] Step 1050/1945 - loss: 1.5124
2025-11-10 13:26:29 - INFO - [Epoch 2] Step 1100/1945 - loss: 1.4906
2025-11-10 13:26:40 - INFO - [Epoch 2] Step 1150/1945 - loss: 1.4748
2025-11-10 13:26:52 - INFO - [Epoch 2] Step 1200/1945 - loss: 1.4639
2025-11-10 13:27:03 - INFO - [Epoch 2] Step 1250/1945 - loss: 1.4492
2025-11-10 13:27:15 - INFO - [Epoch 2] Step 1300/1945 - loss: 1.4364
2025-11-10 13:27:26 - INFO - [Epoch 2] Step 1350/1945 - loss: 1.4232
2025-11-10 13:27:37 - INFO - [Epoch 2] Step 1400/1945 - loss: 1.4119
2025-11-10 13:27:49 - INFO - [Epoch 2] Step 1450/1945 - loss: 1.3994
2025-11-10 13:28:00 - INFO - [Epoch 2] Step 1500/1945 - loss: 1.3886
2025-11-10 13:28:12 - INFO - [Epoch 2] Step 1550/1945 - loss: 1.3807
2025-11-10 13:28:23 - INFO - [Epoch 2] Step 1600/1945 - loss: 1.3695
2025-11-10 13:28:34 - INFO - [Epoch 2] Step 1650/1945 - loss: 1.3636
2025-11-10 13:28:46 - INFO - [Epoch 2] Step 1700/1945 - loss: 1.3539
2025-11-10 13:28:57 - INFO - [Epoch 2] Step 1750/1945 - loss: 1.3441
2025-11-10 13:29:09 - INFO - [Epoch 2] Step 1800/1945 - loss: 1.3367
2025-11-10 13:29:20 - INFO - [Epoch 2] Step 1850/1945 - loss: 1.3288
2025-11-10 13:29:32 - INFO - [Epoch 2] Step 1900/1945 - loss: 1.3225
2025-11-10 13:29:42 - INFO - [Epoch 2] Step 1945/1945 - loss: 1.3133
/opt/conda/lib/python3.10/site-packages/torch/optim/lr_scheduler.py:149: UserWarning: The epoch parameter in `scheduler.step()` was not necessary and is being deprecated where possible. Please use `scheduler.step()` to step the scheduler. During the deprecation, if epoch is different from None, the closed form is used instead of the new chainable form, where available. Please open an issue if you are unable to replicate your use case: https://github.com/pytorch/pytorch/issues/new/choose.
  warnings.warn(EPOCH_DEPRECATION_WARNING, UserWarning)
2025-11-10 13:30:25 - INFO - Epoch 2/20 - train_loss: 1.3133 - val_loss: 0.6379 - f1: 0.8785
2025-11-10 13:30:37 - INFO - [Epoch 3] Step 50/1945 - loss: 1.0179
2025-11-10 13:30:49 - INFO - [Epoch 3] Step 100/1945 - loss: 1.0367
2025-11-10 13:31:00 - INFO - [Epoch 3] Step 150/1945 - loss: 1.0888
2025-11-10 13:31:12 - INFO - [Epoch 3] Step 200/1945 - loss: 1.1079
2025-11-10 13:31:23 - INFO - [Epoch 3] Step 250/1945 - loss: 1.1200
2025-11-10 13:31:34 - INFO - [Epoch 3] Step 300/1945 - loss: 1.1305
2025-11-10 13:31:46 - INFO - [Epoch 3] Step 350/1945 - loss: 1.1315
2025-11-10 13:31:57 - INFO - [Epoch 3] Step 400/1945 - loss: 1.1264
2025-11-10 13:32:08 - INFO - [Epoch 3] Step 450/1945 - loss: 1.1386
2025-11-10 13:32:20 - INFO - [Epoch 3] Step 500/1945 - loss: 1.1347
2025-11-10 13:32:31 - INFO - [Epoch 3] Step 550/1945 - loss: 1.1372
2025-11-10 13:32:43 - INFO - [Epoch 3] Step 600/1945 - loss: 1.1342
2025-11-10 13:32:54 - INFO - [Epoch 3] Step 650/1945 - loss: 1.1287
2025-11-10 13:33:06 - INFO - [Epoch 3] Step 700/1945 - loss: 1.1266
2025-11-10 13:33:17 - INFO - [Epoch 3] Step 750/1945 - loss: 1.1225
2025-11-10 13:33:28 - INFO - [Epoch 3] Step 800/1945 - loss: 1.1210
2025-11-10 13:33:40 - INFO - [Epoch 3] Step 850/1945 - loss: 1.1163
2025-11-10 13:33:52 - INFO - [Epoch 3] Step 900/1945 - loss: 1.1138
2025-11-10 13:34:03 - INFO - [Epoch 3] Step 950/1945 - loss: 1.1110
2025-11-10 13:34:15 - INFO - [Epoch 3] Step 1000/1945 - loss: 1.1085
2025-11-10 13:34:26 - INFO - [Epoch 3] Step 1050/1945 - loss: 1.1046
2025-11-10 13:34:38 - INFO - [Epoch 3] Step 1100/1945 - loss: 1.1010
2025-11-10 13:34:49 - INFO - [Epoch 3] Step 1150/1945 - loss: 1.0986
2025-11-10 13:35:01 - INFO - [Epoch 3] Step 1200/1945 - loss: 1.0965
2025-11-10 13:35:12 - INFO - [Epoch 3] Step 1250/1945 - loss: 1.0921
2025-11-10 13:35:23 - INFO - [Epoch 3] Step 1300/1945 - loss: 1.0918
2025-11-10 13:35:35 - INFO - [Epoch 3] Step 1350/1945 - loss: 1.0874
2025-11-10 13:35:46 - INFO - [Epoch 3] Step 1400/1945 - loss: 1.0866
2025-11-10 13:35:58 - INFO - [Epoch 3] Step 1450/1945 - loss: 1.0837
2025-11-10 13:36:09 - INFO - [Epoch 3] Step 1500/1945 - loss: 1.0814
2025-11-10 13:36:20 - INFO - [Epoch 3] Step 1550/1945 - loss: 1.0794
2025-11-10 13:36:32 - INFO - [Epoch 3] Step 1600/1945 - loss: 1.0784
2025-11-10 13:36:43 - INFO - [Epoch 3] Step 1650/1945 - loss: 1.0771
2025-11-10 13:36:54 - INFO - [Epoch 3] Step 1700/1945 - loss: 1.0786
2025-11-10 13:37:06 - INFO - [Epoch 3] Step 1750/1945 - loss: 1.0752
2025-11-10 13:37:18 - INFO - [Epoch 3] Step 1800/1945 - loss: 1.0714
2025-11-10 13:37:29 - INFO - [Epoch 3] Step 1850/1945 - loss: 1.0707
2025-11-10 13:37:41 - INFO - [Epoch 3] Step 1900/1945 - loss: 1.0672
2025-11-10 13:37:51 - INFO - [Epoch 3] Step 1945/1945 - loss: 1.0639
2025-11-10 13:38:34 - INFO - Epoch 3/20 - train_loss: 1.0639 - val_loss: 0.5907 - f1: 0.9188
2025-11-10 13:38:46 - INFO - [Epoch 4] Step 50/1945 - loss: 0.8625
2025-11-10 13:38:58 - INFO - [Epoch 4] Step 100/1945 - loss: 0.8926
2025-11-10 13:39:09 - INFO - [Epoch 4] Step 150/1945 - loss: 0.9259
2025-11-10 13:39:20 - INFO - [Epoch 4] Step 200/1945 - loss: 0.9313
2025-11-10 13:39:32 - INFO - [Epoch 4] Step 250/1945 - loss: 0.9360
2025-11-10 13:39:43 - INFO - [Epoch 4] Step 300/1945 - loss: 0.9488
2025-11-10 13:39:55 - INFO - [Epoch 4] Step 350/1945 - loss: 0.9421
2025-11-10 13:40:06 - INFO - [Epoch 4] Step 400/1945 - loss: 0.9482
2025-11-10 13:40:17 - INFO - [Epoch 4] Step 450/1945 - loss: 0.9582
2025-11-10 13:40:28 - INFO - [Epoch 4] Step 500/1945 - loss: 0.9539
2025-11-10 13:40:39 - INFO - [Epoch 4] Step 550/1945 - loss: 0.9555
2025-11-10 13:40:50 - INFO - [Epoch 4] Step 600/1945 - loss: 0.9499
2025-11-10 13:41:02 - INFO - [Epoch 4] Step 650/1945 - loss: 0.9499
2025-11-10 13:41:13 - INFO - [Epoch 4] Step 700/1945 - loss: 0.9470
2025-11-10 13:41:24 - INFO - [Epoch 4] Step 750/1945 - loss: 0.9504
2025-11-10 13:41:36 - INFO - [Epoch 4] Step 800/1945 - loss: 0.9482
2025-11-10 13:41:47 - INFO - [Epoch 4] Step 850/1945 - loss: 0.9474
2025-11-10 13:41:59 - INFO - [Epoch 4] Step 900/1945 - loss: 0.9397
2025-11-10 13:42:10 - INFO - [Epoch 4] Step 950/1945 - loss: 0.9384
2025-11-10 13:42:21 - INFO - [Epoch 4] Step 1000/1945 - loss: 0.9374
2025-11-10 13:42:33 - INFO - [Epoch 4] Step 1050/1945 - loss: 0.9350
2025-11-10 13:42:44 - INFO - [Epoch 4] Step 1100/1945 - loss: 0.9345
2025-11-10 13:42:56 - INFO - [Epoch 4] Step 1150/1945 - loss: 0.9353
2025-11-10 13:43:07 - INFO - [Epoch 4] Step 1200/1945 - loss: 0.9337
2025-11-10 13:43:18 - INFO - [Epoch 4] Step 1250/1945 - loss: 0.9322
2025-11-10 13:43:30 - INFO - [Epoch 4] Step 1300/1945 - loss: 0.9301
2025-11-10 13:43:41 - INFO - [Epoch 4] Step 1350/1945 - loss: 0.9284
2025-11-10 13:43:53 - INFO - [Epoch 4] Step 1400/1945 - loss: 0.9274
2025-11-10 13:44:04 - INFO - [Epoch 4] Step 1450/1945 - loss: 0.9263
2025-11-10 13:44:15 - INFO - [Epoch 4] Step 1500/1945 - loss: 0.9252
2025-11-10 13:44:27 - INFO - [Epoch 4] Step 1550/1945 - loss: 0.9255
2025-11-10 13:44:38 - INFO - [Epoch 4] Step 1600/1945 - loss: 0.9242
2025-11-10 13:44:50 - INFO - [Epoch 4] Step 1650/1945 - loss: 0.9226
2025-11-10 13:45:01 - INFO - [Epoch 4] Step 1700/1945 - loss: 0.9221
2025-11-10 13:45:13 - INFO - [Epoch 4] Step 1750/1945 - loss: 0.9219
2025-11-10 13:45:24 - INFO - [Epoch 4] Step 1800/1945 - loss: 0.9230
2025-11-10 13:45:36 - INFO - [Epoch 4] Step 1850/1945 - loss: 0.9243
2025-11-10 13:45:47 - INFO - [Epoch 4] Step 1900/1945 - loss: 0.9235
2025-11-10 13:45:57 - INFO - [Epoch 4] Step 1945/1945 - loss: 0.9202
2025-11-10 13:46:39 - INFO - Epoch 4/20 - train_loss: 0.9202 - val_loss: 0.6407 - f1: 0.9080
2025-11-10 13:46:52 - INFO - [Epoch 5] Step 50/1945 - loss: 0.8644
2025-11-10 13:47:03 - INFO - [Epoch 5] Step 100/1945 - loss: 0.8634
2025-11-10 13:47:14 - INFO - [Epoch 5] Step 150/1945 - loss: 0.8573
2025-11-10 13:47:26 - INFO - [Epoch 5] Step 200/1945 - loss: 0.8650
2025-11-10 13:47:37 - INFO - [Epoch 5] Step 250/1945 - loss: 0.8620
2025-11-10 13:47:49 - INFO - [Epoch 5] Step 300/1945 - loss: 0.8571
2025-11-10 13:48:00 - INFO - [Epoch 5] Step 350/1945 - loss: 0.8635
2025-11-10 13:48:11 - INFO - [Epoch 5] Step 400/1945 - loss: 0.8627
2025-11-10 13:48:23 - INFO - [Epoch 5] Step 450/1945 - loss: 0.8578
2025-11-10 13:48:34 - INFO - [Epoch 5] Step 500/1945 - loss: 0.8570
2025-11-10 13:48:45 - INFO - [Epoch 5] Step 550/1945 - loss: 0.8556
2025-11-10 13:48:56 - INFO - [Epoch 5] Step 600/1945 - loss: 0.8604
2025-11-10 13:49:07 - INFO - [Epoch 5] Step 650/1945 - loss: 0.8642
2025-11-10 13:49:19 - INFO - [Epoch 5] Step 700/1945 - loss: 0.8568
2025-11-10 13:49:30 - INFO - [Epoch 5] Step 750/1945 - loss: 0.8565
2025-11-10 13:49:42 - INFO - [Epoch 5] Step 800/1945 - loss: 0.8547
2025-11-10 13:49:53 - INFO - [Epoch 5] Step 850/1945 - loss: 0.8534
2025-11-10 13:50:05 - INFO - [Epoch 5] Step 900/1945 - loss: 0.8496
2025-11-10 13:50:16 - INFO - [Epoch 5] Step 950/1945 - loss: 0.8511
2025-11-10 13:50:28 - INFO - [Epoch 5] Step 1000/1945 - loss: 0.8513
2025-11-10 13:50:39 - INFO - [Epoch 5] Step 1050/1945 - loss: 0.8539
2025-11-10 13:50:50 - INFO - [Epoch 5] Step 1100/1945 - loss: 0.8526
2025-11-10 13:51:02 - INFO - [Epoch 5] Step 1150/1945 - loss: 0.8483
2025-11-10 13:51:13 - INFO - [Epoch 5] Step 1200/1945 - loss: 0.8458
2025-11-10 13:51:25 - INFO - [Epoch 5] Step 1250/1945 - loss: 0.8445
2025-11-10 13:51:36 - INFO - [Epoch 5] Step 1300/1945 - loss: 0.8478
2025-11-10 13:51:47 - INFO - [Epoch 5] Step 1350/1945 - loss: 0.8448
2025-11-10 13:51:59 - INFO - [Epoch 5] Step 1400/1945 - loss: 0.8424
2025-11-10 13:52:10 - INFO - [Epoch 5] Step 1450/1945 - loss: 0.8423
2025-11-10 13:52:22 - INFO - [Epoch 5] Step 1500/1945 - loss: 0.8411
2025-11-10 13:52:33 - INFO - [Epoch 5] Step 1550/1945 - loss: 0.8419
2025-11-10 13:52:45 - INFO - [Epoch 5] Step 1600/1945 - loss: 0.8412
2025-11-10 13:52:56 - INFO - [Epoch 5] Step 1650/1945 - loss: 0.8400
2025-11-10 13:53:08 - INFO - [Epoch 5] Step 1700/1945 - loss: 0.8385
2025-11-10 13:53:19 - INFO - [Epoch 5] Step 1750/1945 - loss: 0.8380
2025-11-10 13:53:31 - INFO - [Epoch 5] Step 1800/1945 - loss: 0.8382
2025-11-10 13:53:42 - INFO - [Epoch 5] Step 1850/1945 - loss: 0.8374
2025-11-10 13:53:54 - INFO - [Epoch 5] Step 1900/1945 - loss: 0.8384
2025-11-10 13:54:04 - INFO - [Epoch 5] Step 1945/1945 - loss: 0.8369
2025-11-10 13:54:48 - INFO - Epoch 5/20 - train_loss: 0.8369 - val_loss: 0.5302 - f1: 0.9403
2025-11-10 13:55:00 - INFO - [Epoch 6] Step 50/1945 - loss: 0.8537
2025-11-10 13:55:12 - INFO - [Epoch 6] Step 100/1945 - loss: 0.8120
2025-11-10 13:55:23 - INFO - [Epoch 6] Step 150/1945 - loss: 0.8351
2025-11-10 13:55:34 - INFO - [Epoch 6] Step 200/1945 - loss: 0.8129
2025-11-10 13:55:46 - INFO - [Epoch 6] Step 250/1945 - loss: 0.8137
2025-11-10 13:55:57 - INFO - [Epoch 6] Step 300/1945 - loss: 0.7978
2025-11-10 13:56:09 - INFO - [Epoch 6] Step 350/1945 - loss: 0.7953
2025-11-10 13:56:20 - INFO - [Epoch 6] Step 400/1945 - loss: 0.7951
2025-11-10 13:56:31 - INFO - [Epoch 6] Step 450/1945 - loss: 0.7960
2025-11-10 13:56:42 - INFO - [Epoch 6] Step 500/1945 - loss: 0.7997
2025-11-10 13:56:54 - INFO - [Epoch 6] Step 550/1945 - loss: 0.7958
2025-11-10 13:57:06 - INFO - [Epoch 6] Step 600/1945 - loss: 0.7934
2025-11-10 13:57:17 - INFO - [Epoch 6] Step 650/1945 - loss: 0.7964
2025-11-10 13:57:28 - INFO - [Epoch 6] Step 700/1945 - loss: 0.7916
2025-11-10 13:57:40 - INFO - [Epoch 6] Step 750/1945 - loss: 0.7925
2025-11-10 13:57:51 - INFO - [Epoch 6] Step 800/1945 - loss: 0.7880
2025-11-10 13:58:03 - INFO - [Epoch 6] Step 850/1945 - loss: 0.7912
2025-11-10 13:58:14 - INFO - [Epoch 6] Step 900/1945 - loss: 0.7853
2025-11-10 13:58:25 - INFO - [Epoch 6] Step 950/1945 - loss: 0.7852
2025-11-10 13:58:37 - INFO - [Epoch 6] Step 1000/1945 - loss: 0.7841
2025-11-10 13:58:48 - INFO - [Epoch 6] Step 1050/1945 - loss: 0.7800
2025-11-10 13:58:59 - INFO - [Epoch 6] Step 1100/1945 - loss: 0.7807
2025-11-10 13:59:11 - INFO - [Epoch 6] Step 1150/1945 - loss: 0.7823
2025-11-10 13:59:22 - INFO - [Epoch 6] Step 1200/1945 - loss: 0.7829
2025-11-10 13:59:34 - INFO - [Epoch 6] Step 1250/1945 - loss: 0.7841
2025-11-10 13:59:45 - INFO - [Epoch 6] Step 1300/1945 - loss: 0.7842
2025-11-10 13:59:56 - INFO - [Epoch 6] Step 1350/1945 - loss: 0.7863
2025-11-10 14:00:08 - INFO - [Epoch 6] Step 1400/1945 - loss: 0.7868
2025-11-10 14:00:19 - INFO - [Epoch 6] Step 1450/1945 - loss: 0.7875
2025-11-10 14:00:30 - INFO - [Epoch 6] Step 1500/1945 - loss: 0.7872
2025-11-10 14:00:42 - INFO - [Epoch 6] Step 1550/1945 - loss: 0.7860
2025-11-10 14:00:53 - INFO - [Epoch 6] Step 1600/1945 - loss: 0.7839
2025-11-10 14:01:05 - INFO - [Epoch 6] Step 1650/1945 - loss: 0.7836
2025-11-10 14:01:16 - INFO - [Epoch 6] Step 1700/1945 - loss: 0.7843
2025-11-10 14:01:28 - INFO - [Epoch 6] Step 1750/1945 - loss: 0.7841
2025-11-10 14:01:39 - INFO - [Epoch 6] Step 1800/1945 - loss: 0.7841
2025-11-10 14:01:50 - INFO - [Epoch 6] Step 1850/1945 - loss: 0.7840
2025-11-10 14:02:02 - INFO - [Epoch 6] Step 1900/1945 - loss: 0.7854
2025-11-10 14:02:12 - INFO - [Epoch 6] Step 1945/1945 - loss: 0.7834
2025-11-10 14:02:55 - INFO - Epoch 6/20 - train_loss: 0.7834 - val_loss: 0.5364 - f1: 0.9466
2025-11-10 14:03:07 - INFO - [Epoch 7] Step 50/1945 - loss: 0.7807
2025-11-10 14:03:18 - INFO - [Epoch 7] Step 100/1945 - loss: 0.7831
2025-11-10 14:03:30 - INFO - [Epoch 7] Step 150/1945 - loss: 0.7817
2025-11-10 14:03:41 - INFO - [Epoch 7] Step 200/1945 - loss: 0.7891
2025-11-10 14:03:52 - INFO - [Epoch 7] Step 250/1945 - loss: 0.7808
2025-11-10 14:04:04 - INFO - [Epoch 7] Step 300/1945 - loss: 0.7862
2025-11-10 14:04:15 - INFO - [Epoch 7] Step 350/1945 - loss: 0.7842
2025-11-10 14:04:26 - INFO - [Epoch 7] Step 400/1945 - loss: 0.7757
2025-11-10 14:04:38 - INFO - [Epoch 7] Step 450/1945 - loss: 0.7729
2025-11-10 14:04:49 - INFO - [Epoch 7] Step 500/1945 - loss: 0.7668
2025-11-10 14:05:00 - INFO - [Epoch 7] Step 550/1945 - loss: 0.7723
2025-11-10 14:05:11 - INFO - [Epoch 7] Step 600/1945 - loss: 0.7673
2025-11-10 14:05:22 - INFO - [Epoch 7] Step 650/1945 - loss: 0.7635
2025-11-10 14:05:33 - INFO - [Epoch 7] Step 700/1945 - loss: 0.7643
2025-11-10 14:05:45 - INFO - [Epoch 7] Step 750/1945 - loss: 0.7635
2025-11-10 14:05:56 - INFO - [Epoch 7] Step 800/1945 - loss: 0.7604
2025-11-10 14:06:08 - INFO - [Epoch 7] Step 850/1945 - loss: 0.7581
2025-11-10 14:06:19 - INFO - [Epoch 7] Step 900/1945 - loss: 0.7612
2025-11-10 14:06:30 - INFO - [Epoch 7] Step 950/1945 - loss: 0.7532
2025-11-10 14:06:42 - INFO - [Epoch 7] Step 1000/1945 - loss: 0.7515
2025-11-10 14:06:53 - INFO - [Epoch 7] Step 1050/1945 - loss: 0.7483
2025-11-10 14:07:05 - INFO - [Epoch 7] Step 1100/1945 - loss: 0.7510
2025-11-10 14:07:16 - INFO - [Epoch 7] Step 1150/1945 - loss: 0.7511
2025-11-10 14:07:27 - INFO - [Epoch 7] Step 1200/1945 - loss: 0.7501
2025-11-10 14:07:39 - INFO - [Epoch 7] Step 1250/1945 - loss: 0.7496
2025-11-10 14:07:50 - INFO - [Epoch 7] Step 1300/1945 - loss: 0.7473
2025-11-10 14:08:01 - INFO - [Epoch 7] Step 1350/1945 - loss: 0.7460
2025-11-10 14:08:13 - INFO - [Epoch 7] Step 1400/1945 - loss: 0.7478
2025-11-10 14:08:24 - INFO - [Epoch 7] Step 1450/1945 - loss: 0.7483
2025-11-10 14:08:36 - INFO - [Epoch 7] Step 1500/1945 - loss: 0.7467
2025-11-10 14:08:47 - INFO - [Epoch 7] Step 1550/1945 - loss: 0.7472
2025-11-10 14:08:59 - INFO - [Epoch 7] Step 1600/1945 - loss: 0.7448
2025-11-10 14:09:10 - INFO - [Epoch 7] Step 1650/1945 - loss: 0.7440
2025-11-10 14:09:21 - INFO - [Epoch 7] Step 1700/1945 - loss: 0.7418
2025-11-10 14:09:33 - INFO - [Epoch 7] Step 1750/1945 - loss: 0.7425
2025-11-10 14:09:44 - INFO - [Epoch 7] Step 1800/1945 - loss: 0.7407
2025-11-10 14:09:56 - INFO - [Epoch 7] Step 1850/1945 - loss: 0.7388
2025-11-10 14:10:07 - INFO - [Epoch 7] Step 1900/1945 - loss: 0.7402
2025-11-10 14:10:18 - INFO - [Epoch 7] Step 1945/1945 - loss: 0.7425
2025-11-10 14:11:00 - INFO - Epoch 7/20 - train_loss: 0.7425 - val_loss: 0.4831 - f1: 0.9443
2025-11-10 14:11:12 - INFO - [Epoch 8] Step 50/1945 - loss: 0.6481
2025-11-10 14:11:24 - INFO - [Epoch 8] Step 100/1945 - loss: 0.6695
2025-11-10 14:11:35 - INFO - [Epoch 8] Step 150/1945 - loss: 0.6997
2025-11-10 14:11:47 - INFO - [Epoch 8] Step 200/1945 - loss: 0.7021
2025-11-10 14:11:58 - INFO - [Epoch 8] Step 250/1945 - loss: 0.6979
2025-11-10 14:12:10 - INFO - [Epoch 8] Step 300/1945 - loss: 0.7024
2025-11-10 14:12:21 - INFO - [Epoch 8] Step 350/1945 - loss: 0.7083
2025-11-10 14:12:32 - INFO - [Epoch 8] Step 400/1945 - loss: 0.7054
2025-11-10 14:12:44 - INFO - [Epoch 8] Step 450/1945 - loss: 0.7109
2025-11-10 14:12:55 - INFO - [Epoch 8] Step 500/1945 - loss: 0.7168
2025-11-10 14:13:06 - INFO - [Epoch 8] Step 550/1945 - loss: 0.7138
2025-11-10 14:13:18 - INFO - [Epoch 8] Step 600/1945 - loss: 0.7090
2025-11-10 14:13:29 - INFO - [Epoch 8] Step 650/1945 - loss: 0.7126
2025-11-10 14:13:41 - INFO - [Epoch 8] Step 700/1945 - loss: 0.7068
2025-11-10 14:13:52 - INFO - [Epoch 8] Step 750/1945 - loss: 0.7084
2025-11-10 14:14:03 - INFO - [Epoch 8] Step 800/1945 - loss: 0.7109
2025-11-10 14:14:15 - INFO - [Epoch 8] Step 850/1945 - loss: 0.7114
2025-11-10 14:14:26 - INFO - [Epoch 8] Step 900/1945 - loss: 0.7108
2025-11-10 14:14:37 - INFO - [Epoch 8] Step 950/1945 - loss: 0.7091
2025-11-10 14:14:49 - INFO - [Epoch 8] Step 1000/1945 - loss: 0.7079
2025-11-10 14:15:00 - INFO - [Epoch 8] Step 1050/1945 - loss: 0.7067
2025-11-10 14:15:12 - INFO - [Epoch 8] Step 1100/1945 - loss: 0.7080
2025-11-10 14:15:23 - INFO - [Epoch 8] Step 1150/1945 - loss: 0.7081
2025-11-10 14:15:35 - INFO - [Epoch 8] Step 1200/1945 - loss: 0.7076
2025-11-10 14:15:46 - INFO - [Epoch 8] Step 1250/1945 - loss: 0.7093
2025-11-10 14:15:58 - INFO - [Epoch 8] Step 1300/1945 - loss: 0.7086
2025-11-10 14:16:09 - INFO - [Epoch 8] Step 1350/1945 - loss: 0.7062
2025-11-10 14:16:21 - INFO - [Epoch 8] Step 1400/1945 - loss: 0.7044
2025-11-10 14:16:32 - INFO - [Epoch 8] Step 1450/1945 - loss: 0.7074
2025-11-10 14:16:44 - INFO - [Epoch 8] Step 1500/1945 - loss: 0.7106
2025-11-10 14:16:55 - INFO - [Epoch 8] Step 1550/1945 - loss: 0.7106
2025-11-10 14:17:07 - INFO - [Epoch 8] Step 1600/1945 - loss: 0.7103
2025-11-10 14:17:18 - INFO - [Epoch 8] Step 1650/1945 - loss: 0.7097
2025-11-10 14:17:30 - INFO - [Epoch 8] Step 1700/1945 - loss: 0.7080
2025-11-10 14:17:41 - INFO - [Epoch 8] Step 1750/1945 - loss: 0.7070
2025-11-10 14:17:52 - INFO - [Epoch 8] Step 1800/1945 - loss: 0.7082
2025-11-10 14:18:04 - INFO - [Epoch 8] Step 1850/1945 - loss: 0.7062
2025-11-10 14:18:15 - INFO - [Epoch 8] Step 1900/1945 - loss: 0.7049
2025-11-10 14:18:25 - INFO - [Epoch 8] Step 1945/1945 - loss: 0.7044
2025-11-10 14:19:09 - INFO - Epoch 8/20 - train_loss: 0.7044 - val_loss: 0.4877 - f1: 0.9528
2025-11-10 14:19:21 - INFO - [Epoch 9] Step 50/1945 - loss: 0.7385
2025-11-10 14:19:33 - INFO - [Epoch 9] Step 100/1945 - loss: 0.7152
2025-11-10 14:19:44 - INFO - [Epoch 9] Step 150/1945 - loss: 0.6985
2025-11-10 14:19:56 - INFO - [Epoch 9] Step 200/1945 - loss: 0.6744
2025-11-10 14:20:07 - INFO - [Epoch 9] Step 250/1945 - loss: 0.6598
2025-11-10 14:20:18 - INFO - [Epoch 9] Step 300/1945 - loss: 0.6639
2025-11-10 14:20:30 - INFO - [Epoch 9] Step 350/1945 - loss: 0.6605
2025-11-10 14:20:41 - INFO - [Epoch 9] Step 400/1945 - loss: 0.6558
2025-11-10 14:20:52 - INFO - [Epoch 9] Step 450/1945 - loss: 0.6618
2025-11-10 14:21:03 - INFO - [Epoch 9] Step 500/1945 - loss: 0.6518
2025-11-10 14:21:14 - INFO - [Epoch 9] Step 550/1945 - loss: 0.6557
2025-11-10 14:21:25 - INFO - [Epoch 9] Step 600/1945 - loss: 0.6576
2025-11-10 14:21:36 - INFO - [Epoch 9] Step 650/1945 - loss: 0.6586
2025-11-10 14:21:48 - INFO - [Epoch 9] Step 700/1945 - loss: 0.6562
2025-11-10 14:21:59 - INFO - [Epoch 9] Step 750/1945 - loss: 0.6551
2025-11-10 14:22:10 - INFO - [Epoch 9] Step 800/1945 - loss: 0.6529
2025-11-10 14:22:22 - INFO - [Epoch 9] Step 850/1945 - loss: 0.6529
2025-11-10 14:22:33 - INFO - [Epoch 9] Step 900/1945 - loss: 0.6535
2025-11-10 14:22:45 - INFO - [Epoch 9] Step 950/1945 - loss: 0.6542
2025-11-10 14:22:56 - INFO - [Epoch 9] Step 1000/1945 - loss: 0.6581
2025-11-10 14:23:07 - INFO - [Epoch 9] Step 1050/1945 - loss: 0.6632
2025-11-10 14:23:19 - INFO - [Epoch 9] Step 1100/1945 - loss: 0.6674
2025-11-10 14:23:30 - INFO - [Epoch 9] Step 1150/1945 - loss: 0.6669
2025-11-10 14:23:42 - INFO - [Epoch 9] Step 1200/1945 - loss: 0.6678
2025-11-10 14:23:53 - INFO - [Epoch 9] Step 1250/1945 - loss: 0.6705
2025-11-10 14:24:04 - INFO - [Epoch 9] Step 1300/1945 - loss: 0.6681
2025-11-10 14:24:16 - INFO - [Epoch 9] Step 1350/1945 - loss: 0.6694
2025-11-10 14:24:27 - INFO - [Epoch 9] Step 1400/1945 - loss: 0.6682
2025-11-10 14:24:38 - INFO - [Epoch 9] Step 1450/1945 - loss: 0.6681
2025-11-10 14:24:50 - INFO - [Epoch 9] Step 1500/1945 - loss: 0.6684
2025-11-10 14:25:01 - INFO - [Epoch 9] Step 1550/1945 - loss: 0.6696
2025-11-10 14:25:12 - INFO - [Epoch 9] Step 1600/1945 - loss: 0.6703
2025-11-10 14:25:24 - INFO - [Epoch 9] Step 1650/1945 - loss: 0.6674
2025-11-10 14:25:35 - INFO - [Epoch 9] Step 1700/1945 - loss: 0.6654
2025-11-10 14:25:47 - INFO - [Epoch 9] Step 1750/1945 - loss: 0.6656
2025-11-10 14:25:58 - INFO - [Epoch 9] Step 1800/1945 - loss: 0.6627
2025-11-10 14:26:09 - INFO - [Epoch 9] Step 1850/1945 - loss: 0.6627
2025-11-10 14:26:21 - INFO - [Epoch 9] Step 1900/1945 - loss: 0.6626
2025-11-10 14:26:31 - INFO - [Epoch 9] Step 1945/1945 - loss: 0.6626
2025-11-10 14:27:14 - INFO - Epoch 9/20 - train_loss: 0.6626 - val_loss: 0.4457 - f1: 0.9638
2025-11-10 14:27:26 - INFO - [Epoch 10] Step 50/1945 - loss: 0.7371
2025-11-10 14:27:38 - INFO - [Epoch 10] Step 100/1945 - loss: 0.6940
2025-11-10 14:27:49 - INFO - [Epoch 10] Step 150/1945 - loss: 0.6779
2025-11-10 14:28:00 - INFO - [Epoch 10] Step 200/1945 - loss: 0.6704
2025-11-10 14:28:12 - INFO - [Epoch 10] Step 250/1945 - loss: 0.6574
2025-11-10 14:28:23 - INFO - [Epoch 10] Step 300/1945 - loss: 0.6526
2025-11-10 14:28:35 - INFO - [Epoch 10] Step 350/1945 - loss: 0.6641
2025-11-10 14:28:46 - INFO - [Epoch 10] Step 400/1945 - loss: 0.6635
2025-11-10 14:28:57 - INFO - [Epoch 10] Step 450/1945 - loss: 0.6618
2025-11-10 14:29:08 - INFO - [Epoch 10] Step 500/1945 - loss: 0.6559
2025-11-10 14:29:19 - INFO - [Epoch 10] Step 550/1945 - loss: 0.6495
2025-11-10 14:29:31 - INFO - [Epoch 10] Step 600/1945 - loss: 0.6407
2025-11-10 14:29:43 - INFO - [Epoch 10] Step 650/1945 - loss: 0.6397
2025-11-10 14:29:54 - INFO - [Epoch 10] Step 700/1945 - loss: 0.6437
2025-11-10 14:30:06 - INFO - [Epoch 10] Step 750/1945 - loss: 0.6422
2025-11-10 14:30:17 - INFO - [Epoch 10] Step 800/1945 - loss: 0.6381
2025-11-10 14:30:29 - INFO - [Epoch 10] Step 850/1945 - loss: 0.6370
2025-11-10 14:30:40 - INFO - [Epoch 10] Step 900/1945 - loss: 0.6342
2025-11-10 14:30:51 - INFO - [Epoch 10] Step 950/1945 - loss: 0.6325
2025-11-10 14:31:03 - INFO - [Epoch 10] Step 1000/1945 - loss: 0.6274
2025-11-10 14:31:14 - INFO - [Epoch 10] Step 1050/1945 - loss: 0.6276
2025-11-10 14:31:25 - INFO - [Epoch 10] Step 1100/1945 - loss: 0.6274
2025-11-10 14:31:37 - INFO - [Epoch 10] Step 1150/1945 - loss: 0.6273
2025-11-10 14:31:48 - INFO - [Epoch 10] Step 1200/1945 - loss: 0.6288
2025-11-10 14:31:59 - INFO - [Epoch 10] Step 1250/1945 - loss: 0.6282
2025-11-10 14:32:11 - INFO - [Epoch 10] Step 1300/1945 - loss: 0.6270
2025-11-10 14:32:22 - INFO - [Epoch 10] Step 1350/1945 - loss: 0.6280
2025-11-10 14:32:34 - INFO - [Epoch 10] Step 1400/1945 - loss: 0.6280
2025-11-10 14:32:45 - INFO - [Epoch 10] Step 1450/1945 - loss: 0.6291
2025-11-10 14:32:56 - INFO - [Epoch 10] Step 1500/1945 - loss: 0.6305
2025-11-10 14:33:08 - INFO - [Epoch 10] Step 1550/1945 - loss: 0.6300
2025-11-10 14:33:19 - INFO - [Epoch 10] Step 1600/1945 - loss: 0.6313
2025-11-10 14:33:30 - INFO - [Epoch 10] Step 1650/1945 - loss: 0.6303
2025-11-10 14:33:42 - INFO - [Epoch 10] Step 1700/1945 - loss: 0.6307
2025-11-10 14:33:53 - INFO - [Epoch 10] Step 1750/1945 - loss: 0.6307
2025-11-10 14:34:05 - INFO - [Epoch 10] Step 1800/1945 - loss: 0.6316
2025-11-10 14:34:16 - INFO - [Epoch 10] Step 1850/1945 - loss: 0.6302
2025-11-10 14:34:27 - INFO - [Epoch 10] Step 1900/1945 - loss: 0.6297
2025-11-10 14:34:38 - INFO - [Epoch 10] Step 1945/1945 - loss: 0.6296
2025-11-10 14:35:21 - INFO - Epoch 10/20 - train_loss: 0.6296 - val_loss: 0.4478 - f1: 0.9687
2025-11-10 14:35:33 - INFO - [Epoch 11] Step 50/1945 - loss: 0.6325
2025-11-10 14:35:45 - INFO - [Epoch 11] Step 100/1945 - loss: 0.6909
2025-11-10 14:35:56 - INFO - [Epoch 11] Step 150/1945 - loss: 0.6495
2025-11-10 14:36:08 - INFO - [Epoch 11] Step 200/1945 - loss: 0.6287
2025-11-10 14:36:19 - INFO - [Epoch 11] Step 250/1945 - loss: 0.6124
2025-11-10 14:36:30 - INFO - [Epoch 11] Step 300/1945 - loss: 0.6185
2025-11-10 14:36:42 - INFO - [Epoch 11] Step 350/1945 - loss: 0.6217
2025-11-10 14:36:53 - INFO - [Epoch 11] Step 400/1945 - loss: 0.6230
2025-11-10 14:37:04 - INFO - [Epoch 11] Step 450/1945 - loss: 0.6199
2025-11-10 14:37:16 - INFO - [Epoch 11] Step 500/1945 - loss: 0.6192
2025-11-10 14:37:26 - INFO - [Epoch 11] Step 550/1945 - loss: 0.6206
2025-11-10 14:37:38 - INFO - [Epoch 11] Step 600/1945 - loss: 0.6219
2025-11-10 14:37:49 - INFO - [Epoch 11] Step 650/1945 - loss: 0.6154
2025-11-10 14:38:01 - INFO - [Epoch 11] Step 700/1945 - loss: 0.6092
2025-11-10 14:38:12 - INFO - [Epoch 11] Step 750/1945 - loss: 0.6082
2025-11-10 14:38:24 - INFO - [Epoch 11] Step 800/1945 - loss: 0.6082
2025-11-10 14:38:36 - INFO - [Epoch 11] Step 850/1945 - loss: 0.6069
2025-11-10 14:38:47 - INFO - [Epoch 11] Step 900/1945 - loss: 0.6052
2025-11-10 14:38:59 - INFO - [Epoch 11] Step 950/1945 - loss: 0.6043
2025-11-10 14:39:10 - INFO - [Epoch 11] Step 1000/1945 - loss: 0.6034
2025-11-10 14:39:22 - INFO - [Epoch 11] Step 1050/1945 - loss: 0.6028
2025-11-10 14:39:33 - INFO - [Epoch 11] Step 1100/1945 - loss: 0.6014
2025-11-10 14:39:44 - INFO - [Epoch 11] Step 1150/1945 - loss: 0.6021
2025-11-10 14:39:56 - INFO - [Epoch 11] Step 1200/1945 - loss: 0.6048
2025-11-10 14:40:07 - INFO - [Epoch 11] Step 1250/1945 - loss: 0.6092
2025-11-10 14:40:18 - INFO - [Epoch 11] Step 1300/1945 - loss: 0.6120
2025-11-10 14:40:30 - INFO - [Epoch 11] Step 1350/1945 - loss: 0.6123
2025-11-10 14:40:41 - INFO - [Epoch 11] Step 1400/1945 - loss: 0.6127
2025-11-10 14:40:53 - INFO - [Epoch 11] Step 1450/1945 - loss: 0.6119
2025-11-10 14:41:04 - INFO - [Epoch 11] Step 1500/1945 - loss: 0.6114
2025-11-10 14:41:15 - INFO - [Epoch 11] Step 1550/1945 - loss: 0.6099
2025-11-10 14:41:27 - INFO - [Epoch 11] Step 1600/1945 - loss: 0.6098
2025-11-10 14:41:38 - INFO - [Epoch 11] Step 1650/1945 - loss: 0.6088
2025-11-10 14:41:50 - INFO - [Epoch 11] Step 1700/1945 - loss: 0.6096
2025-11-10 14:42:01 - INFO - [Epoch 11] Step 1750/1945 - loss: 0.6092
2025-11-10 14:42:12 - INFO - [Epoch 11] Step 1800/1945 - loss: 0.6099
2025-11-10 14:42:24 - INFO - [Epoch 11] Step 1850/1945 - loss: 0.6101
2025-11-10 14:42:35 - INFO - [Epoch 11] Step 1900/1945 - loss: 0.6094
2025-11-10 14:42:45 - INFO - [Epoch 11] Step 1945/1945 - loss: 0.6087
2025-11-10 14:43:29 - INFO - Epoch 11/20 - train_loss: 0.6087 - val_loss: 0.4340 - f1: 0.9693
2025-11-10 14:43:41 - INFO - [Epoch 12] Step 50/1945 - loss: 0.6764
2025-11-10 14:43:52 - INFO - [Epoch 12] Step 100/1945 - loss: 0.6318
2025-11-10 14:44:04 - INFO - [Epoch 12] Step 150/1945 - loss: 0.6148
2025-11-10 14:44:15 - INFO - [Epoch 12] Step 200/1945 - loss: 0.5888
2025-11-10 14:44:27 - INFO - [Epoch 12] Step 250/1945 - loss: 0.5803
2025-11-10 14:44:38 - INFO - [Epoch 12] Step 300/1945 - loss: 0.5928
2025-11-10 14:44:49 - INFO - [Epoch 12] Step 350/1945 - loss: 0.5900
2025-11-10 14:45:00 - INFO - [Epoch 12] Step 400/1945 - loss: 0.5899
2025-11-10 14:45:12 - INFO - [Epoch 12] Step 450/1945 - loss: 0.5909
2025-11-10 14:45:23 - INFO - [Epoch 12] Step 500/1945 - loss: 0.5908
2025-11-10 14:45:33 - INFO - [Epoch 12] Step 550/1945 - loss: 0.5830
2025-11-10 14:45:45 - INFO - [Epoch 12] Step 600/1945 - loss: 0.5806
2025-11-10 14:45:56 - INFO - [Epoch 12] Step 650/1945 - loss: 0.5866
2025-11-10 14:46:08 - INFO - [Epoch 12] Step 700/1945 - loss: 0.5866
2025-11-10 14:46:19 - INFO - [Epoch 12] Step 750/1945 - loss: 0.5838
2025-11-10 14:46:30 - INFO - [Epoch 12] Step 800/1945 - loss: 0.5835
2025-11-10 14:46:42 - INFO - [Epoch 12] Step 850/1945 - loss: 0.5811
2025-11-10 14:46:53 - INFO - [Epoch 12] Step 900/1945 - loss: 0.5824
2025-11-10 14:47:04 - INFO - [Epoch 12] Step 950/1945 - loss: 0.5841
2025-11-10 14:47:16 - INFO - [Epoch 12] Step 1000/1945 - loss: 0.5848
2025-11-10 14:47:27 - INFO - [Epoch 12] Step 1050/1945 - loss: 0.5830
2025-11-10 14:47:39 - INFO - [Epoch 12] Step 1100/1945 - loss: 0.5832
2025-11-10 14:47:50 - INFO - [Epoch 12] Step 1150/1945 - loss: 0.5836
2025-11-10 14:48:01 - INFO - [Epoch 12] Step 1200/1945 - loss: 0.5815
2025-11-10 14:48:13 - INFO - [Epoch 12] Step 1250/1945 - loss: 0.5834
2025-11-10 14:48:24 - INFO - [Epoch 12] Step 1300/1945 - loss: 0.5821
2025-11-10 14:48:35 - INFO - [Epoch 12] Step 1350/1945 - loss: 0.5812
2025-11-10 14:48:47 - INFO - [Epoch 12] Step 1400/1945 - loss: 0.5805
2025-11-10 14:48:58 - INFO - [Epoch 12] Step 1450/1945 - loss: 0.5817
2025-11-10 14:49:10 - INFO - [Epoch 12] Step 1500/1945 - loss: 0.5827
2025-11-10 14:49:21 - INFO - [Epoch 12] Step 1550/1945 - loss: 0.5815
2025-11-10 14:49:32 - INFO - [Epoch 12] Step 1600/1945 - loss: 0.5803
2025-11-10 14:49:44 - INFO - [Epoch 12] Step 1650/1945 - loss: 0.5793
2025-11-10 14:49:55 - INFO - [Epoch 12] Step 1700/1945 - loss: 0.5781
2025-11-10 14:50:07 - INFO - [Epoch 12] Step 1750/1945 - loss: 0.5761
2025-11-10 14:50:18 - INFO - [Epoch 12] Step 1800/1945 - loss: 0.5756
2025-11-10 14:50:29 - INFO - [Epoch 12] Step 1850/1945 - loss: 0.5759
2025-11-10 14:50:41 - INFO - [Epoch 12] Step 1900/1945 - loss: 0.5759
2025-11-10 14:50:51 - INFO - [Epoch 12] Step 1945/1945 - loss: 0.5758
2025-11-10 14:51:34 - INFO - Epoch 12/20 - train_loss: 0.5758 - val_loss: 0.4096 - f1: 0.9770
2025-11-10 14:51:47 - INFO - [Epoch 13] Step 50/1945 - loss: 0.6349
2025-11-10 14:51:58 - INFO - [Epoch 13] Step 100/1945 - loss: 0.5801
2025-11-10 14:52:09 - INFO - [Epoch 13] Step 150/1945 - loss: 0.5598
2025-11-10 14:52:21 - INFO - [Epoch 13] Step 200/1945 - loss: 0.5657
2025-11-10 14:52:32 - INFO - [Epoch 13] Step 250/1945 - loss: 0.5768
2025-11-10 14:52:43 - INFO - [Epoch 13] Step 300/1945 - loss: 0.5736
2025-11-10 14:52:55 - INFO - [Epoch 13] Step 350/1945 - loss: 0.5790
2025-11-10 14:53:06 - INFO - [Epoch 13] Step 400/1945 - loss: 0.5750
2025-11-10 14:53:17 - INFO - [Epoch 13] Step 450/1945 - loss: 0.5754
2025-11-10 14:53:28 - INFO - [Epoch 13] Step 500/1945 - loss: 0.5761
2025-11-10 14:53:40 - INFO - [Epoch 13] Step 550/1945 - loss: 0.5833
2025-11-10 14:53:51 - INFO - [Epoch 13] Step 600/1945 - loss: 0.5785
2025-11-10 14:54:03 - INFO - [Epoch 13] Step 650/1945 - loss: 0.5764
2025-11-10 14:54:14 - INFO - [Epoch 13] Step 700/1945 - loss: 0.5756
2025-11-10 14:54:26 - INFO - [Epoch 13] Step 750/1945 - loss: 0.5761
2025-11-10 14:54:37 - INFO - [Epoch 13] Step 800/1945 - loss: 0.5729
2025-11-10 14:54:48 - INFO - [Epoch 13] Step 850/1945 - loss: 0.5756
2025-11-10 14:55:00 - INFO - [Epoch 13] Step 900/1945 - loss: 0.5753
2025-11-10 14:55:11 - INFO - [Epoch 13] Step 950/1945 - loss: 0.5744
2025-11-10 14:55:22 - INFO - [Epoch 13] Step 1000/1945 - loss: 0.5728
2025-11-10 14:55:34 - INFO - [Epoch 13] Step 1050/1945 - loss: 0.5697
2025-11-10 14:55:45 - INFO - [Epoch 13] Step 1100/1945 - loss: 0.5699
2025-11-10 14:55:57 - INFO - [Epoch 13] Step 1150/1945 - loss: 0.5733
2025-11-10 14:56:08 - INFO - [Epoch 13] Step 1200/1945 - loss: 0.5700
2025-11-10 14:56:19 - INFO - [Epoch 13] Step 1250/1945 - loss: 0.5718
2025-11-10 14:56:31 - INFO - [Epoch 13] Step 1300/1945 - loss: 0.5729
2025-11-10 14:56:42 - INFO - [Epoch 13] Step 1350/1945 - loss: 0.5727
2025-11-10 14:56:54 - INFO - [Epoch 13] Step 1400/1945 - loss: 0.5722
2025-11-10 14:57:05 - INFO - [Epoch 13] Step 1450/1945 - loss: 0.5706
2025-11-10 14:57:16 - INFO - [Epoch 13] Step 1500/1945 - loss: 0.5738
2025-11-10 14:57:28 - INFO - [Epoch 13] Step 1550/1945 - loss: 0.5730
2025-11-10 14:57:39 - INFO - [Epoch 13] Step 1600/1945 - loss: 0.5699
2025-11-10 14:57:50 - INFO - [Epoch 13] Step 1650/1945 - loss: 0.5692
2025-11-10 14:58:02 - INFO - [Epoch 13] Step 1700/1945 - loss: 0.5681
2025-11-10 14:58:13 - INFO - [Epoch 13] Step 1750/1945 - loss: 0.5659
2025-11-10 14:58:25 - INFO - [Epoch 13] Step 1800/1945 - loss: 0.5652
2025-11-10 14:58:36 - INFO - [Epoch 13] Step 1850/1945 - loss: 0.5660
2025-11-10 14:58:47 - INFO - [Epoch 13] Step 1900/1945 - loss: 0.5653
2025-11-10 14:58:58 - INFO - [Epoch 13] Step 1945/1945 - loss: 0.5647
2025-11-10 14:59:41 - INFO - Epoch 13/20 - train_loss: 0.5647 - val_loss: 0.4004 - f1: 0.9790
2025-11-10 14:59:53 - INFO - [Epoch 14] Step 50/1945 - loss: 0.5698
2025-11-10 15:00:04 - INFO - [Epoch 14] Step 100/1945 - loss: 0.5924
2025-11-10 15:00:16 - INFO - [Epoch 14] Step 150/1945 - loss: 0.5734
2025-11-10 15:00:27 - INFO - [Epoch 14] Step 200/1945 - loss: 0.5582
2025-11-10 15:00:39 - INFO - [Epoch 14] Step 250/1945 - loss: 0.5562
2025-11-10 15:00:50 - INFO - [Epoch 14] Step 300/1945 - loss: 0.5445
2025-11-10 15:01:01 - INFO - [Epoch 14] Step 350/1945 - loss: 0.5452
2025-11-10 15:01:13 - INFO - [Epoch 14] Step 400/1945 - loss: 0.5471
2025-11-10 15:01:24 - INFO - [Epoch 14] Step 450/1945 - loss: 0.5462
2025-11-10 15:01:35 - INFO - [Epoch 14] Step 500/1945 - loss: 0.5524
2025-11-10 15:01:46 - INFO - [Epoch 14] Step 550/1945 - loss: 0.5494
2025-11-10 15:01:58 - INFO - [Epoch 14] Step 600/1945 - loss: 0.5473
2025-11-10 15:02:09 - INFO - [Epoch 14] Step 650/1945 - loss: 0.5471
2025-11-10 15:02:21 - INFO - [Epoch 14] Step 700/1945 - loss: 0.5457
2025-11-10 15:02:32 - INFO - [Epoch 14] Step 750/1945 - loss: 0.5431
2025-11-10 15:02:43 - INFO - [Epoch 14] Step 800/1945 - loss: 0.5430
2025-11-10 15:02:55 - INFO - [Epoch 14] Step 850/1945 - loss: 0.5407
2025-11-10 15:03:06 - INFO - [Epoch 14] Step 900/1945 - loss: 0.5434
2025-11-10 15:03:17 - INFO - [Epoch 14] Step 950/1945 - loss: 0.5436
2025-11-10 15:03:29 - INFO - [Epoch 14] Step 1000/1945 - loss: 0.5414
2025-11-10 15:03:40 - INFO - [Epoch 14] Step 1050/1945 - loss: 0.5415
2025-11-10 15:03:52 - INFO - [Epoch 14] Step 1100/1945 - loss: 0.5407
2025-11-10 15:04:03 - INFO - [Epoch 14] Step 1150/1945 - loss: 0.5408
2025-11-10 15:04:15 - INFO - [Epoch 14] Step 1200/1945 - loss: 0.5382
2025-11-10 15:04:26 - INFO - [Epoch 14] Step 1250/1945 - loss: 0.5384
2025-11-10 15:04:37 - INFO - [Epoch 14] Step 1300/1945 - loss: 0.5381
2025-11-10 15:04:49 - INFO - [Epoch 14] Step 1350/1945 - loss: 0.5372
2025-11-10 15:05:00 - INFO - [Epoch 14] Step 1400/1945 - loss: 0.5350
2025-11-10 15:05:12 - INFO - [Epoch 14] Step 1450/1945 - loss: 0.5361
2025-11-10 15:05:23 - INFO - [Epoch 14] Step 1500/1945 - loss: 0.5363
2025-11-10 15:05:34 - INFO - [Epoch 14] Step 1550/1945 - loss: 0.5385
2025-11-10 15:05:46 - INFO - [Epoch 14] Step 1600/1945 - loss: 0.5380
2025-11-10 15:05:57 - INFO - [Epoch 14] Step 1650/1945 - loss: 0.5360
2025-11-10 15:06:09 - INFO - [Epoch 14] Step 1700/1945 - loss: 0.5362
2025-11-10 15:06:20 - INFO - [Epoch 14] Step 1750/1945 - loss: 0.5373
2025-11-10 15:06:32 - INFO - [Epoch 14] Step 1800/1945 - loss: 0.5363
2025-11-10 15:06:43 - INFO - [Epoch 14] Step 1850/1945 - loss: 0.5369
2025-11-10 15:06:54 - INFO - [Epoch 14] Step 1900/1945 - loss: 0.5352
2025-11-10 15:07:05 - INFO - [Epoch 14] Step 1945/1945 - loss: 0.5344
2025-11-10 15:07:47 - INFO - Epoch 14/20 - train_loss: 0.5344 - val_loss: 0.3902 - f1: 0.9789
2025-11-10 15:07:59 - INFO - [Epoch 15] Step 50/1945 - loss: 0.5724
2025-11-10 15:08:11 - INFO - [Epoch 15] Step 100/1945 - loss: 0.5481
2025-11-10 15:08:22 - INFO - [Epoch 15] Step 150/1945 - loss: 0.5288
2025-11-10 15:08:33 - INFO - [Epoch 15] Step 200/1945 - loss: 0.5132
2025-11-10 15:08:45 - INFO - [Epoch 15] Step 250/1945 - loss: 0.5109
2025-11-10 15:08:56 - INFO - [Epoch 15] Step 300/1945 - loss: 0.5082
2025-11-10 15:09:07 - INFO - [Epoch 15] Step 350/1945 - loss: 0.5156
2025-11-10 15:09:19 - INFO - [Epoch 15] Step 400/1945 - loss: 0.5144
2025-11-10 15:09:30 - INFO - [Epoch 15] Step 450/1945 - loss: 0.5210
2025-11-10 15:09:41 - INFO - [Epoch 15] Step 500/1945 - loss: 0.5171
2025-11-10 15:09:50 - INFO - [Epoch 15] Step 550/1945 - loss: 0.5176
2025-11-10 15:09:56 - INFO - [Epoch 15] Step 600/1945 - loss: 0.5188
2025-11-10 15:10:03 - INFO - [Epoch 15] Step 650/1945 - loss: 0.5191
2025-11-10 15:10:09 - INFO - [Epoch 15] Step 700/1945 - loss: 0.5220
2025-11-10 15:10:15 - INFO - [Epoch 15] Step 750/1945 - loss: 0.5215
2025-11-10 15:10:21 - INFO - [Epoch 15] Step 800/1945 - loss: 0.5206
2025-11-10 15:10:28 - INFO - [Epoch 15] Step 850/1945 - loss: 0.5146
2025-11-10 15:10:34 - INFO - [Epoch 15] Step 900/1945 - loss: 0.5124
2025-11-10 15:10:40 - INFO - [Epoch 15] Step 950/1945 - loss: 0.5117
2025-11-10 15:10:46 - INFO - [Epoch 15] Step 1000/1945 - loss: 0.5089
2025-11-10 15:10:53 - INFO - [Epoch 15] Step 1050/1945 - loss: 0.5077
2025-11-10 15:10:59 - INFO - [Epoch 15] Step 1100/1945 - loss: 0.5074
2025-11-10 15:11:05 - INFO - [Epoch 15] Step 1150/1945 - loss: 0.5089
2025-11-10 15:11:12 - INFO - [Epoch 15] Step 1200/1945 - loss: 0.5108
2025-11-10 15:11:18 - INFO - [Epoch 15] Step 1250/1945 - loss: 0.5109
2025-11-10 15:11:25 - INFO - [Epoch 15] Step 1300/1945 - loss: 0.5127
2025-11-10 15:11:31 - INFO - [Epoch 15] Step 1350/1945 - loss: 0.5127
2025-11-10 15:11:37 - INFO - [Epoch 15] Step 1400/1945 - loss: 0.5137
2025-11-10 15:11:44 - INFO - [Epoch 15] Step 1450/1945 - loss: 0.5142
2025-11-10 15:11:50 - INFO - [Epoch 15] Step 1500/1945 - loss: 0.5134
2025-11-10 15:11:56 - INFO - [Epoch 15] Step 1550/1945 - loss: 0.5111
2025-11-10 15:12:03 - INFO - [Epoch 15] Step 1600/1945 - loss: 0.5095
2025-11-10 15:12:09 - INFO - [Epoch 15] Step 1650/1945 - loss: 0.5091
2025-11-10 15:12:15 - INFO - [Epoch 15] Step 1700/1945 - loss: 0.5091
2025-11-10 15:12:22 - INFO - [Epoch 15] Step 1750/1945 - loss: 0.5101
2025-11-10 15:12:28 - INFO - [Epoch 15] Step 1800/1945 - loss: 0.5091
2025-11-10 15:12:34 - INFO - [Epoch 15] Step 1850/1945 - loss: 0.5097
2025-11-10 15:12:40 - INFO - [Epoch 15] Step 1900/1945 - loss: 0.5100
2025-11-10 15:12:46 - INFO - [Epoch 15] Step 1945/1945 - loss: 0.5096
2025-11-10 15:13:09 - INFO - Epoch 15/20 - train_loss: 0.5096 - val_loss: 0.4147 - f1: 0.9747
2025-11-10 15:13:16 - INFO - [Epoch 16] Step 50/1945 - loss: 0.5108
2025-11-10 15:13:23 - INFO - [Epoch 16] Step 100/1945 - loss: 0.5070
2025-11-10 15:13:29 - INFO - [Epoch 16] Step 150/1945 - loss: 0.5014
2025-11-10 15:13:35 - INFO - [Epoch 16] Step 200/1945 - loss: 0.5184
2025-11-10 15:13:41 - INFO - [Epoch 16] Step 250/1945 - loss: 0.5117
2025-11-10 15:13:48 - INFO - [Epoch 16] Step 300/1945 - loss: 0.5051
2025-11-10 15:13:54 - INFO - [Epoch 16] Step 350/1945 - loss: 0.5018
2025-11-10 15:14:00 - INFO - [Epoch 16] Step 400/1945 - loss: 0.4979
2025-11-10 15:14:06 - INFO - [Epoch 16] Step 450/1945 - loss: 0.4963
2025-11-10 15:14:13 - INFO - [Epoch 16] Step 500/1945 - loss: 0.4960
2025-11-10 15:14:19 - INFO - [Epoch 16] Step 550/1945 - loss: 0.4961
2025-11-10 15:14:25 - INFO - [Epoch 16] Step 600/1945 - loss: 0.5029
2025-11-10 15:14:32 - INFO - [Epoch 16] Step 650/1945 - loss: 0.5048
2025-11-10 15:14:38 - INFO - [Epoch 16] Step 700/1945 - loss: 0.5015
2025-11-10 15:14:44 - INFO - [Epoch 16] Step 750/1945 - loss: 0.4986
2025-11-10 15:14:51 - INFO - [Epoch 16] Step 800/1945 - loss: 0.5022
2025-11-10 15:14:57 - INFO - [Epoch 16] Step 850/1945 - loss: 0.5005
2025-11-10 15:15:03 - INFO - [Epoch 16] Step 900/1945 - loss: 0.4999
2025-11-10 15:15:10 - INFO - [Epoch 16] Step 950/1945 - loss: 0.4999
2025-11-10 15:15:16 - INFO - [Epoch 16] Step 1000/1945 - loss: 0.5013
2025-11-10 15:15:22 - INFO - [Epoch 16] Step 1050/1945 - loss: 0.5018
2025-11-10 15:15:28 - INFO - [Epoch 16] Step 1100/1945 - loss: 0.5021
2025-11-10 15:15:35 - INFO - [Epoch 16] Step 1150/1945 - loss: 0.5004
2025-11-10 15:15:41 - INFO - [Epoch 16] Step 1200/1945 - loss: 0.5002
2025-11-10 15:15:47 - INFO - [Epoch 16] Step 1250/1945 - loss: 0.5012
2025-11-10 15:15:54 - INFO - [Epoch 16] Step 1300/1945 - loss: 0.5004
2025-11-10 15:16:00 - INFO - [Epoch 16] Step 1350/1945 - loss: 0.4992
2025-11-10 15:16:06 - INFO - [Epoch 16] Step 1400/1945 - loss: 0.4982
2025-11-10 15:16:13 - INFO - [Epoch 16] Step 1450/1945 - loss: 0.4990
2025-11-10 15:16:19 - INFO - [Epoch 16] Step 1500/1945 - loss: 0.4989
2025-11-10 15:16:25 - INFO - [Epoch 16] Step 1550/1945 - loss: 0.4981
2025-11-10 15:16:32 - INFO - [Epoch 16] Step 1600/1945 - loss: 0.5000
2025-11-10 15:16:38 - INFO - [Epoch 16] Step 1650/1945 - loss: 0.4987
2025-11-10 15:16:44 - INFO - [Epoch 16] Step 1700/1945 - loss: 0.4989
2025-11-10 15:16:51 - INFO - [Epoch 16] Step 1750/1945 - loss: 0.5009
2025-11-10 15:16:57 - INFO - [Epoch 16] Step 1800/1945 - loss: 0.4984
2025-11-10 15:17:03 - INFO - [Epoch 16] Step 1850/1945 - loss: 0.4984
2025-11-10 15:17:09 - INFO - [Epoch 16] Step 1900/1945 - loss: 0.4975
2025-11-10 15:17:15 - INFO - [Epoch 16] Step 1945/1945 - loss: 0.4968
2025-11-10 15:17:39 - INFO - Epoch 16/20 - train_loss: 0.4968 - val_loss: 0.3783 - f1: 0.9838
2025-11-10 15:17:46 - INFO - [Epoch 17] Step 50/1945 - loss: 0.4403
2025-11-10 15:17:52 - INFO - [Epoch 17] Step 100/1945 - loss: 0.4743
2025-11-10 15:17:59 - INFO - [Epoch 17] Step 150/1945 - loss: 0.4802
2025-11-10 15:18:05 - INFO - [Epoch 17] Step 200/1945 - loss: 0.4780
2025-11-10 15:18:11 - INFO - [Epoch 17] Step 250/1945 - loss: 0.4843
2025-11-10 15:18:18 - INFO - [Epoch 17] Step 300/1945 - loss: 0.4999
2025-11-10 15:18:24 - INFO - [Epoch 17] Step 350/1945 - loss: 0.4946
2025-11-10 15:18:30 - INFO - [Epoch 17] Step 400/1945 - loss: 0.4945
2025-11-10 15:18:37 - INFO - [Epoch 17] Step 450/1945 - loss: 0.5009
2025-11-10 15:18:43 - INFO - [Epoch 17] Step 500/1945 - loss: 0.4986
2025-11-10 15:18:49 - INFO - [Epoch 17] Step 550/1945 - loss: 0.4958
2025-11-10 15:18:56 - INFO - [Epoch 17] Step 600/1945 - loss: 0.4931
2025-11-10 15:19:02 - INFO - [Epoch 17] Step 650/1945 - loss: 0.4908
2025-11-10 15:19:08 - INFO - [Epoch 17] Step 700/1945 - loss: 0.4874
2025-11-10 15:19:15 - INFO - [Epoch 17] Step 750/1945 - loss: 0.4844
2025-11-10 15:19:21 - INFO - [Epoch 17] Step 800/1945 - loss: 0.4863
2025-11-10 15:19:27 - INFO - [Epoch 17] Step 850/1945 - loss: 0.4896
2025-11-10 15:19:34 - INFO - [Epoch 17] Step 900/1945 - loss: 0.4887
2025-11-10 15:19:40 - INFO - [Epoch 17] Step 950/1945 - loss: 0.4898
2025-11-10 15:19:46 - INFO - [Epoch 17] Step 1000/1945 - loss: 0.4892
2025-11-10 15:19:52 - INFO - [Epoch 17] Step 1050/1945 - loss: 0.4887
2025-11-10 15:19:59 - INFO - [Epoch 17] Step 1100/1945 - loss: 0.4910
2025-11-10 15:20:05 - INFO - [Epoch 17] Step 1150/1945 - loss: 0.4892
2025-11-10 15:20:11 - INFO - [Epoch 17] Step 1200/1945 - loss: 0.4903
2025-11-10 15:20:18 - INFO - [Epoch 17] Step 1250/1945 - loss: 0.4931
2025-11-10 15:20:24 - INFO - [Epoch 17] Step 1300/1945 - loss: 0.4939
2025-11-10 15:20:30 - INFO - [Epoch 17] Step 1350/1945 - loss: 0.4914
2025-11-10 15:20:37 - INFO - [Epoch 17] Step 1400/1945 - loss: 0.4907
2025-11-10 15:20:43 - INFO - [Epoch 17] Step 1450/1945 - loss: 0.4905
2025-11-10 15:20:49 - INFO - [Epoch 17] Step 1500/1945 - loss: 0.4889
2025-11-10 15:20:56 - INFO - [Epoch 17] Step 1550/1945 - loss: 0.4891
2025-11-10 15:21:02 - INFO - [Epoch 17] Step 1600/1945 - loss: 0.4902
2025-11-10 15:21:08 - INFO - [Epoch 17] Step 1650/1945 - loss: 0.4909
2025-11-10 15:21:14 - INFO - [Epoch 17] Step 1700/1945 - loss: 0.4901
2025-11-10 15:21:21 - INFO - [Epoch 17] Step 1750/1945 - loss: 0.4908
2025-11-10 15:21:27 - INFO - [Epoch 17] Step 1800/1945 - loss: 0.4915
2025-11-10 15:21:33 - INFO - [Epoch 17] Step 1850/1945 - loss: 0.4924
2025-11-10 15:21:40 - INFO - [Epoch 17] Step 1900/1945 - loss: 0.4927
2025-11-10 15:21:45 - INFO - [Epoch 17] Step 1945/1945 - loss: 0.4921
2025-11-10 15:22:10 - INFO - Epoch 17/20 - train_loss: 0.4921 - val_loss: 0.3711 - f1: 0.9854
2025-11-10 15:22:17 - INFO - [Epoch 18] Step 50/1945 - loss: 0.5254
2025-11-10 15:22:23 - INFO - [Epoch 18] Step 100/1945 - loss: 0.4940
2025-11-10 15:22:30 - INFO - [Epoch 18] Step 150/1945 - loss: 0.4929
2025-11-10 15:22:36 - INFO - [Epoch 18] Step 200/1945 - loss: 0.4785
2025-11-10 15:22:42 - INFO - [Epoch 18] Step 250/1945 - loss: 0.4777
2025-11-10 15:22:49 - INFO - [Epoch 18] Step 300/1945 - loss: 0.4815
2025-11-10 15:22:55 - INFO - [Epoch 18] Step 350/1945 - loss: 0.4846
2025-11-10 15:23:01 - INFO - [Epoch 18] Step 400/1945 - loss: 0.4884
2025-11-10 15:23:08 - INFO - [Epoch 18] Step 450/1945 - loss: 0.4798
2025-11-10 15:23:14 - INFO - [Epoch 18] Step 500/1945 - loss: 0.4797
2025-11-10 15:23:20 - INFO - [Epoch 18] Step 550/1945 - loss: 0.4761
2025-11-10 15:23:27 - INFO - [Epoch 18] Step 600/1945 - loss: 0.4778
2025-11-10 15:23:33 - INFO - [Epoch 18] Step 650/1945 - loss: 0.4803
2025-11-10 15:23:39 - INFO - [Epoch 18] Step 700/1945 - loss: 0.4827
2025-11-10 15:23:45 - INFO - [Epoch 18] Step 750/1945 - loss: 0.4813
2025-11-10 15:23:52 - INFO - [Epoch 18] Step 800/1945 - loss: 0.4783
2025-11-10 15:23:58 - INFO - [Epoch 18] Step 850/1945 - loss: 0.4780
2025-11-10 15:24:04 - INFO - [Epoch 18] Step 900/1945 - loss: 0.4811
2025-11-10 15:24:10 - INFO - [Epoch 18] Step 950/1945 - loss: 0.4807
2025-11-10 15:24:17 - INFO - [Epoch 18] Step 1000/1945 - loss: 0.4829
2025-11-10 15:24:23 - INFO - [Epoch 18] Step 1050/1945 - loss: 0.4829
2025-11-10 15:24:30 - INFO - [Epoch 18] Step 1100/1945 - loss: 0.4833
2025-11-10 15:24:36 - INFO - [Epoch 18] Step 1150/1945 - loss: 0.4839
2025-11-10 15:24:42 - INFO - [Epoch 18] Step 1200/1945 - loss: 0.4848
2025-11-10 15:24:48 - INFO - [Epoch 18] Step 1250/1945 - loss: 0.4845
2025-11-10 15:24:54 - INFO - [Epoch 18] Step 1300/1945 - loss: 0.4848
2025-11-10 15:25:00 - INFO - [Epoch 18] Step 1350/1945 - loss: 0.4858
2025-11-10 15:25:06 - INFO - [Epoch 18] Step 1400/1945 - loss: 0.4841
2025-11-10 15:25:13 - INFO - [Epoch 18] Step 1450/1945 - loss: 0.4832
2025-11-10 15:25:19 - INFO - [Epoch 18] Step 1500/1945 - loss: 0.4821
2025-11-10 15:25:25 - INFO - [Epoch 18] Step 1550/1945 - loss: 0.4813
2025-11-10 15:25:32 - INFO - [Epoch 18] Step 1600/1945 - loss: 0.4824
2025-11-10 15:25:38 - INFO - [Epoch 18] Step 1650/1945 - loss: 0.4825
2025-11-10 15:25:44 - INFO - [Epoch 18] Step 1700/1945 - loss: 0.4813
2025-11-10 15:25:51 - INFO - [Epoch 18] Step 1750/1945 - loss: 0.4810
2025-11-10 15:25:57 - INFO - [Epoch 18] Step 1800/1945 - loss: 0.4804
2025-11-10 15:26:03 - INFO - [Epoch 18] Step 1850/1945 - loss: 0.4795
2025-11-10 15:26:09 - INFO - [Epoch 18] Step 1900/1945 - loss: 0.4811
2025-11-10 15:26:15 - INFO - [Epoch 18] Step 1945/1945 - loss: 0.4805
2025-11-10 15:26:39 - INFO - Epoch 18/20 - train_loss: 0.4805 - val_loss: 0.3710 - f1: 0.9858
2025-11-10 15:26:45 - INFO - [Epoch 19] Step 50/1945 - loss: 0.4827
2025-11-10 15:26:52 - INFO - [Epoch 19] Step 100/1945 - loss: 0.4903
2025-11-10 15:26:58 - INFO - [Epoch 19] Step 150/1945 - loss: 0.4899
2025-11-10 15:27:04 - INFO - [Epoch 19] Step 200/1945 - loss: 0.4995
2025-11-10 15:27:10 - INFO - [Epoch 19] Step 250/1945 - loss: 0.4788
2025-11-10 15:27:17 - INFO - [Epoch 19] Step 300/1945 - loss: 0.4728
2025-11-10 15:27:23 - INFO - [Epoch 19] Step 350/1945 - loss: 0.4762
2025-11-10 15:27:29 - INFO - [Epoch 19] Step 400/1945 - loss: 0.4810
2025-11-10 15:27:35 - INFO - [Epoch 19] Step 450/1945 - loss: 0.4769
2025-11-10 15:27:42 - INFO - [Epoch 19] Step 500/1945 - loss: 0.4737
2025-11-10 15:27:48 - INFO - [Epoch 19] Step 550/1945 - loss: 0.4732
2025-11-10 15:27:54 - INFO - [Epoch 19] Step 600/1945 - loss: 0.4750
2025-11-10 15:28:00 - INFO - [Epoch 19] Step 650/1945 - loss: 0.4703
2025-11-10 15:28:07 - INFO - [Epoch 19] Step 700/1945 - loss: 0.4713
2025-11-10 15:28:13 - INFO - [Epoch 19] Step 750/1945 - loss: 0.4751
2025-11-10 15:28:19 - INFO - [Epoch 19] Step 800/1945 - loss: 0.4788
2025-11-10 15:28:25 - INFO - [Epoch 19] Step 850/1945 - loss: 0.4782
2025-11-10 15:28:31 - INFO - [Epoch 19] Step 900/1945 - loss: 0.4793
2025-11-10 15:28:38 - INFO - [Epoch 19] Step 950/1945 - loss: 0.4772
2025-11-10 15:28:44 - INFO - [Epoch 19] Step 1000/1945 - loss: 0.4745
2025-11-10 15:28:50 - INFO - [Epoch 19] Step 1050/1945 - loss: 0.4732
2025-11-10 15:28:56 - INFO - [Epoch 19] Step 1100/1945 - loss: 0.4734
2025-11-10 15:29:03 - INFO - [Epoch 19] Step 1150/1945 - loss: 0.4734
2025-11-10 15:29:09 - INFO - [Epoch 19] Step 1200/1945 - loss: 0.4744
2025-11-10 15:29:15 - INFO - [Epoch 19] Step 1250/1945 - loss: 0.4783
2025-11-10 15:29:21 - INFO - [Epoch 19] Step 1300/1945 - loss: 0.4795
2025-11-10 15:29:28 - INFO - [Epoch 19] Step 1350/1945 - loss: 0.4800
2025-11-10 15:29:34 - INFO - [Epoch 19] Step 1400/1945 - loss: 0.4788
2025-11-10 15:29:40 - INFO - [Epoch 19] Step 1450/1945 - loss: 0.4781
2025-11-10 15:29:47 - INFO - [Epoch 19] Step 1500/1945 - loss: 0.4766
2025-11-10 15:29:53 - INFO - [Epoch 19] Step 1550/1945 - loss: 0.4770
2025-11-10 15:30:00 - INFO - [Epoch 19] Step 1600/1945 - loss: 0.4769
2025-11-10 15:30:06 - INFO - [Epoch 19] Step 1650/1945 - loss: 0.4773
2025-11-10 15:30:12 - INFO - [Epoch 19] Step 1700/1945 - loss: 0.4765
2025-11-10 15:30:18 - INFO - [Epoch 19] Step 1750/1945 - loss: 0.4772
2025-11-10 15:30:25 - INFO - [Epoch 19] Step 1800/1945 - loss: 0.4775
2025-11-10 15:30:31 - INFO - [Epoch 19] Step 1850/1945 - loss: 0.4780
2025-11-10 15:30:37 - INFO - [Epoch 19] Step 1900/1945 - loss: 0.4768
2025-11-10 15:30:43 - INFO - [Epoch 19] Step 1945/1945 - loss: 0.4766
2025-11-10 15:31:08 - INFO - Epoch 19/20 - train_loss: 0.4766 - val_loss: 0.3655 - f1: 0.9867
2025-11-10 15:31:14 - INFO - [Epoch 20] Step 50/1945 - loss: 0.4580
2025-11-10 15:31:21 - INFO - [Epoch 20] Step 100/1945 - loss: 0.4709
2025-11-10 15:31:27 - INFO - [Epoch 20] Step 150/1945 - loss: 0.4756
2025-11-10 15:31:33 - INFO - [Epoch 20] Step 200/1945 - loss: 0.4767
2025-11-10 15:31:40 - INFO - [Epoch 20] Step 250/1945 - loss: 0.4718
2025-11-10 15:31:46 - INFO - [Epoch 20] Step 300/1945 - loss: 0.4658
2025-11-10 15:31:52 - INFO - [Epoch 20] Step 350/1945 - loss: 0.4692
2025-11-10 15:31:58 - INFO - [Epoch 20] Step 400/1945 - loss: 0.4734
2025-11-10 15:32:05 - INFO - [Epoch 20] Step 450/1945 - loss: 0.4730
2025-11-10 15:32:11 - INFO - [Epoch 20] Step 500/1945 - loss: 0.4739
2025-11-10 15:32:17 - INFO - [Epoch 20] Step 550/1945 - loss: 0.4719
2025-11-10 15:32:24 - INFO - [Epoch 20] Step 600/1945 - loss: 0.4699
2025-11-10 15:32:30 - INFO - [Epoch 20] Step 650/1945 - loss: 0.4683
2025-11-10 15:32:36 - INFO - [Epoch 20] Step 700/1945 - loss: 0.4714
2025-11-10 15:32:43 - INFO - [Epoch 20] Step 750/1945 - loss: 0.4732
2025-11-10 15:32:49 - INFO - [Epoch 20] Step 800/1945 - loss: 0.4732
2025-11-10 15:32:55 - INFO - [Epoch 20] Step 850/1945 - loss: 0.4751
2025-11-10 15:33:02 - INFO - [Epoch 20] Step 900/1945 - loss: 0.4739
2025-11-10 15:33:08 - INFO - [Epoch 20] Step 950/1945 - loss: 0.4794
2025-11-10 15:33:14 - INFO - [Epoch 20] Step 1000/1945 - loss: 0.4812
2025-11-10 15:33:20 - INFO - [Epoch 20] Step 1050/1945 - loss: 0.4817
2025-11-10 15:33:26 - INFO - [Epoch 20] Step 1100/1945 - loss: 0.4819
2025-11-10 15:33:32 - INFO - [Epoch 20] Step 1150/1945 - loss: 0.4787
2025-11-10 15:33:39 - INFO - [Epoch 20] Step 1200/1945 - loss: 0.4795
2025-11-10 15:33:45 - INFO - [Epoch 20] Step 1250/1945 - loss: 0.4783
2025-11-10 15:33:51 - INFO - [Epoch 20] Step 1300/1945 - loss: 0.4773
2025-11-10 15:33:57 - INFO - [Epoch 20] Step 1350/1945 - loss: 0.4772
2025-11-10 15:34:04 - INFO - [Epoch 20] Step 1400/1945 - loss: 0.4756
2025-11-10 15:34:10 - INFO - [Epoch 20] Step 1450/1945 - loss: 0.4751
2025-11-10 15:34:16 - INFO - [Epoch 20] Step 1500/1945 - loss: 0.4768
2025-11-10 15:34:22 - INFO - [Epoch 20] Step 1550/1945 - loss: 0.4745
2025-11-10 15:34:29 - INFO - [Epoch 20] Step 1600/1945 - loss: 0.4755
2025-11-10 15:34:35 - INFO - [Epoch 20] Step 1650/1945 - loss: 0.4750
2025-11-10 15:34:41 - INFO - [Epoch 20] Step 1700/1945 - loss: 0.4752
2025-11-10 15:34:47 - INFO - [Epoch 20] Step 1750/1945 - loss: 0.4751
2025-11-10 15:34:54 - INFO - [Epoch 20] Step 1800/1945 - loss: 0.4748
2025-11-10 15:35:00 - INFO - [Epoch 20] Step 1850/1945 - loss: 0.4753
2025-11-10 15:35:06 - INFO - [Epoch 20] Step 1900/1945 - loss: 0.4756
2025-11-10 15:35:12 - INFO - [Epoch 20] Step 1945/1945 - loss: 0.4744
2025-11-10 15:35:35 - INFO - Epoch 20/20 - train_loss: 0.4744 - val_loss: 0.3660 - f1: 0.9867
2025-11-10 15:35:35 - INFO - Best epoch: 19 (0.9867)
2025-11-10 15:35:35 - INFO - Best f1: 0.9867
Best f1: 0.9888
