2025-11-10 16:30:29 - INFO - Starting run: 20251110-163029_tf_efficientnet_b7_ns_448px_rot90_jitter_affine_rrc_mixup_only_ls0.05_cosine
2025-11-10 16:30:29 - INFO - Configuration:
{
  "experiment": {
    "name": "efficientnet_b7_offline_448",
    "seed": 2024,
    "deterministic": false
  },
  "paths": {
    "data_root": "data/processed/offline_aug",
    "train_csv": "data/processed/offline_aug/train_offline_aug.csv",
    "meta_csv": "data/raw/meta.csv",
    "image_dir": "data/processed/offline_aug/images",
    "test_dir": "data/raw/test",
    "output_root": "outputs"
  },
  "data": {
    "num_classes": 17,
    "input_size": 448,
    "mean": [
      0.485,
      0.456,
      0.406
    ],
    "std": [
      0.229,
      0.224,
      0.225
    ],
    "excluded_ids": [],
    "loader": {
      "batch_size": 6,
      "num_workers": 8,
      "pin_memory": true,
      "persistent_workers": true,
      "prefetch_factor": 3,
      "timeout": 120,
      "mp_context": "spawn"
    }
  },
  "split": {
    "n_splits": 6,
    "fold_index": 1,
    "seed": 2024,
    "predefined_split": "splits/fold_indices_offline.pkl"
  },
  "sampler": {
    "name": "weighted_random",
    "minority_classes": [
      1,
      13,
      14
    ],
    "weights_power": 0.85,
    "replacement": true
  },
  "augmentations": {
    "name": "rot90_jitter_affine_rrc",
    "use_reference_pipeline": true,
    "random_resized_crop_scale": [
      0.92,
      1.0
    ],
    "random_resized_crop_ratio": [
      0.85,
      1.15
    ],
    "random_rotate90": true,
    "random_rotate90_prob": 0.5,
    "max_rotate": 12,
    "rotate_prob": 1.0,
    "affine_scale": [
      0.9,
      1.1
    ],
    "affine_translate": [
      0.08,
      0.08
    ],
    "horizontal_flip": true,
    "horizontal_flip_prob": 0.5,
    "brightness_contrast": [
      0.12,
      0.12
    ],
    "color_jitter": {
      "p": 0.4,
      "brightness": 0.3,
      "contrast": 0.15,
      "saturation": 0.2,
      "hue": 0.02
    },
    "blur": {
      "p": 0.35,
      "blur_limit": [
        3,
        7
      ],
      "sigma_limit": [
        0.2,
        1.0
      ]
    }
  },
  "regularization": {
    "mixup_alpha": 0.1,
    "cutmix_alpha": 0.0,
    "tag": "mixup_only"
  },
  "model": {
    "name": "tf_efficientnet_b7_ns",
    "pretrained": true,
    "drop_rate": 0.4,
    "drop_path_rate": 0.2
  },
  "loss": {
    "name": "cross_entropy",
    "label_smoothing": 0.05
  },
  "optimizer": {
    "name": "adamw",
    "lr": 0.0002,
    "weight_decay": 0.02,
    "betas": [
      0.9,
      0.999
    ]
  },
  "scheduler": {
    "name": "cosine",
    "warmup_epochs": 2,
    "min_lr": 1e-06
  },
  "training": {
    "epochs": 20,
    "amp": true,
    "grad_clip_norm": 1.0,
    "save_best_metric": "f1",
    "validation_interval": 1,
    "early_stopping": {
      "patience": 3,
      "min_delta": 0.0005,
      "mode": "max"
    },
    "ema": {
      "enabled": false
    },
    "swa": {
      "enabled": false
    }
  },
  "logging": {
    "project": "document_type_classification",
    "log_interval": 100,
    "tensorboard": true
  },
  "submission": {
    "metric_name": "f1",
    "leaderboard_score": 0.0,
    "tta": {
      "enabled": true,
      "rotations": [
        0,
        90,
        180,
        270
      ],
      "jitter_degrees": 0,
      "horizontal_flip": true,
      "vertical_flip": false
    }
  },
  "performance": {
    "allow_tf32": true,
    "matmul_precision": "high",
    "cudnn_benchmark": true,
    "channels_last": true
  }
}
/opt/conda/lib/python3.10/site-packages/timm/models/_factory.py:117: UserWarning: Mapping deprecated model name tf_efficientnet_b7_ns to current tf_efficientnet_b7.ns_jft_in1k.
  model = create_fn(
2025-11-10 16:31:08 - INFO - [Epoch 1] Step 100/1945 - loss: 3.6502
2025-11-10 16:31:20 - INFO - [Epoch 1] Step 200/1945 - loss: 3.6168
2025-11-10 16:31:32 - INFO - [Epoch 1] Step 300/1945 - loss: 3.6306
2025-11-10 16:31:45 - INFO - [Epoch 1] Step 400/1945 - loss: 3.6212
2025-11-10 16:31:57 - INFO - [Epoch 1] Step 500/1945 - loss: 3.6132
2025-11-10 16:32:09 - INFO - [Epoch 1] Step 600/1945 - loss: 3.6216
2025-11-10 16:32:21 - INFO - [Epoch 1] Step 700/1945 - loss: 3.6244
2025-11-10 16:32:34 - INFO - [Epoch 1] Step 800/1945 - loss: 3.6231
2025-11-10 16:32:46 - INFO - [Epoch 1] Step 900/1945 - loss: 3.6150
2025-11-10 16:32:59 - INFO - [Epoch 1] Step 1000/1945 - loss: 3.6110
2025-11-10 16:33:11 - INFO - [Epoch 1] Step 1100/1945 - loss: 3.6076
2025-11-10 16:33:24 - INFO - [Epoch 1] Step 1200/1945 - loss: 3.6070
2025-11-10 16:33:36 - INFO - [Epoch 1] Step 1300/1945 - loss: 3.5975
2025-11-10 16:33:48 - INFO - [Epoch 1] Step 1400/1945 - loss: 3.5875
2025-11-10 16:34:01 - INFO - [Epoch 1] Step 1500/1945 - loss: 3.5789
2025-11-10 16:34:13 - INFO - [Epoch 1] Step 1600/1945 - loss: 3.5671
2025-11-10 16:34:25 - INFO - [Epoch 1] Step 1700/1945 - loss: 3.5566
2025-11-10 16:34:38 - INFO - [Epoch 1] Step 1800/1945 - loss: 3.5470
2025-11-10 16:34:50 - INFO - [Epoch 1] Step 1900/1945 - loss: 3.5442
2025-11-10 16:34:55 - INFO - [Epoch 1] Step 1945/1945 - loss: 3.5453
2025-11-10 16:35:37 - INFO - [Epoch 1] Top misclassified classes: 1: 137/138 (acc=0.007), 5: 136/138 (acc=0.014), 13: 136/137 (acc=0.007), 4: 135/137 (acc=0.015), 11: 134/138 (acc=0.029), 3: 134/137 (acc=0.022), 2: 133/137 (acc=0.029), 10: 133/137 (acc=0.029), 12: 132/138 (acc=0.043), 0: 126/137 (acc=0.080)
2025-11-10 16:35:39 - INFO - Epoch 1/20 - train_loss: 3.5453 - val_loss: 3.0829 - f1: 0.0653
2025-11-10 16:35:52 - INFO - [Epoch 2] Step 100/1945 - loss: 2.5468
2025-11-10 16:36:05 - INFO - [Epoch 2] Step 200/1945 - loss: 2.2133
2025-11-10 16:36:17 - INFO - [Epoch 2] Step 300/1945 - loss: 2.0221
2025-11-10 16:36:30 - INFO - [Epoch 2] Step 400/1945 - loss: 1.8961
2025-11-10 16:36:43 - INFO - [Epoch 2] Step 500/1945 - loss: 1.8136
2025-11-10 16:36:55 - INFO - [Epoch 2] Step 600/1945 - loss: 1.7386
2025-11-10 16:37:08 - INFO - [Epoch 2] Step 700/1945 - loss: 1.6801
2025-11-10 16:37:21 - INFO - [Epoch 2] Step 800/1945 - loss: 1.6270
2025-11-10 16:37:33 - INFO - [Epoch 2] Step 900/1945 - loss: 1.5730
2025-11-10 16:37:46 - INFO - [Epoch 2] Step 1000/1945 - loss: 1.5279
2025-11-10 16:37:59 - INFO - [Epoch 2] Step 1100/1945 - loss: 1.4921
2025-11-10 16:38:12 - INFO - [Epoch 2] Step 1200/1945 - loss: 1.4592
2025-11-10 16:38:25 - INFO - [Epoch 2] Step 1300/1945 - loss: 1.4266
2025-11-10 16:38:37 - INFO - [Epoch 2] Step 1400/1945 - loss: 1.4064
2025-11-10 16:38:50 - INFO - [Epoch 2] Step 1500/1945 - loss: 1.3852
2025-11-10 16:39:03 - INFO - [Epoch 2] Step 1600/1945 - loss: 1.3656
2025-11-10 16:39:16 - INFO - [Epoch 2] Step 1700/1945 - loss: 1.3442
2025-11-10 16:39:28 - INFO - [Epoch 2] Step 1800/1945 - loss: 1.3234
2025-11-10 16:39:41 - INFO - [Epoch 2] Step 1900/1945 - loss: 1.3037
2025-11-10 16:39:47 - INFO - [Epoch 2] Step 1945/1945 - loss: 1.2984
/opt/conda/lib/python3.10/site-packages/torch/optim/lr_scheduler.py:149: UserWarning: The epoch parameter in `scheduler.step()` was not necessary and is being deprecated where possible. Please use `scheduler.step()` to step the scheduler. During the deprecation, if epoch is different from None, the closed form is used instead of the new chainable form, where available. Please open an issue if you are unable to replicate your use case: https://github.com/pytorch/pytorch/issues/new/choose.
  warnings.warn(EPOCH_DEPRECATION_WARNING, UserWarning)
2025-11-10 16:40:07 - INFO - [Epoch 2] Top misclassified classes: 3: 110/137 (acc=0.197), 7: 73/137 (acc=0.467), 4: 29/137 (acc=0.788), 11: 24/138 (acc=0.826), 14: 13/137 (acc=0.905), 10: 7/137 (acc=0.949), 13: 7/137 (acc=0.949), 6: 6/137 (acc=0.956), 12: 5/138 (acc=0.964), 9: 1/138 (acc=0.993)
2025-11-10 16:40:09 - INFO - Epoch 2/20 - train_loss: 1.2984 - val_loss: 0.7079 - f1: 0.8713
2025-11-10 16:40:23 - INFO - [Epoch 3] Step 100/1945 - loss: 1.1125
2025-11-10 16:40:36 - INFO - [Epoch 3] Step 200/1945 - loss: 1.0751
2025-11-10 16:40:48 - INFO - [Epoch 3] Step 300/1945 - loss: 1.0970
2025-11-10 16:41:01 - INFO - [Epoch 3] Step 400/1945 - loss: 1.1119
2025-11-10 16:41:14 - INFO - [Epoch 3] Step 500/1945 - loss: 1.1184
2025-11-10 16:41:26 - INFO - [Epoch 3] Step 600/1945 - loss: 1.1290
2025-11-10 16:41:39 - INFO - [Epoch 3] Step 700/1945 - loss: 1.1302
2025-11-10 16:41:52 - INFO - [Epoch 3] Step 800/1945 - loss: 1.1177
2025-11-10 16:42:05 - INFO - [Epoch 3] Step 900/1945 - loss: 1.1187
2025-11-10 16:42:17 - INFO - [Epoch 3] Step 1000/1945 - loss: 1.1101
2025-11-10 16:42:30 - INFO - [Epoch 3] Step 1100/1945 - loss: 1.1088
2025-11-10 16:42:43 - INFO - [Epoch 3] Step 1200/1945 - loss: 1.1028
2025-11-10 16:42:55 - INFO - [Epoch 3] Step 1300/1945 - loss: 1.0958
2025-11-10 16:43:08 - INFO - [Epoch 3] Step 1400/1945 - loss: 1.0914
2025-11-10 16:43:21 - INFO - [Epoch 3] Step 1500/1945 - loss: 1.0912
2025-11-10 16:43:34 - INFO - [Epoch 3] Step 1600/1945 - loss: 1.0843
2025-11-10 16:43:47 - INFO - [Epoch 3] Step 1700/1945 - loss: 1.0779
2025-11-10 16:43:59 - INFO - [Epoch 3] Step 1800/1945 - loss: 1.0715
2025-11-10 16:44:12 - INFO - [Epoch 3] Step 1900/1945 - loss: 1.0667
2025-11-10 16:44:17 - INFO - [Epoch 3] Step 1945/1945 - loss: 1.0642
2025-11-10 16:44:38 - INFO - [Epoch 3] Top misclassified classes: 7: 82/137 (acc=0.401), 3: 74/137 (acc=0.460), 4: 63/137 (acc=0.540), 14: 8/137 (acc=0.942), 1: 7/138 (acc=0.949), 13: 7/137 (acc=0.949), 11: 6/138 (acc=0.957), 6: 6/137 (acc=0.956), 12: 3/138 (acc=0.978), 10: 3/137 (acc=0.978)
2025-11-10 16:44:40 - INFO - Epoch 3/20 - train_loss: 1.0642 - val_loss: 0.6513 - f1: 0.8842
2025-11-10 16:44:54 - INFO - [Epoch 4] Step 100/1945 - loss: 1.0101
2025-11-10 16:45:06 - INFO - [Epoch 4] Step 200/1945 - loss: 0.9628
2025-11-10 16:45:19 - INFO - [Epoch 4] Step 300/1945 - loss: 0.9500
2025-11-10 16:45:32 - INFO - [Epoch 4] Step 400/1945 - loss: 0.9453
2025-11-10 16:45:45 - INFO - [Epoch 4] Step 500/1945 - loss: 0.9376
2025-11-10 16:45:57 - INFO - [Epoch 4] Step 600/1945 - loss: 0.9433
2025-11-10 16:46:10 - INFO - [Epoch 4] Step 700/1945 - loss: 0.9414
2025-11-10 16:46:23 - INFO - [Epoch 4] Step 800/1945 - loss: 0.9371
2025-11-10 16:46:36 - INFO - [Epoch 4] Step 900/1945 - loss: 0.9312
2025-11-10 16:46:48 - INFO - [Epoch 4] Step 1000/1945 - loss: 0.9339
2025-11-10 16:47:01 - INFO - [Epoch 4] Step 1100/1945 - loss: 0.9318
2025-11-10 16:47:14 - INFO - [Epoch 4] Step 1200/1945 - loss: 0.9222
2025-11-10 16:47:26 - INFO - [Epoch 4] Step 1300/1945 - loss: 0.9205
2025-11-10 16:47:39 - INFO - [Epoch 4] Step 1400/1945 - loss: 0.9170
2025-11-10 16:47:52 - INFO - [Epoch 4] Step 1500/1945 - loss: 0.9134
2025-11-10 16:48:05 - INFO - [Epoch 4] Step 1600/1945 - loss: 0.9103
2025-11-10 16:48:17 - INFO - [Epoch 4] Step 1700/1945 - loss: 0.9120
2025-11-10 16:48:30 - INFO - [Epoch 4] Step 1800/1945 - loss: 0.9096
2025-11-10 16:48:43 - INFO - [Epoch 4] Step 1900/1945 - loss: 0.9051
2025-11-10 16:48:49 - INFO - [Epoch 4] Step 1945/1945 - loss: 0.9039
2025-11-10 16:49:10 - INFO - [Epoch 4] Top misclassified classes: 7: 66/137 (acc=0.518), 14: 46/137 (acc=0.664), 3: 40/137 (acc=0.708), 4: 20/137 (acc=0.854), 6: 8/137 (acc=0.942), 1: 6/138 (acc=0.957), 11: 4/138 (acc=0.971), 12: 4/138 (acc=0.971), 13: 4/137 (acc=0.971), 10: 2/137 (acc=0.985)
2025-11-10 16:49:11 - INFO - Epoch 4/20 - train_loss: 0.9039 - val_loss: 0.6063 - f1: 0.9139
2025-11-10 16:49:24 - INFO - [Epoch 5] Step 100/1945 - loss: 0.8453
2025-11-10 16:49:37 - INFO - [Epoch 5] Step 200/1945 - loss: 0.8735
2025-11-10 16:49:50 - INFO - [Epoch 5] Step 300/1945 - loss: 0.8693
2025-11-10 16:50:02 - INFO - [Epoch 5] Step 400/1945 - loss: 0.8681
2025-11-10 16:50:15 - INFO - [Epoch 5] Step 500/1945 - loss: 0.8630
2025-11-10 16:50:28 - INFO - [Epoch 5] Step 600/1945 - loss: 0.8649
2025-11-10 16:50:41 - INFO - [Epoch 5] Step 700/1945 - loss: 0.8555
2025-11-10 16:50:53 - INFO - [Epoch 5] Step 800/1945 - loss: 0.8573
2025-11-10 16:51:06 - INFO - [Epoch 5] Step 900/1945 - loss: 0.8539
2025-11-10 16:51:19 - INFO - [Epoch 5] Step 1000/1945 - loss: 0.8446
2025-11-10 16:51:32 - INFO - [Epoch 5] Step 1100/1945 - loss: 0.8506
2025-11-10 16:51:44 - INFO - [Epoch 5] Step 1200/1945 - loss: 0.8470
2025-11-10 16:51:57 - INFO - [Epoch 5] Step 1300/1945 - loss: 0.8470
2025-11-10 16:52:10 - INFO - [Epoch 5] Step 1400/1945 - loss: 0.8473
2025-11-10 16:52:22 - INFO - [Epoch 5] Step 1500/1945 - loss: 0.8446
2025-11-10 16:52:35 - INFO - [Epoch 5] Step 1600/1945 - loss: 0.8433
2025-11-10 16:52:48 - INFO - [Epoch 5] Step 1700/1945 - loss: 0.8426
2025-11-10 16:53:01 - INFO - [Epoch 5] Step 1800/1945 - loss: 0.8409
2025-11-10 16:53:13 - INFO - [Epoch 5] Step 1900/1945 - loss: 0.8402
2025-11-10 16:53:19 - INFO - [Epoch 5] Step 1945/1945 - loss: 0.8389
2025-11-10 16:53:40 - INFO - [Epoch 5] Top misclassified classes: 7: 100/137 (acc=0.270), 14: 40/137 (acc=0.708), 3: 23/137 (acc=0.832), 4: 11/137 (acc=0.920), 13: 10/137 (acc=0.927), 6: 7/137 (acc=0.949), 11: 5/138 (acc=0.964), 10: 4/137 (acc=0.971), 1: 3/138 (acc=0.978), 9: 3/138 (acc=0.978)
2025-11-10 16:53:40 - INFO - Epoch 5/20 - train_loss: 0.8389 - val_loss: 0.6059 - f1: 0.9059
2025-11-10 16:53:54 - INFO - [Epoch 6] Step 100/1945 - loss: 0.8040
2025-11-10 16:54:07 - INFO - [Epoch 6] Step 200/1945 - loss: 0.8026
2025-11-10 16:54:19 - INFO - [Epoch 6] Step 300/1945 - loss: 0.7892
2025-11-10 16:54:32 - INFO - [Epoch 6] Step 400/1945 - loss: 0.7894
2025-11-10 16:54:45 - INFO - [Epoch 6] Step 500/1945 - loss: 0.7962
2025-11-10 16:54:58 - INFO - [Epoch 6] Step 600/1945 - loss: 0.7958
2025-11-10 16:55:11 - INFO - [Epoch 6] Step 700/1945 - loss: 0.7925
2025-11-10 16:55:23 - INFO - [Epoch 6] Step 800/1945 - loss: 0.7956
2025-11-10 16:55:36 - INFO - [Epoch 6] Step 900/1945 - loss: 0.8007
2025-11-10 16:55:48 - INFO - [Epoch 6] Step 1000/1945 - loss: 0.7990
2025-11-10 16:56:01 - INFO - [Epoch 6] Step 1100/1945 - loss: 0.7972
2025-11-10 16:56:14 - INFO - [Epoch 6] Step 1200/1945 - loss: 0.7995
2025-11-10 16:56:26 - INFO - [Epoch 6] Step 1300/1945 - loss: 0.7947
2025-11-10 16:56:39 - INFO - [Epoch 6] Step 1400/1945 - loss: 0.7917
2025-11-10 16:56:52 - INFO - [Epoch 6] Step 1500/1945 - loss: 0.7886
2025-11-10 16:57:05 - INFO - [Epoch 6] Step 1600/1945 - loss: 0.7870
2025-11-10 16:57:17 - INFO - [Epoch 6] Step 1700/1945 - loss: 0.7833
2025-11-10 16:57:30 - INFO - [Epoch 6] Step 1800/1945 - loss: 0.7798
2025-11-10 16:57:43 - INFO - [Epoch 6] Step 1900/1945 - loss: 0.7754
2025-11-10 16:57:49 - INFO - [Epoch 6] Step 1945/1945 - loss: 0.7753
2025-11-10 16:58:09 - INFO - [Epoch 6] Top misclassified classes: 3: 65/137 (acc=0.526), 7: 35/137 (acc=0.745), 14: 14/137 (acc=0.898), 4: 8/137 (acc=0.942), 6: 6/137 (acc=0.956), 11: 4/138 (acc=0.971), 13: 4/137 (acc=0.971), 10: 3/137 (acc=0.978), 1: 2/138 (acc=0.986), 15: 2/137 (acc=0.985)
2025-11-10 16:58:11 - INFO - Epoch 6/20 - train_loss: 0.7753 - val_loss: 0.5035 - f1: 0.9373
2025-11-10 16:58:25 - INFO - [Epoch 7] Step 100/1945 - loss: 0.7315
2025-11-10 16:58:37 - INFO - [Epoch 7] Step 200/1945 - loss: 0.7100
2025-11-10 16:58:50 - INFO - [Epoch 7] Step 300/1945 - loss: 0.7351
2025-11-10 16:59:02 - INFO - [Epoch 7] Step 400/1945 - loss: 0.7435
2025-11-10 16:59:15 - INFO - [Epoch 7] Step 500/1945 - loss: 0.7429
2025-11-10 16:59:28 - INFO - [Epoch 7] Step 600/1945 - loss: 0.7447
2025-11-10 16:59:41 - INFO - [Epoch 7] Step 700/1945 - loss: 0.7528
2025-11-10 16:59:53 - INFO - [Epoch 7] Step 800/1945 - loss: 0.7473
2025-11-10 17:00:06 - INFO - [Epoch 7] Step 900/1945 - loss: 0.7465
2025-11-10 17:00:19 - INFO - [Epoch 7] Step 1000/1945 - loss: 0.7408
2025-11-10 17:00:31 - INFO - [Epoch 7] Step 1100/1945 - loss: 0.7452
2025-11-10 17:00:44 - INFO - [Epoch 7] Step 1200/1945 - loss: 0.7449
2025-11-10 17:00:57 - INFO - [Epoch 7] Step 1300/1945 - loss: 0.7419
2025-11-10 17:01:10 - INFO - [Epoch 7] Step 1400/1945 - loss: 0.7413
2025-11-10 17:01:22 - INFO - [Epoch 7] Step 1500/1945 - loss: 0.7409
2025-11-10 17:01:35 - INFO - [Epoch 7] Step 1600/1945 - loss: 0.7431
2025-11-10 17:01:48 - INFO - [Epoch 7] Step 1700/1945 - loss: 0.7381
2025-11-10 17:02:00 - INFO - [Epoch 7] Step 1800/1945 - loss: 0.7369
2025-11-10 17:02:13 - INFO - [Epoch 7] Step 1900/1945 - loss: 0.7355
2025-11-10 17:02:19 - INFO - [Epoch 7] Step 1945/1945 - loss: 0.7351
2025-11-10 17:02:40 - INFO - [Epoch 7] Top misclassified classes: 7: 61/137 (acc=0.555), 3: 19/137 (acc=0.861), 14: 15/137 (acc=0.891), 4: 9/137 (acc=0.934), 6: 5/137 (acc=0.964), 10: 4/137 (acc=0.971), 13: 3/137 (acc=0.978), 1: 2/138 (acc=0.986), 11: 2/138 (acc=0.986), 12: 2/138 (acc=0.986)
2025-11-10 17:02:41 - INFO - Epoch 7/20 - train_loss: 0.7351 - val_loss: 0.4816 - f1: 0.9455
2025-11-10 17:02:54 - INFO - [Epoch 8] Step 100/1945 - loss: 0.6883
2025-11-10 17:03:07 - INFO - [Epoch 8] Step 200/1945 - loss: 0.7102
2025-11-10 17:03:20 - INFO - [Epoch 8] Step 300/1945 - loss: 0.7193
2025-11-10 17:03:33 - INFO - [Epoch 8] Step 400/1945 - loss: 0.7081
2025-11-10 17:03:45 - INFO - [Epoch 8] Step 500/1945 - loss: 0.6920
2025-11-10 17:03:58 - INFO - [Epoch 8] Step 600/1945 - loss: 0.6932
2025-11-10 17:04:10 - INFO - [Epoch 8] Step 700/1945 - loss: 0.6929
2025-11-10 17:04:23 - INFO - [Epoch 8] Step 800/1945 - loss: 0.6946
2025-11-10 17:04:35 - INFO - [Epoch 8] Step 900/1945 - loss: 0.7066
2025-11-10 17:04:48 - INFO - [Epoch 8] Step 1000/1945 - loss: 0.7096
2025-11-10 17:05:00 - INFO - [Epoch 8] Step 1100/1945 - loss: 0.7076
2025-11-10 17:05:13 - INFO - [Epoch 8] Step 1200/1945 - loss: 0.7053
2025-11-10 17:05:26 - INFO - [Epoch 8] Step 1300/1945 - loss: 0.7063
2025-11-10 17:05:38 - INFO - [Epoch 8] Step 1400/1945 - loss: 0.7079
2025-11-10 17:05:51 - INFO - [Epoch 8] Step 1500/1945 - loss: 0.7044
2025-11-10 17:06:04 - INFO - [Epoch 8] Step 1600/1945 - loss: 0.7037
2025-11-10 17:06:16 - INFO - [Epoch 8] Step 1700/1945 - loss: 0.7051
2025-11-10 17:06:29 - INFO - [Epoch 8] Step 1800/1945 - loss: 0.7054
2025-11-10 17:06:42 - INFO - [Epoch 8] Step 1900/1945 - loss: 0.7065
2025-11-10 17:06:47 - INFO - [Epoch 8] Step 1945/1945 - loss: 0.7037
2025-11-10 17:07:08 - INFO - [Epoch 8] Top misclassified classes: 7: 52/137 (acc=0.620), 14: 16/137 (acc=0.883), 3: 12/137 (acc=0.912), 4: 10/137 (acc=0.927), 6: 7/137 (acc=0.949), 10: 4/137 (acc=0.971), 13: 3/137 (acc=0.978), 11: 2/138 (acc=0.986), 12: 2/138 (acc=0.986), 1: 1/138 (acc=0.993)
2025-11-10 17:07:09 - INFO - Epoch 8/20 - train_loss: 0.7037 - val_loss: 0.4678 - f1: 0.9514
2025-11-10 17:07:23 - INFO - [Epoch 9] Step 100/1945 - loss: 0.6504
2025-11-10 17:07:36 - INFO - [Epoch 9] Step 200/1945 - loss: 0.6725
2025-11-10 17:07:48 - INFO - [Epoch 9] Step 300/1945 - loss: 0.6383
2025-11-10 17:08:01 - INFO - [Epoch 9] Step 400/1945 - loss: 0.6380
2025-11-10 17:08:13 - INFO - [Epoch 9] Step 500/1945 - loss: 0.6393
2025-11-10 17:08:26 - INFO - [Epoch 9] Step 600/1945 - loss: 0.6454
2025-11-10 17:08:39 - INFO - [Epoch 9] Step 700/1945 - loss: 0.6511
2025-11-10 17:08:51 - INFO - [Epoch 9] Step 800/1945 - loss: 0.6550
2025-11-10 17:09:04 - INFO - [Epoch 9] Step 900/1945 - loss: 0.6541
2025-11-10 17:09:17 - INFO - [Epoch 9] Step 1000/1945 - loss: 0.6574
2025-11-10 17:09:30 - INFO - [Epoch 9] Step 1100/1945 - loss: 0.6591
2025-11-10 17:09:43 - INFO - [Epoch 9] Step 1200/1945 - loss: 0.6573
2025-11-10 17:09:56 - INFO - [Epoch 9] Step 1300/1945 - loss: 0.6545
2025-11-10 17:10:09 - INFO - [Epoch 9] Step 1400/1945 - loss: 0.6550
2025-11-10 17:10:21 - INFO - [Epoch 9] Step 1500/1945 - loss: 0.6533
2025-11-10 17:10:34 - INFO - [Epoch 9] Step 1600/1945 - loss: 0.6508
2025-11-10 17:10:46 - INFO - [Epoch 9] Step 1700/1945 - loss: 0.6483
2025-11-10 17:10:59 - INFO - [Epoch 9] Step 1800/1945 - loss: 0.6496
2025-11-10 17:11:12 - INFO - [Epoch 9] Step 1900/1945 - loss: 0.6493
2025-11-10 17:11:18 - INFO - [Epoch 9] Step 1945/1945 - loss: 0.6500
2025-11-10 17:11:38 - INFO - [Epoch 9] Top misclassified classes: 7: 36/137 (acc=0.737), 3: 22/137 (acc=0.839), 14: 11/137 (acc=0.920), 6: 7/137 (acc=0.949), 10: 7/137 (acc=0.949), 11: 5/138 (acc=0.964), 4: 5/137 (acc=0.964), 1: 4/138 (acc=0.971), 9: 1/138 (acc=0.993), 12: 1/138 (acc=0.993)
2025-11-10 17:11:39 - INFO - Epoch 9/20 - train_loss: 0.6500 - val_loss: 0.4607 - f1: 0.9576
2025-11-10 17:11:53 - INFO - [Epoch 10] Step 100/1945 - loss: 0.5813
2025-11-10 17:12:06 - INFO - [Epoch 10] Step 200/1945 - loss: 0.6239
2025-11-10 17:12:19 - INFO - [Epoch 10] Step 300/1945 - loss: 0.6075
2025-11-10 17:12:31 - INFO - [Epoch 10] Step 400/1945 - loss: 0.6186
2025-11-10 17:12:44 - INFO - [Epoch 10] Step 500/1945 - loss: 0.6202
2025-11-10 17:12:57 - INFO - [Epoch 10] Step 600/1945 - loss: 0.6176
2025-11-10 17:13:09 - INFO - [Epoch 10] Step 700/1945 - loss: 0.6122
2025-11-10 17:13:22 - INFO - [Epoch 10] Step 800/1945 - loss: 0.6127
2025-11-10 17:13:35 - INFO - [Epoch 10] Step 900/1945 - loss: 0.6120
2025-11-10 17:13:47 - INFO - [Epoch 10] Step 1000/1945 - loss: 0.6151
2025-11-10 17:14:00 - INFO - [Epoch 10] Step 1100/1945 - loss: 0.6173
2025-11-10 17:14:13 - INFO - [Epoch 10] Step 1200/1945 - loss: 0.6184
2025-11-10 17:14:25 - INFO - [Epoch 10] Step 1300/1945 - loss: 0.6206
2025-11-10 17:14:38 - INFO - [Epoch 10] Step 1400/1945 - loss: 0.6193
2025-11-10 17:14:51 - INFO - [Epoch 10] Step 1500/1945 - loss: 0.6183
2025-11-10 17:15:04 - INFO - [Epoch 10] Step 1600/1945 - loss: 0.6163
2025-11-10 17:15:16 - INFO - [Epoch 10] Step 1700/1945 - loss: 0.6185
2025-11-10 17:15:29 - INFO - [Epoch 10] Step 1800/1945 - loss: 0.6212
2025-11-10 17:15:41 - INFO - [Epoch 10] Step 1900/1945 - loss: 0.6207
2025-11-10 17:15:47 - INFO - [Epoch 10] Step 1945/1945 - loss: 0.6199
2025-11-10 17:16:08 - INFO - [Epoch 10] Top misclassified classes: 3: 29/137 (acc=0.788), 7: 27/137 (acc=0.803), 14: 11/137 (acc=0.920), 6: 4/137 (acc=0.971), 1: 2/138 (acc=0.986), 12: 2/138 (acc=0.986), 9: 1/138 (acc=0.993), 11: 1/138 (acc=0.993), 4: 1/137 (acc=0.993), 10: 1/137 (acc=0.993)
2025-11-10 17:16:09 - INFO - Epoch 10/20 - train_loss: 0.6199 - val_loss: 0.4312 - f1: 0.9652
2025-11-10 17:16:23 - INFO - [Epoch 11] Step 100/1945 - loss: 0.6005
2025-11-10 17:16:35 - INFO - [Epoch 11] Step 200/1945 - loss: 0.5874
2025-11-10 17:16:48 - INFO - [Epoch 11] Step 300/1945 - loss: 0.6074
2025-11-10 17:17:01 - INFO - [Epoch 11] Step 400/1945 - loss: 0.6004
2025-11-10 17:17:13 - INFO - [Epoch 11] Step 500/1945 - loss: 0.5925
2025-11-10 17:17:26 - INFO - [Epoch 11] Step 600/1945 - loss: 0.5930
2025-11-10 17:17:39 - INFO - [Epoch 11] Step 700/1945 - loss: 0.6002
2025-11-10 17:17:52 - INFO - [Epoch 11] Step 800/1945 - loss: 0.6048
2025-11-10 17:18:05 - INFO - [Epoch 11] Step 900/1945 - loss: 0.6057
2025-11-10 17:18:17 - INFO - [Epoch 11] Step 1000/1945 - loss: 0.6019
2025-11-10 17:18:30 - INFO - [Epoch 11] Step 1100/1945 - loss: 0.6001
2025-11-10 17:18:43 - INFO - [Epoch 11] Step 1200/1945 - loss: 0.5989
2025-11-10 17:18:56 - INFO - [Epoch 11] Step 1300/1945 - loss: 0.5958
2025-11-10 17:19:09 - INFO - [Epoch 11] Step 1400/1945 - loss: 0.5970
2025-11-10 17:19:21 - INFO - [Epoch 11] Step 1500/1945 - loss: 0.5955
2025-11-10 17:19:34 - INFO - [Epoch 11] Step 1600/1945 - loss: 0.5943
2025-11-10 17:19:47 - INFO - [Epoch 11] Step 1700/1945 - loss: 0.5983
2025-11-10 17:20:00 - INFO - [Epoch 11] Step 1800/1945 - loss: 0.5999
2025-11-10 17:20:12 - INFO - [Epoch 11] Step 1900/1945 - loss: 0.6007
2025-11-10 17:20:18 - INFO - [Epoch 11] Step 1945/1945 - loss: 0.6016
2025-11-10 17:20:39 - INFO - [Epoch 11] Top misclassified classes: 14: 22/137 (acc=0.839), 3: 20/137 (acc=0.854), 7: 19/137 (acc=0.861), 4: 5/137 (acc=0.964), 10: 4/137 (acc=0.971), 11: 2/138 (acc=0.986), 6: 2/137 (acc=0.985), 9: 1/138 (acc=0.993), 12: 1/138 (acc=0.993), 13: 1/137 (acc=0.993)
2025-11-10 17:20:40 - INFO - Epoch 11/20 - train_loss: 0.6016 - val_loss: 0.4220 - f1: 0.9671
2025-11-10 17:20:54 - INFO - [Epoch 12] Step 100/1945 - loss: 0.5940
2025-11-10 17:21:07 - INFO - [Epoch 12] Step 200/1945 - loss: 0.5850
2025-11-10 17:21:19 - INFO - [Epoch 12] Step 300/1945 - loss: 0.5933
2025-11-10 17:21:32 - INFO - [Epoch 12] Step 400/1945 - loss: 0.5933
2025-11-10 17:21:45 - INFO - [Epoch 12] Step 500/1945 - loss: 0.5825
2025-11-10 17:21:57 - INFO - [Epoch 12] Step 600/1945 - loss: 0.5866
2025-11-10 17:22:10 - INFO - [Epoch 12] Step 700/1945 - loss: 0.5878
2025-11-10 17:22:22 - INFO - [Epoch 12] Step 800/1945 - loss: 0.5946
2025-11-10 17:22:35 - INFO - [Epoch 12] Step 900/1945 - loss: 0.5961
2025-11-10 17:22:48 - INFO - [Epoch 12] Step 1000/1945 - loss: 0.5923
2025-11-10 17:23:00 - INFO - [Epoch 12] Step 1100/1945 - loss: 0.5922
2025-11-10 17:23:13 - INFO - [Epoch 12] Step 1200/1945 - loss: 0.5929
2025-11-10 17:23:26 - INFO - [Epoch 12] Step 1300/1945 - loss: 0.5931
2025-11-10 17:23:39 - INFO - [Epoch 12] Step 1400/1945 - loss: 0.5929
2025-11-10 17:23:51 - INFO - [Epoch 12] Step 1500/1945 - loss: 0.5925
2025-11-10 17:24:04 - INFO - [Epoch 12] Step 1600/1945 - loss: 0.5919
2025-11-10 17:24:17 - INFO - [Epoch 12] Step 1700/1945 - loss: 0.5890
2025-11-10 17:24:29 - INFO - [Epoch 12] Step 1800/1945 - loss: 0.5873
2025-11-10 17:24:42 - INFO - [Epoch 12] Step 1900/1945 - loss: 0.5858
2025-11-10 17:24:48 - INFO - [Epoch 12] Step 1945/1945 - loss: 0.5855
2025-11-10 17:25:08 - INFO - [Epoch 12] Top misclassified classes: 7: 29/137 (acc=0.788), 4: 8/137 (acc=0.942), 3: 7/137 (acc=0.949), 14: 4/137 (acc=0.971), 6: 3/137 (acc=0.978), 10: 3/137 (acc=0.978), 12: 2/138 (acc=0.986), 9: 1/138 (acc=0.993), 11: 1/138 (acc=0.993), 15: 1/137 (acc=0.993)
2025-11-10 17:25:10 - INFO - Epoch 12/20 - train_loss: 0.5855 - val_loss: 0.4136 - f1: 0.9746
2025-11-10 17:25:24 - INFO - [Epoch 13] Step 100/1945 - loss: 0.5347
2025-11-10 17:25:36 - INFO - [Epoch 13] Step 200/1945 - loss: 0.5364
2025-11-10 17:25:49 - INFO - [Epoch 13] Step 300/1945 - loss: 0.5381
2025-11-10 17:26:02 - INFO - [Epoch 13] Step 400/1945 - loss: 0.5519
2025-11-10 17:26:15 - INFO - [Epoch 13] Step 500/1945 - loss: 0.5548
2025-11-10 17:26:27 - INFO - [Epoch 13] Step 600/1945 - loss: 0.5593
2025-11-10 17:26:40 - INFO - [Epoch 13] Step 700/1945 - loss: 0.5634
2025-11-10 17:26:52 - INFO - [Epoch 13] Step 800/1945 - loss: 0.5583
2025-11-10 17:27:05 - INFO - [Epoch 13] Step 900/1945 - loss: 0.5523
2025-11-10 17:27:17 - INFO - [Epoch 13] Step 1000/1945 - loss: 0.5529
2025-11-10 17:27:30 - INFO - [Epoch 13] Step 1100/1945 - loss: 0.5548
2025-11-10 17:27:43 - INFO - [Epoch 13] Step 1200/1945 - loss: 0.5547
2025-11-10 17:27:55 - INFO - [Epoch 13] Step 1300/1945 - loss: 0.5502
2025-11-10 17:28:08 - INFO - [Epoch 13] Step 1400/1945 - loss: 0.5514
2025-11-10 17:28:21 - INFO - [Epoch 13] Step 1500/1945 - loss: 0.5548
2025-11-10 17:28:33 - INFO - [Epoch 13] Step 1600/1945 - loss: 0.5554
2025-11-10 17:28:46 - INFO - [Epoch 13] Step 1700/1945 - loss: 0.5541
2025-11-10 17:28:59 - INFO - [Epoch 13] Step 1800/1945 - loss: 0.5541
2025-11-10 17:29:12 - INFO - [Epoch 13] Step 1900/1945 - loss: 0.5531
2025-11-10 17:29:18 - INFO - [Epoch 13] Step 1945/1945 - loss: 0.5539
2025-11-10 17:29:38 - INFO - [Epoch 13] Top misclassified classes: 3: 21/137 (acc=0.847), 7: 13/137 (acc=0.905), 4: 4/137 (acc=0.971), 10: 4/137 (acc=0.971), 14: 3/137 (acc=0.978), 12: 2/138 (acc=0.986), 6: 2/137 (acc=0.985), 9: 1/138 (acc=0.993), 11: 1/138 (acc=0.993), 1: 0/138 (acc=1.000)
2025-11-10 17:29:40 - INFO - Epoch 13/20 - train_loss: 0.5539 - val_loss: 0.4016 - f1: 0.9780
2025-11-10 17:29:53 - INFO - [Epoch 14] Step 100/1945 - loss: 0.5296
2025-11-10 17:30:06 - INFO - [Epoch 14] Step 200/1945 - loss: 0.5101
2025-11-10 17:30:18 - INFO - [Epoch 14] Step 300/1945 - loss: 0.5150
2025-11-10 17:30:31 - INFO - [Epoch 14] Step 400/1945 - loss: 0.5287
2025-11-10 17:30:43 - INFO - [Epoch 14] Step 500/1945 - loss: 0.5275
2025-11-10 17:30:56 - INFO - [Epoch 14] Step 600/1945 - loss: 0.5307
2025-11-10 17:31:09 - INFO - [Epoch 14] Step 700/1945 - loss: 0.5333
2025-11-10 17:31:21 - INFO - [Epoch 14] Step 800/1945 - loss: 0.5378
2025-11-10 17:31:34 - INFO - [Epoch 14] Step 900/1945 - loss: 0.5384
2025-11-10 17:31:47 - INFO - [Epoch 14] Step 1000/1945 - loss: 0.5352
2025-11-10 17:31:59 - INFO - [Epoch 14] Step 1100/1945 - loss: 0.5389
2025-11-10 17:32:12 - INFO - [Epoch 14] Step 1200/1945 - loss: 0.5364
2025-11-10 17:32:25 - INFO - [Epoch 14] Step 1300/1945 - loss: 0.5364
2025-11-10 17:32:38 - INFO - [Epoch 14] Step 1400/1945 - loss: 0.5318
2025-11-10 17:32:50 - INFO - [Epoch 14] Step 1500/1945 - loss: 0.5331
2025-11-10 17:33:03 - INFO - [Epoch 14] Step 1600/1945 - loss: 0.5306
2025-11-10 17:33:15 - INFO - [Epoch 14] Step 1700/1945 - loss: 0.5284
2025-11-10 17:33:28 - INFO - [Epoch 14] Step 1800/1945 - loss: 0.5309
2025-11-10 17:33:41 - INFO - [Epoch 14] Step 1900/1945 - loss: 0.5305
2025-11-10 17:33:47 - INFO - [Epoch 14] Step 1945/1945 - loss: 0.5307
2025-11-10 17:34:07 - INFO - [Epoch 14] Top misclassified classes: 7: 20/137 (acc=0.854), 3: 19/137 (acc=0.861), 14: 7/137 (acc=0.949), 6: 3/137 (acc=0.978), 10: 2/137 (acc=0.985), 9: 1/138 (acc=0.993), 12: 1/138 (acc=0.993), 0: 1/137 (acc=0.993), 1: 0/138 (acc=1.000), 5: 0/138 (acc=1.000)
2025-11-10 17:34:08 - INFO - Epoch 14/20 - train_loss: 0.5307 - val_loss: 0.3955 - f1: 0.9766
2025-11-10 17:34:21 - INFO - [Epoch 15] Step 100/1945 - loss: 0.4884
2025-11-10 17:34:34 - INFO - [Epoch 15] Step 200/1945 - loss: 0.5092
2025-11-10 17:34:46 - INFO - [Epoch 15] Step 300/1945 - loss: 0.5340
2025-11-10 17:34:59 - INFO - [Epoch 15] Step 400/1945 - loss: 0.5362
2025-11-10 17:35:11 - INFO - [Epoch 15] Step 500/1945 - loss: 0.5271
2025-11-10 17:35:24 - INFO - [Epoch 15] Step 600/1945 - loss: 0.5231
2025-11-10 17:35:36 - INFO - [Epoch 15] Step 700/1945 - loss: 0.5297
2025-11-10 17:35:49 - INFO - [Epoch 15] Step 800/1945 - loss: 0.5287
2025-11-10 17:36:02 - INFO - [Epoch 15] Step 900/1945 - loss: 0.5229
2025-11-10 17:36:15 - INFO - [Epoch 15] Step 1000/1945 - loss: 0.5259
2025-11-10 17:36:28 - INFO - [Epoch 15] Step 1100/1945 - loss: 0.5268
2025-11-10 17:36:40 - INFO - [Epoch 15] Step 1200/1945 - loss: 0.5246
2025-11-10 17:36:53 - INFO - [Epoch 15] Step 1300/1945 - loss: 0.5233
2025-11-10 17:37:06 - INFO - [Epoch 15] Step 1400/1945 - loss: 0.5196
2025-11-10 17:37:18 - INFO - [Epoch 15] Step 1500/1945 - loss: 0.5193
2025-11-10 17:37:31 - INFO - [Epoch 15] Step 1600/1945 - loss: 0.5157
2025-11-10 17:37:44 - INFO - [Epoch 15] Step 1700/1945 - loss: 0.5166
2025-11-10 17:37:56 - INFO - [Epoch 15] Step 1800/1945 - loss: 0.5170
2025-11-10 17:38:09 - INFO - [Epoch 15] Step 1900/1945 - loss: 0.5177
2025-11-10 17:38:15 - INFO - [Epoch 15] Step 1945/1945 - loss: 0.5178
2025-11-10 17:38:35 - INFO - [Epoch 15] Top misclassified classes: 3: 12/137 (acc=0.912), 7: 12/137 (acc=0.912), 4: 4/137 (acc=0.971), 6: 4/137 (acc=0.971), 14: 2/137 (acc=0.985), 1: 1/138 (acc=0.993), 9: 1/138 (acc=0.993), 12: 1/138 (acc=0.993), 10: 1/137 (acc=0.993), 5: 0/138 (acc=1.000)
2025-11-10 17:38:37 - INFO - Epoch 15/20 - train_loss: 0.5178 - val_loss: 0.3842 - f1: 0.9837
2025-11-10 17:38:51 - INFO - [Epoch 16] Step 100/1945 - loss: 0.5000
2025-11-10 17:39:03 - INFO - [Epoch 16] Step 200/1945 - loss: 0.4942
2025-11-10 17:39:16 - INFO - [Epoch 16] Step 300/1945 - loss: 0.4962
2025-11-10 17:39:29 - INFO - [Epoch 16] Step 400/1945 - loss: 0.4949
2025-11-10 17:39:42 - INFO - [Epoch 16] Step 500/1945 - loss: 0.4999
2025-11-10 17:39:54 - INFO - [Epoch 16] Step 600/1945 - loss: 0.5007
2025-11-10 17:40:07 - INFO - [Epoch 16] Step 700/1945 - loss: 0.5017
2025-11-10 17:40:20 - INFO - [Epoch 16] Step 800/1945 - loss: 0.5019
2025-11-10 17:40:33 - INFO - [Epoch 16] Step 900/1945 - loss: 0.5063
2025-11-10 17:40:45 - INFO - [Epoch 16] Step 1000/1945 - loss: 0.5060
2025-11-10 17:40:58 - INFO - [Epoch 16] Step 1100/1945 - loss: 0.5036
2025-11-10 17:41:11 - INFO - [Epoch 16] Step 1200/1945 - loss: 0.5025
2025-11-10 17:41:24 - INFO - [Epoch 16] Step 1300/1945 - loss: 0.4982
2025-11-10 17:41:36 - INFO - [Epoch 16] Step 1400/1945 - loss: 0.4990
2025-11-10 17:41:49 - INFO - [Epoch 16] Step 1500/1945 - loss: 0.5001
2025-11-10 17:42:02 - INFO - [Epoch 16] Step 1600/1945 - loss: 0.4997
2025-11-10 17:42:15 - INFO - [Epoch 16] Step 1700/1945 - loss: 0.5000
2025-11-10 17:42:27 - INFO - [Epoch 16] Step 1800/1945 - loss: 0.4992
2025-11-10 17:42:40 - INFO - [Epoch 16] Step 1900/1945 - loss: 0.4995
2025-11-10 17:42:45 - INFO - [Epoch 16] Step 1945/1945 - loss: 0.4986
2025-11-10 17:43:06 - INFO - [Epoch 16] Top misclassified classes: 7: 12/137 (acc=0.912), 3: 11/137 (acc=0.920), 4: 5/137 (acc=0.964), 6: 3/137 (acc=0.978), 10: 3/137 (acc=0.978), 14: 3/137 (acc=0.978), 9: 1/138 (acc=0.993), 12: 1/138 (acc=0.993), 1: 0/138 (acc=1.000), 5: 0/138 (acc=1.000)
2025-11-10 17:43:07 - INFO - Epoch 16/20 - train_loss: 0.4986 - val_loss: 0.3766 - f1: 0.9833
2025-11-10 17:43:20 - INFO - [Epoch 17] Step 100/1945 - loss: 0.4798
2025-11-10 17:43:33 - INFO - [Epoch 17] Step 200/1945 - loss: 0.4910
2025-11-10 17:43:46 - INFO - [Epoch 17] Step 300/1945 - loss: 0.4898
2025-11-10 17:43:58 - INFO - [Epoch 17] Step 400/1945 - loss: 0.4776
2025-11-10 17:44:11 - INFO - [Epoch 17] Step 500/1945 - loss: 0.4768
2025-11-10 17:44:24 - INFO - [Epoch 17] Step 600/1945 - loss: 0.4847
2025-11-10 17:44:36 - INFO - [Epoch 17] Step 700/1945 - loss: 0.4884
2025-11-10 17:44:49 - INFO - [Epoch 17] Step 800/1945 - loss: 0.4910
2025-11-10 17:45:02 - INFO - [Epoch 17] Step 900/1945 - loss: 0.4915
2025-11-10 17:45:14 - INFO - [Epoch 17] Step 1000/1945 - loss: 0.4899
2025-11-10 17:45:27 - INFO - [Epoch 17] Step 1100/1945 - loss: 0.4869
2025-11-10 17:45:40 - INFO - [Epoch 17] Step 1200/1945 - loss: 0.4891
2025-11-10 17:45:53 - INFO - [Epoch 17] Step 1300/1945 - loss: 0.4891
2025-11-10 17:46:05 - INFO - [Epoch 17] Step 1400/1945 - loss: 0.4884
2025-11-10 17:46:18 - INFO - [Epoch 17] Step 1500/1945 - loss: 0.4857
2025-11-10 17:46:31 - INFO - [Epoch 17] Step 1600/1945 - loss: 0.4838
2025-11-10 17:46:44 - INFO - [Epoch 17] Step 1700/1945 - loss: 0.4874
2025-11-10 17:46:56 - INFO - [Epoch 17] Step 1800/1945 - loss: 0.4857
2025-11-10 17:47:09 - INFO - [Epoch 17] Step 1900/1945 - loss: 0.4825
2025-11-10 17:47:15 - INFO - [Epoch 17] Step 1945/1945 - loss: 0.4835
2025-11-10 17:47:35 - INFO - [Epoch 17] Top misclassified classes: 7: 23/137 (acc=0.832), 14: 5/137 (acc=0.964), 10: 4/137 (acc=0.971), 3: 3/137 (acc=0.978), 4: 2/137 (acc=0.985), 9: 1/138 (acc=0.993), 6: 1/137 (acc=0.993), 1: 0/138 (acc=1.000), 5: 0/138 (acc=1.000), 11: 0/138 (acc=1.000)
2025-11-10 17:47:36 - INFO - Epoch 17/20 - train_loss: 0.4835 - val_loss: 0.3798 - f1: 0.9832
2025-11-10 17:47:49 - INFO - [Epoch 18] Step 100/1945 - loss: 0.5159
2025-11-10 17:48:02 - INFO - [Epoch 18] Step 200/1945 - loss: 0.4842
2025-11-10 17:48:15 - INFO - [Epoch 18] Step 300/1945 - loss: 0.4693
2025-11-10 17:48:28 - INFO - [Epoch 18] Step 400/1945 - loss: 0.4733
2025-11-10 17:48:40 - INFO - [Epoch 18] Step 500/1945 - loss: 0.4794
2025-11-10 17:48:53 - INFO - [Epoch 18] Step 600/1945 - loss: 0.4795
2025-11-10 17:49:06 - INFO - [Epoch 18] Step 700/1945 - loss: 0.4814
2025-11-10 17:49:19 - INFO - [Epoch 18] Step 800/1945 - loss: 0.4879
2025-11-10 17:49:31 - INFO - [Epoch 18] Step 900/1945 - loss: 0.4862
2025-11-10 17:49:44 - INFO - [Epoch 18] Step 1000/1945 - loss: 0.4857
2025-11-10 17:49:57 - INFO - [Epoch 18] Step 1100/1945 - loss: 0.4860
2025-11-10 17:50:09 - INFO - [Epoch 18] Step 1200/1945 - loss: 0.4894
2025-11-10 17:50:22 - INFO - [Epoch 18] Step 1300/1945 - loss: 0.4897
2025-11-10 17:50:35 - INFO - [Epoch 18] Step 1400/1945 - loss: 0.4875
2025-11-10 17:50:48 - INFO - [Epoch 18] Step 1500/1945 - loss: 0.4865
2025-11-10 17:51:00 - INFO - [Epoch 18] Step 1600/1945 - loss: 0.4892
2025-11-10 17:51:13 - INFO - [Epoch 18] Step 1700/1945 - loss: 0.4879
2025-11-10 17:51:26 - INFO - [Epoch 18] Step 1800/1945 - loss: 0.4863
2025-11-10 17:51:39 - INFO - [Epoch 18] Step 1900/1945 - loss: 0.4862
2025-11-10 17:51:44 - INFO - [Epoch 18] Step 1945/1945 - loss: 0.4871
2025-11-10 17:52:05 - INFO - [Epoch 18] Top misclassified classes: 7: 12/137 (acc=0.912), 3: 4/137 (acc=0.971), 4: 3/137 (acc=0.978), 10: 3/137 (acc=0.978), 14: 3/137 (acc=0.978), 1: 1/138 (acc=0.993), 9: 1/138 (acc=0.993), 12: 1/138 (acc=0.993), 6: 1/137 (acc=0.993), 5: 0/138 (acc=1.000)
2025-11-10 17:52:06 - INFO - Epoch 18/20 - train_loss: 0.4871 - val_loss: 0.3670 - f1: 0.9875
2025-11-10 17:52:20 - INFO - [Epoch 19] Step 100/1945 - loss: 0.5252
2025-11-10 17:52:33 - INFO - [Epoch 19] Step 200/1945 - loss: 0.4912
2025-11-10 17:52:45 - INFO - [Epoch 19] Step 300/1945 - loss: 0.4880
2025-11-10 17:52:58 - INFO - [Epoch 19] Step 400/1945 - loss: 0.4969
2025-11-10 17:53:10 - INFO - [Epoch 19] Step 500/1945 - loss: 0.4948
2025-11-10 17:53:23 - INFO - [Epoch 19] Step 600/1945 - loss: 0.4921
2025-11-10 17:53:36 - INFO - [Epoch 19] Step 700/1945 - loss: 0.4884
2025-11-10 17:53:49 - INFO - [Epoch 19] Step 800/1945 - loss: 0.4897
2025-11-10 17:54:02 - INFO - [Epoch 19] Step 900/1945 - loss: 0.4872
2025-11-10 17:54:14 - INFO - [Epoch 19] Step 1000/1945 - loss: 0.4864
2025-11-10 17:54:27 - INFO - [Epoch 19] Step 1100/1945 - loss: 0.4845
2025-11-10 17:54:40 - INFO - [Epoch 19] Step 1200/1945 - loss: 0.4844
2025-11-10 17:54:52 - INFO - [Epoch 19] Step 1300/1945 - loss: 0.4837
2025-11-10 17:55:05 - INFO - [Epoch 19] Step 1400/1945 - loss: 0.4807
2025-11-10 17:55:18 - INFO - [Epoch 19] Step 1500/1945 - loss: 0.4798
2025-11-10 17:55:31 - INFO - [Epoch 19] Step 1600/1945 - loss: 0.4806
2025-11-10 17:55:43 - INFO - [Epoch 19] Step 1700/1945 - loss: 0.4811
2025-11-10 17:55:56 - INFO - [Epoch 19] Step 1800/1945 - loss: 0.4797
2025-11-10 17:56:09 - INFO - [Epoch 19] Step 1900/1945 - loss: 0.4792
2025-11-10 17:56:15 - INFO - [Epoch 19] Step 1945/1945 - loss: 0.4789
2025-11-10 17:56:35 - INFO - [Epoch 19] Top misclassified classes: 7: 13/137 (acc=0.905), 3: 6/137 (acc=0.956), 4: 4/137 (acc=0.971), 10: 3/137 (acc=0.978), 9: 1/138 (acc=0.993), 12: 1/138 (acc=0.993), 6: 1/137 (acc=0.993), 14: 1/137 (acc=0.993), 1: 0/138 (acc=1.000), 5: 0/138 (acc=1.000)
2025-11-10 17:56:35 - INFO - Epoch 19/20 - train_loss: 0.4789 - val_loss: 0.3665 - f1: 0.9871
2025-11-10 17:56:49 - INFO - [Epoch 20] Step 100/1945 - loss: 0.4805
2025-11-10 17:57:01 - INFO - [Epoch 20] Step 200/1945 - loss: 0.4907
2025-11-10 17:57:14 - INFO - [Epoch 20] Step 300/1945 - loss: 0.4889
2025-11-10 17:57:27 - INFO - [Epoch 20] Step 400/1945 - loss: 0.4908
2025-11-10 17:57:39 - INFO - [Epoch 20] Step 500/1945 - loss: 0.4866
2025-11-10 17:57:52 - INFO - [Epoch 20] Step 600/1945 - loss: 0.4835
2025-11-10 17:58:05 - INFO - [Epoch 20] Step 700/1945 - loss: 0.4829
2025-11-10 17:58:17 - INFO - [Epoch 20] Step 800/1945 - loss: 0.4842
2025-11-10 17:58:30 - INFO - [Epoch 20] Step 900/1945 - loss: 0.4833
2025-11-10 17:58:43 - INFO - [Epoch 20] Step 1000/1945 - loss: 0.4796
2025-11-10 17:58:56 - INFO - [Epoch 20] Step 1100/1945 - loss: 0.4804
2025-11-10 17:59:09 - INFO - [Epoch 20] Step 1200/1945 - loss: 0.4826
2025-11-10 17:59:21 - INFO - [Epoch 20] Step 1300/1945 - loss: 0.4812
2025-11-10 17:59:34 - INFO - [Epoch 20] Step 1400/1945 - loss: 0.4808
2025-11-10 17:59:46 - INFO - [Epoch 20] Step 1500/1945 - loss: 0.4795
2025-11-10 17:59:59 - INFO - [Epoch 20] Step 1600/1945 - loss: 0.4791
2025-11-10 18:00:12 - INFO - [Epoch 20] Step 1700/1945 - loss: 0.4805
2025-11-10 18:00:25 - INFO - [Epoch 20] Step 1800/1945 - loss: 0.4804
2025-11-10 18:00:37 - INFO - [Epoch 20] Step 1900/1945 - loss: 0.4814
2025-11-10 18:00:43 - INFO - [Epoch 20] Step 1945/1945 - loss: 0.4819
2025-11-10 18:01:04 - INFO - [Epoch 20] Top misclassified classes: 7: 13/137 (acc=0.905), 3: 5/137 (acc=0.964), 4: 4/137 (acc=0.971), 14: 3/137 (acc=0.978), 6: 2/137 (acc=0.985), 10: 2/137 (acc=0.985), 9: 1/138 (acc=0.993), 1: 0/138 (acc=1.000), 5: 0/138 (acc=1.000), 11: 0/138 (acc=1.000)
2025-11-10 18:01:04 - INFO - Epoch 20/20 - train_loss: 0.4819 - val_loss: 0.3652 - f1: 0.9871
2025-11-10 18:01:04 - INFO - Best epoch: 18 (0.9875)
2025-11-10 18:01:04 - INFO - Best f1: 0.9875
