2025-11-10 18:01:08 - INFO - Starting run: 20251110-180108_tf_efficientnet_b7_ns_448px_rot90_jitter_affine_rrc_mixup_only_ls0.05_cosine
2025-11-10 18:01:08 - INFO - Configuration:
{
  "experiment": {
    "name": "efficientnet_b7_offline_448",
    "seed": 2024,
    "deterministic": false
  },
  "paths": {
    "data_root": "data/processed/offline_aug",
    "train_csv": "data/processed/offline_aug/train_offline_aug.csv",
    "meta_csv": "data/raw/meta.csv",
    "image_dir": "data/processed/offline_aug/images",
    "test_dir": "data/raw/test",
    "output_root": "outputs"
  },
  "data": {
    "num_classes": 17,
    "input_size": 448,
    "mean": [
      0.485,
      0.456,
      0.406
    ],
    "std": [
      0.229,
      0.224,
      0.225
    ],
    "excluded_ids": [],
    "loader": {
      "batch_size": 6,
      "num_workers": 8,
      "pin_memory": true,
      "persistent_workers": true,
      "prefetch_factor": 3,
      "timeout": 120,
      "mp_context": "spawn"
    }
  },
  "split": {
    "n_splits": 6,
    "fold_index": 2,
    "seed": 2024,
    "predefined_split": "splits/fold_indices_offline.pkl"
  },
  "sampler": {
    "name": "weighted_random",
    "minority_classes": [
      1,
      13,
      14
    ],
    "weights_power": 0.85,
    "replacement": true
  },
  "augmentations": {
    "name": "rot90_jitter_affine_rrc",
    "use_reference_pipeline": true,
    "random_resized_crop_scale": [
      0.92,
      1.0
    ],
    "random_resized_crop_ratio": [
      0.85,
      1.15
    ],
    "random_rotate90": true,
    "random_rotate90_prob": 0.5,
    "max_rotate": 12,
    "rotate_prob": 1.0,
    "affine_scale": [
      0.9,
      1.1
    ],
    "affine_translate": [
      0.08,
      0.08
    ],
    "horizontal_flip": true,
    "horizontal_flip_prob": 0.5,
    "brightness_contrast": [
      0.12,
      0.12
    ],
    "color_jitter": {
      "p": 0.4,
      "brightness": 0.3,
      "contrast": 0.15,
      "saturation": 0.2,
      "hue": 0.02
    },
    "blur": {
      "p": 0.35,
      "blur_limit": [
        3,
        7
      ],
      "sigma_limit": [
        0.2,
        1.0
      ]
    }
  },
  "regularization": {
    "mixup_alpha": 0.1,
    "cutmix_alpha": 0.0,
    "tag": "mixup_only"
  },
  "model": {
    "name": "tf_efficientnet_b7_ns",
    "pretrained": true,
    "drop_rate": 0.4,
    "drop_path_rate": 0.2
  },
  "loss": {
    "name": "cross_entropy",
    "label_smoothing": 0.05
  },
  "optimizer": {
    "name": "adamw",
    "lr": 0.0002,
    "weight_decay": 0.02,
    "betas": [
      0.9,
      0.999
    ]
  },
  "scheduler": {
    "name": "cosine",
    "warmup_epochs": 2,
    "min_lr": 1e-06
  },
  "training": {
    "epochs": 20,
    "amp": true,
    "grad_clip_norm": 1.0,
    "save_best_metric": "f1",
    "validation_interval": 1,
    "early_stopping": {
      "patience": 3,
      "min_delta": 0.0005,
      "mode": "max"
    },
    "ema": {
      "enabled": false
    },
    "swa": {
      "enabled": false
    }
  },
  "logging": {
    "project": "document_type_classification",
    "log_interval": 100,
    "tensorboard": true
  },
  "submission": {
    "metric_name": "f1",
    "leaderboard_score": 0.0,
    "tta": {
      "enabled": true,
      "rotations": [
        0,
        90,
        180,
        270
      ],
      "jitter_degrees": 0,
      "horizontal_flip": true,
      "vertical_flip": false
    }
  },
  "performance": {
    "allow_tf32": true,
    "matmul_precision": "high",
    "cudnn_benchmark": true,
    "channels_last": true
  }
}
/opt/conda/lib/python3.10/site-packages/timm/models/_factory.py:117: UserWarning: Mapping deprecated model name tf_efficientnet_b7_ns to current tf_efficientnet_b7.ns_jft_in1k.
  model = create_fn(
2025-11-10 18:01:47 - INFO - [Epoch 1] Step 100/1945 - loss: 3.7275
2025-11-10 18:02:00 - INFO - [Epoch 1] Step 200/1945 - loss: 3.6860
2025-11-10 18:02:12 - INFO - [Epoch 1] Step 300/1945 - loss: 3.6764
2025-11-10 18:02:24 - INFO - [Epoch 1] Step 400/1945 - loss: 3.6845
2025-11-10 18:02:37 - INFO - [Epoch 1] Step 500/1945 - loss: 3.6580
2025-11-10 18:02:49 - INFO - [Epoch 1] Step 600/1945 - loss: 3.6436
2025-11-10 18:03:02 - INFO - [Epoch 1] Step 700/1945 - loss: 3.6368
2025-11-10 18:03:15 - INFO - [Epoch 1] Step 800/1945 - loss: 3.6268
2025-11-10 18:03:27 - INFO - [Epoch 1] Step 900/1945 - loss: 3.6195
2025-11-10 18:03:39 - INFO - [Epoch 1] Step 1000/1945 - loss: 3.6093
2025-11-10 18:03:51 - INFO - [Epoch 1] Step 1100/1945 - loss: 3.6038
2025-11-10 18:04:04 - INFO - [Epoch 1] Step 1200/1945 - loss: 3.6022
2025-11-10 18:04:16 - INFO - [Epoch 1] Step 1300/1945 - loss: 3.6005
2025-11-10 18:04:29 - INFO - [Epoch 1] Step 1400/1945 - loss: 3.5945
2025-11-10 18:04:41 - INFO - [Epoch 1] Step 1500/1945 - loss: 3.5909
2025-11-10 18:04:53 - INFO - [Epoch 1] Step 1600/1945 - loss: 3.5822
2025-11-10 18:05:05 - INFO - [Epoch 1] Step 1700/1945 - loss: 3.5710
2025-11-10 18:05:18 - INFO - [Epoch 1] Step 1800/1945 - loss: 3.5610
2025-11-10 18:05:30 - INFO - [Epoch 1] Step 1900/1945 - loss: 3.5505
2025-11-10 18:05:36 - INFO - [Epoch 1] Step 1945/1945 - loss: 3.5463
2025-11-10 18:06:18 - INFO - [Epoch 1] Top misclassified classes: 13: 137/138 (acc=0.007), 1: 136/137 (acc=0.007), 5: 136/137 (acc=0.007), 11: 136/137 (acc=0.007), 4: 134/137 (acc=0.022), 12: 133/137 (acc=0.029), 2: 132/138 (acc=0.043), 3: 132/138 (acc=0.043), 15: 130/138 (acc=0.058), 10: 129/138 (acc=0.065)
2025-11-10 18:06:20 - INFO - Epoch 1/20 - train_loss: 3.5463 - val_loss: 3.1048 - f1: 0.0727
2025-11-10 18:06:33 - INFO - [Epoch 2] Step 100/1945 - loss: 2.5328
2025-11-10 18:06:46 - INFO - [Epoch 2] Step 200/1945 - loss: 2.2012
2025-11-10 18:06:59 - INFO - [Epoch 2] Step 300/1945 - loss: 2.0316
2025-11-10 18:07:12 - INFO - [Epoch 2] Step 400/1945 - loss: 1.9068
2025-11-10 18:07:24 - INFO - [Epoch 2] Step 500/1945 - loss: 1.7857
2025-11-10 18:07:37 - INFO - [Epoch 2] Step 600/1945 - loss: 1.7219
2025-11-10 18:07:50 - INFO - [Epoch 2] Step 700/1945 - loss: 1.6625
2025-11-10 18:08:02 - INFO - [Epoch 2] Step 800/1945 - loss: 1.6174
2025-11-10 18:08:15 - INFO - [Epoch 2] Step 900/1945 - loss: 1.5671
2025-11-10 18:08:27 - INFO - [Epoch 2] Step 1000/1945 - loss: 1.5221
2025-11-10 18:08:40 - INFO - [Epoch 2] Step 1100/1945 - loss: 1.4884
2025-11-10 18:08:53 - INFO - [Epoch 2] Step 1200/1945 - loss: 1.4640
2025-11-10 18:09:06 - INFO - [Epoch 2] Step 1300/1945 - loss: 1.4339
2025-11-10 18:09:19 - INFO - [Epoch 2] Step 1400/1945 - loss: 1.4050
2025-11-10 18:09:31 - INFO - [Epoch 2] Step 1500/1945 - loss: 1.3839
2025-11-10 18:09:44 - INFO - [Epoch 2] Step 1600/1945 - loss: 1.3617
2025-11-10 18:09:57 - INFO - [Epoch 2] Step 1700/1945 - loss: 1.3415
2025-11-10 18:10:10 - INFO - [Epoch 2] Step 1800/1945 - loss: 1.3244
2025-11-10 18:10:22 - INFO - [Epoch 2] Step 1900/1945 - loss: 1.3058
2025-11-10 18:10:28 - INFO - [Epoch 2] Step 1945/1945 - loss: 1.2996
/opt/conda/lib/python3.10/site-packages/torch/optim/lr_scheduler.py:149: UserWarning: The epoch parameter in `scheduler.step()` was not necessary and is being deprecated where possible. Please use `scheduler.step()` to step the scheduler. During the deprecation, if epoch is different from None, the closed form is used instead of the new chainable form, where available. Please open an issue if you are unable to replicate your use case: https://github.com/pytorch/pytorch/issues/new/choose.
  warnings.warn(EPOCH_DEPRECATION_WARNING, UserWarning)
2025-11-10 18:10:48 - INFO - [Epoch 2] Top misclassified classes: 7: 77/137 (acc=0.438), 3: 66/138 (acc=0.522), 4: 59/137 (acc=0.569), 14: 38/137 (acc=0.723), 13: 21/138 (acc=0.848), 12: 19/137 (acc=0.861), 11: 13/137 (acc=0.905), 10: 3/138 (acc=0.978), 15: 2/138 (acc=0.986), 1: 2/137 (acc=0.985)
2025-11-10 18:10:50 - INFO - Epoch 2/20 - train_loss: 1.2996 - val_loss: 0.7008 - f1: 0.8699
2025-11-10 18:11:04 - INFO - [Epoch 3] Step 100/1945 - loss: 1.0985
2025-11-10 18:11:17 - INFO - [Epoch 3] Step 200/1945 - loss: 1.1385
2025-11-10 18:11:29 - INFO - [Epoch 3] Step 300/1945 - loss: 1.1234
2025-11-10 18:11:42 - INFO - [Epoch 3] Step 400/1945 - loss: 1.1167
2025-11-10 18:11:55 - INFO - [Epoch 3] Step 500/1945 - loss: 1.1105
2025-11-10 18:12:07 - INFO - [Epoch 3] Step 600/1945 - loss: 1.1133
2025-11-10 18:12:20 - INFO - [Epoch 3] Step 700/1945 - loss: 1.1086
2025-11-10 18:12:33 - INFO - [Epoch 3] Step 800/1945 - loss: 1.1037
2025-11-10 18:12:46 - INFO - [Epoch 3] Step 900/1945 - loss: 1.1034
2025-11-10 18:12:58 - INFO - [Epoch 3] Step 1000/1945 - loss: 1.0968
2025-11-10 18:13:11 - INFO - [Epoch 3] Step 1100/1945 - loss: 1.0932
2025-11-10 18:13:24 - INFO - [Epoch 3] Step 1200/1945 - loss: 1.0889
2025-11-10 18:13:36 - INFO - [Epoch 3] Step 1300/1945 - loss: 1.0818
2025-11-10 18:13:49 - INFO - [Epoch 3] Step 1400/1945 - loss: 1.0826
2025-11-10 18:14:02 - INFO - [Epoch 3] Step 1500/1945 - loss: 1.0790
2025-11-10 18:14:15 - INFO - [Epoch 3] Step 1600/1945 - loss: 1.0732
2025-11-10 18:14:27 - INFO - [Epoch 3] Step 1700/1945 - loss: 1.0715
2025-11-10 18:14:40 - INFO - [Epoch 3] Step 1800/1945 - loss: 1.0675
2025-11-10 18:14:53 - INFO - [Epoch 3] Step 1900/1945 - loss: 1.0651
2025-11-10 18:14:59 - INFO - [Epoch 3] Step 1945/1945 - loss: 1.0611
2025-11-10 18:15:19 - INFO - [Epoch 3] Top misclassified classes: 3: 77/138 (acc=0.442), 7: 65/137 (acc=0.526), 4: 43/137 (acc=0.686), 13: 19/138 (acc=0.862), 14: 10/137 (acc=0.927), 11: 8/137 (acc=0.942), 12: 8/137 (acc=0.942), 10: 5/138 (acc=0.964), 1: 4/137 (acc=0.971), 6: 2/138 (acc=0.986)
2025-11-10 18:15:20 - INFO - Epoch 3/20 - train_loss: 1.0611 - val_loss: 0.7043 - f1: 0.8948
2025-11-10 18:15:34 - INFO - [Epoch 4] Step 100/1945 - loss: 0.9700
2025-11-10 18:15:47 - INFO - [Epoch 4] Step 200/1945 - loss: 0.9594
2025-11-10 18:15:59 - INFO - [Epoch 4] Step 300/1945 - loss: 0.9628
2025-11-10 18:16:12 - INFO - [Epoch 4] Step 400/1945 - loss: 0.9472
2025-11-10 18:16:25 - INFO - [Epoch 4] Step 500/1945 - loss: 0.9363
2025-11-10 18:16:37 - INFO - [Epoch 4] Step 600/1945 - loss: 0.9522
2025-11-10 18:16:50 - INFO - [Epoch 4] Step 700/1945 - loss: 0.9476
2025-11-10 18:17:03 - INFO - [Epoch 4] Step 800/1945 - loss: 0.9383
2025-11-10 18:17:16 - INFO - [Epoch 4] Step 900/1945 - loss: 0.9376
2025-11-10 18:17:28 - INFO - [Epoch 4] Step 1000/1945 - loss: 0.9365
2025-11-10 18:17:41 - INFO - [Epoch 4] Step 1100/1945 - loss: 0.9310
2025-11-10 18:17:54 - INFO - [Epoch 4] Step 1200/1945 - loss: 0.9287
2025-11-10 18:18:07 - INFO - [Epoch 4] Step 1300/1945 - loss: 0.9258
2025-11-10 18:18:19 - INFO - [Epoch 4] Step 1400/1945 - loss: 0.9215
2025-11-10 18:18:32 - INFO - [Epoch 4] Step 1500/1945 - loss: 0.9199
2025-11-10 18:18:45 - INFO - [Epoch 4] Step 1600/1945 - loss: 0.9210
2025-11-10 18:18:57 - INFO - [Epoch 4] Step 1700/1945 - loss: 0.9241
2025-11-10 18:19:10 - INFO - [Epoch 4] Step 1800/1945 - loss: 0.9220
2025-11-10 18:19:23 - INFO - [Epoch 4] Step 1900/1945 - loss: 0.9212
2025-11-10 18:19:28 - INFO - [Epoch 4] Step 1945/1945 - loss: 0.9191
2025-11-10 18:19:49 - INFO - [Epoch 4] Top misclassified classes: 7: 80/137 (acc=0.416), 3: 36/138 (acc=0.739), 14: 28/137 (acc=0.796), 4: 22/137 (acc=0.839), 15: 6/138 (acc=0.957), 11: 6/137 (acc=0.956), 10: 5/138 (acc=0.964), 13: 5/138 (acc=0.964), 1: 3/137 (acc=0.978), 6: 1/138 (acc=0.993)
2025-11-10 18:19:50 - INFO - Epoch 4/20 - train_loss: 0.9191 - val_loss: 0.5719 - f1: 0.9149
2025-11-10 18:20:04 - INFO - [Epoch 5] Step 100/1945 - loss: 0.8968
2025-11-10 18:20:16 - INFO - [Epoch 5] Step 200/1945 - loss: 0.8720
2025-11-10 18:20:29 - INFO - [Epoch 5] Step 300/1945 - loss: 0.8622
2025-11-10 18:20:41 - INFO - [Epoch 5] Step 400/1945 - loss: 0.8650
2025-11-10 18:20:54 - INFO - [Epoch 5] Step 500/1945 - loss: 0.8677
2025-11-10 18:21:07 - INFO - [Epoch 5] Step 600/1945 - loss: 0.8691
2025-11-10 18:21:19 - INFO - [Epoch 5] Step 700/1945 - loss: 0.8633
2025-11-10 18:21:32 - INFO - [Epoch 5] Step 800/1945 - loss: 0.8588
2025-11-10 18:21:45 - INFO - [Epoch 5] Step 900/1945 - loss: 0.8539
2025-11-10 18:21:58 - INFO - [Epoch 5] Step 1000/1945 - loss: 0.8562
2025-11-10 18:22:10 - INFO - [Epoch 5] Step 1100/1945 - loss: 0.8538
2025-11-10 18:22:23 - INFO - [Epoch 5] Step 1200/1945 - loss: 0.8506
2025-11-10 18:22:36 - INFO - [Epoch 5] Step 1300/1945 - loss: 0.8502
2025-11-10 18:22:49 - INFO - [Epoch 5] Step 1400/1945 - loss: 0.8472
2025-11-10 18:23:01 - INFO - [Epoch 5] Step 1500/1945 - loss: 0.8456
2025-11-10 18:23:14 - INFO - [Epoch 5] Step 1600/1945 - loss: 0.8428
2025-11-10 18:23:27 - INFO - [Epoch 5] Step 1700/1945 - loss: 0.8410
2025-11-10 18:23:39 - INFO - [Epoch 5] Step 1800/1945 - loss: 0.8384
2025-11-10 18:23:52 - INFO - [Epoch 5] Step 1900/1945 - loss: 0.8388
2025-11-10 18:23:58 - INFO - [Epoch 5] Step 1945/1945 - loss: 0.8377
2025-11-10 18:24:18 - INFO - [Epoch 5] Top misclassified classes: 7: 74/137 (acc=0.460), 3: 40/138 (acc=0.710), 13: 15/138 (acc=0.891), 4: 14/137 (acc=0.898), 14: 14/137 (acc=0.898), 11: 6/137 (acc=0.956), 10: 3/138 (acc=0.978), 12: 3/137 (acc=0.978), 15: 1/138 (acc=0.993), 1: 1/137 (acc=0.993)
2025-11-10 18:24:19 - INFO - Epoch 5/20 - train_loss: 0.8377 - val_loss: 0.5477 - f1: 0.9246
2025-11-10 18:24:33 - INFO - [Epoch 6] Step 100/1945 - loss: 0.7847
2025-11-10 18:24:46 - INFO - [Epoch 6] Step 200/1945 - loss: 0.7974
2025-11-10 18:24:58 - INFO - [Epoch 6] Step 300/1945 - loss: 0.7807
2025-11-10 18:25:11 - INFO - [Epoch 6] Step 400/1945 - loss: 0.7780
2025-11-10 18:25:24 - INFO - [Epoch 6] Step 500/1945 - loss: 0.7889
2025-11-10 18:25:37 - INFO - [Epoch 6] Step 600/1945 - loss: 0.7887
2025-11-10 18:25:49 - INFO - [Epoch 6] Step 700/1945 - loss: 0.7921
2025-11-10 18:26:02 - INFO - [Epoch 6] Step 800/1945 - loss: 0.7856
2025-11-10 18:26:15 - INFO - [Epoch 6] Step 900/1945 - loss: 0.7793
2025-11-10 18:26:28 - INFO - [Epoch 6] Step 1000/1945 - loss: 0.7743
2025-11-10 18:26:40 - INFO - [Epoch 6] Step 1100/1945 - loss: 0.7818
2025-11-10 18:26:53 - INFO - [Epoch 6] Step 1200/1945 - loss: 0.7774
2025-11-10 18:27:06 - INFO - [Epoch 6] Step 1300/1945 - loss: 0.7759
2025-11-10 18:27:18 - INFO - [Epoch 6] Step 1400/1945 - loss: 0.7777
2025-11-10 18:27:31 - INFO - [Epoch 6] Step 1500/1945 - loss: 0.7770
2025-11-10 18:27:44 - INFO - [Epoch 6] Step 1600/1945 - loss: 0.7753
2025-11-10 18:27:57 - INFO - [Epoch 6] Step 1700/1945 - loss: 0.7727
2025-11-10 18:28:09 - INFO - [Epoch 6] Step 1800/1945 - loss: 0.7710
2025-11-10 18:28:22 - INFO - [Epoch 6] Step 1900/1945 - loss: 0.7680
2025-11-10 18:28:28 - INFO - [Epoch 6] Step 1945/1945 - loss: 0.7659
2025-11-10 18:28:48 - INFO - [Epoch 6] Top misclassified classes: 7: 53/137 (acc=0.613), 14: 26/137 (acc=0.810), 3: 24/138 (acc=0.826), 13: 6/138 (acc=0.957), 11: 3/137 (acc=0.978), 12: 3/137 (acc=0.978), 6: 2/138 (acc=0.986), 15: 2/138 (acc=0.986), 1: 2/137 (acc=0.985), 4: 2/137 (acc=0.985)
2025-11-10 18:28:49 - INFO - Epoch 6/20 - train_loss: 0.7659 - val_loss: 0.4880 - f1: 0.9464
2025-11-10 18:29:03 - INFO - [Epoch 7] Step 100/1945 - loss: 0.7819
2025-11-10 18:29:15 - INFO - [Epoch 7] Step 200/1945 - loss: 0.7621
2025-11-10 18:29:28 - INFO - [Epoch 7] Step 300/1945 - loss: 0.7680
2025-11-10 18:29:41 - INFO - [Epoch 7] Step 400/1945 - loss: 0.7597
2025-11-10 18:29:53 - INFO - [Epoch 7] Step 500/1945 - loss: 0.7561
2025-11-10 18:30:06 - INFO - [Epoch 7] Step 600/1945 - loss: 0.7617
2025-11-10 18:30:19 - INFO - [Epoch 7] Step 700/1945 - loss: 0.7512
2025-11-10 18:30:31 - INFO - [Epoch 7] Step 800/1945 - loss: 0.7506
2025-11-10 18:30:44 - INFO - [Epoch 7] Step 900/1945 - loss: 0.7418
2025-11-10 18:30:57 - INFO - [Epoch 7] Step 1000/1945 - loss: 0.7419
2025-11-10 18:31:10 - INFO - [Epoch 7] Step 1100/1945 - loss: 0.7422
2025-11-10 18:31:22 - INFO - [Epoch 7] Step 1200/1945 - loss: 0.7489
2025-11-10 18:31:35 - INFO - [Epoch 7] Step 1300/1945 - loss: 0.7452
2025-11-10 18:31:48 - INFO - [Epoch 7] Step 1400/1945 - loss: 0.7448
2025-11-10 18:32:00 - INFO - [Epoch 7] Step 1500/1945 - loss: 0.7412
2025-11-10 18:32:13 - INFO - [Epoch 7] Step 1600/1945 - loss: 0.7419
2025-11-10 18:32:26 - INFO - [Epoch 7] Step 1700/1945 - loss: 0.7402
2025-11-10 18:32:38 - INFO - [Epoch 7] Step 1800/1945 - loss: 0.7356
2025-11-10 18:32:51 - INFO - [Epoch 7] Step 1900/1945 - loss: 0.7326
2025-11-10 18:32:56 - INFO - [Epoch 7] Step 1945/1945 - loss: 0.7310
2025-11-10 18:33:17 - INFO - [Epoch 7] Top misclassified classes: 3: 47/138 (acc=0.659), 7: 32/137 (acc=0.766), 14: 10/137 (acc=0.927), 4: 5/137 (acc=0.964), 11: 5/137 (acc=0.964), 13: 3/138 (acc=0.978), 15: 2/138 (acc=0.986), 10: 1/138 (acc=0.993), 1: 1/137 (acc=0.993), 9: 1/137 (acc=0.993)
2025-11-10 18:33:18 - INFO - Epoch 7/20 - train_loss: 0.7310 - val_loss: 0.4659 - f1: 0.9532
2025-11-10 18:33:32 - INFO - [Epoch 8] Step 100/1945 - loss: 0.7218
2025-11-10 18:33:44 - INFO - [Epoch 8] Step 200/1945 - loss: 0.7191
2025-11-10 18:33:57 - INFO - [Epoch 8] Step 300/1945 - loss: 0.7360
2025-11-10 18:34:10 - INFO - [Epoch 8] Step 400/1945 - loss: 0.7244
2025-11-10 18:34:22 - INFO - [Epoch 8] Step 500/1945 - loss: 0.7122
2025-11-10 18:34:35 - INFO - [Epoch 8] Step 600/1945 - loss: 0.7060
2025-11-10 18:34:47 - INFO - [Epoch 8] Step 700/1945 - loss: 0.7043
2025-11-10 18:35:00 - INFO - [Epoch 8] Step 800/1945 - loss: 0.7029
2025-11-10 18:35:13 - INFO - [Epoch 8] Step 900/1945 - loss: 0.7132
2025-11-10 18:35:25 - INFO - [Epoch 8] Step 1000/1945 - loss: 0.7160
2025-11-10 18:35:38 - INFO - [Epoch 8] Step 1100/1945 - loss: 0.7075
2025-11-10 18:35:50 - INFO - [Epoch 8] Step 1200/1945 - loss: 0.7036
2025-11-10 18:36:03 - INFO - [Epoch 8] Step 1300/1945 - loss: 0.7069
2025-11-10 18:36:16 - INFO - [Epoch 8] Step 1400/1945 - loss: 0.7023
2025-11-10 18:36:28 - INFO - [Epoch 8] Step 1500/1945 - loss: 0.7006
2025-11-10 18:36:41 - INFO - [Epoch 8] Step 1600/1945 - loss: 0.7045
2025-11-10 18:36:54 - INFO - [Epoch 8] Step 1700/1945 - loss: 0.7005
2025-11-10 18:37:06 - INFO - [Epoch 8] Step 1800/1945 - loss: 0.6981
2025-11-10 18:37:19 - INFO - [Epoch 8] Step 1900/1945 - loss: 0.6961
2025-11-10 18:37:25 - INFO - [Epoch 8] Step 1945/1945 - loss: 0.6940
2025-11-10 18:37:45 - INFO - [Epoch 8] Top misclassified classes: 3: 28/138 (acc=0.797), 7: 20/137 (acc=0.854), 14: 18/137 (acc=0.869), 4: 17/137 (acc=0.876), 12: 7/137 (acc=0.949), 13: 5/138 (acc=0.964), 11: 2/137 (acc=0.985), 15: 1/138 (acc=0.993), 1: 1/137 (acc=0.993), 2: 0/138 (acc=1.000)
2025-11-10 18:37:46 - INFO - Epoch 8/20 - train_loss: 0.6940 - val_loss: 0.4715 - f1: 0.9581
2025-11-10 18:38:00 - INFO - [Epoch 9] Step 100/1945 - loss: 0.6638
2025-11-10 18:38:13 - INFO - [Epoch 9] Step 200/1945 - loss: 0.6276
2025-11-10 18:38:25 - INFO - [Epoch 9] Step 300/1945 - loss: 0.6270
2025-11-10 18:38:37 - INFO - [Epoch 9] Step 400/1945 - loss: 0.6244
2025-11-10 18:38:50 - INFO - [Epoch 9] Step 500/1945 - loss: 0.6377
2025-11-10 18:39:03 - INFO - [Epoch 9] Step 600/1945 - loss: 0.6337
2025-11-10 18:39:15 - INFO - [Epoch 9] Step 700/1945 - loss: 0.6416
2025-11-10 18:39:28 - INFO - [Epoch 9] Step 800/1945 - loss: 0.6406
2025-11-10 18:39:41 - INFO - [Epoch 9] Step 900/1945 - loss: 0.6399
2025-11-10 18:39:54 - INFO - [Epoch 9] Step 1000/1945 - loss: 0.6390
2025-11-10 18:40:07 - INFO - [Epoch 9] Step 1100/1945 - loss: 0.6417
2025-11-10 18:40:19 - INFO - [Epoch 9] Step 1200/1945 - loss: 0.6431
2025-11-10 18:40:31 - INFO - [Epoch 9] Step 1300/1945 - loss: 0.6374
2025-11-10 18:40:44 - INFO - [Epoch 9] Step 1400/1945 - loss: 0.6416
2025-11-10 18:40:56 - INFO - [Epoch 9] Step 1500/1945 - loss: 0.6402
2025-11-10 18:41:09 - INFO - [Epoch 9] Step 1600/1945 - loss: 0.6413
2025-11-10 18:41:22 - INFO - [Epoch 9] Step 1700/1945 - loss: 0.6403
2025-11-10 18:41:35 - INFO - [Epoch 9] Step 1800/1945 - loss: 0.6414
2025-11-10 18:41:47 - INFO - [Epoch 9] Step 1900/1945 - loss: 0.6421
2025-11-10 18:41:53 - INFO - [Epoch 9] Step 1945/1945 - loss: 0.6433
2025-11-10 18:42:14 - INFO - [Epoch 9] Top misclassified classes: 7: 33/137 (acc=0.759), 3: 17/138 (acc=0.877), 14: 13/137 (acc=0.905), 12: 5/137 (acc=0.964), 11: 3/137 (acc=0.978), 1: 2/137 (acc=0.985), 4: 2/137 (acc=0.985), 10: 1/138 (acc=0.993), 13: 1/138 (acc=0.993), 15: 1/138 (acc=0.993)
2025-11-10 18:42:16 - INFO - Epoch 9/20 - train_loss: 0.6433 - val_loss: 0.4695 - f1: 0.9666
2025-11-10 18:42:30 - INFO - [Epoch 10] Step 100/1945 - loss: 0.6449
2025-11-10 18:42:42 - INFO - [Epoch 10] Step 200/1945 - loss: 0.6385
2025-11-10 18:42:55 - INFO - [Epoch 10] Step 300/1945 - loss: 0.6257
2025-11-10 18:43:08 - INFO - [Epoch 10] Step 400/1945 - loss: 0.6171
2025-11-10 18:43:20 - INFO - [Epoch 10] Step 500/1945 - loss: 0.6167
2025-11-10 18:43:33 - INFO - [Epoch 10] Step 600/1945 - loss: 0.6232
2025-11-10 18:43:46 - INFO - [Epoch 10] Step 700/1945 - loss: 0.6200
2025-11-10 18:43:58 - INFO - [Epoch 10] Step 800/1945 - loss: 0.6186
2025-11-10 18:44:11 - INFO - [Epoch 10] Step 900/1945 - loss: 0.6166
2025-11-10 18:44:24 - INFO - [Epoch 10] Step 1000/1945 - loss: 0.6191
2025-11-10 18:44:37 - INFO - [Epoch 10] Step 1100/1945 - loss: 0.6248
2025-11-10 18:44:49 - INFO - [Epoch 10] Step 1200/1945 - loss: 0.6258
2025-11-10 18:45:02 - INFO - [Epoch 10] Step 1300/1945 - loss: 0.6242
2025-11-10 18:45:15 - INFO - [Epoch 10] Step 1400/1945 - loss: 0.6207
2025-11-10 18:45:28 - INFO - [Epoch 10] Step 1500/1945 - loss: 0.6206
2025-11-10 18:45:40 - INFO - [Epoch 10] Step 1600/1945 - loss: 0.6193
2025-11-10 18:45:53 - INFO - [Epoch 10] Step 1700/1945 - loss: 0.6201
2025-11-10 18:46:06 - INFO - [Epoch 10] Step 1800/1945 - loss: 0.6244
2025-11-10 18:46:18 - INFO - [Epoch 10] Step 1900/1945 - loss: 0.6229
2025-11-10 18:46:24 - INFO - [Epoch 10] Step 1945/1945 - loss: 0.6207
2025-11-10 18:46:44 - INFO - [Epoch 10] Top misclassified classes: 7: 33/137 (acc=0.759), 3: 10/138 (acc=0.928), 14: 9/137 (acc=0.934), 12: 5/137 (acc=0.964), 13: 4/138 (acc=0.971), 11: 3/137 (acc=0.978), 4: 2/137 (acc=0.985), 10: 1/138 (acc=0.993), 15: 1/138 (acc=0.993), 1: 1/137 (acc=0.993)
2025-11-10 18:46:46 - INFO - Epoch 10/20 - train_loss: 0.6207 - val_loss: 0.4218 - f1: 0.9698
2025-11-10 18:47:00 - INFO - [Epoch 11] Step 100/1945 - loss: 0.5883
2025-11-10 18:47:12 - INFO - [Epoch 11] Step 200/1945 - loss: 0.6167
2025-11-10 18:47:25 - INFO - [Epoch 11] Step 300/1945 - loss: 0.6149
2025-11-10 18:47:38 - INFO - [Epoch 11] Step 400/1945 - loss: 0.6233
2025-11-10 18:47:50 - INFO - [Epoch 11] Step 500/1945 - loss: 0.6090
2025-11-10 18:48:03 - INFO - [Epoch 11] Step 600/1945 - loss: 0.6096
2025-11-10 18:48:16 - INFO - [Epoch 11] Step 700/1945 - loss: 0.6135
2025-11-10 18:48:28 - INFO - [Epoch 11] Step 800/1945 - loss: 0.6148
2025-11-10 18:48:41 - INFO - [Epoch 11] Step 900/1945 - loss: 0.6093
2025-11-10 18:48:53 - INFO - [Epoch 11] Step 1000/1945 - loss: 0.6014
2025-11-10 18:49:06 - INFO - [Epoch 11] Step 1100/1945 - loss: 0.5936
2025-11-10 18:49:18 - INFO - [Epoch 11] Step 1200/1945 - loss: 0.5934
2025-11-10 18:49:31 - INFO - [Epoch 11] Step 1300/1945 - loss: 0.5944
2025-11-10 18:49:43 - INFO - [Epoch 11] Step 1400/1945 - loss: 0.5937
2025-11-10 18:49:56 - INFO - [Epoch 11] Step 1500/1945 - loss: 0.5945
2025-11-10 18:50:09 - INFO - [Epoch 11] Step 1600/1945 - loss: 0.5937
2025-11-10 18:50:21 - INFO - [Epoch 11] Step 1700/1945 - loss: 0.5965
2025-11-10 18:50:34 - INFO - [Epoch 11] Step 1800/1945 - loss: 0.5976
2025-11-10 18:50:47 - INFO - [Epoch 11] Step 1900/1945 - loss: 0.5964
2025-11-10 18:50:52 - INFO - [Epoch 11] Step 1945/1945 - loss: 0.5951
2025-11-10 18:51:13 - INFO - [Epoch 11] Top misclassified classes: 3: 22/138 (acc=0.841), 7: 9/137 (acc=0.934), 4: 6/137 (acc=0.956), 14: 4/137 (acc=0.971), 13: 3/138 (acc=0.978), 12: 3/137 (acc=0.978), 11: 2/137 (acc=0.985), 6: 1/138 (acc=0.993), 10: 1/138 (acc=0.993), 15: 1/138 (acc=0.993)
2025-11-10 18:51:15 - INFO - Epoch 11/20 - train_loss: 0.5951 - val_loss: 0.4113 - f1: 0.9772
2025-11-10 18:51:28 - INFO - [Epoch 12] Step 100/1945 - loss: 0.6059
2025-11-10 18:51:41 - INFO - [Epoch 12] Step 200/1945 - loss: 0.6008
2025-11-10 18:51:54 - INFO - [Epoch 12] Step 300/1945 - loss: 0.6085
2025-11-10 18:52:06 - INFO - [Epoch 12] Step 400/1945 - loss: 0.5969
2025-11-10 18:52:19 - INFO - [Epoch 12] Step 500/1945 - loss: 0.5884
2025-11-10 18:52:32 - INFO - [Epoch 12] Step 600/1945 - loss: 0.5796
2025-11-10 18:52:45 - INFO - [Epoch 12] Step 700/1945 - loss: 0.5833
2025-11-10 18:52:57 - INFO - [Epoch 12] Step 800/1945 - loss: 0.5793
2025-11-10 18:53:10 - INFO - [Epoch 12] Step 900/1945 - loss: 0.5757
2025-11-10 18:53:22 - INFO - [Epoch 12] Step 1000/1945 - loss: 0.5780
2025-11-10 18:53:35 - INFO - [Epoch 12] Step 1100/1945 - loss: 0.5747
2025-11-10 18:53:48 - INFO - [Epoch 12] Step 1200/1945 - loss: 0.5761
2025-11-10 18:54:01 - INFO - [Epoch 12] Step 1300/1945 - loss: 0.5817
2025-11-10 18:54:13 - INFO - [Epoch 12] Step 1400/1945 - loss: 0.5814
2025-11-10 18:54:26 - INFO - [Epoch 12] Step 1500/1945 - loss: 0.5812
2025-11-10 18:54:39 - INFO - [Epoch 12] Step 1600/1945 - loss: 0.5798
2025-11-10 18:54:51 - INFO - [Epoch 12] Step 1700/1945 - loss: 0.5747
2025-11-10 18:55:04 - INFO - [Epoch 12] Step 1800/1945 - loss: 0.5728
2025-11-10 18:55:16 - INFO - [Epoch 12] Step 1900/1945 - loss: 0.5737
2025-11-10 18:55:22 - INFO - [Epoch 12] Step 1945/1945 - loss: 0.5735
2025-11-10 18:55:43 - INFO - [Epoch 12] Top misclassified classes: 7: 24/137 (acc=0.825), 14: 10/137 (acc=0.927), 3: 8/138 (acc=0.942), 11: 4/137 (acc=0.971), 12: 4/137 (acc=0.971), 4: 3/137 (acc=0.978), 6: 1/138 (acc=0.993), 10: 1/138 (acc=0.993), 13: 1/138 (acc=0.993), 8: 1/137 (acc=0.993)
2025-11-10 18:55:43 - INFO - Epoch 12/20 - train_loss: 0.5735 - val_loss: 0.4033 - f1: 0.9754
2025-11-10 18:55:57 - INFO - [Epoch 13] Step 100/1945 - loss: 0.5081
2025-11-10 18:56:09 - INFO - [Epoch 13] Step 200/1945 - loss: 0.5385
2025-11-10 18:56:22 - INFO - [Epoch 13] Step 300/1945 - loss: 0.5515
2025-11-10 18:56:34 - INFO - [Epoch 13] Step 400/1945 - loss: 0.5611
2025-11-10 18:56:47 - INFO - [Epoch 13] Step 500/1945 - loss: 0.5640
2025-11-10 18:57:00 - INFO - [Epoch 13] Step 600/1945 - loss: 0.5644
2025-11-10 18:57:13 - INFO - [Epoch 13] Step 700/1945 - loss: 0.5605
2025-11-10 18:57:25 - INFO - [Epoch 13] Step 800/1945 - loss: 0.5642
2025-11-10 18:57:38 - INFO - [Epoch 13] Step 900/1945 - loss: 0.5631
2025-11-10 18:57:51 - INFO - [Epoch 13] Step 1000/1945 - loss: 0.5613
2025-11-10 18:58:03 - INFO - [Epoch 13] Step 1100/1945 - loss: 0.5647
2025-11-10 18:58:16 - INFO - [Epoch 13] Step 1200/1945 - loss: 0.5648
2025-11-10 18:58:28 - INFO - [Epoch 13] Step 1300/1945 - loss: 0.5618
2025-11-10 18:58:41 - INFO - [Epoch 13] Step 1400/1945 - loss: 0.5597
2025-11-10 18:58:54 - INFO - [Epoch 13] Step 1500/1945 - loss: 0.5627
2025-11-10 18:59:07 - INFO - [Epoch 13] Step 1600/1945 - loss: 0.5617
2025-11-10 18:59:19 - INFO - [Epoch 13] Step 1700/1945 - loss: 0.5599
2025-11-10 18:59:32 - INFO - [Epoch 13] Step 1800/1945 - loss: 0.5616
2025-11-10 18:59:45 - INFO - [Epoch 13] Step 1900/1945 - loss: 0.5608
2025-11-10 18:59:50 - INFO - [Epoch 13] Step 1945/1945 - loss: 0.5597
2025-11-10 19:00:11 - INFO - [Epoch 13] Top misclassified classes: 7: 18/137 (acc=0.869), 3: 9/138 (acc=0.935), 14: 6/137 (acc=0.956), 4: 3/137 (acc=0.978), 13: 2/138 (acc=0.986), 11: 2/137 (acc=0.985), 12: 2/137 (acc=0.985), 6: 1/138 (acc=0.993), 10: 1/138 (acc=0.993), 8: 1/137 (acc=0.993)
2025-11-10 19:00:13 - INFO - Epoch 13/20 - train_loss: 0.5597 - val_loss: 0.3943 - f1: 0.9807
2025-11-10 19:00:26 - INFO - [Epoch 14] Step 100/1945 - loss: 0.5649
2025-11-10 19:00:39 - INFO - [Epoch 14] Step 200/1945 - loss: 0.5485
2025-11-10 19:00:52 - INFO - [Epoch 14] Step 300/1945 - loss: 0.5483
2025-11-10 19:01:04 - INFO - [Epoch 14] Step 400/1945 - loss: 0.5370
2025-11-10 19:01:17 - INFO - [Epoch 14] Step 500/1945 - loss: 0.5374
2025-11-10 19:01:29 - INFO - [Epoch 14] Step 600/1945 - loss: 0.5381
2025-11-10 19:01:42 - INFO - [Epoch 14] Step 700/1945 - loss: 0.5343
2025-11-10 19:01:55 - INFO - [Epoch 14] Step 800/1945 - loss: 0.5370
2025-11-10 19:02:07 - INFO - [Epoch 14] Step 900/1945 - loss: 0.5341
2025-11-10 19:02:20 - INFO - [Epoch 14] Step 1000/1945 - loss: 0.5315
2025-11-10 19:02:33 - INFO - [Epoch 14] Step 1100/1945 - loss: 0.5339
2025-11-10 19:02:46 - INFO - [Epoch 14] Step 1200/1945 - loss: 0.5326
2025-11-10 19:02:58 - INFO - [Epoch 14] Step 1300/1945 - loss: 0.5371
2025-11-10 19:03:11 - INFO - [Epoch 14] Step 1400/1945 - loss: 0.5372
2025-11-10 19:03:23 - INFO - [Epoch 14] Step 1500/1945 - loss: 0.5394
2025-11-10 19:03:36 - INFO - [Epoch 14] Step 1600/1945 - loss: 0.5388
2025-11-10 19:03:48 - INFO - [Epoch 14] Step 1700/1945 - loss: 0.5373
2025-11-10 19:04:01 - INFO - [Epoch 14] Step 1800/1945 - loss: 0.5372
2025-11-10 19:04:14 - INFO - [Epoch 14] Step 1900/1945 - loss: 0.5374
2025-11-10 19:04:19 - INFO - [Epoch 14] Step 1945/1945 - loss: 0.5372
2025-11-10 19:04:40 - INFO - [Epoch 14] Top misclassified classes: 7: 13/137 (acc=0.905), 3: 9/138 (acc=0.935), 4: 7/137 (acc=0.949), 14: 4/137 (acc=0.971), 6: 1/138 (acc=0.993), 10: 1/138 (acc=0.993), 1: 1/137 (acc=0.993), 11: 1/137 (acc=0.993), 2: 0/138 (acc=1.000), 13: 0/138 (acc=1.000)
2025-11-10 19:04:41 - INFO - Epoch 14/20 - train_loss: 0.5372 - val_loss: 0.3790 - f1: 0.9841
2025-11-10 19:04:55 - INFO - [Epoch 15] Step 100/1945 - loss: 0.5058
2025-11-10 19:05:07 - INFO - [Epoch 15] Step 200/1945 - loss: 0.5016
2025-11-10 19:05:20 - INFO - [Epoch 15] Step 300/1945 - loss: 0.5174
2025-11-10 19:05:33 - INFO - [Epoch 15] Step 400/1945 - loss: 0.5269
2025-11-10 19:05:45 - INFO - [Epoch 15] Step 500/1945 - loss: 0.5280
2025-11-10 19:05:58 - INFO - [Epoch 15] Step 600/1945 - loss: 0.5213
2025-11-10 19:06:10 - INFO - [Epoch 15] Step 700/1945 - loss: 0.5211
2025-11-10 19:06:23 - INFO - [Epoch 15] Step 800/1945 - loss: 0.5173
2025-11-10 19:06:36 - INFO - [Epoch 15] Step 900/1945 - loss: 0.5130
2025-11-10 19:06:49 - INFO - [Epoch 15] Step 1000/1945 - loss: 0.5160
2025-11-10 19:07:01 - INFO - [Epoch 15] Step 1100/1945 - loss: 0.5149
2025-11-10 19:07:14 - INFO - [Epoch 15] Step 1200/1945 - loss: 0.5126
2025-11-10 19:07:27 - INFO - [Epoch 15] Step 1300/1945 - loss: 0.5146
2025-11-10 19:07:39 - INFO - [Epoch 15] Step 1400/1945 - loss: 0.5153
2025-11-10 19:07:52 - INFO - [Epoch 15] Step 1500/1945 - loss: 0.5168
2025-11-10 19:08:05 - INFO - [Epoch 15] Step 1600/1945 - loss: 0.5153
2025-11-10 19:08:18 - INFO - [Epoch 15] Step 1700/1945 - loss: 0.5141
2025-11-10 19:08:30 - INFO - [Epoch 15] Step 1800/1945 - loss: 0.5148
2025-11-10 19:08:43 - INFO - [Epoch 15] Step 1900/1945 - loss: 0.5149
2025-11-10 19:08:48 - INFO - [Epoch 15] Step 1945/1945 - loss: 0.5146
2025-11-10 19:09:09 - INFO - [Epoch 15] Top misclassified classes: 3: 16/138 (acc=0.884), 7: 9/137 (acc=0.934), 14: 3/137 (acc=0.978), 13: 2/138 (acc=0.986), 11: 2/137 (acc=0.985), 12: 2/137 (acc=0.985), 10: 1/138 (acc=0.993), 1: 1/137 (acc=0.993), 4: 1/137 (acc=0.993), 8: 1/137 (acc=0.993)
2025-11-10 19:09:09 - INFO - Epoch 15/20 - train_loss: 0.5146 - val_loss: 0.3794 - f1: 0.9836
2025-11-10 19:09:23 - INFO - [Epoch 16] Step 100/1945 - loss: 0.4913
2025-11-10 19:09:36 - INFO - [Epoch 16] Step 200/1945 - loss: 0.4828
2025-11-10 19:09:48 - INFO - [Epoch 16] Step 300/1945 - loss: 0.4893
2025-11-10 19:10:01 - INFO - [Epoch 16] Step 400/1945 - loss: 0.4946
2025-11-10 19:10:14 - INFO - [Epoch 16] Step 500/1945 - loss: 0.4910
2025-11-10 19:10:26 - INFO - [Epoch 16] Step 600/1945 - loss: 0.4889
2025-11-10 19:10:39 - INFO - [Epoch 16] Step 700/1945 - loss: 0.4890
2025-11-10 19:10:52 - INFO - [Epoch 16] Step 800/1945 - loss: 0.4910
2025-11-10 19:11:04 - INFO - [Epoch 16] Step 900/1945 - loss: 0.4924
2025-11-10 19:11:17 - INFO - [Epoch 16] Step 1000/1945 - loss: 0.4954
2025-11-10 19:11:29 - INFO - [Epoch 16] Step 1100/1945 - loss: 0.4947
2025-11-10 19:11:42 - INFO - [Epoch 16] Step 1200/1945 - loss: 0.4964
2025-11-10 19:11:54 - INFO - [Epoch 16] Step 1300/1945 - loss: 0.4966
2025-11-10 19:12:07 - INFO - [Epoch 16] Step 1400/1945 - loss: 0.4956
2025-11-10 19:12:19 - INFO - [Epoch 16] Step 1500/1945 - loss: 0.4967
2025-11-10 19:12:32 - INFO - [Epoch 16] Step 1600/1945 - loss: 0.4968
2025-11-10 19:12:44 - INFO - [Epoch 16] Step 1700/1945 - loss: 0.4948
2025-11-10 19:12:57 - INFO - [Epoch 16] Step 1800/1945 - loss: 0.4944
2025-11-10 19:13:10 - INFO - [Epoch 16] Step 1900/1945 - loss: 0.4943
2025-11-10 19:13:15 - INFO - [Epoch 16] Step 1945/1945 - loss: 0.4938
2025-11-10 19:13:36 - INFO - [Epoch 16] Top misclassified classes: 7: 14/137 (acc=0.898), 3: 11/138 (acc=0.920), 14: 6/137 (acc=0.956), 12: 2/137 (acc=0.985), 13: 1/138 (acc=0.993), 8: 1/137 (acc=0.993), 11: 1/137 (acc=0.993), 2: 0/138 (acc=1.000), 6: 0/138 (acc=1.000), 10: 0/138 (acc=1.000)
2025-11-10 19:13:36 - INFO - Epoch 16/20 - train_loss: 0.4938 - val_loss: 0.3759 - f1: 0.9845
2025-11-10 19:13:50 - INFO - [Epoch 17] Step 100/1945 - loss: 0.5037
2025-11-10 19:14:03 - INFO - [Epoch 17] Step 200/1945 - loss: 0.4972
2025-11-10 19:14:15 - INFO - [Epoch 17] Step 300/1945 - loss: 0.4874
2025-11-10 19:14:28 - INFO - [Epoch 17] Step 400/1945 - loss: 0.4838
2025-11-10 19:14:41 - INFO - [Epoch 17] Step 500/1945 - loss: 0.4873
2025-11-10 19:14:53 - INFO - [Epoch 17] Step 600/1945 - loss: 0.4940
2025-11-10 19:15:06 - INFO - [Epoch 17] Step 700/1945 - loss: 0.5008
2025-11-10 19:15:19 - INFO - [Epoch 17] Step 800/1945 - loss: 0.4999
2025-11-10 19:15:31 - INFO - [Epoch 17] Step 900/1945 - loss: 0.4965
2025-11-10 19:15:44 - INFO - [Epoch 17] Step 1000/1945 - loss: 0.4958
2025-11-10 19:15:56 - INFO - [Epoch 17] Step 1100/1945 - loss: 0.4954
2025-11-10 19:16:09 - INFO - [Epoch 17] Step 1200/1945 - loss: 0.4972
2025-11-10 19:16:22 - INFO - [Epoch 17] Step 1300/1945 - loss: 0.4949
2025-11-10 19:16:34 - INFO - [Epoch 17] Step 1400/1945 - loss: 0.4961
2025-11-10 19:16:47 - INFO - [Epoch 17] Step 1500/1945 - loss: 0.4967
2025-11-10 19:17:00 - INFO - [Epoch 17] Step 1600/1945 - loss: 0.4962
2025-11-10 19:17:12 - INFO - [Epoch 17] Step 1700/1945 - loss: 0.4966
2025-11-10 19:17:25 - INFO - [Epoch 17] Step 1800/1945 - loss: 0.4961
2025-11-10 19:17:38 - INFO - [Epoch 17] Step 1900/1945 - loss: 0.4948
2025-11-10 19:17:43 - INFO - [Epoch 17] Step 1945/1945 - loss: 0.4938
2025-11-10 19:18:04 - INFO - [Epoch 17] Top misclassified classes: 7: 15/137 (acc=0.891), 3: 9/138 (acc=0.935), 12: 3/137 (acc=0.978), 14: 3/137 (acc=0.978), 10: 1/138 (acc=0.993), 1: 1/137 (acc=0.993), 4: 1/137 (acc=0.993), 8: 1/137 (acc=0.993), 11: 1/137 (acc=0.993), 2: 0/138 (acc=1.000)
2025-11-10 19:18:05 - INFO - Epoch 17/20 - train_loss: 0.4938 - val_loss: 0.3715 - f1: 0.9849
2025-11-10 19:18:19 - INFO - [Epoch 18] Step 100/1945 - loss: 0.5744
2025-11-10 19:18:32 - INFO - [Epoch 18] Step 200/1945 - loss: 0.5097
2025-11-10 19:18:44 - INFO - [Epoch 18] Step 300/1945 - loss: 0.4980
2025-11-10 19:18:57 - INFO - [Epoch 18] Step 400/1945 - loss: 0.5004
2025-11-10 19:19:10 - INFO - [Epoch 18] Step 500/1945 - loss: 0.5083
2025-11-10 19:19:22 - INFO - [Epoch 18] Step 600/1945 - loss: 0.5104
2025-11-10 19:19:35 - INFO - [Epoch 18] Step 700/1945 - loss: 0.5069
2025-11-10 19:19:48 - INFO - [Epoch 18] Step 800/1945 - loss: 0.5071
2025-11-10 19:20:00 - INFO - [Epoch 18] Step 900/1945 - loss: 0.5040
2025-11-10 19:20:13 - INFO - [Epoch 18] Step 1000/1945 - loss: 0.5035
2025-11-10 19:20:26 - INFO - [Epoch 18] Step 1100/1945 - loss: 0.5037
2025-11-10 19:20:39 - INFO - [Epoch 18] Step 1200/1945 - loss: 0.5066
2025-11-10 19:20:51 - INFO - [Epoch 18] Step 1300/1945 - loss: 0.5043
2025-11-10 19:21:04 - INFO - [Epoch 18] Step 1400/1945 - loss: 0.4987
2025-11-10 19:21:16 - INFO - [Epoch 18] Step 1500/1945 - loss: 0.4957
2025-11-10 19:21:29 - INFO - [Epoch 18] Step 1600/1945 - loss: 0.4952
2025-11-10 19:21:41 - INFO - [Epoch 18] Step 1700/1945 - loss: 0.4937
2025-11-10 19:21:54 - INFO - [Epoch 18] Step 1800/1945 - loss: 0.4936
2025-11-10 19:22:07 - INFO - [Epoch 18] Step 1900/1945 - loss: 0.4913
2025-11-10 19:22:12 - INFO - [Epoch 18] Step 1945/1945 - loss: 0.4898
2025-11-10 19:22:33 - INFO - [Epoch 18] Top misclassified classes: 3: 8/138 (acc=0.942), 7: 7/137 (acc=0.949), 14: 4/137 (acc=0.971), 10: 1/138 (acc=0.993), 1: 1/137 (acc=0.993), 4: 1/137 (acc=0.993), 8: 1/137 (acc=0.993), 11: 1/137 (acc=0.993), 12: 1/137 (acc=0.993), 2: 0/138 (acc=1.000)
2025-11-10 19:22:34 - INFO - Epoch 18/20 - train_loss: 0.4898 - val_loss: 0.3619 - f1: 0.9893
2025-11-10 19:22:48 - INFO - [Epoch 19] Step 100/1945 - loss: 0.5012
2025-11-10 19:23:00 - INFO - [Epoch 19] Step 200/1945 - loss: 0.4788
2025-11-10 19:23:13 - INFO - [Epoch 19] Step 300/1945 - loss: 0.4770
2025-11-10 19:23:26 - INFO - [Epoch 19] Step 400/1945 - loss: 0.4758
2025-11-10 19:23:38 - INFO - [Epoch 19] Step 500/1945 - loss: 0.4767
2025-11-10 19:23:51 - INFO - [Epoch 19] Step 600/1945 - loss: 0.4764
2025-11-10 19:24:03 - INFO - [Epoch 19] Step 700/1945 - loss: 0.4724
2025-11-10 19:24:16 - INFO - [Epoch 19] Step 800/1945 - loss: 0.4732
2025-11-10 19:24:29 - INFO - [Epoch 19] Step 900/1945 - loss: 0.4727
2025-11-10 19:24:41 - INFO - [Epoch 19] Step 1000/1945 - loss: 0.4733
2025-11-10 19:24:54 - INFO - [Epoch 19] Step 1100/1945 - loss: 0.4701
2025-11-10 19:25:06 - INFO - [Epoch 19] Step 1200/1945 - loss: 0.4704
2025-11-10 19:25:19 - INFO - [Epoch 19] Step 1300/1945 - loss: 0.4711
2025-11-10 19:25:31 - INFO - [Epoch 19] Step 1400/1945 - loss: 0.4731
2025-11-10 19:25:44 - INFO - [Epoch 19] Step 1500/1945 - loss: 0.4726
2025-11-10 19:25:57 - INFO - [Epoch 19] Step 1600/1945 - loss: 0.4720
2025-11-10 19:26:09 - INFO - [Epoch 19] Step 1700/1945 - loss: 0.4710
2025-11-10 19:26:22 - INFO - [Epoch 19] Step 1800/1945 - loss: 0.4720
2025-11-10 19:26:34 - INFO - [Epoch 19] Step 1900/1945 - loss: 0.4741
2025-11-10 19:26:40 - INFO - [Epoch 19] Step 1945/1945 - loss: 0.4742
2025-11-10 19:27:01 - INFO - [Epoch 19] Top misclassified classes: 3: 10/138 (acc=0.928), 7: 6/137 (acc=0.956), 4: 2/137 (acc=0.985), 12: 2/137 (acc=0.985), 14: 2/137 (acc=0.985), 10: 1/138 (acc=0.993), 8: 1/137 (acc=0.993), 11: 1/137 (acc=0.993), 2: 0/138 (acc=1.000), 6: 0/138 (acc=1.000)
2025-11-10 19:27:01 - INFO - Epoch 19/20 - train_loss: 0.4742 - val_loss: 0.3596 - f1: 0.9893
2025-11-10 19:27:14 - INFO - [Epoch 20] Step 100/1945 - loss: 0.4528
2025-11-10 19:27:27 - INFO - [Epoch 20] Step 200/1945 - loss: 0.4789
2025-11-10 19:27:40 - INFO - [Epoch 20] Step 300/1945 - loss: 0.4989
2025-11-10 19:27:52 - INFO - [Epoch 20] Step 400/1945 - loss: 0.4956
2025-11-10 19:28:05 - INFO - [Epoch 20] Step 500/1945 - loss: 0.4892
2025-11-10 19:28:18 - INFO - [Epoch 20] Step 600/1945 - loss: 0.4820
2025-11-10 19:28:31 - INFO - [Epoch 20] Step 700/1945 - loss: 0.4845
2025-11-10 19:28:43 - INFO - [Epoch 20] Step 800/1945 - loss: 0.4852
2025-11-10 19:28:56 - INFO - [Epoch 20] Step 900/1945 - loss: 0.4858
2025-11-10 19:29:09 - INFO - [Epoch 20] Step 1000/1945 - loss: 0.4866
2025-11-10 19:29:22 - INFO - [Epoch 20] Step 1100/1945 - loss: 0.4876
2025-11-10 19:29:34 - INFO - [Epoch 20] Step 1200/1945 - loss: 0.4861
2025-11-10 19:29:47 - INFO - [Epoch 20] Step 1300/1945 - loss: 0.4850
2025-11-10 19:30:00 - INFO - [Epoch 20] Step 1400/1945 - loss: 0.4834
2025-11-10 19:30:12 - INFO - [Epoch 20] Step 1500/1945 - loss: 0.4821
2025-11-10 19:30:25 - INFO - [Epoch 20] Step 1600/1945 - loss: 0.4796
2025-11-10 19:30:38 - INFO - [Epoch 20] Step 1700/1945 - loss: 0.4785
2025-11-10 19:30:50 - INFO - [Epoch 20] Step 1800/1945 - loss: 0.4807
2025-11-10 19:31:03 - INFO - [Epoch 20] Step 1900/1945 - loss: 0.4803
2025-11-10 19:31:09 - INFO - [Epoch 20] Step 1945/1945 - loss: 0.4788
2025-11-10 19:31:29 - INFO - [Epoch 20] Top misclassified classes: 3: 11/138 (acc=0.920), 7: 6/137 (acc=0.956), 14: 2/137 (acc=0.985), 10: 1/138 (acc=0.993), 1: 1/137 (acc=0.993), 4: 1/137 (acc=0.993), 8: 1/137 (acc=0.993), 11: 1/137 (acc=0.993), 12: 1/137 (acc=0.993), 2: 0/138 (acc=1.000)
2025-11-10 19:31:29 - INFO - Epoch 20/20 - train_loss: 0.4788 - val_loss: 0.3617 - f1: 0.9892
2025-11-10 19:31:29 - INFO - Best epoch: 18 (0.9893)
2025-11-10 19:31:29 - INFO - Best f1: 0.9893
