2025-11-10 19:31:34 - INFO - Starting run: 20251110-193134_tf_efficientnet_b7_ns_448px_rot90_jitter_affine_rrc_mixup_only_ls0.05_cosine
2025-11-10 19:31:34 - INFO - Configuration:
{
  "experiment": {
    "name": "efficientnet_b7_offline_448",
    "seed": 2024,
    "deterministic": false
  },
  "paths": {
    "data_root": "data/processed/offline_aug",
    "train_csv": "data/processed/offline_aug/train_offline_aug.csv",
    "meta_csv": "data/raw/meta.csv",
    "image_dir": "data/processed/offline_aug/images",
    "test_dir": "data/raw/test",
    "output_root": "outputs"
  },
  "data": {
    "num_classes": 17,
    "input_size": 448,
    "mean": [
      0.485,
      0.456,
      0.406
    ],
    "std": [
      0.229,
      0.224,
      0.225
    ],
    "excluded_ids": [],
    "loader": {
      "batch_size": 6,
      "num_workers": 8,
      "pin_memory": true,
      "persistent_workers": true,
      "prefetch_factor": 3,
      "timeout": 120,
      "mp_context": "spawn"
    }
  },
  "split": {
    "n_splits": 6,
    "fold_index": 3,
    "seed": 2024,
    "predefined_split": "splits/fold_indices_offline.pkl"
  },
  "sampler": {
    "name": "weighted_random",
    "minority_classes": [
      1,
      13,
      14
    ],
    "weights_power": 0.85,
    "replacement": true
  },
  "augmentations": {
    "name": "rot90_jitter_affine_rrc",
    "use_reference_pipeline": true,
    "random_resized_crop_scale": [
      0.92,
      1.0
    ],
    "random_resized_crop_ratio": [
      0.85,
      1.15
    ],
    "random_rotate90": true,
    "random_rotate90_prob": 0.5,
    "max_rotate": 12,
    "rotate_prob": 1.0,
    "affine_scale": [
      0.9,
      1.1
    ],
    "affine_translate": [
      0.08,
      0.08
    ],
    "horizontal_flip": true,
    "horizontal_flip_prob": 0.5,
    "brightness_contrast": [
      0.12,
      0.12
    ],
    "color_jitter": {
      "p": 0.4,
      "brightness": 0.3,
      "contrast": 0.15,
      "saturation": 0.2,
      "hue": 0.02
    },
    "blur": {
      "p": 0.35,
      "blur_limit": [
        3,
        7
      ],
      "sigma_limit": [
        0.2,
        1.0
      ]
    }
  },
  "regularization": {
    "mixup_alpha": 0.1,
    "cutmix_alpha": 0.0,
    "tag": "mixup_only"
  },
  "model": {
    "name": "tf_efficientnet_b7_ns",
    "pretrained": true,
    "drop_rate": 0.4,
    "drop_path_rate": 0.2
  },
  "loss": {
    "name": "cross_entropy",
    "label_smoothing": 0.05
  },
  "optimizer": {
    "name": "adamw",
    "lr": 0.0002,
    "weight_decay": 0.02,
    "betas": [
      0.9,
      0.999
    ]
  },
  "scheduler": {
    "name": "cosine",
    "warmup_epochs": 2,
    "min_lr": 1e-06
  },
  "training": {
    "epochs": 20,
    "amp": true,
    "grad_clip_norm": 1.0,
    "save_best_metric": "f1",
    "validation_interval": 1,
    "early_stopping": {
      "patience": 3,
      "min_delta": 0.0005,
      "mode": "max"
    },
    "ema": {
      "enabled": false
    },
    "swa": {
      "enabled": false
    }
  },
  "logging": {
    "project": "document_type_classification",
    "log_interval": 100,
    "tensorboard": true
  },
  "submission": {
    "metric_name": "f1",
    "leaderboard_score": 0.0,
    "tta": {
      "enabled": true,
      "rotations": [
        0,
        90,
        180,
        270
      ],
      "jitter_degrees": 0,
      "horizontal_flip": true,
      "vertical_flip": false
    }
  },
  "performance": {
    "allow_tf32": true,
    "matmul_precision": "high",
    "cudnn_benchmark": true,
    "channels_last": true
  }
}
/opt/conda/lib/python3.10/site-packages/timm/models/_factory.py:117: UserWarning: Mapping deprecated model name tf_efficientnet_b7_ns to current tf_efficientnet_b7.ns_jft_in1k.
  model = create_fn(
2025-11-10 19:32:13 - INFO - [Epoch 1] Step 100/1945 - loss: 3.6614
2025-11-10 19:32:25 - INFO - [Epoch 1] Step 200/1945 - loss: 3.6415
2025-11-10 19:32:38 - INFO - [Epoch 1] Step 300/1945 - loss: 3.6795
2025-11-10 19:32:50 - INFO - [Epoch 1] Step 400/1945 - loss: 3.6798
2025-11-10 19:33:03 - INFO - [Epoch 1] Step 500/1945 - loss: 3.6787
2025-11-10 19:33:15 - INFO - [Epoch 1] Step 600/1945 - loss: 3.6521
2025-11-10 19:33:28 - INFO - [Epoch 1] Step 700/1945 - loss: 3.6327
2025-11-10 19:33:40 - INFO - [Epoch 1] Step 800/1945 - loss: 3.6312
2025-11-10 19:33:53 - INFO - [Epoch 1] Step 900/1945 - loss: 3.6259
2025-11-10 19:34:05 - INFO - [Epoch 1] Step 1000/1945 - loss: 3.6225
2025-11-10 19:34:17 - INFO - [Epoch 1] Step 1100/1945 - loss: 3.6157
2025-11-10 19:34:30 - INFO - [Epoch 1] Step 1200/1945 - loss: 3.6112
2025-11-10 19:34:42 - INFO - [Epoch 1] Step 1300/1945 - loss: 3.6106
2025-11-10 19:34:55 - INFO - [Epoch 1] Step 1400/1945 - loss: 3.6016
2025-11-10 19:35:07 - INFO - [Epoch 1] Step 1500/1945 - loss: 3.5890
2025-11-10 19:35:20 - INFO - [Epoch 1] Step 1600/1945 - loss: 3.5773
2025-11-10 19:35:32 - INFO - [Epoch 1] Step 1700/1945 - loss: 3.5740
2025-11-10 19:35:45 - INFO - [Epoch 1] Step 1800/1945 - loss: 3.5691
2025-11-10 19:35:57 - INFO - [Epoch 1] Step 1900/1945 - loss: 3.5605
2025-11-10 19:36:03 - INFO - [Epoch 1] Step 1945/1945 - loss: 3.5593
2025-11-10 19:36:44 - INFO - [Epoch 1] Top misclassified classes: 5: 137/137 (acc=0.000), 4: 136/137 (acc=0.007), 10: 135/138 (acc=0.022), 13: 133/138 (acc=0.036), 11: 133/137 (acc=0.029), 15: 132/138 (acc=0.043), 3: 131/138 (acc=0.051), 1: 131/137 (acc=0.044), 12: 131/137 (acc=0.044), 2: 129/138 (acc=0.065)
2025-11-10 19:36:46 - INFO - Epoch 1/20 - train_loss: 3.5593 - val_loss: 3.0996 - f1: 0.0751
2025-11-10 19:36:59 - INFO - [Epoch 2] Step 100/1945 - loss: 2.5704
2025-11-10 19:37:12 - INFO - [Epoch 2] Step 200/1945 - loss: 2.2275
2025-11-10 19:37:25 - INFO - [Epoch 2] Step 300/1945 - loss: 2.0378
2025-11-10 19:37:38 - INFO - [Epoch 2] Step 400/1945 - loss: 1.8982
2025-11-10 19:37:50 - INFO - [Epoch 2] Step 500/1945 - loss: 1.8217
2025-11-10 19:38:03 - INFO - [Epoch 2] Step 600/1945 - loss: 1.7481
2025-11-10 19:38:16 - INFO - [Epoch 2] Step 700/1945 - loss: 1.6856
2025-11-10 19:38:29 - INFO - [Epoch 2] Step 800/1945 - loss: 1.6393
2025-11-10 19:38:41 - INFO - [Epoch 2] Step 900/1945 - loss: 1.5948
2025-11-10 19:38:54 - INFO - [Epoch 2] Step 1000/1945 - loss: 1.5502
2025-11-10 19:39:07 - INFO - [Epoch 2] Step 1100/1945 - loss: 1.5090
2025-11-10 19:39:19 - INFO - [Epoch 2] Step 1200/1945 - loss: 1.4742
2025-11-10 19:39:32 - INFO - [Epoch 2] Step 1300/1945 - loss: 1.4425
2025-11-10 19:39:45 - INFO - [Epoch 2] Step 1400/1945 - loss: 1.4144
2025-11-10 19:39:58 - INFO - [Epoch 2] Step 1500/1945 - loss: 1.3890
2025-11-10 19:40:10 - INFO - [Epoch 2] Step 1600/1945 - loss: 1.3629
2025-11-10 19:40:23 - INFO - [Epoch 2] Step 1700/1945 - loss: 1.3452
2025-11-10 19:40:36 - INFO - [Epoch 2] Step 1800/1945 - loss: 1.3237
2025-11-10 19:40:48 - INFO - [Epoch 2] Step 1900/1945 - loss: 1.3090
2025-11-10 19:40:54 - INFO - [Epoch 2] Step 1945/1945 - loss: 1.3030
/opt/conda/lib/python3.10/site-packages/torch/optim/lr_scheduler.py:149: UserWarning: The epoch parameter in `scheduler.step()` was not necessary and is being deprecated where possible. Please use `scheduler.step()` to step the scheduler. During the deprecation, if epoch is different from None, the closed form is used instead of the new chainable form, where available. Please open an issue if you are unable to replicate your use case: https://github.com/pytorch/pytorch/issues/new/choose.
  warnings.warn(EPOCH_DEPRECATION_WARNING, UserWarning)
2025-11-10 19:41:14 - INFO - [Epoch 2] Top misclassified classes: 3: 86/138 (acc=0.377), 14: 43/137 (acc=0.686), 7: 42/137 (acc=0.693), 4: 19/137 (acc=0.861), 12: 13/137 (acc=0.905), 1: 11/137 (acc=0.920), 13: 8/138 (acc=0.942), 11: 5/137 (acc=0.964), 6: 3/138 (acc=0.978), 10: 3/138 (acc=0.978)
2025-11-10 19:41:16 - INFO - Epoch 2/20 - train_loss: 1.3030 - val_loss: 0.6269 - f1: 0.8950
2025-11-10 19:41:30 - INFO - [Epoch 3] Step 100/1945 - loss: 1.1055
2025-11-10 19:41:43 - INFO - [Epoch 3] Step 200/1945 - loss: 1.1321
2025-11-10 19:41:56 - INFO - [Epoch 3] Step 300/1945 - loss: 1.1393
2025-11-10 19:42:09 - INFO - [Epoch 3] Step 400/1945 - loss: 1.1395
2025-11-10 19:42:21 - INFO - [Epoch 3] Step 500/1945 - loss: 1.1343
2025-11-10 19:42:34 - INFO - [Epoch 3] Step 600/1945 - loss: 1.1319
2025-11-10 19:42:47 - INFO - [Epoch 3] Step 700/1945 - loss: 1.1307
2025-11-10 19:43:00 - INFO - [Epoch 3] Step 800/1945 - loss: 1.1251
2025-11-10 19:43:12 - INFO - [Epoch 3] Step 900/1945 - loss: 1.1223
2025-11-10 19:43:25 - INFO - [Epoch 3] Step 1000/1945 - loss: 1.1096
2025-11-10 19:43:38 - INFO - [Epoch 3] Step 1100/1945 - loss: 1.0996
2025-11-10 19:43:51 - INFO - [Epoch 3] Step 1200/1945 - loss: 1.0980
2025-11-10 19:44:03 - INFO - [Epoch 3] Step 1300/1945 - loss: 1.0933
2025-11-10 19:44:16 - INFO - [Epoch 3] Step 1400/1945 - loss: 1.0894
2025-11-10 19:44:28 - INFO - [Epoch 3] Step 1500/1945 - loss: 1.0878
2025-11-10 19:44:41 - INFO - [Epoch 3] Step 1600/1945 - loss: 1.0829
2025-11-10 19:44:54 - INFO - [Epoch 3] Step 1700/1945 - loss: 1.0777
2025-11-10 19:45:07 - INFO - [Epoch 3] Step 1800/1945 - loss: 1.0724
2025-11-10 19:45:19 - INFO - [Epoch 3] Step 1900/1945 - loss: 1.0694
2025-11-10 19:45:25 - INFO - [Epoch 3] Step 1945/1945 - loss: 1.0670
2025-11-10 19:45:45 - INFO - [Epoch 3] Top misclassified classes: 3: 77/138 (acc=0.442), 7: 56/137 (acc=0.591), 4: 35/137 (acc=0.745), 14: 20/137 (acc=0.854), 1: 9/137 (acc=0.934), 11: 6/137 (acc=0.956), 13: 4/138 (acc=0.971), 15: 4/138 (acc=0.971), 5: 3/137 (acc=0.978), 10: 2/138 (acc=0.986)
2025-11-10 19:45:47 - INFO - Epoch 3/20 - train_loss: 1.0670 - val_loss: 0.6074 - f1: 0.9049
2025-11-10 19:46:00 - INFO - [Epoch 4] Step 100/1945 - loss: 0.9956
2025-11-10 19:46:13 - INFO - [Epoch 4] Step 200/1945 - loss: 0.9441
2025-11-10 19:46:26 - INFO - [Epoch 4] Step 300/1945 - loss: 0.9524
2025-11-10 19:46:39 - INFO - [Epoch 4] Step 400/1945 - loss: 0.9426
2025-11-10 19:46:51 - INFO - [Epoch 4] Step 500/1945 - loss: 0.9445
2025-11-10 19:47:04 - INFO - [Epoch 4] Step 600/1945 - loss: 0.9346
2025-11-10 19:47:17 - INFO - [Epoch 4] Step 700/1945 - loss: 0.9345
2025-11-10 19:47:30 - INFO - [Epoch 4] Step 800/1945 - loss: 0.9375
2025-11-10 19:47:42 - INFO - [Epoch 4] Step 900/1945 - loss: 0.9306
2025-11-10 19:47:55 - INFO - [Epoch 4] Step 1000/1945 - loss: 0.9265
2025-11-10 19:48:08 - INFO - [Epoch 4] Step 1100/1945 - loss: 0.9214
2025-11-10 19:48:20 - INFO - [Epoch 4] Step 1200/1945 - loss: 0.9154
2025-11-10 19:48:33 - INFO - [Epoch 4] Step 1300/1945 - loss: 0.9099
2025-11-10 19:48:46 - INFO - [Epoch 4] Step 1400/1945 - loss: 0.9127
2025-11-10 19:48:58 - INFO - [Epoch 4] Step 1500/1945 - loss: 0.9160
2025-11-10 19:49:11 - INFO - [Epoch 4] Step 1600/1945 - loss: 0.9155
2025-11-10 19:49:24 - INFO - [Epoch 4] Step 1700/1945 - loss: 0.9156
2025-11-10 19:49:37 - INFO - [Epoch 4] Step 1800/1945 - loss: 0.9146
2025-11-10 19:49:49 - INFO - [Epoch 4] Step 1900/1945 - loss: 0.9132
2025-11-10 19:49:55 - INFO - [Epoch 4] Step 1945/1945 - loss: 0.9107
2025-11-10 19:50:16 - INFO - [Epoch 4] Top misclassified classes: 7: 65/137 (acc=0.526), 3: 53/138 (acc=0.616), 14: 26/137 (acc=0.810), 4: 15/137 (acc=0.891), 13: 8/138 (acc=0.942), 12: 6/137 (acc=0.956), 1: 5/137 (acc=0.964), 15: 2/138 (acc=0.986), 11: 2/137 (acc=0.985), 10: 1/138 (acc=0.993)
2025-11-10 19:50:17 - INFO - Epoch 4/20 - train_loss: 0.9107 - val_loss: 0.6008 - f1: 0.9196
2025-11-10 19:50:31 - INFO - [Epoch 5] Step 100/1945 - loss: 0.8338
2025-11-10 19:50:44 - INFO - [Epoch 5] Step 200/1945 - loss: 0.8279
2025-11-10 19:50:57 - INFO - [Epoch 5] Step 300/1945 - loss: 0.8362
2025-11-10 19:51:09 - INFO - [Epoch 5] Step 400/1945 - loss: 0.8509
2025-11-10 19:51:22 - INFO - [Epoch 5] Step 500/1945 - loss: 0.8459
2025-11-10 19:51:35 - INFO - [Epoch 5] Step 600/1945 - loss: 0.8534
2025-11-10 19:51:48 - INFO - [Epoch 5] Step 700/1945 - loss: 0.8469
2025-11-10 19:52:01 - INFO - [Epoch 5] Step 800/1945 - loss: 0.8458
2025-11-10 19:52:13 - INFO - [Epoch 5] Step 900/1945 - loss: 0.8401
2025-11-10 19:52:26 - INFO - [Epoch 5] Step 1000/1945 - loss: 0.8462
2025-11-10 19:52:39 - INFO - [Epoch 5] Step 1100/1945 - loss: 0.8443
2025-11-10 19:52:51 - INFO - [Epoch 5] Step 1200/1945 - loss: 0.8485
2025-11-10 19:53:03 - INFO - [Epoch 5] Step 1300/1945 - loss: 0.8494
2025-11-10 19:53:16 - INFO - [Epoch 5] Step 1400/1945 - loss: 0.8501
2025-11-10 19:53:29 - INFO - [Epoch 5] Step 1500/1945 - loss: 0.8535
2025-11-10 19:53:42 - INFO - [Epoch 5] Step 1600/1945 - loss: 0.8538
2025-11-10 19:53:54 - INFO - [Epoch 5] Step 1700/1945 - loss: 0.8512
2025-11-10 19:54:07 - INFO - [Epoch 5] Step 1800/1945 - loss: 0.8476
2025-11-10 19:54:20 - INFO - [Epoch 5] Step 1900/1945 - loss: 0.8450
2025-11-10 19:54:26 - INFO - [Epoch 5] Step 1945/1945 - loss: 0.8422
2025-11-10 19:54:46 - INFO - [Epoch 5] Top misclassified classes: 14: 53/137 (acc=0.613), 3: 46/138 (acc=0.667), 7: 43/137 (acc=0.686), 4: 10/137 (acc=0.927), 13: 3/138 (acc=0.978), 1: 3/137 (acc=0.978), 11: 3/137 (acc=0.978), 6: 2/138 (acc=0.986), 10: 2/138 (acc=0.986), 15: 2/138 (acc=0.986)
2025-11-10 19:54:48 - INFO - Epoch 5/20 - train_loss: 0.8422 - val_loss: 0.5674 - f1: 0.9266
2025-11-10 19:55:01 - INFO - [Epoch 6] Step 100/1945 - loss: 0.8356
2025-11-10 19:55:14 - INFO - [Epoch 6] Step 200/1945 - loss: 0.8270
2025-11-10 19:55:26 - INFO - [Epoch 6] Step 300/1945 - loss: 0.8165
2025-11-10 19:55:39 - INFO - [Epoch 6] Step 400/1945 - loss: 0.7934
2025-11-10 19:55:52 - INFO - [Epoch 6] Step 500/1945 - loss: 0.7983
2025-11-10 19:56:05 - INFO - [Epoch 6] Step 600/1945 - loss: 0.8037
2025-11-10 19:56:17 - INFO - [Epoch 6] Step 700/1945 - loss: 0.8045
2025-11-10 19:56:30 - INFO - [Epoch 6] Step 800/1945 - loss: 0.8066
2025-11-10 19:56:43 - INFO - [Epoch 6] Step 900/1945 - loss: 0.8011
2025-11-10 19:56:56 - INFO - [Epoch 6] Step 1000/1945 - loss: 0.7978
2025-11-10 19:57:08 - INFO - [Epoch 6] Step 1100/1945 - loss: 0.8018
2025-11-10 19:57:21 - INFO - [Epoch 6] Step 1200/1945 - loss: 0.7983
2025-11-10 19:57:34 - INFO - [Epoch 6] Step 1300/1945 - loss: 0.7941
2025-11-10 19:57:47 - INFO - [Epoch 6] Step 1400/1945 - loss: 0.7948
2025-11-10 19:58:00 - INFO - [Epoch 6] Step 1500/1945 - loss: 0.7965
2025-11-10 19:58:12 - INFO - [Epoch 6] Step 1600/1945 - loss: 0.7958
2025-11-10 19:58:25 - INFO - [Epoch 6] Step 1700/1945 - loss: 0.7960
2025-11-10 19:58:38 - INFO - [Epoch 6] Step 1800/1945 - loss: 0.7941
2025-11-10 19:58:50 - INFO - [Epoch 6] Step 1900/1945 - loss: 0.7883
2025-11-10 19:58:56 - INFO - [Epoch 6] Step 1945/1945 - loss: 0.7900
2025-11-10 19:59:17 - INFO - [Epoch 6] Top misclassified classes: 7: 43/137 (acc=0.686), 3: 40/138 (acc=0.710), 14: 23/137 (acc=0.832), 4: 5/137 (acc=0.964), 12: 5/137 (acc=0.964), 13: 4/138 (acc=0.971), 6: 2/138 (acc=0.986), 10: 2/138 (acc=0.986), 11: 2/137 (acc=0.985), 15: 1/138 (acc=0.993)
2025-11-10 19:59:18 - INFO - Epoch 6/20 - train_loss: 0.7900 - val_loss: 0.5166 - f1: 0.9444
2025-11-10 19:59:32 - INFO - [Epoch 7] Step 100/1945 - loss: 0.7774
2025-11-10 19:59:44 - INFO - [Epoch 7] Step 200/1945 - loss: 0.7566
2025-11-10 19:59:57 - INFO - [Epoch 7] Step 300/1945 - loss: 0.7709
2025-11-10 20:00:10 - INFO - [Epoch 7] Step 400/1945 - loss: 0.7674
2025-11-10 20:00:23 - INFO - [Epoch 7] Step 500/1945 - loss: 0.7796
2025-11-10 20:00:35 - INFO - [Epoch 7] Step 600/1945 - loss: 0.7801
2025-11-10 20:00:48 - INFO - [Epoch 7] Step 700/1945 - loss: 0.7801
2025-11-10 20:01:01 - INFO - [Epoch 7] Step 800/1945 - loss: 0.7819
2025-11-10 20:01:14 - INFO - [Epoch 7] Step 900/1945 - loss: 0.7766
2025-11-10 20:01:26 - INFO - [Epoch 7] Step 1000/1945 - loss: 0.7716
2025-11-10 20:01:39 - INFO - [Epoch 7] Step 1100/1945 - loss: 0.7755
2025-11-10 20:01:52 - INFO - [Epoch 7] Step 1200/1945 - loss: 0.7743
2025-11-10 20:02:05 - INFO - [Epoch 7] Step 1300/1945 - loss: 0.7683
2025-11-10 20:02:17 - INFO - [Epoch 7] Step 1400/1945 - loss: 0.7685
2025-11-10 20:02:30 - INFO - [Epoch 7] Step 1500/1945 - loss: 0.7680
2025-11-10 20:02:43 - INFO - [Epoch 7] Step 1600/1945 - loss: 0.7691
2025-11-10 20:02:56 - INFO - [Epoch 7] Step 1700/1945 - loss: 0.7644
2025-11-10 20:03:09 - INFO - [Epoch 7] Step 1800/1945 - loss: 0.7619
2025-11-10 20:03:21 - INFO - [Epoch 7] Step 1900/1945 - loss: 0.7588
2025-11-10 20:03:27 - INFO - [Epoch 7] Step 1945/1945 - loss: 0.7582
2025-11-10 20:03:48 - INFO - [Epoch 7] Top misclassified classes: 7: 46/137 (acc=0.664), 14: 32/137 (acc=0.766), 3: 20/138 (acc=0.855), 4: 6/137 (acc=0.956), 1: 5/137 (acc=0.964), 10: 3/138 (acc=0.978), 11: 2/137 (acc=0.985), 6: 1/138 (acc=0.993), 13: 1/138 (acc=0.993), 12: 1/137 (acc=0.993)
2025-11-10 20:03:49 - INFO - Epoch 7/20 - train_loss: 0.7582 - val_loss: 0.5008 - f1: 0.9495
2025-11-10 20:04:03 - INFO - [Epoch 8] Step 100/1945 - loss: 0.7667
2025-11-10 20:04:16 - INFO - [Epoch 8] Step 200/1945 - loss: 0.7182
2025-11-10 20:04:29 - INFO - [Epoch 8] Step 300/1945 - loss: 0.7300
2025-11-10 20:04:41 - INFO - [Epoch 8] Step 400/1945 - loss: 0.7226
2025-11-10 20:04:54 - INFO - [Epoch 8] Step 500/1945 - loss: 0.7177
2025-11-10 20:05:07 - INFO - [Epoch 8] Step 600/1945 - loss: 0.7097
2025-11-10 20:05:20 - INFO - [Epoch 8] Step 700/1945 - loss: 0.7066
2025-11-10 20:05:32 - INFO - [Epoch 8] Step 800/1945 - loss: 0.6999
2025-11-10 20:05:45 - INFO - [Epoch 8] Step 900/1945 - loss: 0.7075
2025-11-10 20:05:58 - INFO - [Epoch 8] Step 1000/1945 - loss: 0.7088
2025-11-10 20:06:11 - INFO - [Epoch 8] Step 1100/1945 - loss: 0.7086
2025-11-10 20:06:23 - INFO - [Epoch 8] Step 1200/1945 - loss: 0.7057
2025-11-10 20:06:36 - INFO - [Epoch 8] Step 1300/1945 - loss: 0.7057
2025-11-10 20:06:49 - INFO - [Epoch 8] Step 1400/1945 - loss: 0.7019
2025-11-10 20:07:01 - INFO - [Epoch 8] Step 1500/1945 - loss: 0.7004
2025-11-10 20:07:14 - INFO - [Epoch 8] Step 1600/1945 - loss: 0.7045
2025-11-10 20:07:27 - INFO - [Epoch 8] Step 1700/1945 - loss: 0.7043
2025-11-10 20:07:40 - INFO - [Epoch 8] Step 1800/1945 - loss: 0.7036
2025-11-10 20:07:52 - INFO - [Epoch 8] Step 1900/1945 - loss: 0.7051
2025-11-10 20:07:58 - INFO - [Epoch 8] Step 1945/1945 - loss: 0.7036
2025-11-10 20:08:19 - INFO - [Epoch 8] Top misclassified classes: 7: 50/137 (acc=0.635), 3: 22/138 (acc=0.841), 4: 13/137 (acc=0.905), 14: 9/137 (acc=0.934), 1: 5/137 (acc=0.964), 6: 1/138 (acc=0.993), 10: 1/138 (acc=0.993), 8: 1/137 (acc=0.993), 9: 1/137 (acc=0.993), 2: 0/138 (acc=1.000)
2025-11-10 20:08:20 - INFO - Epoch 8/20 - train_loss: 0.7036 - val_loss: 0.4686 - f1: 0.9549
2025-11-10 20:08:34 - INFO - [Epoch 9] Step 100/1945 - loss: 0.6694
2025-11-10 20:08:46 - INFO - [Epoch 9] Step 200/1945 - loss: 0.6627
2025-11-10 20:08:59 - INFO - [Epoch 9] Step 300/1945 - loss: 0.6679
2025-11-10 20:09:11 - INFO - [Epoch 9] Step 400/1945 - loss: 0.6544
2025-11-10 20:09:24 - INFO - [Epoch 9] Step 500/1945 - loss: 0.6628
2025-11-10 20:09:37 - INFO - [Epoch 9] Step 600/1945 - loss: 0.6667
2025-11-10 20:09:50 - INFO - [Epoch 9] Step 700/1945 - loss: 0.6713
2025-11-10 20:10:02 - INFO - [Epoch 9] Step 800/1945 - loss: 0.6694
2025-11-10 20:10:15 - INFO - [Epoch 9] Step 900/1945 - loss: 0.6635
2025-11-10 20:10:28 - INFO - [Epoch 9] Step 1000/1945 - loss: 0.6631
2025-11-10 20:10:41 - INFO - [Epoch 9] Step 1100/1945 - loss: 0.6664
2025-11-10 20:10:53 - INFO - [Epoch 9] Step 1200/1945 - loss: 0.6604
2025-11-10 20:11:06 - INFO - [Epoch 9] Step 1300/1945 - loss: 0.6587
2025-11-10 20:11:19 - INFO - [Epoch 9] Step 1400/1945 - loss: 0.6568
2025-11-10 20:11:32 - INFO - [Epoch 9] Step 1500/1945 - loss: 0.6584
2025-11-10 20:11:44 - INFO - [Epoch 9] Step 1600/1945 - loss: 0.6588
2025-11-10 20:11:57 - INFO - [Epoch 9] Step 1700/1945 - loss: 0.6592
2025-11-10 20:12:10 - INFO - [Epoch 9] Step 1800/1945 - loss: 0.6620
2025-11-10 20:12:22 - INFO - [Epoch 9] Step 1900/1945 - loss: 0.6632
2025-11-10 20:12:28 - INFO - [Epoch 9] Step 1945/1945 - loss: 0.6645
2025-11-10 20:12:49 - INFO - [Epoch 9] Top misclassified classes: 7: 47/137 (acc=0.657), 14: 20/137 (acc=0.854), 4: 13/137 (acc=0.905), 3: 9/138 (acc=0.935), 13: 3/138 (acc=0.978), 1: 2/137 (acc=0.985), 2: 1/138 (acc=0.993), 6: 1/138 (acc=0.993), 10: 1/138 (acc=0.993), 15: 1/138 (acc=0.993)
2025-11-10 20:12:50 - INFO - Epoch 9/20 - train_loss: 0.6645 - val_loss: 0.4655 - f1: 0.9571
2025-11-10 20:13:04 - INFO - [Epoch 10] Step 100/1945 - loss: 0.6441
2025-11-10 20:13:16 - INFO - [Epoch 10] Step 200/1945 - loss: 0.6543
2025-11-10 20:13:29 - INFO - [Epoch 10] Step 300/1945 - loss: 0.6396
2025-11-10 20:13:41 - INFO - [Epoch 10] Step 400/1945 - loss: 0.6344
2025-11-10 20:13:53 - INFO - [Epoch 10] Step 500/1945 - loss: 0.6303
2025-11-10 20:14:06 - INFO - [Epoch 10] Step 600/1945 - loss: 0.6385
2025-11-10 20:14:19 - INFO - [Epoch 10] Step 700/1945 - loss: 0.6354
2025-11-10 20:14:32 - INFO - [Epoch 10] Step 800/1945 - loss: 0.6367
2025-11-10 20:14:45 - INFO - [Epoch 10] Step 900/1945 - loss: 0.6320
2025-11-10 20:14:57 - INFO - [Epoch 10] Step 1000/1945 - loss: 0.6363
2025-11-10 20:15:10 - INFO - [Epoch 10] Step 1100/1945 - loss: 0.6383
2025-11-10 20:15:23 - INFO - [Epoch 10] Step 1200/1945 - loss: 0.6361
2025-11-10 20:15:35 - INFO - [Epoch 10] Step 1300/1945 - loss: 0.6404
2025-11-10 20:15:48 - INFO - [Epoch 10] Step 1400/1945 - loss: 0.6429
2025-11-10 20:16:01 - INFO - [Epoch 10] Step 1500/1945 - loss: 0.6425
2025-11-10 20:16:13 - INFO - [Epoch 10] Step 1600/1945 - loss: 0.6426
2025-11-10 20:16:26 - INFO - [Epoch 10] Step 1700/1945 - loss: 0.6414
2025-11-10 20:16:38 - INFO - [Epoch 10] Step 1800/1945 - loss: 0.6408
2025-11-10 20:16:51 - INFO - [Epoch 10] Step 1900/1945 - loss: 0.6390
2025-11-10 20:16:57 - INFO - [Epoch 10] Step 1945/1945 - loss: 0.6372
2025-11-10 20:17:17 - INFO - [Epoch 10] Top misclassified classes: 7: 39/137 (acc=0.715), 14: 13/137 (acc=0.905), 3: 11/138 (acc=0.920), 4: 7/137 (acc=0.949), 13: 4/138 (acc=0.971), 1: 2/137 (acc=0.985), 12: 2/137 (acc=0.985), 10: 1/138 (acc=0.993), 15: 1/138 (acc=0.993), 8: 1/137 (acc=0.993)
2025-11-10 20:17:19 - INFO - Epoch 10/20 - train_loss: 0.6372 - val_loss: 0.4361 - f1: 0.9647
2025-11-10 20:17:32 - INFO - [Epoch 11] Step 100/1945 - loss: 0.6163
2025-11-10 20:17:45 - INFO - [Epoch 11] Step 200/1945 - loss: 0.5947
2025-11-10 20:17:58 - INFO - [Epoch 11] Step 300/1945 - loss: 0.6126
2025-11-10 20:18:11 - INFO - [Epoch 11] Step 400/1945 - loss: 0.6221
2025-11-10 20:18:24 - INFO - [Epoch 11] Step 500/1945 - loss: 0.6165
2025-11-10 20:18:36 - INFO - [Epoch 11] Step 600/1945 - loss: 0.6057
2025-11-10 20:18:49 - INFO - [Epoch 11] Step 700/1945 - loss: 0.6044
2025-11-10 20:19:02 - INFO - [Epoch 11] Step 800/1945 - loss: 0.6100
2025-11-10 20:19:15 - INFO - [Epoch 11] Step 900/1945 - loss: 0.6108
2025-11-10 20:19:27 - INFO - [Epoch 11] Step 1000/1945 - loss: 0.6100
2025-11-10 20:19:40 - INFO - [Epoch 11] Step 1100/1945 - loss: 0.6074
2025-11-10 20:19:53 - INFO - [Epoch 11] Step 1200/1945 - loss: 0.6038
2025-11-10 20:20:06 - INFO - [Epoch 11] Step 1300/1945 - loss: 0.6015
2025-11-10 20:20:18 - INFO - [Epoch 11] Step 1400/1945 - loss: 0.6012
2025-11-10 20:20:31 - INFO - [Epoch 11] Step 1500/1945 - loss: 0.6025
2025-11-10 20:20:44 - INFO - [Epoch 11] Step 1600/1945 - loss: 0.5992
2025-11-10 20:20:57 - INFO - [Epoch 11] Step 1700/1945 - loss: 0.6014
2025-11-10 20:21:10 - INFO - [Epoch 11] Step 1800/1945 - loss: 0.6012
2025-11-10 20:21:22 - INFO - [Epoch 11] Step 1900/1945 - loss: 0.6025
2025-11-10 20:21:28 - INFO - [Epoch 11] Step 1945/1945 - loss: 0.6011
2025-11-10 20:21:49 - INFO - [Epoch 11] Top misclassified classes: 3: 21/138 (acc=0.848), 7: 18/137 (acc=0.869), 14: 11/137 (acc=0.920), 4: 9/137 (acc=0.934), 1: 2/137 (acc=0.985), 10: 1/138 (acc=0.993), 15: 1/138 (acc=0.993), 9: 1/137 (acc=0.993), 11: 1/137 (acc=0.993), 12: 1/137 (acc=0.993)
2025-11-10 20:21:50 - INFO - Epoch 11/20 - train_loss: 0.6011 - val_loss: 0.4175 - f1: 0.9717
2025-11-10 20:22:04 - INFO - [Epoch 12] Step 100/1945 - loss: 0.5876
2025-11-10 20:22:16 - INFO - [Epoch 12] Step 200/1945 - loss: 0.5766
2025-11-10 20:22:29 - INFO - [Epoch 12] Step 300/1945 - loss: 0.5726
2025-11-10 20:22:42 - INFO - [Epoch 12] Step 400/1945 - loss: 0.5765
2025-11-10 20:22:54 - INFO - [Epoch 12] Step 500/1945 - loss: 0.5635
2025-11-10 20:23:07 - INFO - [Epoch 12] Step 600/1945 - loss: 0.5628
2025-11-10 20:23:20 - INFO - [Epoch 12] Step 700/1945 - loss: 0.5637
2025-11-10 20:23:33 - INFO - [Epoch 12] Step 800/1945 - loss: 0.5701
2025-11-10 20:23:45 - INFO - [Epoch 12] Step 900/1945 - loss: 0.5712
2025-11-10 20:23:58 - INFO - [Epoch 12] Step 1000/1945 - loss: 0.5755
2025-11-10 20:24:11 - INFO - [Epoch 12] Step 1100/1945 - loss: 0.5788
2025-11-10 20:24:24 - INFO - [Epoch 12] Step 1200/1945 - loss: 0.5840
2025-11-10 20:24:36 - INFO - [Epoch 12] Step 1300/1945 - loss: 0.5848
2025-11-10 20:24:49 - INFO - [Epoch 12] Step 1400/1945 - loss: 0.5852
2025-11-10 20:25:01 - INFO - [Epoch 12] Step 1500/1945 - loss: 0.5854
2025-11-10 20:25:14 - INFO - [Epoch 12] Step 1600/1945 - loss: 0.5829
2025-11-10 20:25:27 - INFO - [Epoch 12] Step 1700/1945 - loss: 0.5782
2025-11-10 20:25:40 - INFO - [Epoch 12] Step 1800/1945 - loss: 0.5765
2025-11-10 20:25:53 - INFO - [Epoch 12] Step 1900/1945 - loss: 0.5746
2025-11-10 20:25:58 - INFO - [Epoch 12] Step 1945/1945 - loss: 0.5747
2025-11-10 20:26:19 - INFO - [Epoch 12] Top misclassified classes: 7: 27/137 (acc=0.803), 3: 14/138 (acc=0.899), 14: 12/137 (acc=0.912), 4: 7/137 (acc=0.949), 13: 2/138 (acc=0.986), 1: 2/137 (acc=0.985), 11: 2/137 (acc=0.985), 6: 1/138 (acc=0.993), 15: 1/138 (acc=0.993), 9: 1/137 (acc=0.993)
2025-11-10 20:26:19 - INFO - Epoch 12/20 - train_loss: 0.5747 - val_loss: 0.4189 - f1: 0.9700
2025-11-10 20:26:33 - INFO - [Epoch 13] Step 100/1945 - loss: 0.5217
2025-11-10 20:26:46 - INFO - [Epoch 13] Step 200/1945 - loss: 0.5569
2025-11-10 20:26:59 - INFO - [Epoch 13] Step 300/1945 - loss: 0.5603
2025-11-10 20:27:11 - INFO - [Epoch 13] Step 400/1945 - loss: 0.5676
2025-11-10 20:27:24 - INFO - [Epoch 13] Step 500/1945 - loss: 0.5720
2025-11-10 20:27:37 - INFO - [Epoch 13] Step 600/1945 - loss: 0.5687
2025-11-10 20:27:49 - INFO - [Epoch 13] Step 700/1945 - loss: 0.5740
2025-11-10 20:28:02 - INFO - [Epoch 13] Step 800/1945 - loss: 0.5717
2025-11-10 20:28:15 - INFO - [Epoch 13] Step 900/1945 - loss: 0.5779
2025-11-10 20:28:28 - INFO - [Epoch 13] Step 1000/1945 - loss: 0.5744
2025-11-10 20:28:40 - INFO - [Epoch 13] Step 1100/1945 - loss: 0.5802
2025-11-10 20:28:53 - INFO - [Epoch 13] Step 1200/1945 - loss: 0.5790
2025-11-10 20:29:05 - INFO - [Epoch 13] Step 1300/1945 - loss: 0.5748
2025-11-10 20:29:18 - INFO - [Epoch 13] Step 1400/1945 - loss: 0.5719
2025-11-10 20:29:31 - INFO - [Epoch 13] Step 1500/1945 - loss: 0.5739
2025-11-10 20:29:44 - INFO - [Epoch 13] Step 1600/1945 - loss: 0.5718
2025-11-10 20:29:57 - INFO - [Epoch 13] Step 1700/1945 - loss: 0.5699
2025-11-10 20:30:09 - INFO - [Epoch 13] Step 1800/1945 - loss: 0.5696
2025-11-10 20:30:22 - INFO - [Epoch 13] Step 1900/1945 - loss: 0.5682
2025-11-10 20:30:28 - INFO - [Epoch 13] Step 1945/1945 - loss: 0.5696
2025-11-10 20:30:48 - INFO - [Epoch 13] Top misclassified classes: 7: 32/137 (acc=0.766), 3: 8/138 (acc=0.942), 4: 8/137 (acc=0.942), 14: 4/137 (acc=0.971), 6: 1/138 (acc=0.993), 10: 1/138 (acc=0.993), 15: 1/138 (acc=0.993), 1: 1/137 (acc=0.993), 9: 1/137 (acc=0.993), 12: 1/137 (acc=0.993)
2025-11-10 20:30:50 - INFO - Epoch 13/20 - train_loss: 0.5696 - val_loss: 0.4229 - f1: 0.9751
2025-11-10 20:31:04 - INFO - [Epoch 14] Step 100/1945 - loss: 0.5642
2025-11-10 20:31:16 - INFO - [Epoch 14] Step 200/1945 - loss: 0.5611
2025-11-10 20:31:29 - INFO - [Epoch 14] Step 300/1945 - loss: 0.5404
2025-11-10 20:31:42 - INFO - [Epoch 14] Step 400/1945 - loss: 0.5473
2025-11-10 20:31:55 - INFO - [Epoch 14] Step 500/1945 - loss: 0.5448
2025-11-10 20:32:07 - INFO - [Epoch 14] Step 600/1945 - loss: 0.5468
2025-11-10 20:32:20 - INFO - [Epoch 14] Step 700/1945 - loss: 0.5416
2025-11-10 20:32:33 - INFO - [Epoch 14] Step 800/1945 - loss: 0.5446
2025-11-10 20:32:45 - INFO - [Epoch 14] Step 900/1945 - loss: 0.5422
2025-11-10 20:32:58 - INFO - [Epoch 14] Step 1000/1945 - loss: 0.5396
2025-11-10 20:33:11 - INFO - [Epoch 14] Step 1100/1945 - loss: 0.5400
2025-11-10 20:33:24 - INFO - [Epoch 14] Step 1200/1945 - loss: 0.5399
2025-11-10 20:33:37 - INFO - [Epoch 14] Step 1300/1945 - loss: 0.5407
2025-11-10 20:33:49 - INFO - [Epoch 14] Step 1400/1945 - loss: 0.5387
2025-11-10 20:34:02 - INFO - [Epoch 14] Step 1500/1945 - loss: 0.5372
2025-11-10 20:34:15 - INFO - [Epoch 14] Step 1600/1945 - loss: 0.5383
2025-11-10 20:34:27 - INFO - [Epoch 14] Step 1700/1945 - loss: 0.5387
2025-11-10 20:34:40 - INFO - [Epoch 14] Step 1800/1945 - loss: 0.5384
2025-11-10 20:34:53 - INFO - [Epoch 14] Step 1900/1945 - loss: 0.5357
2025-11-10 20:34:59 - INFO - [Epoch 14] Step 1945/1945 - loss: 0.5357
2025-11-10 20:35:19 - INFO - [Epoch 14] Top misclassified classes: 7: 24/137 (acc=0.825), 3: 9/138 (acc=0.935), 14: 7/137 (acc=0.949), 4: 5/137 (acc=0.964), 6: 1/138 (acc=0.993), 15: 1/138 (acc=0.993), 1: 1/137 (acc=0.993), 9: 1/137 (acc=0.993), 12: 1/137 (acc=0.993), 2: 0/138 (acc=1.000)
2025-11-10 20:35:21 - INFO - Epoch 14/20 - train_loss: 0.5357 - val_loss: 0.4068 - f1: 0.9786
2025-11-10 20:35:34 - INFO - [Epoch 15] Step 100/1945 - loss: 0.5292
2025-11-10 20:35:47 - INFO - [Epoch 15] Step 200/1945 - loss: 0.5459
2025-11-10 20:35:59 - INFO - [Epoch 15] Step 300/1945 - loss: 0.5548
2025-11-10 20:36:12 - INFO - [Epoch 15] Step 400/1945 - loss: 0.5425
2025-11-10 20:36:25 - INFO - [Epoch 15] Step 500/1945 - loss: 0.5444
2025-11-10 20:36:37 - INFO - [Epoch 15] Step 600/1945 - loss: 0.5425
2025-11-10 20:36:50 - INFO - [Epoch 15] Step 700/1945 - loss: 0.5373
2025-11-10 20:37:03 - INFO - [Epoch 15] Step 800/1945 - loss: 0.5385
2025-11-10 20:37:15 - INFO - [Epoch 15] Step 900/1945 - loss: 0.5299
2025-11-10 20:37:28 - INFO - [Epoch 15] Step 1000/1945 - loss: 0.5315
2025-11-10 20:37:41 - INFO - [Epoch 15] Step 1100/1945 - loss: 0.5266
2025-11-10 20:37:54 - INFO - [Epoch 15] Step 1200/1945 - loss: 0.5265
2025-11-10 20:38:07 - INFO - [Epoch 15] Step 1300/1945 - loss: 0.5257
2025-11-10 20:38:20 - INFO - [Epoch 15] Step 1400/1945 - loss: 0.5263
2025-11-10 20:38:32 - INFO - [Epoch 15] Step 1500/1945 - loss: 0.5264
2025-11-10 20:38:45 - INFO - [Epoch 15] Step 1600/1945 - loss: 0.5252
2025-11-10 20:38:57 - INFO - [Epoch 15] Step 1700/1945 - loss: 0.5239
2025-11-10 20:39:10 - INFO - [Epoch 15] Step 1800/1945 - loss: 0.5248
2025-11-10 20:39:22 - INFO - [Epoch 15] Step 1900/1945 - loss: 0.5228
2025-11-10 20:39:28 - INFO - [Epoch 15] Step 1945/1945 - loss: 0.5220
2025-11-10 20:39:49 - INFO - [Epoch 15] Top misclassified classes: 3: 13/138 (acc=0.906), 7: 10/137 (acc=0.927), 4: 7/137 (acc=0.949), 14: 6/137 (acc=0.956), 6: 1/138 (acc=0.993), 10: 1/138 (acc=0.993), 15: 1/138 (acc=0.993), 1: 1/137 (acc=0.993), 8: 1/137 (acc=0.993), 12: 1/137 (acc=0.993)
2025-11-10 20:39:50 - INFO - Epoch 15/20 - train_loss: 0.5220 - val_loss: 0.3866 - f1: 0.9820
2025-11-10 20:40:04 - INFO - [Epoch 16] Step 100/1945 - loss: 0.5039
2025-11-10 20:40:16 - INFO - [Epoch 16] Step 200/1945 - loss: 0.5104
2025-11-10 20:40:29 - INFO - [Epoch 16] Step 300/1945 - loss: 0.5040
2025-11-10 20:40:42 - INFO - [Epoch 16] Step 400/1945 - loss: 0.5005
2025-11-10 20:40:55 - INFO - [Epoch 16] Step 500/1945 - loss: 0.5022
2025-11-10 20:41:07 - INFO - [Epoch 16] Step 600/1945 - loss: 0.5081
2025-11-10 20:41:20 - INFO - [Epoch 16] Step 700/1945 - loss: 0.5022
2025-11-10 20:41:33 - INFO - [Epoch 16] Step 800/1945 - loss: 0.5020
2025-11-10 20:41:46 - INFO - [Epoch 16] Step 900/1945 - loss: 0.5036
2025-11-10 20:41:58 - INFO - [Epoch 16] Step 1000/1945 - loss: 0.5061
2025-11-10 20:42:11 - INFO - [Epoch 16] Step 1100/1945 - loss: 0.5041
2025-11-10 20:42:24 - INFO - [Epoch 16] Step 1200/1945 - loss: 0.5062
2025-11-10 20:42:37 - INFO - [Epoch 16] Step 1300/1945 - loss: 0.5070
2025-11-10 20:42:49 - INFO - [Epoch 16] Step 1400/1945 - loss: 0.5074
2025-11-10 20:43:02 - INFO - [Epoch 16] Step 1500/1945 - loss: 0.5101
2025-11-10 20:43:15 - INFO - [Epoch 16] Step 1600/1945 - loss: 0.5105
2025-11-10 20:43:27 - INFO - [Epoch 16] Step 1700/1945 - loss: 0.5095
2025-11-10 20:43:40 - INFO - [Epoch 16] Step 1800/1945 - loss: 0.5075
2025-11-10 20:43:53 - INFO - [Epoch 16] Step 1900/1945 - loss: 0.5086
2025-11-10 20:43:59 - INFO - [Epoch 16] Step 1945/1945 - loss: 0.5085
2025-11-10 20:44:19 - INFO - [Epoch 16] Top misclassified classes: 3: 12/138 (acc=0.913), 7: 10/137 (acc=0.927), 4: 7/137 (acc=0.949), 14: 6/137 (acc=0.956), 13: 2/138 (acc=0.986), 1: 2/137 (acc=0.985), 15: 1/138 (acc=0.993), 8: 1/137 (acc=0.993), 9: 1/137 (acc=0.993), 12: 1/137 (acc=0.993)
2025-11-10 20:44:20 - INFO - Epoch 16/20 - train_loss: 0.5085 - val_loss: 0.3890 - f1: 0.9816
2025-11-10 20:44:33 - INFO - [Epoch 17] Step 100/1945 - loss: 0.5530
2025-11-10 20:44:46 - INFO - [Epoch 17] Step 200/1945 - loss: 0.5086
2025-11-10 20:44:59 - INFO - [Epoch 17] Step 300/1945 - loss: 0.5018
2025-11-10 20:45:12 - INFO - [Epoch 17] Step 400/1945 - loss: 0.4919
2025-11-10 20:45:24 - INFO - [Epoch 17] Step 500/1945 - loss: 0.4966
2025-11-10 20:45:37 - INFO - [Epoch 17] Step 600/1945 - loss: 0.5063
2025-11-10 20:45:50 - INFO - [Epoch 17] Step 700/1945 - loss: 0.5061
2025-11-10 20:46:03 - INFO - [Epoch 17] Step 800/1945 - loss: 0.5070
2025-11-10 20:46:15 - INFO - [Epoch 17] Step 900/1945 - loss: 0.5067
2025-11-10 20:46:28 - INFO - [Epoch 17] Step 1000/1945 - loss: 0.5036
2025-11-10 20:46:41 - INFO - [Epoch 17] Step 1100/1945 - loss: 0.5042
2025-11-10 20:46:53 - INFO - [Epoch 17] Step 1200/1945 - loss: 0.5059
2025-11-10 20:47:06 - INFO - [Epoch 17] Step 1300/1945 - loss: 0.5036
2025-11-10 20:47:19 - INFO - [Epoch 17] Step 1400/1945 - loss: 0.4997
2025-11-10 20:47:32 - INFO - [Epoch 17] Step 1500/1945 - loss: 0.4994
2025-11-10 20:47:44 - INFO - [Epoch 17] Step 1600/1945 - loss: 0.5000
2025-11-10 20:47:57 - INFO - [Epoch 17] Step 1700/1945 - loss: 0.5012
2025-11-10 20:48:10 - INFO - [Epoch 17] Step 1800/1945 - loss: 0.5010
2025-11-10 20:48:22 - INFO - [Epoch 17] Step 1900/1945 - loss: 0.5012
2025-11-10 20:48:28 - INFO - [Epoch 17] Step 1945/1945 - loss: 0.5017
2025-11-10 20:48:49 - INFO - [Epoch 17] Top misclassified classes: 7: 11/137 (acc=0.920), 3: 9/138 (acc=0.935), 4: 6/137 (acc=0.956), 1: 2/137 (acc=0.985), 14: 2/137 (acc=0.985), 15: 1/138 (acc=0.993), 9: 1/137 (acc=0.993), 12: 1/137 (acc=0.993), 2: 0/138 (acc=1.000), 6: 0/138 (acc=1.000)
2025-11-10 20:48:50 - INFO - Epoch 17/20 - train_loss: 0.5017 - val_loss: 0.3785 - f1: 0.9859
2025-11-10 20:49:04 - INFO - [Epoch 18] Step 100/1945 - loss: 0.5356
2025-11-10 20:49:17 - INFO - [Epoch 18] Step 200/1945 - loss: 0.5073
2025-11-10 20:49:30 - INFO - [Epoch 18] Step 300/1945 - loss: 0.5050
2025-11-10 20:49:43 - INFO - [Epoch 18] Step 400/1945 - loss: 0.4993
2025-11-10 20:49:56 - INFO - [Epoch 18] Step 500/1945 - loss: 0.5006
2025-11-10 20:50:08 - INFO - [Epoch 18] Step 600/1945 - loss: 0.4935
2025-11-10 20:50:21 - INFO - [Epoch 18] Step 700/1945 - loss: 0.4992
2025-11-10 20:50:34 - INFO - [Epoch 18] Step 800/1945 - loss: 0.4989
2025-11-10 20:50:47 - INFO - [Epoch 18] Step 900/1945 - loss: 0.4936
2025-11-10 20:50:59 - INFO - [Epoch 18] Step 1000/1945 - loss: 0.4950
2025-11-10 20:51:12 - INFO - [Epoch 18] Step 1100/1945 - loss: 0.4903
2025-11-10 20:51:24 - INFO - [Epoch 18] Step 1200/1945 - loss: 0.4944
2025-11-10 20:51:37 - INFO - [Epoch 18] Step 1300/1945 - loss: 0.4928
2025-11-10 20:51:49 - INFO - [Epoch 18] Step 1400/1945 - loss: 0.4913
2025-11-10 20:52:02 - INFO - [Epoch 18] Step 1500/1945 - loss: 0.4900
2025-11-10 20:52:15 - INFO - [Epoch 18] Step 1600/1945 - loss: 0.4895
2025-11-10 20:52:27 - INFO - [Epoch 18] Step 1700/1945 - loss: 0.4858
2025-11-10 20:52:40 - INFO - [Epoch 18] Step 1800/1945 - loss: 0.4871
2025-11-10 20:52:52 - INFO - [Epoch 18] Step 1900/1945 - loss: 0.4866
2025-11-10 20:52:58 - INFO - [Epoch 18] Step 1945/1945 - loss: 0.4857
2025-11-10 20:53:19 - INFO - [Epoch 18] Top misclassified classes: 7: 16/137 (acc=0.883), 3: 7/138 (acc=0.949), 4: 6/137 (acc=0.956), 1: 2/137 (acc=0.985), 14: 2/137 (acc=0.985), 6: 1/138 (acc=0.993), 15: 1/138 (acc=0.993), 9: 1/137 (acc=0.993), 12: 1/137 (acc=0.993), 2: 0/138 (acc=1.000)
2025-11-10 20:53:19 - INFO - Epoch 18/20 - train_loss: 0.4857 - val_loss: 0.3763 - f1: 0.9842
2025-11-10 20:53:33 - INFO - [Epoch 19] Step 100/1945 - loss: 0.4612
2025-11-10 20:53:45 - INFO - [Epoch 19] Step 200/1945 - loss: 0.4700
2025-11-10 20:53:58 - INFO - [Epoch 19] Step 300/1945 - loss: 0.4753
2025-11-10 20:54:11 - INFO - [Epoch 19] Step 400/1945 - loss: 0.4825
2025-11-10 20:54:23 - INFO - [Epoch 19] Step 500/1945 - loss: 0.4801
2025-11-10 20:54:36 - INFO - [Epoch 19] Step 600/1945 - loss: 0.4801
2025-11-10 20:54:49 - INFO - [Epoch 19] Step 700/1945 - loss: 0.4787
2025-11-10 20:55:01 - INFO - [Epoch 19] Step 800/1945 - loss: 0.4768
2025-11-10 20:55:14 - INFO - [Epoch 19] Step 900/1945 - loss: 0.4789
2025-11-10 20:55:27 - INFO - [Epoch 19] Step 1000/1945 - loss: 0.4805
2025-11-10 20:55:40 - INFO - [Epoch 19] Step 1100/1945 - loss: 0.4768
2025-11-10 20:55:52 - INFO - [Epoch 19] Step 1200/1945 - loss: 0.4767
2025-11-10 20:56:05 - INFO - [Epoch 19] Step 1300/1945 - loss: 0.4737
2025-11-10 20:56:18 - INFO - [Epoch 19] Step 1400/1945 - loss: 0.4750
2025-11-10 20:56:31 - INFO - [Epoch 19] Step 1500/1945 - loss: 0.4755
2025-11-10 20:56:43 - INFO - [Epoch 19] Step 1600/1945 - loss: 0.4756
2025-11-10 20:56:56 - INFO - [Epoch 19] Step 1700/1945 - loss: 0.4769
2025-11-10 20:57:09 - INFO - [Epoch 19] Step 1800/1945 - loss: 0.4770
2025-11-10 20:57:21 - INFO - [Epoch 19] Step 1900/1945 - loss: 0.4774
2025-11-10 20:57:27 - INFO - [Epoch 19] Step 1945/1945 - loss: 0.4767
2025-11-10 20:57:48 - INFO - [Epoch 19] Top misclassified classes: 3: 9/138 (acc=0.935), 7: 9/137 (acc=0.934), 4: 6/137 (acc=0.956), 1: 2/137 (acc=0.985), 14: 2/137 (acc=0.985), 15: 1/138 (acc=0.993), 9: 1/137 (acc=0.993), 12: 1/137 (acc=0.993), 2: 0/138 (acc=1.000), 6: 0/138 (acc=1.000)
2025-11-10 20:57:49 - INFO - Epoch 19/20 - train_loss: 0.4767 - val_loss: 0.3716 - f1: 0.9868
2025-11-10 20:58:03 - INFO - [Epoch 20] Step 100/1945 - loss: 0.4872
2025-11-10 20:58:16 - INFO - [Epoch 20] Step 200/1945 - loss: 0.4727
2025-11-10 20:58:29 - INFO - [Epoch 20] Step 300/1945 - loss: 0.4769
2025-11-10 20:58:41 - INFO - [Epoch 20] Step 400/1945 - loss: 0.4754
2025-11-10 20:58:54 - INFO - [Epoch 20] Step 500/1945 - loss: 0.4760
2025-11-10 20:59:07 - INFO - [Epoch 20] Step 600/1945 - loss: 0.4769
2025-11-10 20:59:19 - INFO - [Epoch 20] Step 700/1945 - loss: 0.4776
2025-11-10 20:59:32 - INFO - [Epoch 20] Step 800/1945 - loss: 0.4752
2025-11-10 20:59:45 - INFO - [Epoch 20] Step 900/1945 - loss: 0.4773
2025-11-10 20:59:57 - INFO - [Epoch 20] Step 1000/1945 - loss: 0.4754
2025-11-10 21:00:10 - INFO - [Epoch 20] Step 1100/1945 - loss: 0.4751
2025-11-10 21:00:23 - INFO - [Epoch 20] Step 1200/1945 - loss: 0.4750
2025-11-10 21:00:35 - INFO - [Epoch 20] Step 1300/1945 - loss: 0.4738
2025-11-10 21:00:48 - INFO - [Epoch 20] Step 1400/1945 - loss: 0.4736
2025-11-10 21:01:00 - INFO - [Epoch 20] Step 1500/1945 - loss: 0.4733
2025-11-10 21:01:13 - INFO - [Epoch 20] Step 1600/1945 - loss: 0.4716
2025-11-10 21:01:26 - INFO - [Epoch 20] Step 1700/1945 - loss: 0.4742
2025-11-10 21:01:39 - INFO - [Epoch 20] Step 1800/1945 - loss: 0.4727
2025-11-10 21:01:52 - INFO - [Epoch 20] Step 1900/1945 - loss: 0.4738
2025-11-10 21:01:57 - INFO - [Epoch 20] Step 1945/1945 - loss: 0.4736
2025-11-10 21:02:18 - INFO - [Epoch 20] Top misclassified classes: 7: 11/137 (acc=0.920), 3: 9/138 (acc=0.935), 4: 5/137 (acc=0.964), 1: 2/137 (acc=0.985), 14: 2/137 (acc=0.985), 6: 1/138 (acc=0.993), 15: 1/138 (acc=0.993), 9: 1/137 (acc=0.993), 12: 1/137 (acc=0.993), 2: 0/138 (acc=1.000)
2025-11-10 21:02:18 - INFO - Epoch 20/20 - train_loss: 0.4736 - val_loss: 0.3734 - f1: 0.9859
2025-11-10 21:02:18 - INFO - Best epoch: 19 (0.9868)
2025-11-10 21:02:18 - INFO - Best f1: 0.9868
