2025-11-10 21:02:23 - INFO - Starting run: 20251110-210223_tf_efficientnet_b7_ns_448px_rot90_jitter_affine_rrc_mixup_only_ls0.05_cosine
2025-11-10 21:02:23 - INFO - Configuration:
{
  "experiment": {
    "name": "efficientnet_b7_offline_448",
    "seed": 2024,
    "deterministic": false
  },
  "paths": {
    "data_root": "data/processed/offline_aug",
    "train_csv": "data/processed/offline_aug/train_offline_aug.csv",
    "meta_csv": "data/raw/meta.csv",
    "image_dir": "data/processed/offline_aug/images",
    "test_dir": "data/raw/test",
    "output_root": "outputs"
  },
  "data": {
    "num_classes": 17,
    "input_size": 448,
    "mean": [
      0.485,
      0.456,
      0.406
    ],
    "std": [
      0.229,
      0.224,
      0.225
    ],
    "excluded_ids": [],
    "loader": {
      "batch_size": 6,
      "num_workers": 8,
      "pin_memory": true,
      "persistent_workers": true,
      "prefetch_factor": 3,
      "timeout": 120,
      "mp_context": "spawn"
    }
  },
  "split": {
    "n_splits": 6,
    "fold_index": 4,
    "seed": 2024,
    "predefined_split": "splits/fold_indices_offline.pkl"
  },
  "sampler": {
    "name": "weighted_random",
    "minority_classes": [
      1,
      13,
      14
    ],
    "weights_power": 0.85,
    "replacement": true
  },
  "augmentations": {
    "name": "rot90_jitter_affine_rrc",
    "use_reference_pipeline": true,
    "random_resized_crop_scale": [
      0.92,
      1.0
    ],
    "random_resized_crop_ratio": [
      0.85,
      1.15
    ],
    "random_rotate90": true,
    "random_rotate90_prob": 0.5,
    "max_rotate": 12,
    "rotate_prob": 1.0,
    "affine_scale": [
      0.9,
      1.1
    ],
    "affine_translate": [
      0.08,
      0.08
    ],
    "horizontal_flip": true,
    "horizontal_flip_prob": 0.5,
    "brightness_contrast": [
      0.12,
      0.12
    ],
    "color_jitter": {
      "p": 0.4,
      "brightness": 0.3,
      "contrast": 0.15,
      "saturation": 0.2,
      "hue": 0.02
    },
    "blur": {
      "p": 0.35,
      "blur_limit": [
        3,
        7
      ],
      "sigma_limit": [
        0.2,
        1.0
      ]
    }
  },
  "regularization": {
    "mixup_alpha": 0.1,
    "cutmix_alpha": 0.0,
    "tag": "mixup_only"
  },
  "model": {
    "name": "tf_efficientnet_b7_ns",
    "pretrained": true,
    "drop_rate": 0.4,
    "drop_path_rate": 0.2
  },
  "loss": {
    "name": "cross_entropy",
    "label_smoothing": 0.05
  },
  "optimizer": {
    "name": "adamw",
    "lr": 0.0002,
    "weight_decay": 0.02,
    "betas": [
      0.9,
      0.999
    ]
  },
  "scheduler": {
    "name": "cosine",
    "warmup_epochs": 2,
    "min_lr": 1e-06
  },
  "training": {
    "epochs": 20,
    "amp": true,
    "grad_clip_norm": 1.0,
    "save_best_metric": "f1",
    "validation_interval": 1,
    "early_stopping": {
      "patience": 3,
      "min_delta": 0.0005,
      "mode": "max"
    },
    "ema": {
      "enabled": false
    },
    "swa": {
      "enabled": false
    }
  },
  "logging": {
    "project": "document_type_classification",
    "log_interval": 100,
    "tensorboard": true
  },
  "submission": {
    "metric_name": "f1",
    "leaderboard_score": 0.0,
    "tta": {
      "enabled": true,
      "rotations": [
        0,
        90,
        180,
        270
      ],
      "jitter_degrees": 0,
      "horizontal_flip": true,
      "vertical_flip": false
    }
  },
  "performance": {
    "allow_tf32": true,
    "matmul_precision": "high",
    "cudnn_benchmark": true,
    "channels_last": true
  }
}
/opt/conda/lib/python3.10/site-packages/timm/models/_factory.py:117: UserWarning: Mapping deprecated model name tf_efficientnet_b7_ns to current tf_efficientnet_b7.ns_jft_in1k.
  model = create_fn(
2025-11-10 21:03:02 - INFO - [Epoch 1] Step 100/1945 - loss: 3.7321
2025-11-10 21:03:14 - INFO - [Epoch 1] Step 200/1945 - loss: 3.6881
2025-11-10 21:03:26 - INFO - [Epoch 1] Step 300/1945 - loss: 3.6710
2025-11-10 21:03:39 - INFO - [Epoch 1] Step 400/1945 - loss: 3.6614
2025-11-10 21:03:51 - INFO - [Epoch 1] Step 500/1945 - loss: 3.6404
2025-11-10 21:04:04 - INFO - [Epoch 1] Step 600/1945 - loss: 3.6483
2025-11-10 21:04:16 - INFO - [Epoch 1] Step 700/1945 - loss: 3.6419
2025-11-10 21:04:29 - INFO - [Epoch 1] Step 800/1945 - loss: 3.6323
2025-11-10 21:04:41 - INFO - [Epoch 1] Step 900/1945 - loss: 3.6209
2025-11-10 21:04:54 - INFO - [Epoch 1] Step 1000/1945 - loss: 3.6191
2025-11-10 21:05:06 - INFO - [Epoch 1] Step 1100/1945 - loss: 3.6073
2025-11-10 21:05:18 - INFO - [Epoch 1] Step 1200/1945 - loss: 3.5997
2025-11-10 21:05:31 - INFO - [Epoch 1] Step 1300/1945 - loss: 3.5982
2025-11-10 21:05:43 - INFO - [Epoch 1] Step 1400/1945 - loss: 3.5940
2025-11-10 21:05:55 - INFO - [Epoch 1] Step 1500/1945 - loss: 3.5881
2025-11-10 21:06:07 - INFO - [Epoch 1] Step 1600/1945 - loss: 3.5722
2025-11-10 21:06:20 - INFO - [Epoch 1] Step 1700/1945 - loss: 3.5661
2025-11-10 21:06:32 - INFO - [Epoch 1] Step 1800/1945 - loss: 3.5585
2025-11-10 21:06:45 - INFO - [Epoch 1] Step 1900/1945 - loss: 3.5540
2025-11-10 21:06:50 - INFO - [Epoch 1] Step 1945/1945 - loss: 3.5514
2025-11-10 21:07:31 - INFO - [Epoch 1] Top misclassified classes: 4: 137/138 (acc=0.007), 3: 136/137 (acc=0.007), 12: 136/137 (acc=0.007), 13: 136/137 (acc=0.007), 1: 134/137 (acc=0.022), 5: 133/137 (acc=0.029), 10: 133/137 (acc=0.029), 11: 133/137 (acc=0.029), 2: 131/137 (acc=0.044), 7: 128/138 (acc=0.072)
2025-11-10 21:07:32 - INFO - Epoch 1/20 - train_loss: 3.5514 - val_loss: 3.0757 - f1: 0.0711
2025-11-10 21:07:46 - INFO - [Epoch 2] Step 100/1945 - loss: 2.5639
2025-11-10 21:07:58 - INFO - [Epoch 2] Step 200/1945 - loss: 2.2475
2025-11-10 21:08:11 - INFO - [Epoch 2] Step 300/1945 - loss: 2.0898
2025-11-10 21:08:24 - INFO - [Epoch 2] Step 400/1945 - loss: 1.9620
2025-11-10 21:08:36 - INFO - [Epoch 2] Step 500/1945 - loss: 1.8629
2025-11-10 21:08:49 - INFO - [Epoch 2] Step 600/1945 - loss: 1.7703
2025-11-10 21:09:01 - INFO - [Epoch 2] Step 700/1945 - loss: 1.7013
2025-11-10 21:09:14 - INFO - [Epoch 2] Step 800/1945 - loss: 1.6518
2025-11-10 21:09:27 - INFO - [Epoch 2] Step 900/1945 - loss: 1.6034
2025-11-10 21:09:40 - INFO - [Epoch 2] Step 1000/1945 - loss: 1.5595
2025-11-10 21:09:52 - INFO - [Epoch 2] Step 1100/1945 - loss: 1.5222
2025-11-10 21:10:05 - INFO - [Epoch 2] Step 1200/1945 - loss: 1.4886
2025-11-10 21:10:18 - INFO - [Epoch 2] Step 1300/1945 - loss: 1.4560
2025-11-10 21:10:31 - INFO - [Epoch 2] Step 1400/1945 - loss: 1.4292
2025-11-10 21:10:43 - INFO - [Epoch 2] Step 1500/1945 - loss: 1.4047
2025-11-10 21:10:56 - INFO - [Epoch 2] Step 1600/1945 - loss: 1.3832
2025-11-10 21:11:08 - INFO - [Epoch 2] Step 1700/1945 - loss: 1.3612
2025-11-10 21:11:21 - INFO - [Epoch 2] Step 1800/1945 - loss: 1.3392
2025-11-10 21:11:34 - INFO - [Epoch 2] Step 1900/1945 - loss: 1.3177
2025-11-10 21:11:39 - INFO - [Epoch 2] Step 1945/1945 - loss: 1.3118
/opt/conda/lib/python3.10/site-packages/torch/optim/lr_scheduler.py:149: UserWarning: The epoch parameter in `scheduler.step()` was not necessary and is being deprecated where possible. Please use `scheduler.step()` to step the scheduler. During the deprecation, if epoch is different from None, the closed form is used instead of the new chainable form, where available. Please open an issue if you are unable to replicate your use case: https://github.com/pytorch/pytorch/issues/new/choose.
  warnings.warn(EPOCH_DEPRECATION_WARNING, UserWarning)
2025-11-10 21:12:00 - INFO - [Epoch 2] Top misclassified classes: 7: 83/138 (acc=0.399), 3: 40/137 (acc=0.708), 14: 35/138 (acc=0.746), 4: 31/138 (acc=0.775), 10: 13/137 (acc=0.905), 13: 8/137 (acc=0.942), 12: 7/137 (acc=0.949), 11: 4/137 (acc=0.971), 8: 2/138 (acc=0.986), 1: 2/137 (acc=0.985)
2025-11-10 21:12:02 - INFO - Epoch 2/20 - train_loss: 1.3118 - val_loss: 0.6192 - f1: 0.9002
2025-11-10 21:12:16 - INFO - [Epoch 3] Step 100/1945 - loss: 1.1185
2025-11-10 21:12:28 - INFO - [Epoch 3] Step 200/1945 - loss: 1.1006
2025-11-10 21:12:41 - INFO - [Epoch 3] Step 300/1945 - loss: 1.1203
2025-11-10 21:12:54 - INFO - [Epoch 3] Step 400/1945 - loss: 1.1387
2025-11-10 21:13:06 - INFO - [Epoch 3] Step 500/1945 - loss: 1.1283
2025-11-10 21:13:19 - INFO - [Epoch 3] Step 600/1945 - loss: 1.1248
2025-11-10 21:13:32 - INFO - [Epoch 3] Step 700/1945 - loss: 1.1134
2025-11-10 21:13:44 - INFO - [Epoch 3] Step 800/1945 - loss: 1.1010
2025-11-10 21:13:57 - INFO - [Epoch 3] Step 900/1945 - loss: 1.1019
2025-11-10 21:14:09 - INFO - [Epoch 3] Step 1000/1945 - loss: 1.0984
2025-11-10 21:14:22 - INFO - [Epoch 3] Step 1100/1945 - loss: 1.0994
2025-11-10 21:14:34 - INFO - [Epoch 3] Step 1200/1945 - loss: 1.0873
2025-11-10 21:14:47 - INFO - [Epoch 3] Step 1300/1945 - loss: 1.0820
2025-11-10 21:15:00 - INFO - [Epoch 3] Step 1400/1945 - loss: 1.0790
2025-11-10 21:15:12 - INFO - [Epoch 3] Step 1500/1945 - loss: 1.0769
2025-11-10 21:15:25 - INFO - [Epoch 3] Step 1600/1945 - loss: 1.0776
2025-11-10 21:15:38 - INFO - [Epoch 3] Step 1700/1945 - loss: 1.0702
2025-11-10 21:15:51 - INFO - [Epoch 3] Step 1800/1945 - loss: 1.0668
2025-11-10 21:16:03 - INFO - [Epoch 3] Step 1900/1945 - loss: 1.0596
2025-11-10 21:16:09 - INFO - [Epoch 3] Step 1945/1945 - loss: 1.0574
2025-11-10 21:16:29 - INFO - [Epoch 3] Top misclassified classes: 7: 87/138 (acc=0.370), 14: 60/138 (acc=0.565), 3: 42/137 (acc=0.693), 4: 13/138 (acc=0.906), 12: 7/137 (acc=0.949), 1: 5/137 (acc=0.964), 13: 5/137 (acc=0.964), 11: 4/137 (acc=0.971), 10: 3/137 (acc=0.978), 8: 2/138 (acc=0.986)
2025-11-10 21:16:29 - INFO - Epoch 3/20 - train_loss: 1.0574 - val_loss: 0.6197 - f1: 0.8978
2025-11-10 21:16:43 - INFO - [Epoch 4] Step 100/1945 - loss: 0.9206
2025-11-10 21:16:56 - INFO - [Epoch 4] Step 200/1945 - loss: 0.9098
2025-11-10 21:17:09 - INFO - [Epoch 4] Step 300/1945 - loss: 0.9242
2025-11-10 21:17:21 - INFO - [Epoch 4] Step 400/1945 - loss: 0.9316
2025-11-10 21:17:34 - INFO - [Epoch 4] Step 500/1945 - loss: 0.9301
2025-11-10 21:17:47 - INFO - [Epoch 4] Step 600/1945 - loss: 0.9225
2025-11-10 21:17:59 - INFO - [Epoch 4] Step 700/1945 - loss: 0.9242
2025-11-10 21:18:12 - INFO - [Epoch 4] Step 800/1945 - loss: 0.9188
2025-11-10 21:18:25 - INFO - [Epoch 4] Step 900/1945 - loss: 0.9217
2025-11-10 21:18:37 - INFO - [Epoch 4] Step 1000/1945 - loss: 0.9231
2025-11-10 21:18:50 - INFO - [Epoch 4] Step 1100/1945 - loss: 0.9205
2025-11-10 21:19:02 - INFO - [Epoch 4] Step 1200/1945 - loss: 0.9140
2025-11-10 21:19:15 - INFO - [Epoch 4] Step 1300/1945 - loss: 0.9150
2025-11-10 21:19:28 - INFO - [Epoch 4] Step 1400/1945 - loss: 0.9113
2025-11-10 21:19:40 - INFO - [Epoch 4] Step 1500/1945 - loss: 0.9117
2025-11-10 21:19:53 - INFO - [Epoch 4] Step 1600/1945 - loss: 0.9123
2025-11-10 21:20:05 - INFO - [Epoch 4] Step 1700/1945 - loss: 0.9116
2025-11-10 21:20:18 - INFO - [Epoch 4] Step 1800/1945 - loss: 0.9088
2025-11-10 21:20:31 - INFO - [Epoch 4] Step 1900/1945 - loss: 0.9081
2025-11-10 21:20:37 - INFO - [Epoch 4] Step 1945/1945 - loss: 0.9087
2025-11-10 21:20:57 - INFO - [Epoch 4] Top misclassified classes: 7: 106/138 (acc=0.232), 4: 43/138 (acc=0.688), 14: 23/138 (acc=0.833), 3: 14/137 (acc=0.898), 13: 9/137 (acc=0.934), 1: 3/137 (acc=0.978), 5: 2/137 (acc=0.985), 6: 2/137 (acc=0.985), 10: 2/137 (acc=0.985), 11: 1/137 (acc=0.993)
2025-11-10 21:20:59 - INFO - Epoch 4/20 - train_loss: 0.9087 - val_loss: 0.6219 - f1: 0.9073
2025-11-10 21:21:13 - INFO - [Epoch 5] Step 100/1945 - loss: 0.8841
2025-11-10 21:21:26 - INFO - [Epoch 5] Step 200/1945 - loss: 0.8593
2025-11-10 21:21:38 - INFO - [Epoch 5] Step 300/1945 - loss: 0.8488
2025-11-10 21:21:51 - INFO - [Epoch 5] Step 400/1945 - loss: 0.8515
2025-11-10 21:22:03 - INFO - [Epoch 5] Step 500/1945 - loss: 0.8549
2025-11-10 21:22:16 - INFO - [Epoch 5] Step 600/1945 - loss: 0.8501
2025-11-10 21:22:29 - INFO - [Epoch 5] Step 700/1945 - loss: 0.8424
2025-11-10 21:22:41 - INFO - [Epoch 5] Step 800/1945 - loss: 0.8411
2025-11-10 21:22:54 - INFO - [Epoch 5] Step 900/1945 - loss: 0.8420
2025-11-10 21:23:06 - INFO - [Epoch 5] Step 1000/1945 - loss: 0.8418
2025-11-10 21:23:18 - INFO - [Epoch 5] Step 1100/1945 - loss: 0.8401
2025-11-10 21:23:31 - INFO - [Epoch 5] Step 1200/1945 - loss: 0.8427
2025-11-10 21:23:43 - INFO - [Epoch 5] Step 1300/1945 - loss: 0.8488
2025-11-10 21:23:56 - INFO - [Epoch 5] Step 1400/1945 - loss: 0.8471
2025-11-10 21:24:08 - INFO - [Epoch 5] Step 1500/1945 - loss: 0.8402
2025-11-10 21:24:21 - INFO - [Epoch 5] Step 1600/1945 - loss: 0.8367
2025-11-10 21:24:33 - INFO - [Epoch 5] Step 1700/1945 - loss: 0.8323
2025-11-10 21:24:46 - INFO - [Epoch 5] Step 1800/1945 - loss: 0.8305
2025-11-10 21:24:59 - INFO - [Epoch 5] Step 1900/1945 - loss: 0.8292
2025-11-10 21:25:05 - INFO - [Epoch 5] Step 1945/1945 - loss: 0.8309
2025-11-10 21:25:25 - INFO - [Epoch 5] Top misclassified classes: 3: 78/137 (acc=0.431), 7: 56/138 (acc=0.594), 14: 24/138 (acc=0.826), 4: 11/138 (acc=0.920), 13: 8/137 (acc=0.942), 10: 6/137 (acc=0.956), 0: 4/138 (acc=0.971), 8: 4/138 (acc=0.971), 11: 3/137 (acc=0.978), 6: 2/137 (acc=0.985)
2025-11-10 21:25:27 - INFO - Epoch 5/20 - train_loss: 0.8309 - val_loss: 0.6097 - f1: 0.9129
2025-11-10 21:25:41 - INFO - [Epoch 6] Step 100/1945 - loss: 0.8069
2025-11-10 21:25:53 - INFO - [Epoch 6] Step 200/1945 - loss: 0.8365
2025-11-10 21:26:06 - INFO - [Epoch 6] Step 300/1945 - loss: 0.8177
2025-11-10 21:26:19 - INFO - [Epoch 6] Step 400/1945 - loss: 0.8139
2025-11-10 21:26:31 - INFO - [Epoch 6] Step 500/1945 - loss: 0.8146
2025-11-10 21:26:44 - INFO - [Epoch 6] Step 600/1945 - loss: 0.8138
2025-11-10 21:26:56 - INFO - [Epoch 6] Step 700/1945 - loss: 0.8117
2025-11-10 21:27:09 - INFO - [Epoch 6] Step 800/1945 - loss: 0.8054
2025-11-10 21:27:22 - INFO - [Epoch 6] Step 900/1945 - loss: 0.8021
2025-11-10 21:27:34 - INFO - [Epoch 6] Step 1000/1945 - loss: 0.7985
2025-11-10 21:27:47 - INFO - [Epoch 6] Step 1100/1945 - loss: 0.7952
2025-11-10 21:28:00 - INFO - [Epoch 6] Step 1200/1945 - loss: 0.7952
2025-11-10 21:28:12 - INFO - [Epoch 6] Step 1300/1945 - loss: 0.7899
2025-11-10 21:28:25 - INFO - [Epoch 6] Step 1400/1945 - loss: 0.7894
2025-11-10 21:28:38 - INFO - [Epoch 6] Step 1500/1945 - loss: 0.7928
2025-11-10 21:28:51 - INFO - [Epoch 6] Step 1600/1945 - loss: 0.7930
2025-11-10 21:29:03 - INFO - [Epoch 6] Step 1700/1945 - loss: 0.7902
2025-11-10 21:29:16 - INFO - [Epoch 6] Step 1800/1945 - loss: 0.7869
2025-11-10 21:29:29 - INFO - [Epoch 6] Step 1900/1945 - loss: 0.7829
2025-11-10 21:29:34 - INFO - [Epoch 6] Step 1945/1945 - loss: 0.7834
2025-11-10 21:29:55 - INFO - [Epoch 6] Top misclassified classes: 7: 65/138 (acc=0.529), 3: 57/137 (acc=0.584), 4: 21/138 (acc=0.848), 14: 6/138 (acc=0.957), 13: 6/137 (acc=0.956), 11: 3/137 (acc=0.978), 10: 2/137 (acc=0.985), 1: 1/137 (acc=0.993), 6: 1/137 (acc=0.993), 0: 0/138 (acc=1.000)
2025-11-10 21:29:57 - INFO - Epoch 6/20 - train_loss: 0.7834 - val_loss: 0.5713 - f1: 0.9272
2025-11-10 21:30:10 - INFO - [Epoch 7] Step 100/1945 - loss: 0.7353
2025-11-10 21:30:23 - INFO - [Epoch 7] Step 200/1945 - loss: 0.7273
2025-11-10 21:30:36 - INFO - [Epoch 7] Step 300/1945 - loss: 0.7343
2025-11-10 21:30:48 - INFO - [Epoch 7] Step 400/1945 - loss: 0.7440
2025-11-10 21:31:01 - INFO - [Epoch 7] Step 500/1945 - loss: 0.7424
2025-11-10 21:31:14 - INFO - [Epoch 7] Step 600/1945 - loss: 0.7424
2025-11-10 21:31:27 - INFO - [Epoch 7] Step 700/1945 - loss: 0.7485
2025-11-10 21:31:39 - INFO - [Epoch 7] Step 800/1945 - loss: 0.7546
2025-11-10 21:31:52 - INFO - [Epoch 7] Step 900/1945 - loss: 0.7461
2025-11-10 21:32:05 - INFO - [Epoch 7] Step 1000/1945 - loss: 0.7426
2025-11-10 21:32:18 - INFO - [Epoch 7] Step 1100/1945 - loss: 0.7440
2025-11-10 21:32:30 - INFO - [Epoch 7] Step 1200/1945 - loss: 0.7447
2025-11-10 21:32:43 - INFO - [Epoch 7] Step 1300/1945 - loss: 0.7430
2025-11-10 21:32:56 - INFO - [Epoch 7] Step 1400/1945 - loss: 0.7425
2025-11-10 21:33:09 - INFO - [Epoch 7] Step 1500/1945 - loss: 0.7424
2025-11-10 21:33:21 - INFO - [Epoch 7] Step 1600/1945 - loss: 0.7447
2025-11-10 21:33:34 - INFO - [Epoch 7] Step 1700/1945 - loss: 0.7385
2025-11-10 21:33:46 - INFO - [Epoch 7] Step 1800/1945 - loss: 0.7369
2025-11-10 21:33:59 - INFO - [Epoch 7] Step 1900/1945 - loss: 0.7334
2025-11-10 21:34:05 - INFO - [Epoch 7] Step 1945/1945 - loss: 0.7330
2025-11-10 21:34:25 - INFO - [Epoch 7] Top misclassified classes: 7: 54/138 (acc=0.609), 3: 31/137 (acc=0.774), 14: 19/138 (acc=0.862), 4: 15/138 (acc=0.891), 10: 5/137 (acc=0.964), 13: 3/137 (acc=0.978), 11: 2/137 (acc=0.985), 12: 2/137 (acc=0.985), 0: 1/138 (acc=0.993), 6: 1/137 (acc=0.993)
2025-11-10 21:34:26 - INFO - Epoch 7/20 - train_loss: 0.7330 - val_loss: 0.5168 - f1: 0.9430
2025-11-10 21:34:40 - INFO - [Epoch 8] Step 100/1945 - loss: 0.7091
2025-11-10 21:34:53 - INFO - [Epoch 8] Step 200/1945 - loss: 0.7283
2025-11-10 21:35:06 - INFO - [Epoch 8] Step 300/1945 - loss: 0.7163
2025-11-10 21:35:19 - INFO - [Epoch 8] Step 400/1945 - loss: 0.7083
2025-11-10 21:35:31 - INFO - [Epoch 8] Step 500/1945 - loss: 0.7060
2025-11-10 21:35:44 - INFO - [Epoch 8] Step 600/1945 - loss: 0.7007
2025-11-10 21:35:57 - INFO - [Epoch 8] Step 700/1945 - loss: 0.7009
2025-11-10 21:36:09 - INFO - [Epoch 8] Step 800/1945 - loss: 0.7042
2025-11-10 21:36:22 - INFO - [Epoch 8] Step 900/1945 - loss: 0.7035
2025-11-10 21:36:35 - INFO - [Epoch 8] Step 1000/1945 - loss: 0.7021
2025-11-10 21:36:48 - INFO - [Epoch 8] Step 1100/1945 - loss: 0.7005
2025-11-10 21:37:00 - INFO - [Epoch 8] Step 1200/1945 - loss: 0.7027
2025-11-10 21:37:13 - INFO - [Epoch 8] Step 1300/1945 - loss: 0.6992
2025-11-10 21:37:26 - INFO - [Epoch 8] Step 1400/1945 - loss: 0.6992
2025-11-10 21:37:38 - INFO - [Epoch 8] Step 1500/1945 - loss: 0.6963
2025-11-10 21:37:51 - INFO - [Epoch 8] Step 1600/1945 - loss: 0.6997
2025-11-10 21:38:04 - INFO - [Epoch 8] Step 1700/1945 - loss: 0.6997
2025-11-10 21:38:16 - INFO - [Epoch 8] Step 1800/1945 - loss: 0.6974
2025-11-10 21:38:29 - INFO - [Epoch 8] Step 1900/1945 - loss: 0.7001
2025-11-10 21:38:34 - INFO - [Epoch 8] Step 1945/1945 - loss: 0.6988
2025-11-10 21:38:55 - INFO - [Epoch 8] Top misclassified classes: 7: 47/138 (acc=0.659), 3: 32/137 (acc=0.766), 4: 20/138 (acc=0.855), 14: 6/138 (acc=0.957), 1: 5/137 (acc=0.964), 10: 4/137 (acc=0.971), 13: 4/137 (acc=0.971), 11: 2/137 (acc=0.985), 0: 1/138 (acc=0.993), 5: 1/137 (acc=0.993)
2025-11-10 21:38:57 - INFO - Epoch 8/20 - train_loss: 0.6988 - val_loss: 0.4833 - f1: 0.9467
2025-11-10 21:39:11 - INFO - [Epoch 9] Step 100/1945 - loss: 0.7274
2025-11-10 21:39:23 - INFO - [Epoch 9] Step 200/1945 - loss: 0.6877
2025-11-10 21:39:35 - INFO - [Epoch 9] Step 300/1945 - loss: 0.6638
2025-11-10 21:39:48 - INFO - [Epoch 9] Step 400/1945 - loss: 0.6584
2025-11-10 21:40:01 - INFO - [Epoch 9] Step 500/1945 - loss: 0.6675
2025-11-10 21:40:13 - INFO - [Epoch 9] Step 600/1945 - loss: 0.6672
2025-11-10 21:40:26 - INFO - [Epoch 9] Step 700/1945 - loss: 0.6639
2025-11-10 21:40:39 - INFO - [Epoch 9] Step 800/1945 - loss: 0.6609
2025-11-10 21:40:52 - INFO - [Epoch 9] Step 900/1945 - loss: 0.6574
2025-11-10 21:41:04 - INFO - [Epoch 9] Step 1000/1945 - loss: 0.6605
2025-11-10 21:41:17 - INFO - [Epoch 9] Step 1100/1945 - loss: 0.6587
2025-11-10 21:41:30 - INFO - [Epoch 9] Step 1200/1945 - loss: 0.6605
2025-11-10 21:41:42 - INFO - [Epoch 9] Step 1300/1945 - loss: 0.6589
2025-11-10 21:41:55 - INFO - [Epoch 9] Step 1400/1945 - loss: 0.6580
2025-11-10 21:42:08 - INFO - [Epoch 9] Step 1500/1945 - loss: 0.6572
2025-11-10 21:42:21 - INFO - [Epoch 9] Step 1600/1945 - loss: 0.6571
2025-11-10 21:42:34 - INFO - [Epoch 9] Step 1700/1945 - loss: 0.6540
2025-11-10 21:42:46 - INFO - [Epoch 9] Step 1800/1945 - loss: 0.6528
2025-11-10 21:42:59 - INFO - [Epoch 9] Step 1900/1945 - loss: 0.6525
2025-11-10 21:43:05 - INFO - [Epoch 9] Step 1945/1945 - loss: 0.6540
2025-11-10 21:43:25 - INFO - [Epoch 9] Top misclassified classes: 7: 58/138 (acc=0.580), 3: 13/137 (acc=0.905), 4: 10/138 (acc=0.928), 12: 6/137 (acc=0.956), 14: 4/138 (acc=0.971), 10: 4/137 (acc=0.971), 13: 4/137 (acc=0.971), 0: 0/138 (acc=1.000), 8: 0/138 (acc=1.000), 1: 0/137 (acc=1.000)
2025-11-10 21:43:27 - INFO - Epoch 9/20 - train_loss: 0.6540 - val_loss: 0.4627 - f1: 0.9569
2025-11-10 21:43:41 - INFO - [Epoch 10] Step 100/1945 - loss: 0.6668
2025-11-10 21:43:53 - INFO - [Epoch 10] Step 200/1945 - loss: 0.6458
2025-11-10 21:44:06 - INFO - [Epoch 10] Step 300/1945 - loss: 0.6381
2025-11-10 21:44:19 - INFO - [Epoch 10] Step 400/1945 - loss: 0.6373
2025-11-10 21:44:31 - INFO - [Epoch 10] Step 500/1945 - loss: 0.6280
2025-11-10 21:44:44 - INFO - [Epoch 10] Step 600/1945 - loss: 0.6282
2025-11-10 21:44:57 - INFO - [Epoch 10] Step 700/1945 - loss: 0.6266
2025-11-10 21:45:09 - INFO - [Epoch 10] Step 800/1945 - loss: 0.6228
2025-11-10 21:45:22 - INFO - [Epoch 10] Step 900/1945 - loss: 0.6276
2025-11-10 21:45:35 - INFO - [Epoch 10] Step 1000/1945 - loss: 0.6304
2025-11-10 21:45:48 - INFO - [Epoch 10] Step 1100/1945 - loss: 0.6306
2025-11-10 21:46:01 - INFO - [Epoch 10] Step 1200/1945 - loss: 0.6326
2025-11-10 21:46:13 - INFO - [Epoch 10] Step 1300/1945 - loss: 0.6341
2025-11-10 21:46:26 - INFO - [Epoch 10] Step 1400/1945 - loss: 0.6331
2025-11-10 21:46:39 - INFO - [Epoch 10] Step 1500/1945 - loss: 0.6311
2025-11-10 21:46:52 - INFO - [Epoch 10] Step 1600/1945 - loss: 0.6284
2025-11-10 21:47:04 - INFO - [Epoch 10] Step 1700/1945 - loss: 0.6313
2025-11-10 21:47:17 - INFO - [Epoch 10] Step 1800/1945 - loss: 0.6319
2025-11-10 21:47:30 - INFO - [Epoch 10] Step 1900/1945 - loss: 0.6308
2025-11-10 21:47:35 - INFO - [Epoch 10] Step 1945/1945 - loss: 0.6311
2025-11-10 21:47:56 - INFO - [Epoch 10] Top misclassified classes: 7: 26/138 (acc=0.812), 3: 26/137 (acc=0.810), 14: 20/138 (acc=0.855), 10: 7/137 (acc=0.949), 13: 4/137 (acc=0.971), 4: 3/138 (acc=0.978), 1: 2/137 (acc=0.985), 8: 1/138 (acc=0.993), 0: 0/138 (acc=1.000), 2: 0/137 (acc=1.000)
2025-11-10 21:47:58 - INFO - Epoch 10/20 - train_loss: 0.6311 - val_loss: 0.4684 - f1: 0.9618
2025-11-10 21:48:11 - INFO - [Epoch 11] Step 100/1945 - loss: 0.6207
2025-11-10 21:48:23 - INFO - [Epoch 11] Step 200/1945 - loss: 0.6140
2025-11-10 21:48:36 - INFO - [Epoch 11] Step 300/1945 - loss: 0.6101
2025-11-10 21:48:49 - INFO - [Epoch 11] Step 400/1945 - loss: 0.6109
2025-11-10 21:49:01 - INFO - [Epoch 11] Step 500/1945 - loss: 0.6190
2025-11-10 21:49:14 - INFO - [Epoch 11] Step 600/1945 - loss: 0.6079
2025-11-10 21:49:26 - INFO - [Epoch 11] Step 700/1945 - loss: 0.6249
2025-11-10 21:49:39 - INFO - [Epoch 11] Step 800/1945 - loss: 0.6260
2025-11-10 21:49:52 - INFO - [Epoch 11] Step 900/1945 - loss: 0.6221
2025-11-10 21:50:05 - INFO - [Epoch 11] Step 1000/1945 - loss: 0.6157
2025-11-10 21:50:18 - INFO - [Epoch 11] Step 1100/1945 - loss: 0.6154
2025-11-10 21:50:30 - INFO - [Epoch 11] Step 1200/1945 - loss: 0.6117
2025-11-10 21:50:43 - INFO - [Epoch 11] Step 1300/1945 - loss: 0.6118
2025-11-10 21:50:55 - INFO - [Epoch 11] Step 1400/1945 - loss: 0.6120
2025-11-10 21:51:08 - INFO - [Epoch 11] Step 1500/1945 - loss: 0.6112
2025-11-10 21:51:21 - INFO - [Epoch 11] Step 1600/1945 - loss: 0.6083
2025-11-10 21:51:33 - INFO - [Epoch 11] Step 1700/1945 - loss: 0.6084
2025-11-10 21:51:46 - INFO - [Epoch 11] Step 1800/1945 - loss: 0.6077
2025-11-10 21:51:59 - INFO - [Epoch 11] Step 1900/1945 - loss: 0.6058
2025-11-10 21:52:05 - INFO - [Epoch 11] Step 1945/1945 - loss: 0.6065
2025-11-10 21:52:25 - INFO - [Epoch 11] Top misclassified classes: 7: 32/138 (acc=0.768), 3: 19/137 (acc=0.861), 4: 11/138 (acc=0.920), 14: 3/138 (acc=0.978), 10: 2/137 (acc=0.985), 13: 2/137 (acc=0.985), 8: 1/138 (acc=0.993), 12: 1/137 (acc=0.993), 0: 0/138 (acc=1.000), 1: 0/137 (acc=1.000)
2025-11-10 21:52:27 - INFO - Epoch 11/20 - train_loss: 0.6065 - val_loss: 0.4473 - f1: 0.9694
2025-11-10 21:52:40 - INFO - [Epoch 12] Step 100/1945 - loss: 0.5901
2025-11-10 21:52:53 - INFO - [Epoch 12] Step 200/1945 - loss: 0.5834
2025-11-10 21:53:06 - INFO - [Epoch 12] Step 300/1945 - loss: 0.5799
2025-11-10 21:53:19 - INFO - [Epoch 12] Step 400/1945 - loss: 0.5774
2025-11-10 21:53:31 - INFO - [Epoch 12] Step 500/1945 - loss: 0.5771
2025-11-10 21:53:44 - INFO - [Epoch 12] Step 600/1945 - loss: 0.5727
2025-11-10 21:53:56 - INFO - [Epoch 12] Step 700/1945 - loss: 0.5797
2025-11-10 21:54:09 - INFO - [Epoch 12] Step 800/1945 - loss: 0.5874
2025-11-10 21:54:22 - INFO - [Epoch 12] Step 900/1945 - loss: 0.5851
2025-11-10 21:54:34 - INFO - [Epoch 12] Step 1000/1945 - loss: 0.5841
2025-11-10 21:54:47 - INFO - [Epoch 12] Step 1100/1945 - loss: 0.5869
2025-11-10 21:55:00 - INFO - [Epoch 12] Step 1200/1945 - loss: 0.5852
2025-11-10 21:55:12 - INFO - [Epoch 12] Step 1300/1945 - loss: 0.5857
2025-11-10 21:55:25 - INFO - [Epoch 12] Step 1400/1945 - loss: 0.5816
2025-11-10 21:55:37 - INFO - [Epoch 12] Step 1500/1945 - loss: 0.5797
2025-11-10 21:55:50 - INFO - [Epoch 12] Step 1600/1945 - loss: 0.5785
2025-11-10 21:56:02 - INFO - [Epoch 12] Step 1700/1945 - loss: 0.5745
2025-11-10 21:56:15 - INFO - [Epoch 12] Step 1800/1945 - loss: 0.5752
2025-11-10 21:56:28 - INFO - [Epoch 12] Step 1900/1945 - loss: 0.5742
2025-11-10 21:56:34 - INFO - [Epoch 12] Step 1945/1945 - loss: 0.5738
2025-11-10 21:56:54 - INFO - [Epoch 12] Top misclassified classes: 7: 23/138 (acc=0.833), 3: 22/137 (acc=0.839), 4: 8/138 (acc=0.942), 10: 4/137 (acc=0.971), 13: 4/137 (acc=0.971), 14: 2/138 (acc=0.986), 11: 1/137 (acc=0.993), 12: 1/137 (acc=0.993), 0: 0/138 (acc=1.000), 8: 0/138 (acc=1.000)
2025-11-10 21:56:56 - INFO - Epoch 12/20 - train_loss: 0.5738 - val_loss: 0.4225 - f1: 0.9720
2025-11-10 21:57:10 - INFO - [Epoch 13] Step 100/1945 - loss: 0.5558
2025-11-10 21:57:22 - INFO - [Epoch 13] Step 200/1945 - loss: 0.6073
2025-11-10 21:57:35 - INFO - [Epoch 13] Step 300/1945 - loss: 0.5935
2025-11-10 21:57:48 - INFO - [Epoch 13] Step 400/1945 - loss: 0.5766
2025-11-10 21:58:01 - INFO - [Epoch 13] Step 500/1945 - loss: 0.5771
2025-11-10 21:58:13 - INFO - [Epoch 13] Step 600/1945 - loss: 0.5747
2025-11-10 21:58:26 - INFO - [Epoch 13] Step 700/1945 - loss: 0.5789
2025-11-10 21:58:39 - INFO - [Epoch 13] Step 800/1945 - loss: 0.5783
2025-11-10 21:58:52 - INFO - [Epoch 13] Step 900/1945 - loss: 0.5808
2025-11-10 21:59:04 - INFO - [Epoch 13] Step 1000/1945 - loss: 0.5740
2025-11-10 21:59:17 - INFO - [Epoch 13] Step 1100/1945 - loss: 0.5750
2025-11-10 21:59:30 - INFO - [Epoch 13] Step 1200/1945 - loss: 0.5716
2025-11-10 21:59:42 - INFO - [Epoch 13] Step 1300/1945 - loss: 0.5686
2025-11-10 21:59:54 - INFO - [Epoch 13] Step 1400/1945 - loss: 0.5666
2025-11-10 22:00:07 - INFO - [Epoch 13] Step 1500/1945 - loss: 0.5669
2025-11-10 22:00:20 - INFO - [Epoch 13] Step 1600/1945 - loss: 0.5651
2025-11-10 22:00:32 - INFO - [Epoch 13] Step 1700/1945 - loss: 0.5657
2025-11-10 22:00:45 - INFO - [Epoch 13] Step 1800/1945 - loss: 0.5704
2025-11-10 22:00:58 - INFO - [Epoch 13] Step 1900/1945 - loss: 0.5677
2025-11-10 22:01:03 - INFO - [Epoch 13] Step 1945/1945 - loss: 0.5664
2025-11-10 22:01:24 - INFO - [Epoch 13] Top misclassified classes: 7: 28/138 (acc=0.797), 3: 11/137 (acc=0.920), 4: 6/138 (acc=0.957), 14: 4/138 (acc=0.971), 13: 2/137 (acc=0.985), 0: 1/138 (acc=0.993), 10: 1/137 (acc=0.993), 11: 1/137 (acc=0.993), 12: 1/137 (acc=0.993), 8: 0/138 (acc=1.000)
2025-11-10 22:01:25 - INFO - Epoch 13/20 - train_loss: 0.5664 - val_loss: 0.4068 - f1: 0.9761
2025-11-10 22:01:39 - INFO - [Epoch 14] Step 100/1945 - loss: 0.5168
2025-11-10 22:01:52 - INFO - [Epoch 14] Step 200/1945 - loss: 0.5343
2025-11-10 22:02:04 - INFO - [Epoch 14] Step 300/1945 - loss: 0.5261
2025-11-10 22:02:17 - INFO - [Epoch 14] Step 400/1945 - loss: 0.5395
2025-11-10 22:02:30 - INFO - [Epoch 14] Step 500/1945 - loss: 0.5403
2025-11-10 22:02:43 - INFO - [Epoch 14] Step 600/1945 - loss: 0.5423
2025-11-10 22:02:55 - INFO - [Epoch 14] Step 700/1945 - loss: 0.5472
2025-11-10 22:03:08 - INFO - [Epoch 14] Step 800/1945 - loss: 0.5457
2025-11-10 22:03:21 - INFO - [Epoch 14] Step 900/1945 - loss: 0.5397
2025-11-10 22:03:33 - INFO - [Epoch 14] Step 1000/1945 - loss: 0.5409
2025-11-10 22:03:46 - INFO - [Epoch 14] Step 1100/1945 - loss: 0.5433
2025-11-10 22:03:59 - INFO - [Epoch 14] Step 1200/1945 - loss: 0.5392
2025-11-10 22:04:11 - INFO - [Epoch 14] Step 1300/1945 - loss: 0.5382
2025-11-10 22:04:24 - INFO - [Epoch 14] Step 1400/1945 - loss: 0.5369
2025-11-10 22:04:37 - INFO - [Epoch 14] Step 1500/1945 - loss: 0.5352
2025-11-10 22:04:49 - INFO - [Epoch 14] Step 1600/1945 - loss: 0.5354
2025-11-10 22:05:02 - INFO - [Epoch 14] Step 1700/1945 - loss: 0.5332
2025-11-10 22:05:15 - INFO - [Epoch 14] Step 1800/1945 - loss: 0.5325
2025-11-10 22:05:28 - INFO - [Epoch 14] Step 1900/1945 - loss: 0.5328
2025-11-10 22:05:33 - INFO - [Epoch 14] Step 1945/1945 - loss: 0.5320
2025-11-10 22:05:54 - INFO - [Epoch 14] Top misclassified classes: 7: 20/138 (acc=0.855), 3: 16/137 (acc=0.883), 4: 7/138 (acc=0.949), 14: 6/138 (acc=0.957), 12: 3/137 (acc=0.978), 13: 2/137 (acc=0.985), 10: 1/137 (acc=0.993), 11: 1/137 (acc=0.993), 0: 0/138 (acc=1.000), 8: 0/138 (acc=1.000)
2025-11-10 22:05:54 - INFO - Epoch 14/20 - train_loss: 0.5320 - val_loss: 0.4068 - f1: 0.9762
2025-11-10 22:06:08 - INFO - [Epoch 15] Step 100/1945 - loss: 0.5426
2025-11-10 22:06:21 - INFO - [Epoch 15] Step 200/1945 - loss: 0.5410
2025-11-10 22:06:33 - INFO - [Epoch 15] Step 300/1945 - loss: 0.5418
2025-11-10 22:06:46 - INFO - [Epoch 15] Step 400/1945 - loss: 0.5357
2025-11-10 22:06:59 - INFO - [Epoch 15] Step 500/1945 - loss: 0.5372
2025-11-10 22:07:12 - INFO - [Epoch 15] Step 600/1945 - loss: 0.5280
2025-11-10 22:07:24 - INFO - [Epoch 15] Step 700/1945 - loss: 0.5251
2025-11-10 22:07:37 - INFO - [Epoch 15] Step 800/1945 - loss: 0.5219
2025-11-10 22:07:50 - INFO - [Epoch 15] Step 900/1945 - loss: 0.5141
2025-11-10 22:08:02 - INFO - [Epoch 15] Step 1000/1945 - loss: 0.5180
2025-11-10 22:08:15 - INFO - [Epoch 15] Step 1100/1945 - loss: 0.5218
2025-11-10 22:08:28 - INFO - [Epoch 15] Step 1200/1945 - loss: 0.5199
2025-11-10 22:08:41 - INFO - [Epoch 15] Step 1300/1945 - loss: 0.5184
2025-11-10 22:08:53 - INFO - [Epoch 15] Step 1400/1945 - loss: 0.5206
2025-11-10 22:09:06 - INFO - [Epoch 15] Step 1500/1945 - loss: 0.5226
2025-11-10 22:09:19 - INFO - [Epoch 15] Step 1600/1945 - loss: 0.5197
2025-11-10 22:09:31 - INFO - [Epoch 15] Step 1700/1945 - loss: 0.5206
2025-11-10 22:09:44 - INFO - [Epoch 15] Step 1800/1945 - loss: 0.5207
2025-11-10 22:09:57 - INFO - [Epoch 15] Step 1900/1945 - loss: 0.5197
2025-11-10 22:10:02 - INFO - [Epoch 15] Step 1945/1945 - loss: 0.5184
2025-11-10 22:10:23 - INFO - [Epoch 15] Top misclassified classes: 7: 28/138 (acc=0.797), 3: 9/137 (acc=0.934), 4: 3/138 (acc=0.978), 13: 3/137 (acc=0.978), 14: 2/138 (acc=0.986), 8: 1/138 (acc=0.993), 5: 1/137 (acc=0.993), 10: 1/137 (acc=0.993), 12: 1/137 (acc=0.993), 0: 0/138 (acc=1.000)
2025-11-10 22:10:25 - INFO - Epoch 15/20 - train_loss: 0.5184 - val_loss: 0.3951 - f1: 0.9789
2025-11-10 22:10:39 - INFO - [Epoch 16] Step 100/1945 - loss: 0.5074
2025-11-10 22:10:51 - INFO - [Epoch 16] Step 200/1945 - loss: 0.5050
2025-11-10 22:11:04 - INFO - [Epoch 16] Step 300/1945 - loss: 0.5001
2025-11-10 22:11:17 - INFO - [Epoch 16] Step 400/1945 - loss: 0.5067
2025-11-10 22:11:29 - INFO - [Epoch 16] Step 500/1945 - loss: 0.5109
2025-11-10 22:11:42 - INFO - [Epoch 16] Step 600/1945 - loss: 0.5046
2025-11-10 22:11:55 - INFO - [Epoch 16] Step 700/1945 - loss: 0.5035
2025-11-10 22:12:07 - INFO - [Epoch 16] Step 800/1945 - loss: 0.5019
2025-11-10 22:12:20 - INFO - [Epoch 16] Step 900/1945 - loss: 0.5019
2025-11-10 22:12:32 - INFO - [Epoch 16] Step 1000/1945 - loss: 0.5027
2025-11-10 22:12:45 - INFO - [Epoch 16] Step 1100/1945 - loss: 0.5014
2025-11-10 22:12:58 - INFO - [Epoch 16] Step 1200/1945 - loss: 0.5014
2025-11-10 22:13:11 - INFO - [Epoch 16] Step 1300/1945 - loss: 0.4990
2025-11-10 22:13:24 - INFO - [Epoch 16] Step 1400/1945 - loss: 0.4984
2025-11-10 22:13:36 - INFO - [Epoch 16] Step 1500/1945 - loss: 0.5003
2025-11-10 22:13:49 - INFO - [Epoch 16] Step 1600/1945 - loss: 0.4987
2025-11-10 22:14:01 - INFO - [Epoch 16] Step 1700/1945 - loss: 0.4978
2025-11-10 22:14:14 - INFO - [Epoch 16] Step 1800/1945 - loss: 0.4963
2025-11-10 22:14:27 - INFO - [Epoch 16] Step 1900/1945 - loss: 0.4965
2025-11-10 22:14:33 - INFO - [Epoch 16] Step 1945/1945 - loss: 0.4957
2025-11-10 22:14:53 - INFO - [Epoch 16] Top misclassified classes: 7: 22/138 (acc=0.841), 3: 7/137 (acc=0.949), 4: 3/138 (acc=0.978), 13: 2/137 (acc=0.985), 14: 1/138 (acc=0.993), 10: 1/137 (acc=0.993), 11: 1/137 (acc=0.993), 0: 0/138 (acc=1.000), 8: 0/138 (acc=1.000), 1: 0/137 (acc=1.000)
2025-11-10 22:14:55 - INFO - Epoch 16/20 - train_loss: 0.4957 - val_loss: 0.3856 - f1: 0.9840
2025-11-10 22:15:08 - INFO - [Epoch 17] Step 100/1945 - loss: 0.5201
2025-11-10 22:15:21 - INFO - [Epoch 17] Step 200/1945 - loss: 0.5069
2025-11-10 22:15:34 - INFO - [Epoch 17] Step 300/1945 - loss: 0.5056
2025-11-10 22:15:47 - INFO - [Epoch 17] Step 400/1945 - loss: 0.4969
2025-11-10 22:15:59 - INFO - [Epoch 17] Step 500/1945 - loss: 0.5040
2025-11-10 22:16:12 - INFO - [Epoch 17] Step 600/1945 - loss: 0.5112
2025-11-10 22:16:25 - INFO - [Epoch 17] Step 700/1945 - loss: 0.5090
2025-11-10 22:16:37 - INFO - [Epoch 17] Step 800/1945 - loss: 0.5061
2025-11-10 22:16:50 - INFO - [Epoch 17] Step 900/1945 - loss: 0.5045
2025-11-10 22:17:02 - INFO - [Epoch 17] Step 1000/1945 - loss: 0.5011
2025-11-10 22:17:15 - INFO - [Epoch 17] Step 1100/1945 - loss: 0.5034
2025-11-10 22:17:28 - INFO - [Epoch 17] Step 1200/1945 - loss: 0.5057
2025-11-10 22:17:41 - INFO - [Epoch 17] Step 1300/1945 - loss: 0.5034
2025-11-10 22:17:54 - INFO - [Epoch 17] Step 1400/1945 - loss: 0.5022
2025-11-10 22:18:06 - INFO - [Epoch 17] Step 1500/1945 - loss: 0.5017
2025-11-10 22:18:19 - INFO - [Epoch 17] Step 1600/1945 - loss: 0.5019
2025-11-10 22:18:32 - INFO - [Epoch 17] Step 1700/1945 - loss: 0.5023
2025-11-10 22:18:44 - INFO - [Epoch 17] Step 1800/1945 - loss: 0.5011
2025-11-10 22:18:57 - INFO - [Epoch 17] Step 1900/1945 - loss: 0.5005
2025-11-10 22:19:03 - INFO - [Epoch 17] Step 1945/1945 - loss: 0.4996
2025-11-10 22:19:23 - INFO - [Epoch 17] Top misclassified classes: 7: 16/138 (acc=0.884), 3: 8/137 (acc=0.942), 4: 7/138 (acc=0.949), 13: 2/137 (acc=0.985), 0: 1/138 (acc=0.993), 14: 1/138 (acc=0.993), 10: 1/137 (acc=0.993), 11: 1/137 (acc=0.993), 12: 1/137 (acc=0.993), 8: 0/138 (acc=1.000)
2025-11-10 22:19:24 - INFO - Epoch 17/20 - train_loss: 0.4996 - val_loss: 0.3756 - f1: 0.9837
2025-11-10 22:19:37 - INFO - [Epoch 18] Step 100/1945 - loss: 0.4891
2025-11-10 22:19:50 - INFO - [Epoch 18] Step 200/1945 - loss: 0.4739
2025-11-10 22:20:03 - INFO - [Epoch 18] Step 300/1945 - loss: 0.4811
2025-11-10 22:20:15 - INFO - [Epoch 18] Step 400/1945 - loss: 0.4873
2025-11-10 22:20:28 - INFO - [Epoch 18] Step 500/1945 - loss: 0.4883
2025-11-10 22:20:41 - INFO - [Epoch 18] Step 600/1945 - loss: 0.4833
2025-11-10 22:20:53 - INFO - [Epoch 18] Step 700/1945 - loss: 0.4875
2025-11-10 22:21:06 - INFO - [Epoch 18] Step 800/1945 - loss: 0.4914
2025-11-10 22:21:19 - INFO - [Epoch 18] Step 900/1945 - loss: 0.4926
2025-11-10 22:21:32 - INFO - [Epoch 18] Step 1000/1945 - loss: 0.4885
2025-11-10 22:21:44 - INFO - [Epoch 18] Step 1100/1945 - loss: 0.4890
2025-11-10 22:21:57 - INFO - [Epoch 18] Step 1200/1945 - loss: 0.4873
2025-11-10 22:22:10 - INFO - [Epoch 18] Step 1300/1945 - loss: 0.4859
2025-11-10 22:22:23 - INFO - [Epoch 18] Step 1400/1945 - loss: 0.4838
2025-11-10 22:22:35 - INFO - [Epoch 18] Step 1500/1945 - loss: 0.4817
2025-11-10 22:22:48 - INFO - [Epoch 18] Step 1600/1945 - loss: 0.4821
2025-11-10 22:23:01 - INFO - [Epoch 18] Step 1700/1945 - loss: 0.4822
2025-11-10 22:23:14 - INFO - [Epoch 18] Step 1800/1945 - loss: 0.4819
2025-11-10 22:23:26 - INFO - [Epoch 18] Step 1900/1945 - loss: 0.4815
2025-11-10 22:23:32 - INFO - [Epoch 18] Step 1945/1945 - loss: 0.4822
2025-11-10 22:23:53 - INFO - [Epoch 18] Top misclassified classes: 7: 19/138 (acc=0.862), 3: 5/137 (acc=0.964), 4: 3/138 (acc=0.978), 10: 2/137 (acc=0.985), 13: 2/137 (acc=0.985), 11: 1/137 (acc=0.993), 12: 1/137 (acc=0.993), 0: 0/138 (acc=1.000), 8: 0/138 (acc=1.000), 14: 0/138 (acc=1.000)
2025-11-10 22:23:54 - INFO - Epoch 18/20 - train_loss: 0.4822 - val_loss: 0.3786 - f1: 0.9858
2025-11-10 22:24:08 - INFO - [Epoch 19] Step 100/1945 - loss: 0.4767
2025-11-10 22:24:21 - INFO - [Epoch 19] Step 200/1945 - loss: 0.4545
2025-11-10 22:24:33 - INFO - [Epoch 19] Step 300/1945 - loss: 0.4517
2025-11-10 22:24:46 - INFO - [Epoch 19] Step 400/1945 - loss: 0.4636
2025-11-10 22:24:59 - INFO - [Epoch 19] Step 500/1945 - loss: 0.4622
2025-11-10 22:25:11 - INFO - [Epoch 19] Step 600/1945 - loss: 0.4695
2025-11-10 22:25:24 - INFO - [Epoch 19] Step 700/1945 - loss: 0.4710
2025-11-10 22:25:36 - INFO - [Epoch 19] Step 800/1945 - loss: 0.4699
2025-11-10 22:25:49 - INFO - [Epoch 19] Step 900/1945 - loss: 0.4710
2025-11-10 22:26:02 - INFO - [Epoch 19] Step 1000/1945 - loss: 0.4722
2025-11-10 22:26:15 - INFO - [Epoch 19] Step 1100/1945 - loss: 0.4738
2025-11-10 22:26:27 - INFO - [Epoch 19] Step 1200/1945 - loss: 0.4742
2025-11-10 22:26:40 - INFO - [Epoch 19] Step 1300/1945 - loss: 0.4730
2025-11-10 22:26:52 - INFO - [Epoch 19] Step 1400/1945 - loss: 0.4742
2025-11-10 22:27:05 - INFO - [Epoch 19] Step 1500/1945 - loss: 0.4745
2025-11-10 22:27:17 - INFO - [Epoch 19] Step 1600/1945 - loss: 0.4726
2025-11-10 22:27:30 - INFO - [Epoch 19] Step 1700/1945 - loss: 0.4729
2025-11-10 22:27:43 - INFO - [Epoch 19] Step 1800/1945 - loss: 0.4722
2025-11-10 22:27:55 - INFO - [Epoch 19] Step 1900/1945 - loss: 0.4748
2025-11-10 22:28:01 - INFO - [Epoch 19] Step 1945/1945 - loss: 0.4745
2025-11-10 22:28:22 - INFO - [Epoch 19] Top misclassified classes: 7: 18/138 (acc=0.870), 3: 4/137 (acc=0.971), 4: 2/138 (acc=0.986), 10: 2/137 (acc=0.985), 13: 2/137 (acc=0.985), 11: 1/137 (acc=0.993), 12: 1/137 (acc=0.993), 0: 0/138 (acc=1.000), 8: 0/138 (acc=1.000), 14: 0/138 (acc=1.000)
2025-11-10 22:28:24 - INFO - Epoch 19/20 - train_loss: 0.4745 - val_loss: 0.3761 - f1: 0.9871
2025-11-10 22:28:38 - INFO - [Epoch 20] Step 100/1945 - loss: 0.4923
2025-11-10 22:28:50 - INFO - [Epoch 20] Step 200/1945 - loss: 0.4775
2025-11-10 22:29:03 - INFO - [Epoch 20] Step 300/1945 - loss: 0.4659
2025-11-10 22:29:15 - INFO - [Epoch 20] Step 400/1945 - loss: 0.4688
2025-11-10 22:29:28 - INFO - [Epoch 20] Step 500/1945 - loss: 0.4725
2025-11-10 22:29:41 - INFO - [Epoch 20] Step 600/1945 - loss: 0.4845
2025-11-10 22:29:53 - INFO - [Epoch 20] Step 700/1945 - loss: 0.4885
2025-11-10 22:30:06 - INFO - [Epoch 20] Step 800/1945 - loss: 0.4892
2025-11-10 22:30:19 - INFO - [Epoch 20] Step 900/1945 - loss: 0.4896
2025-11-10 22:30:32 - INFO - [Epoch 20] Step 1000/1945 - loss: 0.4911
2025-11-10 22:30:44 - INFO - [Epoch 20] Step 1100/1945 - loss: 0.4899
2025-11-10 22:30:57 - INFO - [Epoch 20] Step 1200/1945 - loss: 0.4902
2025-11-10 22:31:09 - INFO - [Epoch 20] Step 1300/1945 - loss: 0.4856
2025-11-10 22:31:22 - INFO - [Epoch 20] Step 1400/1945 - loss: 0.4813
2025-11-10 22:31:34 - INFO - [Epoch 20] Step 1500/1945 - loss: 0.4784
2025-11-10 22:31:47 - INFO - [Epoch 20] Step 1600/1945 - loss: 0.4755
2025-11-10 22:32:00 - INFO - [Epoch 20] Step 1700/1945 - loss: 0.4748
2025-11-10 22:32:13 - INFO - [Epoch 20] Step 1800/1945 - loss: 0.4740
2025-11-10 22:32:25 - INFO - [Epoch 20] Step 1900/1945 - loss: 0.4743
2025-11-10 22:32:31 - INFO - [Epoch 20] Step 1945/1945 - loss: 0.4738
2025-11-10 22:32:52 - INFO - [Epoch 20] Top misclassified classes: 7: 17/138 (acc=0.877), 3: 9/137 (acc=0.934), 4: 4/138 (acc=0.971), 13: 2/137 (acc=0.985), 10: 1/137 (acc=0.993), 12: 1/137 (acc=0.993), 0: 0/138 (acc=1.000), 8: 0/138 (acc=1.000), 14: 0/138 (acc=1.000), 1: 0/137 (acc=1.000)
2025-11-10 22:32:52 - INFO - Epoch 20/20 - train_loss: 0.4738 - val_loss: 0.3731 - f1: 0.9855
2025-11-10 22:32:52 - INFO - Best epoch: 19 (0.9871)
2025-11-10 22:32:52 - INFO - Best f1: 0.9871
