2025-11-07 05:05:31 - INFO - Starting run: 20251107-050531_swin_large_patch4_window12_384_in22k_384px_rot90_jitter_affine_rrc_no-reg_ls0.05_cosine
2025-11-07 05:05:31 - INFO - Configuration:
{
  "experiment": {
    "name": "swin_large_patch4_window12_384_in22k_lr08",
    "seed": 2024,
    "deterministic": false
  },
  "paths": {
    "data_root": "data/raw",
    "train_csv": "data/raw/train.csv",
    "meta_csv": "data/raw/meta.csv",
    "image_dir": "data/raw/train",
    "test_dir": "data/raw/test",
    "output_root": "outputs"
  },
  "data": {
    "num_classes": 17,
    "input_size": 384,
    "mean": [
      0.485,
      0.456,
      0.406
    ],
    "std": [
      0.229,
      0.224,
      0.225
    ],
    "excluded_ids": [
      "2b1076abe3e4338d.jpg",
      "a5ea50be18045857.jpg",
      "024fe478044874ab.jpg"
    ],
    "loader": {
      "batch_size": 12,
      "num_workers": 8,
      "pin_memory": true,
      "persistent_workers": true,
      "prefetch_factor": 2
    }
  },
  "split": {
    "n_splits": 6,
    "fold_index": 5,
    "seed": 2024,
    "predefined_split": "splits/fold_indices_v1.pkl"
  },
  "sampler": {
    "name": "weighted_random",
    "minority_classes": [
      1,
      13,
      14
    ],
    "weights_power": 0.85,
    "replacement": true
  },
  "augmentations": {
    "name": "rot90_jitter_affine_rrc",
    "random_resized_crop_scale": [
      0.95,
      1.0
    ],
    "random_resized_crop_ratio": [
      0.9,
      1.1
    ],
    "random_rotate90": true,
    "random_rotate90_prob": 0.5,
    "max_rotate": 12,
    "rotate_prob": 1.0,
    "affine_scale": [
      0.95,
      1.05
    ],
    "affine_translate": [
      0.05,
      0.05
    ],
    "horizontal_flip": true,
    "horizontal_flip_prob": 0.5,
    "brightness_contrast": [
      0.1,
      0.1
    ],
    "color_jitter": {
      "p": 0.35,
      "brightness": 0.25,
      "contrast": 0.1,
      "saturation": 0.15,
      "hue": 0.0
    },
    "blur": {
      "p": 0.35,
      "blur_limit": [
        3,
        7
      ],
      "sigma_limit": [
        0.2,
        1.0
      ]
    }
  },
  "regularization": {
    "mixup_alpha": 0.0,
    "cutmix_alpha": 0.0,
    "tag": "no-reg"
  },
  "model": {
    "name": "swin_large_patch4_window12_384_in22k",
    "pretrained": true,
    "checkpoint": null,
    "drop_path_rate": 0.2,
    "use_checkpoint": true
  },
  "loss": {
    "name": "cross_entropy",
    "label_smoothing": 0.05
  },
  "optimizer": {
    "name": "adamw",
    "lr": 8e-05,
    "weight_decay": 0.05,
    "betas": [
      0.9,
      0.999
    ]
  },
  "scheduler": {
    "name": "cosine",
    "warmup_epochs": 3,
    "min_lr": 1e-06
  },
  "training": {
    "epochs": 20,
    "amp": true,
    "grad_clip_norm": null,
    "save_best_metric": "f1",
    "validation_interval": 1,
    "early_stopping": {
      "patience": 3,
      "min_delta": 0.0005,
      "mode": "max"
    },
    "ema": {
      "enabled": false
    },
    "swa": {
      "enabled": false
    }
  },
  "logging": {
    "project": "document_type_classification",
    "log_interval": 50
  },
  "submission": {
    "metric_name": "f1",
    "leaderboard_score": 0.0,
    "tta": {
      "enabled": true,
      "rotations": [
        0,
        90,
        180,
        270
      ],
      "jitter_degrees": 0
    }
  },
  "performance": {
    "allow_tf32": true,
    "matmul_precision": "high",
    "cudnn_benchmark": true,
    "channels_last": true
  }
}
/opt/conda/lib/python3.10/site-packages/timm/models/_factory.py:117: UserWarning: Mapping deprecated model name swin_large_patch4_window12_384_in22k to current swin_large_patch4_window12_384.ms_in22k.
  model = create_fn(
/opt/conda/lib/python3.10/site-packages/torch/functional.py:504: UserWarning: torch.meshgrid: in an upcoming release, it will be required to pass the indexing argument. (Triggered internally at /opt/conda/conda-bld/pytorch_1695392020201/work/aten/src/ATen/native/TensorShape.cpp:3526.)
  return _VF.meshgrid(tensors, **kwargs)  # type: ignore[attr-defined]
2025-11-07 05:05:51 - INFO - [Epoch 1] Step 50/110 - loss: 2.8992
2025-11-07 05:06:06 - INFO - [Epoch 1] Step 100/110 - loss: 2.9013
2025-11-07 05:06:09 - INFO - [Epoch 1] Step 110/110 - loss: 2.8954
2025-11-07 05:06:14 - INFO - Epoch 1/20 - train_loss: 2.8954 - val_loss: 2.8562 - f1: 0.0539
2025-11-07 05:06:30 - INFO - [Epoch 2] Step 50/110 - loss: 2.0495
2025-11-07 05:06:45 - INFO - [Epoch 2] Step 100/110 - loss: 1.5621
2025-11-07 05:06:48 - INFO - [Epoch 2] Step 110/110 - loss: 1.4919
2025-11-07 05:06:56 - INFO - Epoch 2/20 - train_loss: 1.4919 - val_loss: 0.7131 - f1: 0.8205
2025-11-07 05:07:12 - INFO - [Epoch 3] Step 50/110 - loss: 0.7989
2025-11-07 05:07:27 - INFO - [Epoch 3] Step 100/110 - loss: 0.7447
2025-11-07 05:07:30 - INFO - [Epoch 3] Step 110/110 - loss: 0.7336
/opt/conda/lib/python3.10/site-packages/torch/optim/lr_scheduler.py:149: UserWarning: The epoch parameter in `scheduler.step()` was not necessary and is being deprecated where possible. Please use `scheduler.step()` to step the scheduler. During the deprecation, if epoch is different from None, the closed form is used instead of the new chainable form, where available. Please open an issue if you are unable to replicate your use case: https://github.com/pytorch/pytorch/issues/new/choose.
  warnings.warn(EPOCH_DEPRECATION_WARNING, UserWarning)
2025-11-07 05:07:37 - INFO - Epoch 3/20 - train_loss: 0.7336 - val_loss: 0.6424 - f1: 0.8486
2025-11-07 05:07:53 - INFO - [Epoch 4] Step 50/110 - loss: 0.6369
2025-11-07 05:08:09 - INFO - [Epoch 4] Step 100/110 - loss: 0.6671
2025-11-07 05:08:12 - INFO - [Epoch 4] Step 110/110 - loss: 0.6664
2025-11-07 05:08:15 - INFO - Epoch 4/20 - train_loss: 0.6664 - val_loss: 0.6330 - f1: 0.8443
2025-11-07 05:08:31 - INFO - [Epoch 5] Step 50/110 - loss: 0.5863
2025-11-07 05:08:46 - INFO - [Epoch 5] Step 100/110 - loss: 0.5627
