2025-11-06 18:35:06 - INFO - Starting run: 20251106-183506_swin_large_patch4_window12_384_in22k_384px_rot90_jitter_affine_rrc_no-reg_ls0.05_cosine
2025-11-06 18:35:06 - INFO - Configuration:
{
  "experiment": {
    "name": "swin_large_patch4_window12_384_in22k_lr08",
    "seed": 2024,
    "deterministic": false
  },
  "paths": {
    "data_root": "data/raw",
    "train_csv": "data/raw/train.csv",
    "meta_csv": "data/raw/meta.csv",
    "image_dir": "data/raw/train",
    "test_dir": "data/raw/test",
    "output_root": "outputs"
  },
  "data": {
    "num_classes": 17,
    "input_size": 384,
    "mean": [
      0.485,
      0.456,
      0.406
    ],
    "std": [
      0.229,
      0.224,
      0.225
    ],
    "excluded_ids": [
      "2b1076abe3e4338d.jpg",
      "a5ea50be18045857.jpg",
      "024fe478044874ab.jpg"
    ],
    "loader": {
      "batch_size": 12,
      "num_workers": 8,
      "pin_memory": true,
      "persistent_workers": true,
      "prefetch_factor": 2
    }
  },
  "split": {
    "n_splits": 6,
    "fold_index": 5,
    "seed": 2024,
    "predefined_split": "splits/fold_indices_v1.pkl"
  },
  "sampler": {
    "name": "weighted_random",
    "minority_classes": [
      1,
      13,
      14
    ],
    "weights_power": 0.85,
    "replacement": true
  },
  "augmentations": {
    "name": "rot90_jitter_affine_rrc",
    "random_resized_crop_scale": [
      0.9,
      1.0
    ],
    "random_resized_crop_ratio": [
      0.9,
      1.1
    ],
    "random_rotate90": true,
    "random_rotate90_prob": 1.0,
    "max_rotate": 12,
    "rotate_prob": 1.0,
    "affine_scale": [
      0.95,
      1.05
    ],
    "affine_translate": [
      0.05,
      0.05
    ],
    "horizontal_flip": true,
    "horizontal_flip_prob": 0.5,
    "brightness_contrast": [
      0.1,
      0.1
    ],
    "blur_prob": 0.1
  },
  "regularization": {
    "mixup_alpha": 0.0,
    "cutmix_alpha": 0.0,
    "tag": "no-reg"
  },
  "model": {
    "name": "swin_large_patch4_window12_384_in22k",
    "pretrained": true,
    "checkpoint": null,
    "drop_path_rate": 0.2,
    "use_checkpoint": true
  },
  "loss": {
    "name": "cross_entropy",
    "label_smoothing": 0.05
  },
  "optimizer": {
    "name": "adamw",
    "lr": 8e-05,
    "weight_decay": 0.05,
    "betas": [
      0.9,
      0.999
    ]
  },
  "scheduler": {
    "name": "cosine",
    "warmup_epochs": 3,
    "min_lr": 1e-06
  },
  "training": {
    "epochs": 20,
    "amp": true,
    "grad_clip_norm": null,
    "save_best_metric": "f1",
    "validation_interval": 1,
    "early_stopping": {
      "patience": 3,
      "min_delta": 0.0005,
      "mode": "max"
    },
    "ema": {
      "enabled": false
    },
    "swa": {
      "enabled": false
    }
  },
  "logging": {
    "project": "document_type_classification",
    "log_interval": 50
  },
  "submission": {
    "metric_name": "f1",
    "leaderboard_score": 0.0,
    "tta": {
      "enabled": true,
      "rotations": [
        0,
        90,
        180,
        270
      ],
      "jitter_degrees": 0
    }
  },
  "performance": {
    "allow_tf32": true,
    "matmul_precision": "high",
    "cudnn_benchmark": true,
    "channels_last": true
  }
}
/opt/conda/lib/python3.10/site-packages/timm/models/_factory.py:117: UserWarning: Mapping deprecated model name swin_large_patch4_window12_384_in22k to current swin_large_patch4_window12_384.ms_in22k.
  model = create_fn(
/opt/conda/lib/python3.10/site-packages/torch/functional.py:504: UserWarning: torch.meshgrid: in an upcoming release, it will be required to pass the indexing argument. (Triggered internally at /opt/conda/conda-bld/pytorch_1695392020201/work/aten/src/ATen/native/TensorShape.cpp:3526.)
  return _VF.meshgrid(tensors, **kwargs)  # type: ignore[attr-defined]
2025-11-06 18:35:26 - INFO - [Epoch 1] Step 50/110 - loss: 2.9231
2025-11-06 18:35:42 - INFO - [Epoch 1] Step 100/110 - loss: 2.9121
2025-11-06 18:35:45 - INFO - [Epoch 1] Step 110/110 - loss: 2.9082
2025-11-06 18:35:52 - INFO - Epoch 1/20 - train_loss: 2.9082 - val_loss: 2.8575 - f1: 0.0539
2025-11-06 18:36:07 - INFO - [Epoch 2] Step 50/110 - loss: 2.0761
2025-11-06 18:36:23 - INFO - [Epoch 2] Step 100/110 - loss: 1.6066
2025-11-06 18:36:26 - INFO - [Epoch 2] Step 110/110 - loss: 1.5435
2025-11-06 18:36:33 - INFO - Epoch 2/20 - train_loss: 1.5435 - val_loss: 0.7838 - f1: 0.7798
2025-11-06 18:36:48 - INFO - [Epoch 3] Step 50/110 - loss: 0.8382
2025-11-06 18:37:04 - INFO - [Epoch 3] Step 100/110 - loss: 0.7678
2025-11-06 18:37:07 - INFO - [Epoch 3] Step 110/110 - loss: 0.7603
/opt/conda/lib/python3.10/site-packages/torch/optim/lr_scheduler.py:149: UserWarning: The epoch parameter in `scheduler.step()` was not necessary and is being deprecated where possible. Please use `scheduler.step()` to step the scheduler. During the deprecation, if epoch is different from None, the closed form is used instead of the new chainable form, where available. Please open an issue if you are unable to replicate your use case: https://github.com/pytorch/pytorch/issues/new/choose.
  warnings.warn(EPOCH_DEPRECATION_WARNING, UserWarning)
2025-11-06 18:37:13 - INFO - Epoch 3/20 - train_loss: 0.7603 - val_loss: 0.6525 - f1: 0.8494
2025-11-06 18:37:29 - INFO - [Epoch 4] Step 50/110 - loss: 0.6955
2025-11-06 18:37:44 - INFO - [Epoch 4] Step 100/110 - loss: 0.6934
2025-11-06 18:37:47 - INFO - [Epoch 4] Step 110/110 - loss: 0.6882
2025-11-06 18:37:55 - INFO - Epoch 4/20 - train_loss: 0.6882 - val_loss: 0.6235 - f1: 0.8684
2025-11-06 18:38:11 - INFO - [Epoch 5] Step 50/110 - loss: 0.5918
2025-11-06 18:38:26 - INFO - [Epoch 5] Step 100/110 - loss: 0.5702
2025-11-06 18:38:29 - INFO - [Epoch 5] Step 110/110 - loss: 0.5629
2025-11-06 18:38:36 - INFO - Epoch 5/20 - train_loss: 0.5629 - val_loss: 0.5614 - f1: 0.8873
2025-11-06 18:38:52 - INFO - [Epoch 6] Step 50/110 - loss: 0.5186
2025-11-06 18:39:07 - INFO - [Epoch 6] Step 100/110 - loss: 0.5239
2025-11-06 18:39:10 - INFO - [Epoch 6] Step 110/110 - loss: 0.5215
2025-11-06 18:39:17 - INFO - Epoch 6/20 - train_loss: 0.5215 - val_loss: 0.5443 - f1: 0.8949
2025-11-06 18:39:32 - INFO - [Epoch 7] Step 50/110 - loss: 0.4640
2025-11-06 18:39:48 - INFO - [Epoch 7] Step 100/110 - loss: 0.4908
2025-11-06 18:39:51 - INFO - [Epoch 7] Step 110/110 - loss: 0.4897
2025-11-06 18:39:54 - INFO - Epoch 7/20 - train_loss: 0.4897 - val_loss: 0.5417 - f1: 0.8902
2025-11-06 18:40:10 - INFO - [Epoch 8] Step 50/110 - loss: 0.4605
2025-11-06 18:40:25 - INFO - [Epoch 8] Step 100/110 - loss: 0.4462
2025-11-06 18:40:28 - INFO - [Epoch 8] Step 110/110 - loss: 0.4492
2025-11-06 18:40:35 - INFO - Epoch 8/20 - train_loss: 0.4492 - val_loss: 0.5521 - f1: 0.8979
2025-11-06 18:40:51 - INFO - [Epoch 9] Step 50/110 - loss: 0.4574
2025-11-06 18:41:06 - INFO - [Epoch 9] Step 100/110 - loss: 0.4516
2025-11-06 18:41:09 - INFO - [Epoch 9] Step 110/110 - loss: 0.4458
2025-11-06 18:41:15 - INFO - Epoch 9/20 - train_loss: 0.4458 - val_loss: 0.5485 - f1: 0.9194
2025-11-06 18:41:31 - INFO - [Epoch 10] Step 50/110 - loss: 0.4171
2025-11-06 18:41:46 - INFO - [Epoch 10] Step 100/110 - loss: 0.4145
2025-11-06 18:41:49 - INFO - [Epoch 10] Step 110/110 - loss: 0.4185
2025-11-06 18:41:53 - INFO - Epoch 10/20 - train_loss: 0.4185 - val_loss: 0.5076 - f1: 0.9172
2025-11-06 18:42:08 - INFO - [Epoch 11] Step 50/110 - loss: 0.4046
2025-11-06 18:42:23 - INFO - [Epoch 11] Step 100/110 - loss: 0.4010
2025-11-06 18:42:27 - INFO - [Epoch 11] Step 110/110 - loss: 0.4013
2025-11-06 18:42:30 - INFO - Epoch 11/20 - train_loss: 0.4013 - val_loss: 0.5891 - f1: 0.8931
2025-11-06 18:42:46 - INFO - [Epoch 12] Step 50/110 - loss: 0.3830
2025-11-06 18:43:01 - INFO - [Epoch 12] Step 100/110 - loss: 0.3900
2025-11-06 18:43:04 - INFO - [Epoch 12] Step 110/110 - loss: 0.3885
2025-11-06 18:43:07 - INFO - Epoch 12/20 - train_loss: 0.3885 - val_loss: 0.5095 - f1: 0.9053
2025-11-06 18:43:07 - INFO - Early stopping triggered (patience 3)
2025-11-06 18:43:07 - INFO - Best epoch: 9 (0.9194)
2025-11-06 18:43:07 - INFO - Best f1: 0.9194
