2025-11-07 05:08:58 - INFO - Starting run: 20251107-050858_swin_large_patch4_window12_384_in22k_384px_rot90_jitter_affine_rrc_no-reg_ls0.05_cosine
2025-11-07 05:08:58 - INFO - Configuration:
{
  "experiment": {
    "name": "swin_large_patch4_window12_384_in22k_lr08",
    "seed": 2024,
    "deterministic": false
  },
  "paths": {
    "data_root": "data/raw",
    "train_csv": "data/raw/train.csv",
    "meta_csv": "data/raw/meta.csv",
    "image_dir": "data/raw/train",
    "test_dir": "data/raw/test",
    "output_root": "outputs"
  },
  "data": {
    "num_classes": 17,
    "input_size": 384,
    "mean": [
      0.485,
      0.456,
      0.406
    ],
    "std": [
      0.229,
      0.224,
      0.225
    ],
    "excluded_ids": [
      "2b1076abe3e4338d.jpg",
      "a5ea50be18045857.jpg",
      "024fe478044874ab.jpg"
    ],
    "loader": {
      "batch_size": 12,
      "num_workers": 8,
      "pin_memory": true,
      "persistent_workers": true,
      "prefetch_factor": 2
    }
  },
  "split": {
    "n_splits": 6,
    "fold_index": 5,
    "seed": 2024,
    "predefined_split": "splits/fold_indices_v1.pkl"
  },
  "sampler": {
    "name": "weighted_random",
    "minority_classes": [
      1,
      13,
      14
    ],
    "weights_power": 0.85,
    "replacement": true
  },
  "augmentations": {
    "name": "rot90_jitter_affine_rrc",
    "random_resized_crop_scale": [
      0.95,
      1.0
    ],
    "random_resized_crop_ratio": [
      0.9,
      1.1
    ],
    "random_rotate90": true,
    "random_rotate90_prob": 0.5,
    "max_rotate": 12,
    "rotate_prob": 1.0,
    "affine_scale": [
      0.95,
      1.05
    ],
    "affine_translate": [
      0.05,
      0.05
    ],
    "horizontal_flip": true,
    "horizontal_flip_prob": 0.5,
    "brightness_contrast": [
      0.1,
      0.1
    ],
    "color_jitter": {
      "p": 0.35,
      "brightness": 0.25,
      "contrast": 0.1,
      "saturation": 0.15,
      "hue": 0.0
    },
    "blur": {
      "p": 0.35,
      "blur_limit": [
        3,
        7
      ],
      "sigma_limit": [
        0.2,
        1.0
      ]
    }
  },
  "regularization": {
    "mixup_alpha": 0.0,
    "cutmix_alpha": 0.0,
    "tag": "no-reg"
  },
  "model": {
    "name": "swin_large_patch4_window12_384_in22k",
    "pretrained": true,
    "checkpoint": null,
    "drop_path_rate": 0.2,
    "use_checkpoint": true
  },
  "loss": {
    "name": "cross_entropy",
    "label_smoothing": 0.05
  },
  "optimizer": {
    "name": "adamw",
    "lr": 8e-05,
    "weight_decay": 0.05,
    "betas": [
      0.9,
      0.999
    ]
  },
  "scheduler": {
    "name": "cosine",
    "warmup_epochs": 3,
    "min_lr": 1e-06
  },
  "training": {
    "epochs": 20,
    "amp": true,
    "grad_clip_norm": null,
    "save_best_metric": "f1",
    "validation_interval": 1,
    "early_stopping": {
      "patience": 3,
      "min_delta": 0.0005,
      "mode": "max"
    },
    "ema": {
      "enabled": false
    },
    "swa": {
      "enabled": false
    }
  },
  "logging": {
    "project": "document_type_classification",
    "log_interval": 50
  },
  "submission": {
    "metric_name": "f1",
    "leaderboard_score": 0.0,
    "tta": {
      "enabled": true,
      "rotations": [
        0,
        90,
        180,
        270
      ],
      "jitter_degrees": 0
    }
  },
  "performance": {
    "allow_tf32": true,
    "matmul_precision": "high",
    "cudnn_benchmark": true,
    "channels_last": true
  }
}
/opt/conda/lib/python3.10/site-packages/timm/models/_factory.py:117: UserWarning: Mapping deprecated model name swin_large_patch4_window12_384_in22k to current swin_large_patch4_window12_384.ms_in22k.
  model = create_fn(
/opt/conda/lib/python3.10/site-packages/torch/functional.py:504: UserWarning: torch.meshgrid: in an upcoming release, it will be required to pass the indexing argument. (Triggered internally at /opt/conda/conda-bld/pytorch_1695392020201/work/aten/src/ATen/native/TensorShape.cpp:3526.)
  return _VF.meshgrid(tensors, **kwargs)  # type: ignore[attr-defined]
2025-11-07 05:09:18 - INFO - [Epoch 1] Step 50/110 - loss: 2.8992
2025-11-07 05:09:33 - INFO - [Epoch 1] Step 100/110 - loss: 2.9013
2025-11-07 05:09:36 - INFO - [Epoch 1] Step 110/110 - loss: 2.8954
2025-11-07 05:09:42 - INFO - Epoch 1/20 - train_loss: 2.8954 - val_loss: 2.8562 - f1: 0.0539
2025-11-07 05:09:58 - INFO - [Epoch 2] Step 50/110 - loss: 2.0495
2025-11-07 05:10:13 - INFO - [Epoch 2] Step 100/110 - loss: 1.5621
2025-11-07 05:10:16 - INFO - [Epoch 2] Step 110/110 - loss: 1.4919
2025-11-07 05:10:22 - INFO - Epoch 2/20 - train_loss: 1.4919 - val_loss: 0.7131 - f1: 0.8205
2025-11-07 05:10:38 - INFO - [Epoch 3] Step 50/110 - loss: 0.7989
2025-11-07 05:10:53 - INFO - [Epoch 3] Step 100/110 - loss: 0.7447
2025-11-07 05:10:56 - INFO - [Epoch 3] Step 110/110 - loss: 0.7336
/opt/conda/lib/python3.10/site-packages/torch/optim/lr_scheduler.py:149: UserWarning: The epoch parameter in `scheduler.step()` was not necessary and is being deprecated where possible. Please use `scheduler.step()` to step the scheduler. During the deprecation, if epoch is different from None, the closed form is used instead of the new chainable form, where available. Please open an issue if you are unable to replicate your use case: https://github.com/pytorch/pytorch/issues/new/choose.
  warnings.warn(EPOCH_DEPRECATION_WARNING, UserWarning)
2025-11-07 05:11:03 - INFO - Epoch 3/20 - train_loss: 0.7336 - val_loss: 0.6424 - f1: 0.8486
2025-11-07 05:11:19 - INFO - [Epoch 4] Step 50/110 - loss: 0.6369
2025-11-07 05:11:34 - INFO - [Epoch 4] Step 100/110 - loss: 0.6671
2025-11-07 05:11:37 - INFO - [Epoch 4] Step 110/110 - loss: 0.6664
2025-11-07 05:11:40 - INFO - Epoch 4/20 - train_loss: 0.6664 - val_loss: 0.6330 - f1: 0.8443
2025-11-07 05:11:56 - INFO - [Epoch 5] Step 50/110 - loss: 0.5863
2025-11-07 05:12:11 - INFO - [Epoch 5] Step 100/110 - loss: 0.5627
2025-11-07 05:12:14 - INFO - [Epoch 5] Step 110/110 - loss: 0.5610
2025-11-07 05:12:20 - INFO - Epoch 5/20 - train_loss: 0.5610 - val_loss: 0.5875 - f1: 0.8828
2025-11-07 05:12:36 - INFO - [Epoch 6] Step 50/110 - loss: 0.5154
2025-11-07 05:12:51 - INFO - [Epoch 6] Step 100/110 - loss: 0.5133
2025-11-07 05:12:54 - INFO - [Epoch 6] Step 110/110 - loss: 0.5073
2025-11-07 05:13:02 - INFO - Epoch 6/20 - train_loss: 0.5073 - val_loss: 0.5552 - f1: 0.9021
2025-11-07 05:13:18 - INFO - [Epoch 7] Step 50/110 - loss: 0.4564
2025-11-07 05:13:33 - INFO - [Epoch 7] Step 100/110 - loss: 0.4712
2025-11-07 05:13:36 - INFO - [Epoch 7] Step 110/110 - loss: 0.4742
2025-11-07 05:13:39 - INFO - Epoch 7/20 - train_loss: 0.4742 - val_loss: 0.5785 - f1: 0.8929
2025-11-07 05:13:55 - INFO - [Epoch 8] Step 50/110 - loss: 0.4377
2025-11-07 05:14:10 - INFO - [Epoch 8] Step 100/110 - loss: 0.4419
2025-11-07 05:14:13 - INFO - [Epoch 8] Step 110/110 - loss: 0.4403
2025-11-07 05:14:17 - INFO - Epoch 8/20 - train_loss: 0.4403 - val_loss: 0.5678 - f1: 0.8961
2025-11-07 05:14:32 - INFO - [Epoch 9] Step 50/110 - loss: 0.4300
2025-11-07 05:14:48 - INFO - [Epoch 9] Step 100/110 - loss: 0.4344
2025-11-07 05:14:51 - INFO - [Epoch 9] Step 110/110 - loss: 0.4339
2025-11-07 05:14:58 - INFO - Epoch 9/20 - train_loss: 0.4339 - val_loss: 0.5228 - f1: 0.9071
2025-11-07 05:15:14 - INFO - [Epoch 10] Step 50/110 - loss: 0.4074
2025-11-07 05:15:29 - INFO - [Epoch 10] Step 100/110 - loss: 0.4132
2025-11-07 05:15:32 - INFO - [Epoch 10] Step 110/110 - loss: 0.4209
2025-11-07 05:15:38 - INFO - Epoch 10/20 - train_loss: 0.4209 - val_loss: 0.5206 - f1: 0.9122
2025-11-07 05:15:54 - INFO - [Epoch 11] Step 50/110 - loss: 0.4082
2025-11-07 05:16:09 - INFO - [Epoch 11] Step 100/110 - loss: 0.4119
2025-11-07 05:16:12 - INFO - [Epoch 11] Step 110/110 - loss: 0.4103
2025-11-07 05:16:16 - INFO - Epoch 11/20 - train_loss: 0.4103 - val_loss: 0.5434 - f1: 0.9121
2025-11-07 05:16:31 - INFO - [Epoch 12] Step 50/110 - loss: 0.3764
2025-11-07 05:16:46 - INFO - [Epoch 12] Step 100/110 - loss: 0.3850
2025-11-07 05:16:50 - INFO - [Epoch 12] Step 110/110 - loss: 0.3839
2025-11-07 05:16:53 - INFO - Epoch 12/20 - train_loss: 0.3839 - val_loss: 0.5674 - f1: 0.9031
2025-11-07 05:17:08 - INFO - [Epoch 13] Step 50/110 - loss: 0.3920
2025-11-07 05:17:24 - INFO - [Epoch 13] Step 100/110 - loss: 0.3826
2025-11-07 05:17:27 - INFO - [Epoch 13] Step 110/110 - loss: 0.3790
2025-11-07 05:17:33 - INFO - Epoch 13/20 - train_loss: 0.3790 - val_loss: 0.5723 - f1: 0.9224
2025-11-07 05:17:49 - INFO - [Epoch 14] Step 50/110 - loss: 0.3558
2025-11-07 05:18:04 - INFO - [Epoch 14] Step 100/110 - loss: 0.3685
2025-11-07 05:18:07 - INFO - [Epoch 14] Step 110/110 - loss: 0.3708
2025-11-07 05:18:10 - INFO - Epoch 14/20 - train_loss: 0.3708 - val_loss: 0.6074 - f1: 0.9119
2025-11-07 05:18:26 - INFO - [Epoch 15] Step 50/110 - loss: 0.3568
2025-11-07 05:18:41 - INFO - [Epoch 15] Step 100/110 - loss: 0.3575
2025-11-07 05:18:44 - INFO - [Epoch 15] Step 110/110 - loss: 0.3559
2025-11-07 05:18:48 - INFO - Epoch 15/20 - train_loss: 0.3559 - val_loss: 0.5957 - f1: 0.9059
2025-11-07 05:19:04 - INFO - [Epoch 16] Step 50/110 - loss: 0.3489
2025-11-07 05:19:19 - INFO - [Epoch 16] Step 100/110 - loss: 0.3485
2025-11-07 05:19:22 - INFO - [Epoch 16] Step 110/110 - loss: 0.3478
2025-11-07 05:19:25 - INFO - Epoch 16/20 - train_loss: 0.3478 - val_loss: 0.5798 - f1: 0.9137
2025-11-07 05:19:25 - INFO - Early stopping triggered (patience 3)
2025-11-07 05:19:25 - INFO - Best epoch: 13 (0.9224)
2025-11-07 05:19:25 - INFO - Best f1: 0.9224
