2025-11-09 07:56:25 - INFO - Starting run: 20251109-075625_tf_efficientnet_b7_ns_448px_rot90_jitter_affine_rrc_mixup_only_ls0.05_cosine
2025-11-09 07:56:25 - INFO - Configuration:
{
  "experiment": {
    "name": "efficientnet_b7_offline_448",
    "seed": 2024,
    "deterministic": false
  },
  "paths": {
    "data_root": "data/processed/offline_aug",
    "train_csv": "data/processed/offline_aug/train_offline_aug.csv",
    "meta_csv": "data/raw/meta.csv",
    "image_dir": "data/processed/offline_aug/images",
    "test_dir": "data/raw/test",
    "output_root": "outputs"
  },
  "data": {
    "num_classes": 17,
    "input_size": 448,
    "mean": [
      0.485,
      0.456,
      0.406
    ],
    "std": [
      0.229,
      0.224,
      0.225
    ],
    "excluded_ids": [],
    "loader": {
      "batch_size": 6,
      "num_workers": 8,
      "pin_memory": true,
      "persistent_workers": true,
      "prefetch_factor": 2
    }
  },
  "split": {
    "n_splits": 6,
    "fold_index": 0,
    "seed": 2024,
    "predefined_split": "splits/fold_indices_offline.pkl"
  },
  "sampler": {
    "name": "weighted_random",
    "minority_classes": [
      1,
      13,
      14
    ],
    "weights_power": 0.85,
    "replacement": true
  },
  "augmentations": {
    "name": "rot90_jitter_affine_rrc",
    "use_reference_pipeline": true,
    "random_resized_crop_scale": [
      0.92,
      1.0
    ],
    "random_resized_crop_ratio": [
      0.85,
      1.15
    ],
    "random_rotate90": true,
    "random_rotate90_prob": 0.5,
    "max_rotate": 12,
    "rotate_prob": 1.0,
    "affine_scale": [
      0.9,
      1.1
    ],
    "affine_translate": [
      0.08,
      0.08
    ],
    "horizontal_flip": true,
    "horizontal_flip_prob": 0.5,
    "brightness_contrast": [
      0.12,
      0.12
    ],
    "color_jitter": {
      "p": 0.4,
      "brightness": 0.3,
      "contrast": 0.15,
      "saturation": 0.2,
      "hue": 0.02
    },
    "blur": {
      "p": 0.35,
      "blur_limit": [
        3,
        7
      ],
      "sigma_limit": [
        0.2,
        1.0
      ]
    }
  },
  "regularization": {
    "mixup_alpha": 0.1,
    "cutmix_alpha": 0.0,
    "tag": "mixup_only"
  },
  "model": {
    "name": "tf_efficientnet_b7_ns",
    "pretrained": true,
    "drop_rate": 0.4,
    "drop_path_rate": 0.2
  },
  "loss": {
    "name": "cross_entropy",
    "label_smoothing": 0.05
  },
  "optimizer": {
    "name": "adamw",
    "lr": 0.0002,
    "weight_decay": 0.02,
    "betas": [
      0.9,
      0.999
    ]
  },
  "scheduler": {
    "name": "cosine",
    "warmup_epochs": 2,
    "min_lr": 1e-06
  },
  "training": {
    "epochs": 20,
    "amp": true,
    "grad_clip_norm": 1.0,
    "save_best_metric": "f1",
    "validation_interval": 1,
    "early_stopping": {
      "patience": 3,
      "min_delta": 0.0005,
      "mode": "max"
    },
    "ema": {
      "enabled": false
    },
    "swa": {
      "enabled": false
    }
  },
  "logging": {
    "project": "document_type_classification",
    "log_interval": 50,
    "tensorboard": true
  },
  "submission": {
    "metric_name": "f1",
    "leaderboard_score": 0.0,
    "tta": {
      "enabled": true,
      "rotations": [
        0,
        90,
        180,
        270
      ],
      "jitter_degrees": 0,
      "horizontal_flip": true,
      "vertical_flip": false
    }
  },
  "performance": {
    "allow_tf32": true,
    "matmul_precision": "high",
    "cudnn_benchmark": true,
    "channels_last": true
  }
}
/opt/conda/lib/python3.10/site-packages/timm/models/_factory.py:117: UserWarning: Mapping deprecated model name tf_efficientnet_b7_ns to current tf_efficientnet_b7.ns_jft_in1k.
  model = create_fn(
2025-11-09 07:56:41 - INFO - [Epoch 1] Step 50/1945 - loss: 3.8090
2025-11-09 07:56:47 - INFO - [Epoch 1] Step 100/1945 - loss: 3.7501
2025-11-09 07:56:53 - INFO - [Epoch 1] Step 150/1945 - loss: 3.7313
2025-11-09 07:56:59 - INFO - [Epoch 1] Step 200/1945 - loss: 3.6930
2025-11-09 07:57:05 - INFO - [Epoch 1] Step 250/1945 - loss: 3.6721
2025-11-09 07:57:11 - INFO - [Epoch 1] Step 300/1945 - loss: 3.6771
2025-11-09 07:57:18 - INFO - [Epoch 1] Step 350/1945 - loss: 3.6651
2025-11-09 07:57:24 - INFO - [Epoch 1] Step 400/1945 - loss: 3.6662
2025-11-09 07:57:30 - INFO - [Epoch 1] Step 450/1945 - loss: 3.6738
2025-11-09 07:57:36 - INFO - [Epoch 1] Step 500/1945 - loss: 3.6609
2025-11-09 07:57:42 - INFO - [Epoch 1] Step 550/1945 - loss: 3.6725
2025-11-09 07:57:49 - INFO - [Epoch 1] Step 600/1945 - loss: 3.6726
2025-11-09 07:57:55 - INFO - [Epoch 1] Step 650/1945 - loss: 3.6697
2025-11-09 07:58:01 - INFO - [Epoch 1] Step 700/1945 - loss: 3.6648
2025-11-09 07:58:07 - INFO - [Epoch 1] Step 750/1945 - loss: 3.6618
2025-11-09 07:58:14 - INFO - [Epoch 1] Step 800/1945 - loss: 3.6551
2025-11-09 07:58:20 - INFO - [Epoch 1] Step 850/1945 - loss: 3.6426
2025-11-09 07:58:26 - INFO - [Epoch 1] Step 900/1945 - loss: 3.6357
2025-11-09 07:58:32 - INFO - [Epoch 1] Step 950/1945 - loss: 3.6307
2025-11-09 07:58:38 - INFO - [Epoch 1] Step 1000/1945 - loss: 3.6248
2025-11-09 07:58:44 - INFO - [Epoch 1] Step 1050/1945 - loss: 3.6162
2025-11-09 07:58:51 - INFO - [Epoch 1] Step 1100/1945 - loss: 3.6112
2025-11-09 07:58:57 - INFO - [Epoch 1] Step 1150/1945 - loss: 3.6062
2025-11-09 07:59:03 - INFO - [Epoch 1] Step 1200/1945 - loss: 3.6051
2025-11-09 07:59:09 - INFO - [Epoch 1] Step 1250/1945 - loss: 3.6011
2025-11-09 07:59:16 - INFO - [Epoch 1] Step 1300/1945 - loss: 3.5971
2025-11-09 07:59:22 - INFO - [Epoch 1] Step 1350/1945 - loss: 3.5882
2025-11-09 07:59:28 - INFO - [Epoch 1] Step 1400/1945 - loss: 3.5902
2025-11-09 07:59:34 - INFO - [Epoch 1] Step 1450/1945 - loss: 3.5863
2025-11-09 07:59:40 - INFO - [Epoch 1] Step 1500/1945 - loss: 3.5849
2025-11-09 07:59:47 - INFO - [Epoch 1] Step 1550/1945 - loss: 3.5818
2025-11-09 07:59:53 - INFO - [Epoch 1] Step 1600/1945 - loss: 3.5792
2025-11-09 07:59:59 - INFO - [Epoch 1] Step 1650/1945 - loss: 3.5785
2025-11-09 08:00:05 - INFO - [Epoch 1] Step 1700/1945 - loss: 3.5753
2025-11-09 08:00:12 - INFO - [Epoch 1] Step 1750/1945 - loss: 3.5717
2025-11-09 08:00:18 - INFO - [Epoch 1] Step 1800/1945 - loss: 3.5728
2025-11-09 08:00:24 - INFO - [Epoch 1] Step 1850/1945 - loss: 3.5666
2025-11-09 08:00:30 - INFO - [Epoch 1] Step 1900/1945 - loss: 3.5612
2025-11-09 08:00:36 - INFO - [Epoch 1] Step 1945/1945 - loss: 3.5554
2025-11-09 08:01:01 - INFO - Epoch 1/20 - train_loss: 3.5554 - val_loss: 3.0507 - f1: 0.0770
2025-11-09 08:01:08 - INFO - [Epoch 2] Step 50/1945 - loss: 2.8797
2025-11-09 08:01:15 - INFO - [Epoch 2] Step 100/1945 - loss: 2.6106
2025-11-09 08:01:21 - INFO - [Epoch 2] Step 150/1945 - loss: 2.3544
2025-11-09 08:01:27 - INFO - [Epoch 2] Step 200/1945 - loss: 2.2195
2025-11-09 08:01:34 - INFO - [Epoch 2] Step 250/1945 - loss: 2.1254
2025-11-09 08:01:40 - INFO - [Epoch 2] Step 300/1945 - loss: 2.0576
2025-11-09 08:01:46 - INFO - [Epoch 2] Step 350/1945 - loss: 1.9881
2025-11-09 08:01:52 - INFO - [Epoch 2] Step 400/1945 - loss: 1.9236
2025-11-09 08:01:59 - INFO - [Epoch 2] Step 450/1945 - loss: 1.8823
2025-11-09 08:02:05 - INFO - [Epoch 2] Step 500/1945 - loss: 1.8348
2025-11-09 08:02:11 - INFO - [Epoch 2] Step 550/1945 - loss: 1.7931
2025-11-09 08:02:17 - INFO - [Epoch 2] Step 600/1945 - loss: 1.7623
2025-11-09 08:02:24 - INFO - [Epoch 2] Step 650/1945 - loss: 1.7265
2025-11-09 08:02:30 - INFO - [Epoch 2] Step 700/1945 - loss: 1.6901
2025-11-09 08:02:36 - INFO - [Epoch 2] Step 750/1945 - loss: 1.6573
2025-11-09 08:02:43 - INFO - [Epoch 2] Step 800/1945 - loss: 1.6357
2025-11-09 08:02:49 - INFO - [Epoch 2] Step 850/1945 - loss: 1.6061
2025-11-09 08:02:55 - INFO - [Epoch 2] Step 900/1945 - loss: 1.5800
2025-11-09 08:03:02 - INFO - [Epoch 2] Step 950/1945 - loss: 1.5621
2025-11-09 08:03:08 - INFO - [Epoch 2] Step 1000/1945 - loss: 1.5443
2025-11-09 08:03:14 - INFO - [Epoch 2] Step 1050/1945 - loss: 1.5233
2025-11-09 08:03:21 - INFO - [Epoch 2] Step 1100/1945 - loss: 1.5042
2025-11-09 08:03:27 - INFO - [Epoch 2] Step 1150/1945 - loss: 1.4892
2025-11-09 08:03:33 - INFO - [Epoch 2] Step 1200/1945 - loss: 1.4756
2025-11-09 08:03:39 - INFO - [Epoch 2] Step 1250/1945 - loss: 1.4600
2025-11-09 08:03:46 - INFO - [Epoch 2] Step 1300/1945 - loss: 1.4459
2025-11-09 08:03:52 - INFO - [Epoch 2] Step 1350/1945 - loss: 1.4325
2025-11-09 08:03:58 - INFO - [Epoch 2] Step 1400/1945 - loss: 1.4204
2025-11-09 08:04:05 - INFO - [Epoch 2] Step 1450/1945 - loss: 1.4089
2025-11-09 08:04:11 - INFO - [Epoch 2] Step 1500/1945 - loss: 1.3967
2025-11-09 08:04:17 - INFO - [Epoch 2] Step 1550/1945 - loss: 1.3849
2025-11-09 08:04:23 - INFO - [Epoch 2] Step 1600/1945 - loss: 1.3755
2025-11-09 08:04:29 - INFO - [Epoch 2] Step 1650/1945 - loss: 1.3683
2025-11-09 08:04:36 - INFO - [Epoch 2] Step 1700/1945 - loss: 1.3595
2025-11-09 08:04:42 - INFO - [Epoch 2] Step 1750/1945 - loss: 1.3490
2025-11-09 08:04:48 - INFO - [Epoch 2] Step 1800/1945 - loss: 1.3425
2025-11-09 08:04:55 - INFO - [Epoch 2] Step 1850/1945 - loss: 1.3345
2025-11-09 08:05:01 - INFO - [Epoch 2] Step 1900/1945 - loss: 1.3272
2025-11-09 08:05:06 - INFO - [Epoch 2] Step 1945/1945 - loss: 1.3204
/opt/conda/lib/python3.10/site-packages/torch/optim/lr_scheduler.py:149: UserWarning: The epoch parameter in `scheduler.step()` was not necessary and is being deprecated where possible. Please use `scheduler.step()` to step the scheduler. During the deprecation, if epoch is different from None, the closed form is used instead of the new chainable form, where available. Please open an issue if you are unable to replicate your use case: https://github.com/pytorch/pytorch/issues/new/choose.
  warnings.warn(EPOCH_DEPRECATION_WARNING, UserWarning)
2025-11-09 08:05:29 - INFO - Epoch 2/20 - train_loss: 1.3204 - val_loss: 0.6472 - f1: 0.8879
2025-11-09 08:05:36 - INFO - [Epoch 3] Step 50/1945 - loss: 1.0322
2025-11-09 08:05:42 - INFO - [Epoch 3] Step 100/1945 - loss: 1.0967
2025-11-09 08:05:48 - INFO - [Epoch 3] Step 150/1945 - loss: 1.1038
2025-11-09 08:05:55 - INFO - [Epoch 3] Step 200/1945 - loss: 1.1096
2025-11-09 08:06:01 - INFO - [Epoch 3] Step 250/1945 - loss: 1.1124
2025-11-09 08:06:07 - INFO - [Epoch 3] Step 300/1945 - loss: 1.1225
2025-11-09 08:06:14 - INFO - [Epoch 3] Step 350/1945 - loss: 1.1386
2025-11-09 08:06:20 - INFO - [Epoch 3] Step 400/1945 - loss: 1.1279
2025-11-09 08:06:26 - INFO - [Epoch 3] Step 450/1945 - loss: 1.1379
2025-11-09 08:06:33 - INFO - [Epoch 3] Step 500/1945 - loss: 1.1331
2025-11-09 08:06:39 - INFO - [Epoch 3] Step 550/1945 - loss: 1.1306
2025-11-09 08:06:45 - INFO - [Epoch 3] Step 600/1945 - loss: 1.1330
2025-11-09 08:06:51 - INFO - [Epoch 3] Step 650/1945 - loss: 1.1291
2025-11-09 08:06:58 - INFO - [Epoch 3] Step 700/1945 - loss: 1.1284
2025-11-09 08:07:04 - INFO - [Epoch 3] Step 750/1945 - loss: 1.1247
2025-11-09 08:07:11 - INFO - [Epoch 3] Step 800/1945 - loss: 1.1175
2025-11-09 08:07:17 - INFO - [Epoch 3] Step 850/1945 - loss: 1.1190
2025-11-09 08:07:23 - INFO - [Epoch 3] Step 900/1945 - loss: 1.1199
2025-11-09 08:07:29 - INFO - [Epoch 3] Step 950/1945 - loss: 1.1166
2025-11-09 08:07:36 - INFO - [Epoch 3] Step 1000/1945 - loss: 1.1123
2025-11-09 08:07:42 - INFO - [Epoch 3] Step 1050/1945 - loss: 1.1104
2025-11-09 08:07:48 - INFO - [Epoch 3] Step 1100/1945 - loss: 1.1082
2025-11-09 08:07:55 - INFO - [Epoch 3] Step 1150/1945 - loss: 1.1087
2025-11-09 08:08:01 - INFO - [Epoch 3] Step 1200/1945 - loss: 1.1096
2025-11-09 08:08:07 - INFO - [Epoch 3] Step 1250/1945 - loss: 1.1065
2025-11-09 08:08:14 - INFO - [Epoch 3] Step 1300/1945 - loss: 1.1060
2025-11-09 08:08:20 - INFO - [Epoch 3] Step 1350/1945 - loss: 1.1029
2025-11-09 08:08:26 - INFO - [Epoch 3] Step 1400/1945 - loss: 1.1013
2025-11-09 08:08:32 - INFO - [Epoch 3] Step 1450/1945 - loss: 1.1024
2025-11-09 08:08:39 - INFO - [Epoch 3] Step 1500/1945 - loss: 1.1027
2025-11-09 08:08:45 - INFO - [Epoch 3] Step 1550/1945 - loss: 1.1032
2025-11-09 08:08:51 - INFO - [Epoch 3] Step 1600/1945 - loss: 1.1015
2025-11-09 08:08:58 - INFO - [Epoch 3] Step 1650/1945 - loss: 1.0974
2025-11-09 08:09:04 - INFO - [Epoch 3] Step 1700/1945 - loss: 1.0939
2025-11-09 08:09:10 - INFO - [Epoch 3] Step 1750/1945 - loss: 1.0887
2025-11-09 08:09:17 - INFO - [Epoch 3] Step 1800/1945 - loss: 1.0861
2025-11-09 08:09:23 - INFO - [Epoch 3] Step 1850/1945 - loss: 1.0857
2025-11-09 08:09:29 - INFO - [Epoch 3] Step 1900/1945 - loss: 1.0849
2025-11-09 08:09:35 - INFO - [Epoch 3] Step 1945/1945 - loss: 1.0819
2025-11-09 08:09:57 - INFO - Epoch 3/20 - train_loss: 1.0819 - val_loss: 0.6406 - f1: 0.8955
2025-11-09 08:10:04 - INFO - [Epoch 4] Step 50/1945 - loss: 0.9245
2025-11-09 08:10:10 - INFO - [Epoch 4] Step 100/1945 - loss: 0.9654
2025-11-09 08:10:16 - INFO - [Epoch 4] Step 150/1945 - loss: 0.9385
2025-11-09 08:10:23 - INFO - [Epoch 4] Step 200/1945 - loss: 0.9336
2025-11-09 08:10:29 - INFO - [Epoch 4] Step 250/1945 - loss: 0.9401
2025-11-09 08:10:35 - INFO - [Epoch 4] Step 300/1945 - loss: 0.9277
2025-11-09 08:10:42 - INFO - [Epoch 4] Step 350/1945 - loss: 0.9246
2025-11-09 08:10:48 - INFO - [Epoch 4] Step 400/1945 - loss: 0.9286
2025-11-09 08:10:54 - INFO - [Epoch 4] Step 450/1945 - loss: 0.9301
2025-11-09 08:11:01 - INFO - [Epoch 4] Step 500/1945 - loss: 0.9275
2025-11-09 08:11:07 - INFO - [Epoch 4] Step 550/1945 - loss: 0.9329
2025-11-09 08:11:13 - INFO - [Epoch 4] Step 600/1945 - loss: 0.9334
2025-11-09 08:11:20 - INFO - [Epoch 4] Step 650/1945 - loss: 0.9410
2025-11-09 08:11:26 - INFO - [Epoch 4] Step 700/1945 - loss: 0.9375
2025-11-09 08:11:32 - INFO - [Epoch 4] Step 750/1945 - loss: 0.9313
2025-11-09 08:11:39 - INFO - [Epoch 4] Step 800/1945 - loss: 0.9283
2025-11-09 08:11:45 - INFO - [Epoch 4] Step 850/1945 - loss: 0.9310
2025-11-09 08:11:51 - INFO - [Epoch 4] Step 900/1945 - loss: 0.9282
2025-11-09 08:11:57 - INFO - [Epoch 4] Step 950/1945 - loss: 0.9275
2025-11-09 08:12:04 - INFO - [Epoch 4] Step 1000/1945 - loss: 0.9268
2025-11-09 08:12:10 - INFO - [Epoch 4] Step 1050/1945 - loss: 0.9270
2025-11-09 08:12:16 - INFO - [Epoch 4] Step 1100/1945 - loss: 0.9256
2025-11-09 08:12:23 - INFO - [Epoch 4] Step 1150/1945 - loss: 0.9225
2025-11-09 08:12:29 - INFO - [Epoch 4] Step 1200/1945 - loss: 0.9190
2025-11-09 08:12:35 - INFO - [Epoch 4] Step 1250/1945 - loss: 0.9180
2025-11-09 08:12:41 - INFO - [Epoch 4] Step 1300/1945 - loss: 0.9175
2025-11-09 08:12:48 - INFO - [Epoch 4] Step 1350/1945 - loss: 0.9167
2025-11-09 08:12:54 - INFO - [Epoch 4] Step 1400/1945 - loss: 0.9127
2025-11-09 08:13:00 - INFO - [Epoch 4] Step 1450/1945 - loss: 0.9121
2025-11-09 08:13:07 - INFO - [Epoch 4] Step 1500/1945 - loss: 0.9111
2025-11-09 08:13:13 - INFO - [Epoch 4] Step 1550/1945 - loss: 0.9095
2025-11-09 08:13:19 - INFO - [Epoch 4] Step 1600/1945 - loss: 0.9089
2025-11-09 08:13:25 - INFO - [Epoch 4] Step 1650/1945 - loss: 0.9072
2025-11-09 08:13:32 - INFO - [Epoch 4] Step 1700/1945 - loss: 0.9066
2025-11-09 08:13:38 - INFO - [Epoch 4] Step 1750/1945 - loss: 0.9034
2025-11-09 08:13:44 - INFO - [Epoch 4] Step 1800/1945 - loss: 0.9037
2025-11-09 08:13:51 - INFO - [Epoch 4] Step 1850/1945 - loss: 0.9033
2025-11-09 08:13:57 - INFO - [Epoch 4] Step 1900/1945 - loss: 0.9029
2025-11-09 08:14:02 - INFO - [Epoch 4] Step 1945/1945 - loss: 0.9007
2025-11-09 08:14:24 - INFO - Epoch 4/20 - train_loss: 0.9007 - val_loss: 0.5851 - f1: 0.9193
2025-11-09 08:14:31 - INFO - [Epoch 5] Step 50/1945 - loss: 0.9201
2025-11-09 08:14:38 - INFO - [Epoch 5] Step 100/1945 - loss: 0.8975
2025-11-09 08:14:44 - INFO - [Epoch 5] Step 150/1945 - loss: 0.8850
2025-11-09 08:14:50 - INFO - [Epoch 5] Step 200/1945 - loss: 0.8719
2025-11-09 08:14:56 - INFO - [Epoch 5] Step 250/1945 - loss: 0.8611
2025-11-09 08:15:02 - INFO - [Epoch 5] Step 300/1945 - loss: 0.8548
2025-11-09 08:15:09 - INFO - [Epoch 5] Step 350/1945 - loss: 0.8574
2025-11-09 08:15:15 - INFO - [Epoch 5] Step 400/1945 - loss: 0.8605
2025-11-09 08:15:21 - INFO - [Epoch 5] Step 450/1945 - loss: 0.8605
2025-11-09 08:15:27 - INFO - [Epoch 5] Step 500/1945 - loss: 0.8618
2025-11-09 08:15:34 - INFO - [Epoch 5] Step 550/1945 - loss: 0.8582
2025-11-09 08:15:40 - INFO - [Epoch 5] Step 600/1945 - loss: 0.8629
2025-11-09 08:15:47 - INFO - [Epoch 5] Step 650/1945 - loss: 0.8598
2025-11-09 08:15:53 - INFO - [Epoch 5] Step 700/1945 - loss: 0.8609
2025-11-09 08:15:59 - INFO - [Epoch 5] Step 750/1945 - loss: 0.8597
2025-11-09 08:16:05 - INFO - [Epoch 5] Step 800/1945 - loss: 0.8579
2025-11-09 08:16:12 - INFO - [Epoch 5] Step 850/1945 - loss: 0.8530
2025-11-09 08:16:18 - INFO - [Epoch 5] Step 900/1945 - loss: 0.8535
2025-11-09 08:16:24 - INFO - [Epoch 5] Step 950/1945 - loss: 0.8518
2025-11-09 08:16:30 - INFO - [Epoch 5] Step 1000/1945 - loss: 0.8493
2025-11-09 08:16:37 - INFO - [Epoch 5] Step 1050/1945 - loss: 0.8511
2025-11-09 08:16:43 - INFO - [Epoch 5] Step 1100/1945 - loss: 0.8525
2025-11-09 08:16:49 - INFO - [Epoch 5] Step 1150/1945 - loss: 0.8513
2025-11-09 08:16:56 - INFO - [Epoch 5] Step 1200/1945 - loss: 0.8485
2025-11-09 08:17:02 - INFO - [Epoch 5] Step 1250/1945 - loss: 0.8501
2025-11-09 08:17:08 - INFO - [Epoch 5] Step 1300/1945 - loss: 0.8476
2025-11-09 08:17:15 - INFO - [Epoch 5] Step 1350/1945 - loss: 0.8482
2025-11-09 08:17:21 - INFO - [Epoch 5] Step 1400/1945 - loss: 0.8476
2025-11-09 08:17:27 - INFO - [Epoch 5] Step 1450/1945 - loss: 0.8482
2025-11-09 08:17:34 - INFO - [Epoch 5] Step 1500/1945 - loss: 0.8488
2025-11-09 08:17:40 - INFO - [Epoch 5] Step 1550/1945 - loss: 0.8477
2025-11-09 08:17:46 - INFO - [Epoch 5] Step 1600/1945 - loss: 0.8474
2025-11-09 08:17:53 - INFO - [Epoch 5] Step 1650/1945 - loss: 0.8446
2025-11-09 08:17:59 - INFO - [Epoch 5] Step 1700/1945 - loss: 0.8448
2025-11-09 08:18:05 - INFO - [Epoch 5] Step 1750/1945 - loss: 0.8433
2025-11-09 08:18:11 - INFO - [Epoch 5] Step 1800/1945 - loss: 0.8439
2025-11-09 08:18:18 - INFO - [Epoch 5] Step 1850/1945 - loss: 0.8428
2025-11-09 08:18:24 - INFO - [Epoch 5] Step 1900/1945 - loss: 0.8416
2025-11-09 08:18:30 - INFO - [Epoch 5] Step 1945/1945 - loss: 0.8402
2025-11-09 08:18:52 - INFO - Epoch 5/20 - train_loss: 0.8402 - val_loss: 0.5325 - f1: 0.9365
2025-11-09 08:18:59 - INFO - [Epoch 6] Step 50/1945 - loss: 0.8435
2025-11-09 08:19:05 - INFO - [Epoch 6] Step 100/1945 - loss: 0.8021
2025-11-09 08:19:12 - INFO - [Epoch 6] Step 150/1945 - loss: 0.8185
2025-11-09 08:19:18 - INFO - [Epoch 6] Step 200/1945 - loss: 0.8219
2025-11-09 08:19:24 - INFO - [Epoch 6] Step 250/1945 - loss: 0.8252
2025-11-09 08:19:30 - INFO - [Epoch 6] Step 300/1945 - loss: 0.8051
2025-11-09 08:19:37 - INFO - [Epoch 6] Step 350/1945 - loss: 0.7965
2025-11-09 08:19:43 - INFO - [Epoch 6] Step 400/1945 - loss: 0.7966
2025-11-09 08:19:50 - INFO - [Epoch 6] Step 450/1945 - loss: 0.8104
2025-11-09 08:19:56 - INFO - [Epoch 6] Step 500/1945 - loss: 0.8029
2025-11-09 08:20:02 - INFO - [Epoch 6] Step 550/1945 - loss: 0.8045
2025-11-09 08:20:08 - INFO - [Epoch 6] Step 600/1945 - loss: 0.7998
2025-11-09 08:20:15 - INFO - [Epoch 6] Step 650/1945 - loss: 0.7982
2025-11-09 08:20:21 - INFO - [Epoch 6] Step 700/1945 - loss: 0.7900
2025-11-09 08:20:27 - INFO - [Epoch 6] Step 750/1945 - loss: 0.7953
2025-11-09 08:20:33 - INFO - [Epoch 6] Step 800/1945 - loss: 0.7959
2025-11-09 08:20:40 - INFO - [Epoch 6] Step 850/1945 - loss: 0.7983
2025-11-09 08:20:46 - INFO - [Epoch 6] Step 900/1945 - loss: 0.7964
2025-11-09 08:20:52 - INFO - [Epoch 6] Step 950/1945 - loss: 0.7981
2025-11-09 08:20:59 - INFO - [Epoch 6] Step 1000/1945 - loss: 0.7946
2025-11-09 08:21:05 - INFO - [Epoch 6] Step 1050/1945 - loss: 0.7923
2025-11-09 08:21:11 - INFO - [Epoch 6] Step 1100/1945 - loss: 0.7950
2025-11-09 08:21:18 - INFO - [Epoch 6] Step 1150/1945 - loss: 0.7961
2025-11-09 08:21:24 - INFO - [Epoch 6] Step 1200/1945 - loss: 0.7929
2025-11-09 08:21:30 - INFO - [Epoch 6] Step 1250/1945 - loss: 0.7909
2025-11-09 08:21:36 - INFO - [Epoch 6] Step 1300/1945 - loss: 0.7890
2025-11-09 08:21:43 - INFO - [Epoch 6] Step 1350/1945 - loss: 0.7865
2025-11-09 08:21:49 - INFO - [Epoch 6] Step 1400/1945 - loss: 0.7850
2025-11-09 08:21:55 - INFO - [Epoch 6] Step 1450/1945 - loss: 0.7874
2025-11-09 08:22:02 - INFO - [Epoch 6] Step 1500/1945 - loss: 0.7866
2025-11-09 08:22:08 - INFO - [Epoch 6] Step 1550/1945 - loss: 0.7859
2025-11-09 08:22:14 - INFO - [Epoch 6] Step 1600/1945 - loss: 0.7851
2025-11-09 08:22:21 - INFO - [Epoch 6] Step 1650/1945 - loss: 0.7849
2025-11-09 08:22:27 - INFO - [Epoch 6] Step 1700/1945 - loss: 0.7849
2025-11-09 08:22:33 - INFO - [Epoch 6] Step 1750/1945 - loss: 0.7824
2025-11-09 08:22:40 - INFO - [Epoch 6] Step 1800/1945 - loss: 0.7823
2025-11-09 08:22:46 - INFO - [Epoch 6] Step 1850/1945 - loss: 0.7807
2025-11-09 08:22:52 - INFO - [Epoch 6] Step 1900/1945 - loss: 0.7784
2025-11-09 08:22:58 - INFO - [Epoch 6] Step 1945/1945 - loss: 0.7767
2025-11-09 08:23:20 - INFO - Epoch 6/20 - train_loss: 0.7767 - val_loss: 0.5138 - f1: 0.9435
2025-11-09 08:23:26 - INFO - [Epoch 7] Step 50/1945 - loss: 0.7625
2025-11-09 08:23:33 - INFO - [Epoch 7] Step 100/1945 - loss: 0.7231
2025-11-09 08:23:39 - INFO - [Epoch 7] Step 150/1945 - loss: 0.7177
2025-11-09 08:23:45 - INFO - [Epoch 7] Step 200/1945 - loss: 0.7157
2025-11-09 08:23:52 - INFO - [Epoch 7] Step 250/1945 - loss: 0.7397
2025-11-09 08:23:58 - INFO - [Epoch 7] Step 300/1945 - loss: 0.7441
2025-11-09 08:24:04 - INFO - [Epoch 7] Step 350/1945 - loss: 0.7454
2025-11-09 08:24:11 - INFO - [Epoch 7] Step 400/1945 - loss: 0.7483
2025-11-09 08:24:17 - INFO - [Epoch 7] Step 450/1945 - loss: 0.7539
2025-11-09 08:24:23 - INFO - [Epoch 7] Step 500/1945 - loss: 0.7487
2025-11-09 08:24:29 - INFO - [Epoch 7] Step 550/1945 - loss: 0.7450
2025-11-09 08:24:35 - INFO - [Epoch 7] Step 600/1945 - loss: 0.7447
2025-11-09 08:24:42 - INFO - [Epoch 7] Step 650/1945 - loss: 0.7573
2025-11-09 08:24:48 - INFO - [Epoch 7] Step 700/1945 - loss: 0.7559
2025-11-09 08:24:54 - INFO - [Epoch 7] Step 750/1945 - loss: 0.7589
2025-11-09 08:25:01 - INFO - [Epoch 7] Step 800/1945 - loss: 0.7576
2025-11-09 08:25:07 - INFO - [Epoch 7] Step 850/1945 - loss: 0.7513
2025-11-09 08:25:13 - INFO - [Epoch 7] Step 900/1945 - loss: 0.7519
2025-11-09 08:25:19 - INFO - [Epoch 7] Step 950/1945 - loss: 0.7454
2025-11-09 08:25:26 - INFO - [Epoch 7] Step 1000/1945 - loss: 0.7471
2025-11-09 08:25:32 - INFO - [Epoch 7] Step 1050/1945 - loss: 0.7443
2025-11-09 08:25:38 - INFO - [Epoch 7] Step 1100/1945 - loss: 0.7444
2025-11-09 08:25:44 - INFO - [Epoch 7] Step 1150/1945 - loss: 0.7418
2025-11-09 08:25:51 - INFO - [Epoch 7] Step 1200/1945 - loss: 0.7447
2025-11-09 08:25:57 - INFO - [Epoch 7] Step 1250/1945 - loss: 0.7442
2025-11-09 08:26:03 - INFO - [Epoch 7] Step 1300/1945 - loss: 0.7422
2025-11-09 08:26:09 - INFO - [Epoch 7] Step 1350/1945 - loss: 0.7410
2025-11-09 08:26:16 - INFO - [Epoch 7] Step 1400/1945 - loss: 0.7416
2025-11-09 08:26:22 - INFO - [Epoch 7] Step 1450/1945 - loss: 0.7391
2025-11-09 08:26:29 - INFO - [Epoch 7] Step 1500/1945 - loss: 0.7379
2025-11-09 08:26:35 - INFO - [Epoch 7] Step 1550/1945 - loss: 0.7412
2025-11-09 08:26:41 - INFO - [Epoch 7] Step 1600/1945 - loss: 0.7392
2025-11-09 08:26:47 - INFO - [Epoch 7] Step 1650/1945 - loss: 0.7383
2025-11-09 08:26:54 - INFO - [Epoch 7] Step 1700/1945 - loss: 0.7346
2025-11-09 08:27:00 - INFO - [Epoch 7] Step 1750/1945 - loss: 0.7360
2025-11-09 08:27:06 - INFO - [Epoch 7] Step 1800/1945 - loss: 0.7330
2025-11-09 08:27:13 - INFO - [Epoch 7] Step 1850/1945 - loss: 0.7330
2025-11-09 08:27:19 - INFO - [Epoch 7] Step 1900/1945 - loss: 0.7313
2025-11-09 08:27:25 - INFO - [Epoch 7] Step 1945/1945 - loss: 0.7313
2025-11-09 08:27:47 - INFO - Epoch 7/20 - train_loss: 0.7313 - val_loss: 0.4866 - f1: 0.9482
2025-11-09 08:27:54 - INFO - [Epoch 8] Step 50/1945 - loss: 0.7135
2025-11-09 08:28:01 - INFO - [Epoch 8] Step 100/1945 - loss: 0.6713
2025-11-09 08:28:07 - INFO - [Epoch 8] Step 150/1945 - loss: 0.6772
2025-11-09 08:28:13 - INFO - [Epoch 8] Step 200/1945 - loss: 0.6854
2025-11-09 08:28:20 - INFO - [Epoch 8] Step 250/1945 - loss: 0.6969
2025-11-09 08:28:26 - INFO - [Epoch 8] Step 300/1945 - loss: 0.6901
2025-11-09 08:28:32 - INFO - [Epoch 8] Step 350/1945 - loss: 0.6858
2025-11-09 08:28:39 - INFO - [Epoch 8] Step 400/1945 - loss: 0.6865
2025-11-09 08:28:45 - INFO - [Epoch 8] Step 450/1945 - loss: 0.6816
2025-11-09 08:28:51 - INFO - [Epoch 8] Step 500/1945 - loss: 0.6797
2025-11-09 08:28:57 - INFO - [Epoch 8] Step 550/1945 - loss: 0.6766
2025-11-09 08:29:04 - INFO - [Epoch 8] Step 600/1945 - loss: 0.6773
2025-11-09 08:29:10 - INFO - [Epoch 8] Step 650/1945 - loss: 0.6750
2025-11-09 08:29:16 - INFO - [Epoch 8] Step 700/1945 - loss: 0.6761
2025-11-09 08:29:22 - INFO - [Epoch 8] Step 750/1945 - loss: 0.6806
2025-11-09 08:29:29 - INFO - [Epoch 8] Step 800/1945 - loss: 0.6829
2025-11-09 08:29:35 - INFO - [Epoch 8] Step 850/1945 - loss: 0.6843
2025-11-09 08:29:41 - INFO - [Epoch 8] Step 900/1945 - loss: 0.6848
2025-11-09 08:29:47 - INFO - [Epoch 8] Step 950/1945 - loss: 0.6882
2025-11-09 08:29:54 - INFO - [Epoch 8] Step 1000/1945 - loss: 0.6918
2025-11-09 08:30:00 - INFO - [Epoch 8] Step 1050/1945 - loss: 0.6901
2025-11-09 08:30:06 - INFO - [Epoch 8] Step 1100/1945 - loss: 0.6923
2025-11-09 08:30:13 - INFO - [Epoch 8] Step 1150/1945 - loss: 0.6918
2025-11-09 08:30:19 - INFO - [Epoch 8] Step 1200/1945 - loss: 0.6872
2025-11-09 08:30:25 - INFO - [Epoch 8] Step 1250/1945 - loss: 0.6872
2025-11-09 08:30:31 - INFO - [Epoch 8] Step 1300/1945 - loss: 0.6894
2025-11-09 08:30:38 - INFO - [Epoch 8] Step 1350/1945 - loss: 0.6891
2025-11-09 08:30:44 - INFO - [Epoch 8] Step 1400/1945 - loss: 0.6899
2025-11-09 08:30:50 - INFO - [Epoch 8] Step 1450/1945 - loss: 0.6887
2025-11-09 08:30:57 - INFO - [Epoch 8] Step 1500/1945 - loss: 0.6901
2025-11-09 08:31:03 - INFO - [Epoch 8] Step 1550/1945 - loss: 0.6895
2025-11-09 08:31:09 - INFO - [Epoch 8] Step 1600/1945 - loss: 0.6903
2025-11-09 08:31:15 - INFO - [Epoch 8] Step 1650/1945 - loss: 0.6919
2025-11-09 08:31:22 - INFO - [Epoch 8] Step 1700/1945 - loss: 0.6941
2025-11-09 08:31:28 - INFO - [Epoch 8] Step 1750/1945 - loss: 0.6952
2025-11-09 08:31:34 - INFO - [Epoch 8] Step 1800/1945 - loss: 0.6933
2025-11-09 08:31:41 - INFO - [Epoch 8] Step 1850/1945 - loss: 0.6914
2025-11-09 08:31:47 - INFO - [Epoch 8] Step 1900/1945 - loss: 0.6921
2025-11-09 08:31:53 - INFO - [Epoch 8] Step 1945/1945 - loss: 0.6909
2025-11-09 08:32:15 - INFO - Epoch 8/20 - train_loss: 0.6909 - val_loss: 0.5003 - f1: 0.9539
2025-11-09 08:32:22 - INFO - [Epoch 9] Step 50/1945 - loss: 0.6978
2025-11-09 08:32:28 - INFO - [Epoch 9] Step 100/1945 - loss: 0.6462
2025-11-09 08:32:35 - INFO - [Epoch 9] Step 150/1945 - loss: 0.6338
2025-11-09 08:32:41 - INFO - [Epoch 9] Step 200/1945 - loss: 0.6435
2025-11-09 08:32:47 - INFO - [Epoch 9] Step 250/1945 - loss: 0.6540
2025-11-09 08:32:53 - INFO - [Epoch 9] Step 300/1945 - loss: 0.6525
2025-11-09 08:32:59 - INFO - [Epoch 9] Step 350/1945 - loss: 0.6537
2025-11-09 08:33:06 - INFO - [Epoch 9] Step 400/1945 - loss: 0.6539
2025-11-09 08:33:12 - INFO - [Epoch 9] Step 450/1945 - loss: 0.6599
2025-11-09 08:33:18 - INFO - [Epoch 9] Step 500/1945 - loss: 0.6614
2025-11-09 08:33:25 - INFO - [Epoch 9] Step 550/1945 - loss: 0.6590
2025-11-09 08:33:31 - INFO - [Epoch 9] Step 600/1945 - loss: 0.6540
2025-11-09 08:33:37 - INFO - [Epoch 9] Step 650/1945 - loss: 0.6532
2025-11-09 08:33:44 - INFO - [Epoch 9] Step 700/1945 - loss: 0.6511
2025-11-09 08:33:50 - INFO - [Epoch 9] Step 750/1945 - loss: 0.6534
2025-11-09 08:33:56 - INFO - [Epoch 9] Step 800/1945 - loss: 0.6512
2025-11-09 08:34:02 - INFO - [Epoch 9] Step 850/1945 - loss: 0.6498
2025-11-09 08:34:09 - INFO - [Epoch 9] Step 900/1945 - loss: 0.6515
2025-11-09 08:34:15 - INFO - [Epoch 9] Step 950/1945 - loss: 0.6551
2025-11-09 08:34:21 - INFO - [Epoch 9] Step 1000/1945 - loss: 0.6539
2025-11-09 08:34:27 - INFO - [Epoch 9] Step 1050/1945 - loss: 0.6559
2025-11-09 08:34:33 - INFO - [Epoch 9] Step 1100/1945 - loss: 0.6538
2025-11-09 08:34:40 - INFO - [Epoch 9] Step 1150/1945 - loss: 0.6533
2025-11-09 08:34:46 - INFO - [Epoch 9] Step 1200/1945 - loss: 0.6540
2025-11-09 08:34:52 - INFO - [Epoch 9] Step 1250/1945 - loss: 0.6544
2025-11-09 08:34:58 - INFO - [Epoch 9] Step 1300/1945 - loss: 0.6526
2025-11-09 08:35:05 - INFO - [Epoch 9] Step 1350/1945 - loss: 0.6540
2025-11-09 08:35:11 - INFO - [Epoch 9] Step 1400/1945 - loss: 0.6547
2025-11-09 08:35:17 - INFO - [Epoch 9] Step 1450/1945 - loss: 0.6536
2025-11-09 08:35:24 - INFO - [Epoch 9] Step 1500/1945 - loss: 0.6546
2025-11-09 08:35:30 - INFO - [Epoch 9] Step 1550/1945 - loss: 0.6532
2025-11-09 08:35:36 - INFO - [Epoch 9] Step 1600/1945 - loss: 0.6532
2025-11-09 08:35:43 - INFO - [Epoch 9] Step 1650/1945 - loss: 0.6540
2025-11-09 08:35:49 - INFO - [Epoch 9] Step 1700/1945 - loss: 0.6536
2025-11-09 08:35:55 - INFO - [Epoch 9] Step 1750/1945 - loss: 0.6567
2025-11-09 08:36:01 - INFO - [Epoch 9] Step 1800/1945 - loss: 0.6563
2025-11-09 08:36:07 - INFO - [Epoch 9] Step 1850/1945 - loss: 0.6561
2025-11-09 08:36:14 - INFO - [Epoch 9] Step 1900/1945 - loss: 0.6562
2025-11-09 08:36:19 - INFO - [Epoch 9] Step 1945/1945 - loss: 0.6578
2025-11-09 08:36:42 - INFO - Epoch 9/20 - train_loss: 0.6578 - val_loss: 0.4451 - f1: 0.9628
2025-11-09 08:36:49 - INFO - [Epoch 10] Step 50/1945 - loss: 0.6624
2025-11-09 08:36:55 - INFO - [Epoch 10] Step 100/1945 - loss: 0.6690
2025-11-09 08:37:01 - INFO - [Epoch 10] Step 150/1945 - loss: 0.6463
2025-11-09 08:37:07 - INFO - [Epoch 10] Step 200/1945 - loss: 0.6525
2025-11-09 08:37:14 - INFO - [Epoch 10] Step 250/1945 - loss: 0.6571
2025-11-09 08:37:20 - INFO - [Epoch 10] Step 300/1945 - loss: 0.6401
2025-11-09 08:37:26 - INFO - [Epoch 10] Step 350/1945 - loss: 0.6469
2025-11-09 08:37:33 - INFO - [Epoch 10] Step 400/1945 - loss: 0.6507
2025-11-09 08:37:39 - INFO - [Epoch 10] Step 450/1945 - loss: 0.6470
2025-11-09 08:37:45 - INFO - [Epoch 10] Step 500/1945 - loss: 0.6421
2025-11-09 08:37:51 - INFO - [Epoch 10] Step 550/1945 - loss: 0.6504
2025-11-09 08:37:58 - INFO - [Epoch 10] Step 600/1945 - loss: 0.6425
2025-11-09 08:38:04 - INFO - [Epoch 10] Step 650/1945 - loss: 0.6425
2025-11-09 08:38:10 - INFO - [Epoch 10] Step 700/1945 - loss: 0.6375
2025-11-09 08:38:16 - INFO - [Epoch 10] Step 750/1945 - loss: 0.6375
2025-11-09 08:38:23 - INFO - [Epoch 10] Step 800/1945 - loss: 0.6335
2025-11-09 08:38:29 - INFO - [Epoch 10] Step 850/1945 - loss: 0.6309
2025-11-09 08:38:35 - INFO - [Epoch 10] Step 900/1945 - loss: 0.6280
2025-11-09 08:38:42 - INFO - [Epoch 10] Step 950/1945 - loss: 0.6275
2025-11-09 08:38:48 - INFO - [Epoch 10] Step 1000/1945 - loss: 0.6288
2025-11-09 08:38:54 - INFO - [Epoch 10] Step 1050/1945 - loss: 0.6290
2025-11-09 08:39:00 - INFO - [Epoch 10] Step 1100/1945 - loss: 0.6300
2025-11-09 08:39:06 - INFO - [Epoch 10] Step 1150/1945 - loss: 0.6284
2025-11-09 08:39:12 - INFO - [Epoch 10] Step 1200/1945 - loss: 0.6258
2025-11-09 08:39:19 - INFO - [Epoch 10] Step 1250/1945 - loss: 0.6264
2025-11-09 08:39:25 - INFO - [Epoch 10] Step 1300/1945 - loss: 0.6301
2025-11-09 08:39:31 - INFO - [Epoch 10] Step 1350/1945 - loss: 0.6283
2025-11-09 08:39:38 - INFO - [Epoch 10] Step 1400/1945 - loss: 0.6266
2025-11-09 08:39:44 - INFO - [Epoch 10] Step 1450/1945 - loss: 0.6258
2025-11-09 08:39:50 - INFO - [Epoch 10] Step 1500/1945 - loss: 0.6263
2025-11-09 08:39:56 - INFO - [Epoch 10] Step 1550/1945 - loss: 0.6291
2025-11-09 08:40:03 - INFO - [Epoch 10] Step 1600/1945 - loss: 0.6286
2025-11-09 08:40:09 - INFO - [Epoch 10] Step 1650/1945 - loss: 0.6278
2025-11-09 08:40:15 - INFO - [Epoch 10] Step 1700/1945 - loss: 0.6279
2025-11-09 08:40:22 - INFO - [Epoch 10] Step 1750/1945 - loss: 0.6287
2025-11-09 08:40:28 - INFO - [Epoch 10] Step 1800/1945 - loss: 0.6290
2025-11-09 08:40:34 - INFO - [Epoch 10] Step 1850/1945 - loss: 0.6300
2025-11-09 08:40:41 - INFO - [Epoch 10] Step 1900/1945 - loss: 0.6261
2025-11-09 08:40:46 - INFO - [Epoch 10] Step 1945/1945 - loss: 0.6254
2025-11-09 08:41:09 - INFO - Epoch 10/20 - train_loss: 0.6254 - val_loss: 0.4502 - f1: 0.9678
2025-11-09 08:41:15 - INFO - [Epoch 11] Step 50/1945 - loss: 0.5037
2025-11-09 08:41:22 - INFO - [Epoch 11] Step 100/1945 - loss: 0.5697
2025-11-09 08:41:28 - INFO - [Epoch 11] Step 150/1945 - loss: 0.5812
2025-11-09 08:41:34 - INFO - [Epoch 11] Step 200/1945 - loss: 0.5988
2025-11-09 08:41:41 - INFO - [Epoch 11] Step 250/1945 - loss: 0.6073
2025-11-09 08:41:47 - INFO - [Epoch 11] Step 300/1945 - loss: 0.5976
2025-11-09 08:41:53 - INFO - [Epoch 11] Step 350/1945 - loss: 0.6009
2025-11-09 08:42:00 - INFO - [Epoch 11] Step 400/1945 - loss: 0.5988
2025-11-09 08:42:06 - INFO - [Epoch 11] Step 450/1945 - loss: 0.6007
2025-11-09 08:42:12 - INFO - [Epoch 11] Step 500/1945 - loss: 0.6005
2025-11-09 08:42:18 - INFO - [Epoch 11] Step 550/1945 - loss: 0.5950
2025-11-09 08:42:25 - INFO - [Epoch 11] Step 600/1945 - loss: 0.6018
2025-11-09 08:42:31 - INFO - [Epoch 11] Step 650/1945 - loss: 0.6076
2025-11-09 08:42:37 - INFO - [Epoch 11] Step 700/1945 - loss: 0.6086
2025-11-09 08:42:44 - INFO - [Epoch 11] Step 750/1945 - loss: 0.6136
2025-11-09 08:42:50 - INFO - [Epoch 11] Step 800/1945 - loss: 0.6164
2025-11-09 08:42:56 - INFO - [Epoch 11] Step 850/1945 - loss: 0.6139
2025-11-09 08:43:02 - INFO - [Epoch 11] Step 900/1945 - loss: 0.6148
2025-11-09 08:43:08 - INFO - [Epoch 11] Step 950/1945 - loss: 0.6096
2025-11-09 08:43:14 - INFO - [Epoch 11] Step 1000/1945 - loss: 0.6103
2025-11-09 08:43:21 - INFO - [Epoch 11] Step 1050/1945 - loss: 0.6096
2025-11-09 08:43:27 - INFO - [Epoch 11] Step 1100/1945 - loss: 0.6104
2025-11-09 08:43:33 - INFO - [Epoch 11] Step 1150/1945 - loss: 0.6114
2025-11-09 08:43:40 - INFO - [Epoch 11] Step 1200/1945 - loss: 0.6097
2025-11-09 08:43:46 - INFO - [Epoch 11] Step 1250/1945 - loss: 0.6105
2025-11-09 08:43:52 - INFO - [Epoch 11] Step 1300/1945 - loss: 0.6132
2025-11-09 08:43:59 - INFO - [Epoch 11] Step 1350/1945 - loss: 0.6126
2025-11-09 08:44:05 - INFO - [Epoch 11] Step 1400/1945 - loss: 0.6135
2025-11-09 08:44:11 - INFO - [Epoch 11] Step 1450/1945 - loss: 0.6133
2025-11-09 08:44:18 - INFO - [Epoch 11] Step 1500/1945 - loss: 0.6133
2025-11-09 08:44:24 - INFO - [Epoch 11] Step 1550/1945 - loss: 0.6144
2025-11-09 08:44:30 - INFO - [Epoch 11] Step 1600/1945 - loss: 0.6129
2025-11-09 08:44:37 - INFO - [Epoch 11] Step 1650/1945 - loss: 0.6123
2025-11-09 08:44:43 - INFO - [Epoch 11] Step 1700/1945 - loss: 0.6123
2025-11-09 08:44:49 - INFO - [Epoch 11] Step 1750/1945 - loss: 0.6109
2025-11-09 08:44:55 - INFO - [Epoch 11] Step 1800/1945 - loss: 0.6121
2025-11-09 08:45:02 - INFO - [Epoch 11] Step 1850/1945 - loss: 0.6115
2025-11-09 08:45:08 - INFO - [Epoch 11] Step 1900/1945 - loss: 0.6108
2025-11-09 08:45:13 - INFO - [Epoch 11] Step 1945/1945 - loss: 0.6095
2025-11-09 08:45:36 - INFO - Epoch 11/20 - train_loss: 0.6095 - val_loss: 0.4150 - f1: 0.9722
2025-11-09 08:45:43 - INFO - [Epoch 12] Step 50/1945 - loss: 0.6201
2025-11-09 08:45:49 - INFO - [Epoch 12] Step 100/1945 - loss: 0.6039
2025-11-09 08:45:55 - INFO - [Epoch 12] Step 150/1945 - loss: 0.5781
2025-11-09 08:46:01 - INFO - [Epoch 12] Step 200/1945 - loss: 0.5632
2025-11-09 08:46:08 - INFO - [Epoch 12] Step 250/1945 - loss: 0.5684
2025-11-09 08:46:14 - INFO - [Epoch 12] Step 300/1945 - loss: 0.5674
2025-11-09 08:46:20 - INFO - [Epoch 12] Step 350/1945 - loss: 0.5619
2025-11-09 08:46:26 - INFO - [Epoch 12] Step 400/1945 - loss: 0.5592
2025-11-09 08:46:33 - INFO - [Epoch 12] Step 450/1945 - loss: 0.5596
2025-11-09 08:46:39 - INFO - [Epoch 12] Step 500/1945 - loss: 0.5691
2025-11-09 08:46:45 - INFO - [Epoch 12] Step 550/1945 - loss: 0.5656
2025-11-09 08:46:51 - INFO - [Epoch 12] Step 600/1945 - loss: 0.5659
2025-11-09 08:46:58 - INFO - [Epoch 12] Step 650/1945 - loss: 0.5668
2025-11-09 08:47:04 - INFO - [Epoch 12] Step 700/1945 - loss: 0.5691
2025-11-09 08:47:10 - INFO - [Epoch 12] Step 750/1945 - loss: 0.5708
2025-11-09 08:47:17 - INFO - [Epoch 12] Step 800/1945 - loss: 0.5740
2025-11-09 08:47:23 - INFO - [Epoch 12] Step 850/1945 - loss: 0.5759
2025-11-09 08:47:29 - INFO - [Epoch 12] Step 900/1945 - loss: 0.5808
2025-11-09 08:47:35 - INFO - [Epoch 12] Step 950/1945 - loss: 0.5793
2025-11-09 08:47:41 - INFO - [Epoch 12] Step 1000/1945 - loss: 0.5804
2025-11-09 08:47:48 - INFO - [Epoch 12] Step 1050/1945 - loss: 0.5773
2025-11-09 08:47:54 - INFO - [Epoch 12] Step 1100/1945 - loss: 0.5783
2025-11-09 08:48:00 - INFO - [Epoch 12] Step 1150/1945 - loss: 0.5800
2025-11-09 08:48:07 - INFO - [Epoch 12] Step 1200/1945 - loss: 0.5803
2025-11-09 08:48:13 - INFO - [Epoch 12] Step 1250/1945 - loss: 0.5800
2025-11-09 08:48:19 - INFO - [Epoch 12] Step 1300/1945 - loss: 0.5823
2025-11-09 08:48:25 - INFO - [Epoch 12] Step 1350/1945 - loss: 0.5817
2025-11-09 08:48:31 - INFO - [Epoch 12] Step 1400/1945 - loss: 0.5807
2025-11-09 08:48:38 - INFO - [Epoch 12] Step 1450/1945 - loss: 0.5807
2025-11-09 08:48:44 - INFO - [Epoch 12] Step 1500/1945 - loss: 0.5808
2025-11-09 08:48:50 - INFO - [Epoch 12] Step 1550/1945 - loss: 0.5814
2025-11-09 08:48:57 - INFO - [Epoch 12] Step 1600/1945 - loss: 0.5801
2025-11-09 08:49:03 - INFO - [Epoch 12] Step 1650/1945 - loss: 0.5781
2025-11-09 08:49:09 - INFO - [Epoch 12] Step 1700/1945 - loss: 0.5756
2025-11-09 08:49:15 - INFO - [Epoch 12] Step 1750/1945 - loss: 0.5732
2025-11-09 08:49:22 - INFO - [Epoch 12] Step 1800/1945 - loss: 0.5721
2025-11-09 08:49:28 - INFO - [Epoch 12] Step 1850/1945 - loss: 0.5697
2025-11-09 08:49:34 - INFO - [Epoch 12] Step 1900/1945 - loss: 0.5701
2025-11-09 08:49:40 - INFO - [Epoch 12] Step 1945/1945 - loss: 0.5695
2025-11-09 08:50:02 - INFO - Epoch 12/20 - train_loss: 0.5695 - val_loss: 0.4080 - f1: 0.9789
2025-11-09 08:50:09 - INFO - [Epoch 13] Step 50/1945 - loss: 0.5753
2025-11-09 08:50:15 - INFO - [Epoch 13] Step 100/1945 - loss: 0.5381
2025-11-09 08:50:22 - INFO - [Epoch 13] Step 150/1945 - loss: 0.5571
2025-11-09 08:50:28 - INFO - [Epoch 13] Step 200/1945 - loss: 0.5526
2025-11-09 08:50:34 - INFO - [Epoch 13] Step 250/1945 - loss: 0.5423
2025-11-09 08:50:41 - INFO - [Epoch 13] Step 300/1945 - loss: 0.5473
2025-11-09 08:50:47 - INFO - [Epoch 13] Step 350/1945 - loss: 0.5487
2025-11-09 08:50:53 - INFO - [Epoch 13] Step 400/1945 - loss: 0.5392
2025-11-09 08:50:59 - INFO - [Epoch 13] Step 450/1945 - loss: 0.5476
2025-11-09 08:51:06 - INFO - [Epoch 13] Step 500/1945 - loss: 0.5511
2025-11-09 08:51:12 - INFO - [Epoch 13] Step 550/1945 - loss: 0.5534
2025-11-09 08:51:18 - INFO - [Epoch 13] Step 600/1945 - loss: 0.5532
2025-11-09 08:51:25 - INFO - [Epoch 13] Step 650/1945 - loss: 0.5567
2025-11-09 08:51:31 - INFO - [Epoch 13] Step 700/1945 - loss: 0.5567
2025-11-09 08:51:37 - INFO - [Epoch 13] Step 750/1945 - loss: 0.5605
2025-11-09 08:51:43 - INFO - [Epoch 13] Step 800/1945 - loss: 0.5595
2025-11-09 08:51:50 - INFO - [Epoch 13] Step 850/1945 - loss: 0.5600
2025-11-09 08:51:56 - INFO - [Epoch 13] Step 900/1945 - loss: 0.5629
2025-11-09 08:52:02 - INFO - [Epoch 13] Step 950/1945 - loss: 0.5636
2025-11-09 08:52:08 - INFO - [Epoch 13] Step 1000/1945 - loss: 0.5635
2025-11-09 08:52:15 - INFO - [Epoch 13] Step 1050/1945 - loss: 0.5619
2025-11-09 08:52:21 - INFO - [Epoch 13] Step 1100/1945 - loss: 0.5645
2025-11-09 08:52:27 - INFO - [Epoch 13] Step 1150/1945 - loss: 0.5629
2025-11-09 08:52:34 - INFO - [Epoch 13] Step 1200/1945 - loss: 0.5628
2025-11-09 08:52:40 - INFO - [Epoch 13] Step 1250/1945 - loss: 0.5613
2025-11-09 08:52:46 - INFO - [Epoch 13] Step 1300/1945 - loss: 0.5595
2025-11-09 08:52:52 - INFO - [Epoch 13] Step 1350/1945 - loss: 0.5601
2025-11-09 08:52:59 - INFO - [Epoch 13] Step 1400/1945 - loss: 0.5596
2025-11-09 08:53:05 - INFO - [Epoch 13] Step 1450/1945 - loss: 0.5597
2025-11-09 08:53:11 - INFO - [Epoch 13] Step 1500/1945 - loss: 0.5604
2025-11-09 08:53:18 - INFO - [Epoch 13] Step 1550/1945 - loss: 0.5592
2025-11-09 08:53:24 - INFO - [Epoch 13] Step 1600/1945 - loss: 0.5580
2025-11-09 08:53:30 - INFO - [Epoch 13] Step 1650/1945 - loss: 0.5557
2025-11-09 08:53:37 - INFO - [Epoch 13] Step 1700/1945 - loss: 0.5563
2025-11-09 08:53:43 - INFO - [Epoch 13] Step 1750/1945 - loss: 0.5581
2025-11-09 08:53:49 - INFO - [Epoch 13] Step 1800/1945 - loss: 0.5595
2025-11-09 08:53:55 - INFO - [Epoch 13] Step 1850/1945 - loss: 0.5588
2025-11-09 08:54:02 - INFO - [Epoch 13] Step 1900/1945 - loss: 0.5580
2025-11-09 08:54:07 - INFO - [Epoch 13] Step 1945/1945 - loss: 0.5573
2025-11-09 08:54:28 - INFO - Epoch 13/20 - train_loss: 0.5573 - val_loss: 0.4103 - f1: 0.9751
2025-11-09 08:54:35 - INFO - [Epoch 14] Step 50/1945 - loss: 0.5315
2025-11-09 08:54:41 - INFO - [Epoch 14] Step 100/1945 - loss: 0.5352
2025-11-09 08:54:48 - INFO - [Epoch 14] Step 150/1945 - loss: 0.5254
2025-11-09 08:54:54 - INFO - [Epoch 14] Step 200/1945 - loss: 0.5353
2025-11-09 08:55:00 - INFO - [Epoch 14] Step 250/1945 - loss: 0.5320
2025-11-09 08:55:06 - INFO - [Epoch 14] Step 300/1945 - loss: 0.5296
2025-11-09 08:55:13 - INFO - [Epoch 14] Step 350/1945 - loss: 0.5360
2025-11-09 08:55:19 - INFO - [Epoch 14] Step 400/1945 - loss: 0.5359
2025-11-09 08:55:25 - INFO - [Epoch 14] Step 450/1945 - loss: 0.5386
2025-11-09 08:55:32 - INFO - [Epoch 14] Step 500/1945 - loss: 0.5386
2025-11-09 08:55:38 - INFO - [Epoch 14] Step 550/1945 - loss: 0.5367
2025-11-09 08:55:44 - INFO - [Epoch 14] Step 600/1945 - loss: 0.5360
2025-11-09 08:55:51 - INFO - [Epoch 14] Step 650/1945 - loss: 0.5349
2025-11-09 08:55:57 - INFO - [Epoch 14] Step 700/1945 - loss: 0.5352
2025-11-09 08:56:03 - INFO - [Epoch 14] Step 750/1945 - loss: 0.5359
2025-11-09 08:56:09 - INFO - [Epoch 14] Step 800/1945 - loss: 0.5368
2025-11-09 08:56:15 - INFO - [Epoch 14] Step 850/1945 - loss: 0.5376
2025-11-09 08:56:22 - INFO - [Epoch 14] Step 900/1945 - loss: 0.5435
2025-11-09 08:56:28 - INFO - [Epoch 14] Step 950/1945 - loss: 0.5422
2025-11-09 08:56:34 - INFO - [Epoch 14] Step 1000/1945 - loss: 0.5398
2025-11-09 08:56:41 - INFO - [Epoch 14] Step 1050/1945 - loss: 0.5365
2025-11-09 08:56:47 - INFO - [Epoch 14] Step 1100/1945 - loss: 0.5384
2025-11-09 08:56:53 - INFO - [Epoch 14] Step 1150/1945 - loss: 0.5369
2025-11-09 08:57:00 - INFO - [Epoch 14] Step 1200/1945 - loss: 0.5350
2025-11-09 08:57:06 - INFO - [Epoch 14] Step 1250/1945 - loss: 0.5318
2025-11-09 08:57:12 - INFO - [Epoch 14] Step 1300/1945 - loss: 0.5304
2025-11-09 08:57:19 - INFO - [Epoch 14] Step 1350/1945 - loss: 0.5291
2025-11-09 08:57:25 - INFO - [Epoch 14] Step 1400/1945 - loss: 0.5287
2025-11-09 08:57:31 - INFO - [Epoch 14] Step 1450/1945 - loss: 0.5288
2025-11-09 08:57:37 - INFO - [Epoch 14] Step 1500/1945 - loss: 0.5298
2025-11-09 08:57:44 - INFO - [Epoch 14] Step 1550/1945 - loss: 0.5284
2025-11-09 08:57:50 - INFO - [Epoch 14] Step 1600/1945 - loss: 0.5259
2025-11-09 08:57:56 - INFO - [Epoch 14] Step 1650/1945 - loss: 0.5256
2025-11-09 08:58:02 - INFO - [Epoch 14] Step 1700/1945 - loss: 0.5246
2025-11-09 08:58:09 - INFO - [Epoch 14] Step 1750/1945 - loss: 0.5267
2025-11-09 08:58:15 - INFO - [Epoch 14] Step 1800/1945 - loss: 0.5281
2025-11-09 08:58:21 - INFO - [Epoch 14] Step 1850/1945 - loss: 0.5301
2025-11-09 08:58:27 - INFO - [Epoch 14] Step 1900/1945 - loss: 0.5291
2025-11-09 08:58:33 - INFO - [Epoch 14] Step 1945/1945 - loss: 0.5296
2025-11-09 08:58:54 - INFO - Epoch 14/20 - train_loss: 0.5296 - val_loss: 0.4012 - f1: 0.9774
2025-11-09 08:59:01 - INFO - [Epoch 15] Step 50/1945 - loss: 0.5210
2025-11-09 08:59:07 - INFO - [Epoch 15] Step 100/1945 - loss: 0.5038
2025-11-09 08:59:13 - INFO - [Epoch 15] Step 150/1945 - loss: 0.5075
2025-11-09 08:59:20 - INFO - [Epoch 15] Step 200/1945 - loss: 0.5065
2025-11-09 08:59:26 - INFO - [Epoch 15] Step 250/1945 - loss: 0.5107
2025-11-09 08:59:32 - INFO - [Epoch 15] Step 300/1945 - loss: 0.5199
2025-11-09 08:59:38 - INFO - [Epoch 15] Step 350/1945 - loss: 0.5226
2025-11-09 08:59:45 - INFO - [Epoch 15] Step 400/1945 - loss: 0.5261
2025-11-09 08:59:51 - INFO - [Epoch 15] Step 450/1945 - loss: 0.5313
2025-11-09 08:59:57 - INFO - [Epoch 15] Step 500/1945 - loss: 0.5281
2025-11-09 09:00:03 - INFO - [Epoch 15] Step 550/1945 - loss: 0.5252
2025-11-09 09:00:10 - INFO - [Epoch 15] Step 600/1945 - loss: 0.5211
2025-11-09 09:00:16 - INFO - [Epoch 15] Step 650/1945 - loss: 0.5192
2025-11-09 09:00:22 - INFO - [Epoch 15] Step 700/1945 - loss: 0.5214
2025-11-09 09:00:29 - INFO - [Epoch 15] Step 750/1945 - loss: 0.5192
2025-11-09 09:00:35 - INFO - [Epoch 15] Step 800/1945 - loss: 0.5224
2025-11-09 09:00:41 - INFO - [Epoch 15] Step 850/1945 - loss: 0.5190
2025-11-09 09:00:48 - INFO - [Epoch 15] Step 900/1945 - loss: 0.5183
2025-11-09 09:00:54 - INFO - [Epoch 15] Step 950/1945 - loss: 0.5174
2025-11-09 09:01:00 - INFO - [Epoch 15] Step 1000/1945 - loss: 0.5190
2025-11-09 09:01:07 - INFO - [Epoch 15] Step 1050/1945 - loss: 0.5172
2025-11-09 09:01:13 - INFO - [Epoch 15] Step 1100/1945 - loss: 0.5176
2025-11-09 09:01:19 - INFO - [Epoch 15] Step 1150/1945 - loss: 0.5192
2025-11-09 09:01:26 - INFO - [Epoch 15] Step 1200/1945 - loss: 0.5199
2025-11-09 09:01:32 - INFO - [Epoch 15] Step 1250/1945 - loss: 0.5172
2025-11-09 09:01:38 - INFO - [Epoch 15] Step 1300/1945 - loss: 0.5168
2025-11-09 09:01:44 - INFO - [Epoch 15] Step 1350/1945 - loss: 0.5167
2025-11-09 09:01:51 - INFO - [Epoch 15] Step 1400/1945 - loss: 0.5159
2025-11-09 09:01:57 - INFO - [Epoch 15] Step 1450/1945 - loss: 0.5147
2025-11-09 09:02:03 - INFO - [Epoch 15] Step 1500/1945 - loss: 0.5161
2025-11-09 09:02:10 - INFO - [Epoch 15] Step 1550/1945 - loss: 0.5148
2025-11-09 09:02:16 - INFO - [Epoch 15] Step 1600/1945 - loss: 0.5167
2025-11-09 09:02:22 - INFO - [Epoch 15] Step 1650/1945 - loss: 0.5150
2025-11-09 09:02:28 - INFO - [Epoch 15] Step 1700/1945 - loss: 0.5149
2025-11-09 09:02:35 - INFO - [Epoch 15] Step 1750/1945 - loss: 0.5164
2025-11-09 09:02:41 - INFO - [Epoch 15] Step 1800/1945 - loss: 0.5151
2025-11-09 09:02:47 - INFO - [Epoch 15] Step 1850/1945 - loss: 0.5142
2025-11-09 09:02:53 - INFO - [Epoch 15] Step 1900/1945 - loss: 0.5147
2025-11-09 09:02:59 - INFO - [Epoch 15] Step 1945/1945 - loss: 0.5137
2025-11-09 09:03:21 - INFO - Epoch 15/20 - train_loss: 0.5137 - val_loss: 0.3812 - f1: 0.9849
2025-11-09 09:03:28 - INFO - [Epoch 16] Step 50/1945 - loss: 0.4786
2025-11-09 09:03:34 - INFO - [Epoch 16] Step 100/1945 - loss: 0.4865
2025-11-09 09:03:41 - INFO - [Epoch 16] Step 150/1945 - loss: 0.5020
2025-11-09 09:03:47 - INFO - [Epoch 16] Step 200/1945 - loss: 0.5186
2025-11-09 09:03:53 - INFO - [Epoch 16] Step 250/1945 - loss: 0.5244
2025-11-09 09:03:59 - INFO - [Epoch 16] Step 300/1945 - loss: 0.5102
2025-11-09 09:04:06 - INFO - [Epoch 16] Step 350/1945 - loss: 0.5081
2025-11-09 09:04:12 - INFO - [Epoch 16] Step 400/1945 - loss: 0.5113
2025-11-09 09:04:18 - INFO - [Epoch 16] Step 450/1945 - loss: 0.5058
2025-11-09 09:04:25 - INFO - [Epoch 16] Step 500/1945 - loss: 0.5066
2025-11-09 09:04:31 - INFO - [Epoch 16] Step 550/1945 - loss: 0.5047
2025-11-09 09:04:37 - INFO - [Epoch 16] Step 600/1945 - loss: 0.5077
2025-11-09 09:04:43 - INFO - [Epoch 16] Step 650/1945 - loss: 0.5039
2025-11-09 09:04:50 - INFO - [Epoch 16] Step 700/1945 - loss: 0.5039
2025-11-09 09:04:56 - INFO - [Epoch 16] Step 750/1945 - loss: 0.5050
2025-11-09 09:05:02 - INFO - [Epoch 16] Step 800/1945 - loss: 0.5036
2025-11-09 09:05:08 - INFO - [Epoch 16] Step 850/1945 - loss: 0.5035
2025-11-09 09:05:15 - INFO - [Epoch 16] Step 900/1945 - loss: 0.5063
2025-11-09 09:05:21 - INFO - [Epoch 16] Step 950/1945 - loss: 0.5065
2025-11-09 09:05:27 - INFO - [Epoch 16] Step 1000/1945 - loss: 0.5053
2025-11-09 09:05:33 - INFO - [Epoch 16] Step 1050/1945 - loss: 0.5075
2025-11-09 09:05:40 - INFO - [Epoch 16] Step 1100/1945 - loss: 0.5064
2025-11-09 09:05:46 - INFO - [Epoch 16] Step 1150/1945 - loss: 0.5055
2025-11-09 09:05:52 - INFO - [Epoch 16] Step 1200/1945 - loss: 0.5066
2025-11-09 09:05:59 - INFO - [Epoch 16] Step 1250/1945 - loss: 0.5065
2025-11-09 09:06:05 - INFO - [Epoch 16] Step 1300/1945 - loss: 0.5084
2025-11-09 09:06:11 - INFO - [Epoch 16] Step 1350/1945 - loss: 0.5064
2025-11-09 09:06:17 - INFO - [Epoch 16] Step 1400/1945 - loss: 0.5047
2025-11-09 09:06:24 - INFO - [Epoch 16] Step 1450/1945 - loss: 0.5064
2025-11-09 09:06:30 - INFO - [Epoch 16] Step 1500/1945 - loss: 0.5064
2025-11-09 09:06:36 - INFO - [Epoch 16] Step 1550/1945 - loss: 0.5082
2025-11-09 09:06:43 - INFO - [Epoch 16] Step 1600/1945 - loss: 0.5075
2025-11-09 09:06:49 - INFO - [Epoch 16] Step 1650/1945 - loss: 0.5072
2025-11-09 09:06:55 - INFO - [Epoch 16] Step 1700/1945 - loss: 0.5079
2025-11-09 09:07:01 - INFO - [Epoch 16] Step 1750/1945 - loss: 0.5083
2025-11-09 09:07:08 - INFO - [Epoch 16] Step 1800/1945 - loss: 0.5067
2025-11-09 09:07:14 - INFO - [Epoch 16] Step 1850/1945 - loss: 0.5057
2025-11-09 09:07:20 - INFO - [Epoch 16] Step 1900/1945 - loss: 0.5041
2025-11-09 09:07:26 - INFO - [Epoch 16] Step 1945/1945 - loss: 0.5041
2025-11-09 09:07:47 - INFO - Epoch 16/20 - train_loss: 0.5041 - val_loss: 0.3871 - f1: 0.9813
2025-11-09 09:07:54 - INFO - [Epoch 17] Step 50/1945 - loss: 0.4127
2025-11-09 09:08:00 - INFO - [Epoch 17] Step 100/1945 - loss: 0.4904
2025-11-09 09:08:06 - INFO - [Epoch 17] Step 150/1945 - loss: 0.4777
2025-11-09 09:08:13 - INFO - [Epoch 17] Step 200/1945 - loss: 0.4876
2025-11-09 09:08:19 - INFO - [Epoch 17] Step 250/1945 - loss: 0.4883
2025-11-09 09:08:25 - INFO - [Epoch 17] Step 300/1945 - loss: 0.4955
2025-11-09 09:08:32 - INFO - [Epoch 17] Step 350/1945 - loss: 0.5001
2025-11-09 09:08:38 - INFO - [Epoch 17] Step 400/1945 - loss: 0.4964
2025-11-09 09:08:44 - INFO - [Epoch 17] Step 450/1945 - loss: 0.4980
2025-11-09 09:08:51 - INFO - [Epoch 17] Step 500/1945 - loss: 0.5006
2025-11-09 09:08:57 - INFO - [Epoch 17] Step 550/1945 - loss: 0.4995
2025-11-09 09:09:03 - INFO - [Epoch 17] Step 600/1945 - loss: 0.4951
2025-11-09 09:09:09 - INFO - [Epoch 17] Step 650/1945 - loss: 0.4982
2025-11-09 09:09:16 - INFO - [Epoch 17] Step 700/1945 - loss: 0.4991
2025-11-09 09:09:22 - INFO - [Epoch 17] Step 750/1945 - loss: 0.4983
2025-11-09 09:09:28 - INFO - [Epoch 17] Step 800/1945 - loss: 0.4995
2025-11-09 09:09:34 - INFO - [Epoch 17] Step 850/1945 - loss: 0.4989
2025-11-09 09:09:41 - INFO - [Epoch 17] Step 900/1945 - loss: 0.4998
2025-11-09 09:09:47 - INFO - [Epoch 17] Step 950/1945 - loss: 0.4996
2025-11-09 09:09:54 - INFO - [Epoch 17] Step 1000/1945 - loss: 0.5002
2025-11-09 09:10:00 - INFO - [Epoch 17] Step 1050/1945 - loss: 0.4973
2025-11-09 09:10:06 - INFO - [Epoch 17] Step 1100/1945 - loss: 0.4981
2025-11-09 09:10:13 - INFO - [Epoch 17] Step 1150/1945 - loss: 0.4983
2025-11-09 09:10:19 - INFO - [Epoch 17] Step 1200/1945 - loss: 0.4965
2025-11-09 09:10:25 - INFO - [Epoch 17] Step 1250/1945 - loss: 0.4976
2025-11-09 09:10:31 - INFO - [Epoch 17] Step 1300/1945 - loss: 0.4964
2025-11-09 09:10:38 - INFO - [Epoch 17] Step 1350/1945 - loss: 0.4940
2025-11-09 09:10:44 - INFO - [Epoch 17] Step 1400/1945 - loss: 0.4946
2025-11-09 09:10:50 - INFO - [Epoch 17] Step 1450/1945 - loss: 0.4952
2025-11-09 09:10:56 - INFO - [Epoch 17] Step 1500/1945 - loss: 0.4941
2025-11-09 09:11:03 - INFO - [Epoch 17] Step 1550/1945 - loss: 0.4920
2025-11-09 09:11:09 - INFO - [Epoch 17] Step 1600/1945 - loss: 0.4909
2025-11-09 09:11:15 - INFO - [Epoch 17] Step 1650/1945 - loss: 0.4927
2025-11-09 09:11:22 - INFO - [Epoch 17] Step 1700/1945 - loss: 0.4936
2025-11-09 09:11:28 - INFO - [Epoch 17] Step 1750/1945 - loss: 0.4934
2025-11-09 09:11:34 - INFO - [Epoch 17] Step 1800/1945 - loss: 0.4928
2025-11-09 09:11:40 - INFO - [Epoch 17] Step 1850/1945 - loss: 0.4907
2025-11-09 09:11:46 - INFO - [Epoch 17] Step 1900/1945 - loss: 0.4921
2025-11-09 09:11:52 - INFO - [Epoch 17] Step 1945/1945 - loss: 0.4910
2025-11-09 09:12:14 - INFO - Epoch 17/20 - train_loss: 0.4910 - val_loss: 0.3742 - f1: 0.9862
2025-11-09 09:12:21 - INFO - [Epoch 18] Step 50/1945 - loss: 0.4657
2025-11-09 09:12:27 - INFO - [Epoch 18] Step 100/1945 - loss: 0.4798
2025-11-09 09:12:33 - INFO - [Epoch 18] Step 150/1945 - loss: 0.4846
2025-11-09 09:12:40 - INFO - [Epoch 18] Step 200/1945 - loss: 0.4712
2025-11-09 09:12:46 - INFO - [Epoch 18] Step 250/1945 - loss: 0.4805
2025-11-09 09:12:52 - INFO - [Epoch 18] Step 300/1945 - loss: 0.4756
2025-11-09 09:12:59 - INFO - [Epoch 18] Step 350/1945 - loss: 0.4844
2025-11-09 09:13:05 - INFO - [Epoch 18] Step 400/1945 - loss: 0.4897
2025-11-09 09:13:11 - INFO - [Epoch 18] Step 450/1945 - loss: 0.4839
2025-11-09 09:13:18 - INFO - [Epoch 18] Step 500/1945 - loss: 0.4910
2025-11-09 09:13:24 - INFO - [Epoch 18] Step 550/1945 - loss: 0.4885
2025-11-09 09:13:30 - INFO - [Epoch 18] Step 600/1945 - loss: 0.4909
2025-11-09 09:13:37 - INFO - [Epoch 18] Step 650/1945 - loss: 0.4937
2025-11-09 09:13:43 - INFO - [Epoch 18] Step 700/1945 - loss: 0.4952
2025-11-09 09:13:49 - INFO - [Epoch 18] Step 750/1945 - loss: 0.4977
2025-11-09 09:13:56 - INFO - [Epoch 18] Step 800/1945 - loss: 0.4949
2025-11-09 09:14:02 - INFO - [Epoch 18] Step 850/1945 - loss: 0.4923
2025-11-09 09:14:08 - INFO - [Epoch 18] Step 900/1945 - loss: 0.4900
2025-11-09 09:14:15 - INFO - [Epoch 18] Step 950/1945 - loss: 0.4881
2025-11-09 09:14:21 - INFO - [Epoch 18] Step 1000/1945 - loss: 0.4887
2025-11-09 09:14:27 - INFO - [Epoch 18] Step 1050/1945 - loss: 0.4872
2025-11-09 09:14:34 - INFO - [Epoch 18] Step 1100/1945 - loss: 0.4860
2025-11-09 09:14:40 - INFO - [Epoch 18] Step 1150/1945 - loss: 0.4861
2025-11-09 09:14:46 - INFO - [Epoch 18] Step 1200/1945 - loss: 0.4883
2025-11-09 09:14:53 - INFO - [Epoch 18] Step 1250/1945 - loss: 0.4908
2025-11-09 09:14:59 - INFO - [Epoch 18] Step 1300/1945 - loss: 0.4910
2025-11-09 09:15:05 - INFO - [Epoch 18] Step 1350/1945 - loss: 0.4897
2025-11-09 09:15:12 - INFO - [Epoch 18] Step 1400/1945 - loss: 0.4893
2025-11-09 09:15:18 - INFO - [Epoch 18] Step 1450/1945 - loss: 0.4896
2025-11-09 09:15:24 - INFO - [Epoch 18] Step 1500/1945 - loss: 0.4873
2025-11-09 09:15:31 - INFO - [Epoch 18] Step 1550/1945 - loss: 0.4861
2025-11-09 09:15:37 - INFO - [Epoch 18] Step 1600/1945 - loss: 0.4856
2025-11-09 09:15:43 - INFO - [Epoch 18] Step 1650/1945 - loss: 0.4862
2025-11-09 09:15:49 - INFO - [Epoch 18] Step 1700/1945 - loss: 0.4839
2025-11-09 09:15:56 - INFO - [Epoch 18] Step 1750/1945 - loss: 0.4831
2025-11-09 09:16:02 - INFO - [Epoch 18] Step 1800/1945 - loss: 0.4830
2025-11-09 09:16:08 - INFO - [Epoch 18] Step 1850/1945 - loss: 0.4850
2025-11-09 09:16:15 - INFO - [Epoch 18] Step 1900/1945 - loss: 0.4833
2025-11-09 09:16:20 - INFO - [Epoch 18] Step 1945/1945 - loss: 0.4819
2025-11-09 09:16:41 - INFO - Epoch 18/20 - train_loss: 0.4819 - val_loss: 0.3701 - f1: 0.9859
2025-11-09 09:16:48 - INFO - [Epoch 19] Step 50/1945 - loss: 0.4298
2025-11-09 09:16:54 - INFO - [Epoch 19] Step 100/1945 - loss: 0.4643
2025-11-09 09:17:00 - INFO - [Epoch 19] Step 150/1945 - loss: 0.4791
2025-11-09 09:17:06 - INFO - [Epoch 19] Step 200/1945 - loss: 0.4791
2025-11-09 09:17:13 - INFO - [Epoch 19] Step 250/1945 - loss: 0.4830
2025-11-09 09:17:19 - INFO - [Epoch 19] Step 300/1945 - loss: 0.4810
2025-11-09 09:17:25 - INFO - [Epoch 19] Step 350/1945 - loss: 0.4764
2025-11-09 09:17:32 - INFO - [Epoch 19] Step 400/1945 - loss: 0.4764
2025-11-09 09:17:38 - INFO - [Epoch 19] Step 450/1945 - loss: 0.4795
2025-11-09 09:17:44 - INFO - [Epoch 19] Step 500/1945 - loss: 0.4749
2025-11-09 09:17:50 - INFO - [Epoch 19] Step 550/1945 - loss: 0.4714
2025-11-09 09:17:57 - INFO - [Epoch 19] Step 600/1945 - loss: 0.4712
2025-11-09 09:18:03 - INFO - [Epoch 19] Step 650/1945 - loss: 0.4729
2025-11-09 09:18:09 - INFO - [Epoch 19] Step 700/1945 - loss: 0.4737
2025-11-09 09:18:16 - INFO - [Epoch 19] Step 750/1945 - loss: 0.4729
2025-11-09 09:18:22 - INFO - [Epoch 19] Step 800/1945 - loss: 0.4739
2025-11-09 09:18:28 - INFO - [Epoch 19] Step 850/1945 - loss: 0.4724
2025-11-09 09:18:35 - INFO - [Epoch 19] Step 900/1945 - loss: 0.4717
2025-11-09 09:18:41 - INFO - [Epoch 19] Step 950/1945 - loss: 0.4718
2025-11-09 09:18:47 - INFO - [Epoch 19] Step 1000/1945 - loss: 0.4712
2025-11-09 09:18:54 - INFO - [Epoch 19] Step 1050/1945 - loss: 0.4721
2025-11-09 09:19:00 - INFO - [Epoch 19] Step 1100/1945 - loss: 0.4711
2025-11-09 09:19:06 - INFO - [Epoch 19] Step 1150/1945 - loss: 0.4699
2025-11-09 09:19:12 - INFO - [Epoch 19] Step 1200/1945 - loss: 0.4691
2025-11-09 09:19:19 - INFO - [Epoch 19] Step 1250/1945 - loss: 0.4688
2025-11-09 09:19:25 - INFO - [Epoch 19] Step 1300/1945 - loss: 0.4683
2025-11-09 09:19:31 - INFO - [Epoch 19] Step 1350/1945 - loss: 0.4717
2025-11-09 09:19:38 - INFO - [Epoch 19] Step 1400/1945 - loss: 0.4750
2025-11-09 09:19:44 - INFO - [Epoch 19] Step 1450/1945 - loss: 0.4750
2025-11-09 09:19:50 - INFO - [Epoch 19] Step 1500/1945 - loss: 0.4744
2025-11-09 09:19:57 - INFO - [Epoch 19] Step 1550/1945 - loss: 0.4742
2025-11-09 09:20:03 - INFO - [Epoch 19] Step 1600/1945 - loss: 0.4730
2025-11-09 09:20:09 - INFO - [Epoch 19] Step 1650/1945 - loss: 0.4728
2025-11-09 09:20:15 - INFO - [Epoch 19] Step 1700/1945 - loss: 0.4732
2025-11-09 09:20:22 - INFO - [Epoch 19] Step 1750/1945 - loss: 0.4746
2025-11-09 09:20:28 - INFO - [Epoch 19] Step 1800/1945 - loss: 0.4754
2025-11-09 09:20:34 - INFO - [Epoch 19] Step 1850/1945 - loss: 0.4753
2025-11-09 09:20:40 - INFO - [Epoch 19] Step 1900/1945 - loss: 0.4744
2025-11-09 09:20:46 - INFO - [Epoch 19] Step 1945/1945 - loss: 0.4741
2025-11-09 09:21:08 - INFO - Epoch 19/20 - train_loss: 0.4741 - val_loss: 0.3720 - f1: 0.9871
2025-11-09 09:21:15 - INFO - [Epoch 20] Step 50/1945 - loss: 0.4532
2025-11-09 09:21:21 - INFO - [Epoch 20] Step 100/1945 - loss: 0.4606
2025-11-09 09:21:27 - INFO - [Epoch 20] Step 150/1945 - loss: 0.4641
2025-11-09 09:21:34 - INFO - [Epoch 20] Step 200/1945 - loss: 0.4731
2025-11-09 09:21:40 - INFO - [Epoch 20] Step 250/1945 - loss: 0.4634
2025-11-09 09:21:46 - INFO - [Epoch 20] Step 300/1945 - loss: 0.4621
2025-11-09 09:21:53 - INFO - [Epoch 20] Step 350/1945 - loss: 0.4675
2025-11-09 09:21:59 - INFO - [Epoch 20] Step 400/1945 - loss: 0.4685
2025-11-09 09:22:05 - INFO - [Epoch 20] Step 450/1945 - loss: 0.4669
2025-11-09 09:22:12 - INFO - [Epoch 20] Step 500/1945 - loss: 0.4715
2025-11-09 09:22:18 - INFO - [Epoch 20] Step 550/1945 - loss: 0.4734
2025-11-09 09:22:24 - INFO - [Epoch 20] Step 600/1945 - loss: 0.4769
2025-11-09 09:22:31 - INFO - [Epoch 20] Step 650/1945 - loss: 0.4746
2025-11-09 09:22:37 - INFO - [Epoch 20] Step 700/1945 - loss: 0.4706
2025-11-09 09:22:43 - INFO - [Epoch 20] Step 750/1945 - loss: 0.4713
2025-11-09 09:22:50 - INFO - [Epoch 20] Step 800/1945 - loss: 0.4706
2025-11-09 09:22:56 - INFO - [Epoch 20] Step 850/1945 - loss: 0.4689
2025-11-09 09:23:02 - INFO - [Epoch 20] Step 900/1945 - loss: 0.4713
2025-11-09 09:23:09 - INFO - [Epoch 20] Step 950/1945 - loss: 0.4720
2025-11-09 09:23:15 - INFO - [Epoch 20] Step 1000/1945 - loss: 0.4690
2025-11-09 09:23:21 - INFO - [Epoch 20] Step 1050/1945 - loss: 0.4688
2025-11-09 09:23:27 - INFO - [Epoch 20] Step 1100/1945 - loss: 0.4703
2025-11-09 09:23:34 - INFO - [Epoch 20] Step 1150/1945 - loss: 0.4711
2025-11-09 09:23:40 - INFO - [Epoch 20] Step 1200/1945 - loss: 0.4711
2025-11-09 09:23:46 - INFO - [Epoch 20] Step 1250/1945 - loss: 0.4719
2025-11-09 09:23:52 - INFO - [Epoch 20] Step 1300/1945 - loss: 0.4704
2025-11-09 09:23:59 - INFO - [Epoch 20] Step 1350/1945 - loss: 0.4710
2025-11-09 09:24:05 - INFO - [Epoch 20] Step 1400/1945 - loss: 0.4721
2025-11-09 09:24:12 - INFO - [Epoch 20] Step 1450/1945 - loss: 0.4719
2025-11-09 09:24:18 - INFO - [Epoch 20] Step 1500/1945 - loss: 0.4719
2025-11-09 09:24:24 - INFO - [Epoch 20] Step 1550/1945 - loss: 0.4713
2025-11-09 09:24:30 - INFO - [Epoch 20] Step 1600/1945 - loss: 0.4726
2025-11-09 09:24:37 - INFO - [Epoch 20] Step 1650/1945 - loss: 0.4726
2025-11-09 09:24:43 - INFO - [Epoch 20] Step 1700/1945 - loss: 0.4741
2025-11-09 09:24:49 - INFO - [Epoch 20] Step 1750/1945 - loss: 0.4736
2025-11-09 09:24:56 - INFO - [Epoch 20] Step 1800/1945 - loss: 0.4737
2025-11-09 09:25:02 - INFO - [Epoch 20] Step 1850/1945 - loss: 0.4736
2025-11-09 09:25:08 - INFO - [Epoch 20] Step 1900/1945 - loss: 0.4735
2025-11-09 09:25:14 - INFO - [Epoch 20] Step 1945/1945 - loss: 0.4733
2025-11-09 09:25:35 - INFO - Epoch 20/20 - train_loss: 0.4733 - val_loss: 0.3720 - f1: 0.9867
2025-11-09 09:25:35 - INFO - Best epoch: 19 (0.9871)
2025-11-09 09:25:35 - INFO - Best f1: 0.9871
