2025-11-09 07:12:31 - INFO - Starting run: 20251109-071231_tf_efficientnet_b7_ns_448px_rot90_jitter_affine_rrc_mixup_only_ls0.05_cosine
2025-11-09 07:12:31 - INFO - Configuration:
{
  "augmentations": {
    "affine_scale": [
      0.9,
      1.1
    ],
    "affine_translate": [
      0.08,
      0.08
    ],
    "blur": {
      "blur_limit": [
        3,
        7
      ],
      "p": 0.35,
      "sigma_limit": [
        0.2,
        1.0
      ]
    },
    "brightness_contrast": [
      0.12,
      0.12
    ],
    "color_jitter": {
      "brightness": 0.3,
      "contrast": 0.15,
      "hue": 0.02,
      "p": 0.4,
      "saturation": 0.2
    },
    "horizontal_flip": true,
    "horizontal_flip_prob": 0.5,
    "max_rotate": 12,
    "name": "rot90_jitter_affine_rrc",
    "random_resized_crop_ratio": [
      0.85,
      1.15
    ],
    "random_resized_crop_scale": [
      0.92,
      1.0
    ],
    "random_rotate90": true,
    "random_rotate90_prob": 0.5,
    "rotate_prob": 1.0,
    "use_reference_pipeline": true
  },
  "data": {
    "excluded_ids": [],
    "input_size": 448,
    "loader": {
      "batch_size": 6,
      "num_workers": 8,
      "persistent_workers": true,
      "pin_memory": true,
      "prefetch_factor": 2
    },
    "mean": [
      0.485,
      0.456,
      0.406
    ],
    "num_classes": 17,
    "std": [
      0.229,
      0.224,
      0.225
    ]
  },
  "experiment": {
    "deterministic": false,
    "name": "efficientnet_b7_offline_448",
    "seed": 2024
  },
  "logging": {
    "log_interval": 50,
    "project": "document_type_classification",
    "tensorboard": true
  },
  "loss": {
    "label_smoothing": 0.05,
    "name": "cross_entropy"
  },
  "model": {
    "drop_path_rate": 0.2,
    "drop_rate": 0.4,
    "name": "tf_efficientnet_b7_ns",
    "pretrained": true
  },
  "optimizer": {
    "betas": [
      0.9,
      0.999
    ],
    "lr": 0.0002,
    "name": "adamw",
    "weight_decay": 0.02
  },
  "paths": {
    "data_root": "data/processed/offline_aug",
    "image_dir": "data/processed/offline_aug/images",
    "meta_csv": "data/raw/meta.csv",
    "output_root": "outputs",
    "test_dir": "data/raw/test",
    "train_csv": "data/processed/offline_aug/train_offline_aug.csv"
  },
  "performance": {
    "allow_tf32": true,
    "channels_last": true,
    "cudnn_benchmark": true,
    "matmul_precision": "high"
  },
  "regularization": {
    "cutmix_alpha": 0.0,
    "mixup_alpha": 0.1,
    "tag": "mixup_only"
  },
  "sampler": {
    "minority_classes": [
      1,
      13,
      14
    ],
    "name": "weighted_random",
    "replacement": true,
    "weights_power": 0.85
  },
  "scheduler": {
    "min_lr": 1e-06,
    "name": "cosine",
    "warmup_epochs": 2
  },
  "split": {
    "fold_index": 0,
    "n_splits": 6,
    "predefined_split": "splits/fold_indices_offline.pkl",
    "seed": 2024
  },
  "submission": {
    "leaderboard_score": 0.0,
    "metric_name": "f1",
    "tta": {
      "enabled": true,
      "horizontal_flip": true,
      "jitter_degrees": 0,
      "rotations": [
        0,
        90,
        180,
        270
      ],
      "vertical_flip": false
    }
  },
  "training": {
    "amp": true,
    "early_stopping": null,
    "ema": {
      "enabled": false
    },
    "epochs": 1,
    "grad_clip_norm": 1.0,
    "max_train_steps": 1,
    "save_best_metric": "f1",
    "swa": {
      "enabled": false
    },
    "validation_interval": 1
  }
}
/opt/conda/lib/python3.10/site-packages/timm/models/_factory.py:117: UserWarning: Mapping deprecated model name tf_efficientnet_b7_ns to current tf_efficientnet_b7.ns_jft_in1k.
  model = create_fn(
/opt/conda/lib/python3.10/site-packages/torch/optim/lr_scheduler.py:136: UserWarning: Detected call of `lr_scheduler.step()` before `optimizer.step()`. In PyTorch 1.1.0 and later, you should call them in the opposite order: `optimizer.step()` before `lr_scheduler.step()`.  Failure to do this will result in PyTorch skipping the first value of the learning rate schedule. See more details at https://pytorch.org/docs/stable/optim.html#how-to-adjust-learning-rate
  warnings.warn("Detected call of `lr_scheduler.step()` before `optimizer.step()`. "
2025-11-09 07:13:05 - INFO - Epoch 1/1 - train_loss: 3.5979 - val_loss: 3.2773 - f1: 0.0258
2025-11-09 07:13:05 - INFO - Best epoch: 1 (0.0258)
2025-11-09 07:13:05 - INFO - Best f1: 0.0258
2025-11-09 07:13:08 - INFO - Starting run: 20251109-071308_tf_efficientnet_b7_ns_448px_rot90_jitter_affine_rrc_mixup_only_ls0.05_cosine
2025-11-09 07:13:08 - INFO - Configuration:
{
  "augmentations": {
    "affine_scale": [
      0.9,
      1.1
    ],
    "affine_translate": [
      0.08,
      0.08
    ],
    "blur": {
      "blur_limit": [
        3,
        7
      ],
      "p": 0.35,
      "sigma_limit": [
        0.2,
        1.0
      ]
    },
    "brightness_contrast": [
      0.12,
      0.12
    ],
    "color_jitter": {
      "brightness": 0.3,
      "contrast": 0.15,
      "hue": 0.02,
      "p": 0.4,
      "saturation": 0.2
    },
    "horizontal_flip": true,
    "horizontal_flip_prob": 0.5,
    "max_rotate": 12,
    "name": "rot90_jitter_affine_rrc",
    "random_resized_crop_ratio": [
      0.85,
      1.15
    ],
    "random_resized_crop_scale": [
      0.92,
      1.0
    ],
    "random_rotate90": true,
    "random_rotate90_prob": 0.5,
    "rotate_prob": 1.0,
    "use_reference_pipeline": true
  },
  "data": {
    "excluded_ids": [],
    "input_size": 448,
    "loader": {
      "batch_size": 6,
      "num_workers": 8,
      "persistent_workers": true,
      "pin_memory": true,
      "prefetch_factor": 2
    },
    "mean": [
      0.485,
      0.456,
      0.406
    ],
    "num_classes": 17,
    "std": [
      0.229,
      0.224,
      0.225
    ]
  },
  "experiment": {
    "deterministic": false,
    "name": "efficientnet_b7_offline_448",
    "seed": 2024
  },
  "logging": {
    "log_interval": 50,
    "project": "document_type_classification",
    "tensorboard": true
  },
  "loss": {
    "label_smoothing": 0.05,
    "name": "cross_entropy"
  },
  "model": {
    "drop_path_rate": 0.2,
    "drop_rate": 0.4,
    "name": "tf_efficientnet_b7_ns",
    "pretrained": true
  },
  "optimizer": {
    "betas": [
      0.9,
      0.999
    ],
    "lr": 0.0002,
    "name": "adamw",
    "weight_decay": 0.02
  },
  "paths": {
    "data_root": "data/processed/offline_aug",
    "image_dir": "data/processed/offline_aug/images",
    "meta_csv": "data/raw/meta.csv",
    "output_root": "outputs",
    "test_dir": "data/raw/test",
    "train_csv": "data/processed/offline_aug/train_offline_aug.csv"
  },
  "performance": {
    "allow_tf32": true,
    "channels_last": true,
    "cudnn_benchmark": true,
    "matmul_precision": "high"
  },
  "regularization": {
    "cutmix_alpha": 0.0,
    "mixup_alpha": 0.1,
    "tag": "mixup_only"
  },
  "sampler": {
    "minority_classes": [
      1,
      13,
      14
    ],
    "name": "weighted_random",
    "replacement": true,
    "weights_power": 0.85
  },
  "scheduler": {
    "min_lr": 1e-06,
    "name": "cosine",
    "warmup_epochs": 2
  },
  "split": {
    "fold_index": 0,
    "n_splits": 6,
    "predefined_split": "splits/fold_indices_offline.pkl",
    "seed": 2024
  },
  "submission": {
    "leaderboard_score": 0.0,
    "metric_name": "f1",
    "tta": {
      "enabled": true,
      "horizontal_flip": true,
      "jitter_degrees": 0,
      "rotations": [
        0,
        90,
        180,
        270
      ],
      "vertical_flip": false
    }
  },
  "training": {
    "amp": true,
    "early_stopping": null,
    "ema": {
      "enabled": false
    },
    "epochs": 6,
    "grad_clip_norm": 1.0,
    "save_best_metric": "f1",
    "swa": {
      "enabled": false
    },
    "validation_interval": 1
  }
}
/opt/conda/lib/python3.10/site-packages/timm/models/_factory.py:117: UserWarning: Mapping deprecated model name tf_efficientnet_b7_ns to current tf_efficientnet_b7.ns_jft_in1k.
  model = create_fn(
2025-11-09 07:13:24 - INFO - [Epoch 1] Step 50/1945 - loss: 3.8091
2025-11-09 07:13:30 - INFO - [Epoch 1] Step 100/1945 - loss: 3.7499
2025-11-09 07:13:36 - INFO - [Epoch 1] Step 150/1945 - loss: 3.7311
2025-11-09 07:13:42 - INFO - [Epoch 1] Step 200/1945 - loss: 3.6926
2025-11-09 07:13:48 - INFO - [Epoch 1] Step 250/1945 - loss: 3.6718
2025-11-09 07:13:55 - INFO - [Epoch 1] Step 300/1945 - loss: 3.6769
2025-11-09 07:14:01 - INFO - [Epoch 1] Step 350/1945 - loss: 3.6651
2025-11-09 07:14:07 - INFO - [Epoch 1] Step 400/1945 - loss: 3.6663
2025-11-09 07:14:14 - INFO - [Epoch 1] Step 450/1945 - loss: 3.6739
2025-11-09 07:14:20 - INFO - [Epoch 1] Step 500/1945 - loss: 3.6610
2025-11-09 07:14:26 - INFO - [Epoch 1] Step 550/1945 - loss: 3.6725
2025-11-09 07:14:32 - INFO - [Epoch 1] Step 600/1945 - loss: 3.6726
2025-11-09 07:14:38 - INFO - [Epoch 1] Step 650/1945 - loss: 3.6696
2025-11-09 07:14:44 - INFO - [Epoch 1] Step 700/1945 - loss: 3.6647
2025-11-09 07:14:51 - INFO - [Epoch 1] Step 750/1945 - loss: 3.6615
2025-11-09 07:14:57 - INFO - [Epoch 1] Step 800/1945 - loss: 3.6545
2025-11-09 07:15:03 - INFO - [Epoch 1] Step 850/1945 - loss: 3.6420
2025-11-09 07:15:09 - INFO - [Epoch 1] Step 900/1945 - loss: 3.6351
2025-11-09 07:15:15 - INFO - [Epoch 1] Step 950/1945 - loss: 3.6302
2025-11-09 07:15:22 - INFO - [Epoch 1] Step 1000/1945 - loss: 3.6244
2025-11-09 07:15:28 - INFO - [Epoch 1] Step 1050/1945 - loss: 3.6158
2025-11-09 07:15:34 - INFO - [Epoch 1] Step 1100/1945 - loss: 3.6108
2025-11-09 07:15:40 - INFO - [Epoch 1] Step 1150/1945 - loss: 3.6057
2025-11-09 07:15:46 - INFO - [Epoch 1] Step 1200/1945 - loss: 3.6045
2025-11-09 07:15:53 - INFO - [Epoch 1] Step 1250/1945 - loss: 3.6007
2025-11-09 07:15:59 - INFO - [Epoch 1] Step 1300/1945 - loss: 3.5968
2025-11-09 07:16:05 - INFO - [Epoch 1] Step 1350/1945 - loss: 3.5879
2025-11-09 07:16:11 - INFO - [Epoch 1] Step 1400/1945 - loss: 3.5900
2025-11-09 07:16:17 - INFO - [Epoch 1] Step 1450/1945 - loss: 3.5860
2025-11-09 07:16:23 - INFO - [Epoch 1] Step 1500/1945 - loss: 3.5846
2025-11-09 07:16:30 - INFO - [Epoch 1] Step 1550/1945 - loss: 3.5816
2025-11-09 07:16:36 - INFO - [Epoch 1] Step 1600/1945 - loss: 3.5789
2025-11-09 07:16:42 - INFO - [Epoch 1] Step 1650/1945 - loss: 3.5782
2025-11-09 07:16:48 - INFO - [Epoch 1] Step 1700/1945 - loss: 3.5751
2025-11-09 07:16:54 - INFO - [Epoch 1] Step 1750/1945 - loss: 3.5714
2025-11-09 07:17:01 - INFO - [Epoch 1] Step 1800/1945 - loss: 3.5725
2025-11-09 07:17:07 - INFO - [Epoch 1] Step 1850/1945 - loss: 3.5663
2025-11-09 07:17:13 - INFO - [Epoch 1] Step 1900/1945 - loss: 3.5610
2025-11-09 07:17:19 - INFO - [Epoch 1] Step 1945/1945 - loss: 3.5553
2025-11-09 07:17:45 - INFO - Epoch 1/6 - train_loss: 3.5553 - val_loss: 3.0512 - f1: 0.0776
2025-11-09 07:17:51 - INFO - [Epoch 2] Step 50/1945 - loss: 2.8707
2025-11-09 07:17:57 - INFO - [Epoch 2] Step 100/1945 - loss: 2.5837
2025-11-09 07:18:03 - INFO - [Epoch 2] Step 150/1945 - loss: 2.3458
2025-11-09 07:18:10 - INFO - [Epoch 2] Step 200/1945 - loss: 2.1958
2025-11-09 07:18:16 - INFO - [Epoch 2] Step 250/1945 - loss: 2.1049
2025-11-09 07:18:22 - INFO - [Epoch 2] Step 300/1945 - loss: 2.0477
2025-11-09 07:18:28 - INFO - [Epoch 2] Step 350/1945 - loss: 1.9801
2025-11-09 07:18:34 - INFO - [Epoch 2] Step 400/1945 - loss: 1.9129
2025-11-09 07:18:41 - INFO - [Epoch 2] Step 450/1945 - loss: 1.8726
2025-11-09 07:18:47 - INFO - [Epoch 2] Step 500/1945 - loss: 1.8313
2025-11-09 07:18:53 - INFO - [Epoch 2] Step 550/1945 - loss: 1.7923
2025-11-09 07:18:59 - INFO - [Epoch 2] Step 600/1945 - loss: 1.7583
2025-11-09 07:19:06 - INFO - [Epoch 2] Step 650/1945 - loss: 1.7239
2025-11-09 07:19:12 - INFO - [Epoch 2] Step 700/1945 - loss: 1.6855
2025-11-09 07:19:18 - INFO - [Epoch 2] Step 750/1945 - loss: 1.6541
2025-11-09 07:19:24 - INFO - [Epoch 2] Step 800/1945 - loss: 1.6322
2025-11-09 07:19:31 - INFO - [Epoch 2] Step 850/1945 - loss: 1.6047
2025-11-09 07:19:37 - INFO - [Epoch 2] Step 900/1945 - loss: 1.5780
2025-11-09 07:19:43 - INFO - [Epoch 2] Step 950/1945 - loss: 1.5572
2025-11-09 07:19:49 - INFO - [Epoch 2] Step 1000/1945 - loss: 1.5381
2025-11-09 07:19:56 - INFO - [Epoch 2] Step 1050/1945 - loss: 1.5160
2025-11-09 07:20:02 - INFO - [Epoch 2] Step 1100/1945 - loss: 1.4983
2025-11-09 07:20:08 - INFO - [Epoch 2] Step 1150/1945 - loss: 1.4843
2025-11-09 07:20:14 - INFO - [Epoch 2] Step 1200/1945 - loss: 1.4722
2025-11-09 07:20:20 - INFO - [Epoch 2] Step 1250/1945 - loss: 1.4563
2025-11-09 07:20:27 - INFO - [Epoch 2] Step 1300/1945 - loss: 1.4420
2025-11-09 07:20:33 - INFO - [Epoch 2] Step 1350/1945 - loss: 1.4284
2025-11-09 07:20:39 - INFO - [Epoch 2] Step 1400/1945 - loss: 1.4156
2025-11-09 07:20:45 - INFO - [Epoch 2] Step 1450/1945 - loss: 1.4030
2025-11-09 07:20:51 - INFO - [Epoch 2] Step 1500/1945 - loss: 1.3917
2025-11-09 07:20:58 - INFO - [Epoch 2] Step 1550/1945 - loss: 1.3804
2025-11-09 07:21:04 - INFO - [Epoch 2] Step 1600/1945 - loss: 1.3711
2025-11-09 07:21:10 - INFO - [Epoch 2] Step 1650/1945 - loss: 1.3638
2025-11-09 07:21:16 - INFO - [Epoch 2] Step 1700/1945 - loss: 1.3554
2025-11-09 07:21:23 - INFO - [Epoch 2] Step 1750/1945 - loss: 1.3449
2025-11-09 07:21:29 - INFO - [Epoch 2] Step 1800/1945 - loss: 1.3376
2025-11-09 07:21:35 - INFO - [Epoch 2] Step 1850/1945 - loss: 1.3290
2025-11-09 07:21:41 - INFO - [Epoch 2] Step 1900/1945 - loss: 1.3226
2025-11-09 07:21:47 - INFO - [Epoch 2] Step 1945/1945 - loss: 1.3164
/opt/conda/lib/python3.10/site-packages/torch/optim/lr_scheduler.py:149: UserWarning: The epoch parameter in `scheduler.step()` was not necessary and is being deprecated where possible. Please use `scheduler.step()` to step the scheduler. During the deprecation, if epoch is different from None, the closed form is used instead of the new chainable form, where available. Please open an issue if you are unable to replicate your use case: https://github.com/pytorch/pytorch/issues/new/choose.
  warnings.warn(EPOCH_DEPRECATION_WARNING, UserWarning)
2025-11-09 07:22:09 - INFO - Epoch 2/6 - train_loss: 1.3164 - val_loss: 0.6239 - f1: 0.9032
2025-11-09 07:22:16 - INFO - [Epoch 3] Step 50/1945 - loss: 1.0339
2025-11-09 07:22:22 - INFO - [Epoch 3] Step 100/1945 - loss: 1.0930
2025-11-09 07:22:28 - INFO - [Epoch 3] Step 150/1945 - loss: 1.0821
2025-11-09 07:22:34 - INFO - [Epoch 3] Step 200/1945 - loss: 1.0801
2025-11-09 07:22:40 - INFO - [Epoch 3] Step 250/1945 - loss: 1.0751
2025-11-09 07:22:47 - INFO - [Epoch 3] Step 300/1945 - loss: 1.0795
2025-11-09 07:22:53 - INFO - [Epoch 3] Step 350/1945 - loss: 1.0931
2025-11-09 07:22:59 - INFO - [Epoch 3] Step 400/1945 - loss: 1.0902
2025-11-09 07:23:05 - INFO - [Epoch 3] Step 450/1945 - loss: 1.1041
2025-11-09 07:23:12 - INFO - [Epoch 3] Step 500/1945 - loss: 1.1022
2025-11-09 07:23:18 - INFO - [Epoch 3] Step 550/1945 - loss: 1.1059
2025-11-09 07:23:24 - INFO - [Epoch 3] Step 600/1945 - loss: 1.1087
2025-11-09 07:23:30 - INFO - [Epoch 3] Step 650/1945 - loss: 1.1079
2025-11-09 07:23:37 - INFO - [Epoch 3] Step 700/1945 - loss: 1.1085
2025-11-09 07:23:43 - INFO - [Epoch 3] Step 750/1945 - loss: 1.1076
2025-11-09 07:23:49 - INFO - [Epoch 3] Step 800/1945 - loss: 1.1008
2025-11-09 07:23:55 - INFO - [Epoch 3] Step 850/1945 - loss: 1.1007
2025-11-09 07:24:01 - INFO - [Epoch 3] Step 900/1945 - loss: 1.1025
2025-11-09 07:24:08 - INFO - [Epoch 3] Step 950/1945 - loss: 1.1005
2025-11-09 07:24:14 - INFO - [Epoch 3] Step 1000/1945 - loss: 1.0948
2025-11-09 07:24:20 - INFO - [Epoch 3] Step 1050/1945 - loss: 1.0943
2025-11-09 07:24:26 - INFO - [Epoch 3] Step 1100/1945 - loss: 1.0935
2025-11-09 07:24:32 - INFO - [Epoch 3] Step 1150/1945 - loss: 1.0953
2025-11-09 07:24:38 - INFO - [Epoch 3] Step 1200/1945 - loss: 1.0964
2025-11-09 07:24:45 - INFO - [Epoch 3] Step 1250/1945 - loss: 1.0944
2025-11-09 07:24:51 - INFO - [Epoch 3] Step 1300/1945 - loss: 1.0914
2025-11-09 07:24:57 - INFO - [Epoch 3] Step 1350/1945 - loss: 1.0889
2025-11-09 07:25:04 - INFO - [Epoch 3] Step 1400/1945 - loss: 1.0902
2025-11-09 07:25:10 - INFO - [Epoch 3] Step 1450/1945 - loss: 1.0913
2025-11-09 07:25:16 - INFO - [Epoch 3] Step 1500/1945 - loss: 1.0920
2025-11-09 07:25:23 - INFO - [Epoch 3] Step 1550/1945 - loss: 1.0933
2025-11-09 07:25:29 - INFO - [Epoch 3] Step 1600/1945 - loss: 1.0910
2025-11-09 07:25:35 - INFO - [Epoch 3] Step 1650/1945 - loss: 1.0872
2025-11-09 07:25:41 - INFO - [Epoch 3] Step 1700/1945 - loss: 1.0845
2025-11-09 07:25:47 - INFO - [Epoch 3] Step 1750/1945 - loss: 1.0792
2025-11-09 07:25:54 - INFO - [Epoch 3] Step 1800/1945 - loss: 1.0770
2025-11-09 07:26:00 - INFO - [Epoch 3] Step 1850/1945 - loss: 1.0765
2025-11-09 07:26:06 - INFO - [Epoch 3] Step 1900/1945 - loss: 1.0756
2025-11-09 07:26:12 - INFO - [Epoch 3] Step 1945/1945 - loss: 1.0709
2025-11-09 07:26:33 - INFO - Epoch 3/6 - train_loss: 1.0709 - val_loss: 0.6963 - f1: 0.8773
2025-11-09 07:26:40 - INFO - [Epoch 4] Step 50/1945 - loss: 0.9084
2025-11-09 07:26:46 - INFO - [Epoch 4] Step 100/1945 - loss: 0.9458
2025-11-09 07:26:52 - INFO - [Epoch 4] Step 150/1945 - loss: 0.9268
2025-11-09 07:26:58 - INFO - [Epoch 4] Step 200/1945 - loss: 0.9085
2025-11-09 07:27:04 - INFO - [Epoch 4] Step 250/1945 - loss: 0.9062
2025-11-09 07:27:11 - INFO - [Epoch 4] Step 300/1945 - loss: 0.9051
2025-11-09 07:27:17 - INFO - [Epoch 4] Step 350/1945 - loss: 0.9033
2025-11-09 07:27:23 - INFO - [Epoch 4] Step 400/1945 - loss: 0.9079
2025-11-09 07:27:29 - INFO - [Epoch 4] Step 450/1945 - loss: 0.9077
2025-11-09 07:27:36 - INFO - [Epoch 4] Step 500/1945 - loss: 0.9089
2025-11-09 07:27:42 - INFO - [Epoch 4] Step 550/1945 - loss: 0.9078
2025-11-09 07:27:48 - INFO - [Epoch 4] Step 600/1945 - loss: 0.9085
2025-11-09 07:27:54 - INFO - [Epoch 4] Step 650/1945 - loss: 0.9145
2025-11-09 07:28:01 - INFO - [Epoch 4] Step 700/1945 - loss: 0.9076
2025-11-09 07:28:07 - INFO - [Epoch 4] Step 750/1945 - loss: 0.8986
2025-11-09 07:28:13 - INFO - [Epoch 4] Step 800/1945 - loss: 0.8931
2025-11-09 07:28:19 - INFO - [Epoch 4] Step 850/1945 - loss: 0.8958
2025-11-09 07:28:26 - INFO - [Epoch 4] Step 900/1945 - loss: 0.8937
2025-11-09 07:28:32 - INFO - [Epoch 4] Step 950/1945 - loss: 0.8943
2025-11-09 07:28:38 - INFO - [Epoch 4] Step 1000/1945 - loss: 0.8935
2025-11-09 07:28:45 - INFO - [Epoch 4] Step 1050/1945 - loss: 0.8941
2025-11-09 07:28:51 - INFO - [Epoch 4] Step 1100/1945 - loss: 0.8937
2025-11-09 07:28:57 - INFO - [Epoch 4] Step 1150/1945 - loss: 0.8903
2025-11-09 07:29:04 - INFO - [Epoch 4] Step 1200/1945 - loss: 0.8872
2025-11-09 07:29:10 - INFO - [Epoch 4] Step 1250/1945 - loss: 0.8848
2025-11-09 07:29:16 - INFO - [Epoch 4] Step 1300/1945 - loss: 0.8843
2025-11-09 07:29:22 - INFO - [Epoch 4] Step 1350/1945 - loss: 0.8840
2025-11-09 07:29:29 - INFO - [Epoch 4] Step 1400/1945 - loss: 0.8833
2025-11-09 07:29:35 - INFO - [Epoch 4] Step 1450/1945 - loss: 0.8817
2025-11-09 07:29:41 - INFO - [Epoch 4] Step 1500/1945 - loss: 0.8803
2025-11-09 07:29:47 - INFO - [Epoch 4] Step 1550/1945 - loss: 0.8782
2025-11-09 07:29:54 - INFO - [Epoch 4] Step 1600/1945 - loss: 0.8776
2025-11-09 07:30:00 - INFO - [Epoch 4] Step 1650/1945 - loss: 0.8766
2025-11-09 07:30:06 - INFO - [Epoch 4] Step 1700/1945 - loss: 0.8755
2025-11-09 07:30:12 - INFO - [Epoch 4] Step 1750/1945 - loss: 0.8725
2025-11-09 07:30:19 - INFO - [Epoch 4] Step 1800/1945 - loss: 0.8730
2025-11-09 07:30:25 - INFO - [Epoch 4] Step 1850/1945 - loss: 0.8729
2025-11-09 07:30:31 - INFO - [Epoch 4] Step 1900/1945 - loss: 0.8721
2025-11-09 07:30:37 - INFO - [Epoch 4] Step 1945/1945 - loss: 0.8694
2025-11-09 07:30:59 - INFO - Epoch 4/6 - train_loss: 0.8694 - val_loss: 0.6114 - f1: 0.9232
2025-11-09 07:31:06 - INFO - [Epoch 5] Step 50/1945 - loss: 0.8724
2025-11-09 07:31:12 - INFO - [Epoch 5] Step 100/1945 - loss: 0.8426
2025-11-09 07:31:18 - INFO - [Epoch 5] Step 150/1945 - loss: 0.8384
2025-11-09 07:31:24 - INFO - [Epoch 5] Step 200/1945 - loss: 0.8311
2025-11-09 07:31:30 - INFO - [Epoch 5] Step 250/1945 - loss: 0.8204
2025-11-09 07:31:37 - INFO - [Epoch 5] Step 300/1945 - loss: 0.7976
2025-11-09 07:31:43 - INFO - [Epoch 5] Step 350/1945 - loss: 0.7920
2025-11-09 07:31:49 - INFO - [Epoch 5] Step 400/1945 - loss: 0.7984
2025-11-09 07:31:55 - INFO - [Epoch 5] Step 450/1945 - loss: 0.7902
2025-11-09 07:32:02 - INFO - [Epoch 5] Step 500/1945 - loss: 0.7879
2025-11-09 07:32:08 - INFO - [Epoch 5] Step 550/1945 - loss: 0.7832
2025-11-09 07:32:14 - INFO - [Epoch 5] Step 600/1945 - loss: 0.7838
2025-11-09 07:32:20 - INFO - [Epoch 5] Step 650/1945 - loss: 0.7807
2025-11-09 07:32:27 - INFO - [Epoch 5] Step 700/1945 - loss: 0.7790
2025-11-09 07:32:33 - INFO - [Epoch 5] Step 750/1945 - loss: 0.7798
2025-11-09 07:32:39 - INFO - [Epoch 5] Step 800/1945 - loss: 0.7741
2025-11-09 07:32:45 - INFO - [Epoch 5] Step 850/1945 - loss: 0.7699
2025-11-09 07:32:52 - INFO - [Epoch 5] Step 900/1945 - loss: 0.7695
2025-11-09 07:32:58 - INFO - [Epoch 5] Step 950/1945 - loss: 0.7693
2025-11-09 07:33:04 - INFO - [Epoch 5] Step 1000/1945 - loss: 0.7658
2025-11-09 07:33:11 - INFO - [Epoch 5] Step 1050/1945 - loss: 0.7632
2025-11-09 07:33:17 - INFO - [Epoch 5] Step 1100/1945 - loss: 0.7636
2025-11-09 07:33:23 - INFO - [Epoch 5] Step 1150/1945 - loss: 0.7621
2025-11-09 07:33:29 - INFO - [Epoch 5] Step 1200/1945 - loss: 0.7591
2025-11-09 07:33:36 - INFO - [Epoch 5] Step 1250/1945 - loss: 0.7614
2025-11-09 07:33:42 - INFO - [Epoch 5] Step 1300/1945 - loss: 0.7615
2025-11-09 07:33:48 - INFO - [Epoch 5] Step 1350/1945 - loss: 0.7601
2025-11-09 07:33:54 - INFO - [Epoch 5] Step 1400/1945 - loss: 0.7582
2025-11-09 07:34:00 - INFO - [Epoch 5] Step 1450/1945 - loss: 0.7584
2025-11-09 07:34:07 - INFO - [Epoch 5] Step 1500/1945 - loss: 0.7588
2025-11-09 07:34:13 - INFO - [Epoch 5] Step 1550/1945 - loss: 0.7580
2025-11-09 07:34:19 - INFO - [Epoch 5] Step 1600/1945 - loss: 0.7577
2025-11-09 07:34:25 - INFO - [Epoch 5] Step 1650/1945 - loss: 0.7560
2025-11-09 07:34:32 - INFO - [Epoch 5] Step 1700/1945 - loss: 0.7548
2025-11-09 07:34:38 - INFO - [Epoch 5] Step 1750/1945 - loss: 0.7526
2025-11-09 07:34:44 - INFO - [Epoch 5] Step 1800/1945 - loss: 0.7523
2025-11-09 07:34:50 - INFO - [Epoch 5] Step 1850/1945 - loss: 0.7513
2025-11-09 07:34:57 - INFO - [Epoch 5] Step 1900/1945 - loss: 0.7505
2025-11-09 07:35:02 - INFO - [Epoch 5] Step 1945/1945 - loss: 0.7482
2025-11-09 07:35:24 - INFO - Epoch 5/6 - train_loss: 0.7482 - val_loss: 0.5011 - f1: 0.9485
2025-11-09 07:35:31 - INFO - [Epoch 6] Step 50/1945 - loss: 0.7266
2025-11-09 07:35:37 - INFO - [Epoch 6] Step 100/1945 - loss: 0.7010
2025-11-09 07:35:44 - INFO - [Epoch 6] Step 150/1945 - loss: 0.7097
2025-11-09 07:35:50 - INFO - [Epoch 6] Step 200/1945 - loss: 0.7044
2025-11-09 07:35:56 - INFO - [Epoch 6] Step 250/1945 - loss: 0.6935
2025-11-09 07:36:02 - INFO - [Epoch 6] Step 300/1945 - loss: 0.6764
2025-11-09 07:36:09 - INFO - [Epoch 6] Step 350/1945 - loss: 0.6667
2025-11-09 07:36:15 - INFO - [Epoch 6] Step 400/1945 - loss: 0.6666
2025-11-09 07:36:21 - INFO - [Epoch 6] Step 450/1945 - loss: 0.6806
2025-11-09 07:36:27 - INFO - [Epoch 6] Step 500/1945 - loss: 0.6747
2025-11-09 07:36:34 - INFO - [Epoch 6] Step 550/1945 - loss: 0.6703
2025-11-09 07:36:40 - INFO - [Epoch 6] Step 600/1945 - loss: 0.6634
2025-11-09 07:36:46 - INFO - [Epoch 6] Step 650/1945 - loss: 0.6604
2025-11-09 07:36:52 - INFO - [Epoch 6] Step 700/1945 - loss: 0.6519
2025-11-09 07:36:58 - INFO - [Epoch 6] Step 750/1945 - loss: 0.6538
2025-11-09 07:37:05 - INFO - [Epoch 6] Step 800/1945 - loss: 0.6553
2025-11-09 07:37:11 - INFO - [Epoch 6] Step 850/1945 - loss: 0.6548
2025-11-09 07:37:17 - INFO - [Epoch 6] Step 900/1945 - loss: 0.6533
2025-11-09 07:37:23 - INFO - [Epoch 6] Step 950/1945 - loss: 0.6566
2025-11-09 07:37:30 - INFO - [Epoch 6] Step 1000/1945 - loss: 0.6531
2025-11-09 07:37:36 - INFO - [Epoch 6] Step 1050/1945 - loss: 0.6491
2025-11-09 07:37:42 - INFO - [Epoch 6] Step 1100/1945 - loss: 0.6515
2025-11-09 07:37:48 - INFO - [Epoch 6] Step 1150/1945 - loss: 0.6519
2025-11-09 07:37:54 - INFO - [Epoch 6] Step 1200/1945 - loss: 0.6504
2025-11-09 07:38:00 - INFO - [Epoch 6] Step 1250/1945 - loss: 0.6488
2025-11-09 07:38:06 - INFO - [Epoch 6] Step 1300/1945 - loss: 0.6469
2025-11-09 07:38:13 - INFO - [Epoch 6] Step 1350/1945 - loss: 0.6449
2025-11-09 07:38:19 - INFO - [Epoch 6] Step 1400/1945 - loss: 0.6446
2025-11-09 07:38:25 - INFO - [Epoch 6] Step 1450/1945 - loss: 0.6449
2025-11-09 07:38:31 - INFO - [Epoch 6] Step 1500/1945 - loss: 0.6450
2025-11-09 07:38:37 - INFO - [Epoch 6] Step 1550/1945 - loss: 0.6454
2025-11-09 07:38:43 - INFO - [Epoch 6] Step 1600/1945 - loss: 0.6435
2025-11-09 07:38:49 - INFO - [Epoch 6] Step 1650/1945 - loss: 0.6430
2025-11-09 07:38:56 - INFO - [Epoch 6] Step 1700/1945 - loss: 0.6424
2025-11-09 07:39:02 - INFO - [Epoch 6] Step 1750/1945 - loss: 0.6407
2025-11-09 07:39:08 - INFO - [Epoch 6] Step 1800/1945 - loss: 0.6414
2025-11-09 07:39:14 - INFO - [Epoch 6] Step 1850/1945 - loss: 0.6400
2025-11-09 07:39:21 - INFO - [Epoch 6] Step 1900/1945 - loss: 0.6382
2025-11-09 07:39:26 - INFO - [Epoch 6] Step 1945/1945 - loss: 0.6371
2025-11-09 07:39:48 - INFO - Epoch 6/6 - train_loss: 0.6371 - val_loss: 0.4485 - f1: 0.9644
2025-11-09 07:39:48 - INFO - Best epoch: 6 (0.9644)
2025-11-09 07:39:48 - INFO - Best f1: 0.9644
{"preflight_bs": 6, "mem_before_mib": 3, "mem_after_mib": 3, "delta_mib": 0}
No run dir found
